2026-04-04 22:15:31,123  INFO      ============================================================
2026-04-04 22:15:31,123  INFO      Stage 6 Fine-Tuning — Start
2026-04-04 22:15:31,123  INFO      Instrument  : ASX_CBAAX
2026-04-04 22:15:31,123  INFO      Resolution  : 1D
2026-04-04 22:15:31,124  INFO      Device      : cpu
2026-04-04 22:15:31,124  INFO      Base checkpoint: models/base/checkpoint_base_v1.pt
2026-04-04 22:15:31,125  INFO      Loading: ASX_CBAAX_1D_20150101_20260326.npy
2026-04-04 22:15:32,816  INFO        Shape: (2664, 60, 42)  (2664 windows)
2026-04-04 22:15:32,843  INFO        Date range: 2015-09-16 → 2026-03-25  (10.5 years)
2026-04-04 22:15:32,843  INFO        Train windows: 2603  Val windows: 61
2026-04-04 22:15:32,843  INFO      Years of data: 10.5
2026-04-04 22:15:32,887  INFO      Loading base checkpoint: models/base/checkpoint_base_v1.pt
2026-04-04 22:15:32,902  INFO        Base val_loss: 0.2466  (fold 2, epoch 28)
2026-04-04 22:15:32,903  INFO      --------------------------------------------------
2026-04-04 22:15:32,903  INFO      Phase 1 — Head-only adaptation (encoder frozen)
2026-04-04 22:15:35,398  INFO        P1 Epoch  1 | TrainLoss 0.2458 | ValLoss 0.2455 | ValAcc H1=0.557 H5=0.541 H20=0.344
2026-04-04 22:15:37,007  INFO        P1 Epoch  2 | TrainLoss 0.2455 | ValLoss 0.2457 | ValAcc H1=0.541 H5=0.525 H20=0.361
2026-04-04 22:15:38,646  INFO        P1 Epoch  3 | TrainLoss 0.2457 | ValLoss 0.2458 | ValAcc H1=0.541 H5=0.525 H20=0.361
2026-04-04 22:15:40,185  INFO        P1 Epoch  4 | TrainLoss 0.2454 | ValLoss 0.2460 | ValAcc H1=0.541 H5=0.525 H20=0.361
2026-04-04 22:15:41,838  INFO        P1 Epoch  5 | TrainLoss 0.2456 | ValLoss 0.2461 | ValAcc H1=0.541 H5=0.508 H20=0.361
2026-04-04 22:15:43,414  INFO        P1 Epoch  6 | TrainLoss 0.2456 | ValLoss 0.2462 | ValAcc H1=0.525 H5=0.508 H20=0.377
2026-04-04 22:15:44,988  INFO        P1 Epoch  7 | TrainLoss 0.2456 | ValLoss 0.2462 | ValAcc H1=0.525 H5=0.508 H20=0.361
2026-04-04 22:15:46,576  INFO        P1 Epoch  8 | TrainLoss 0.2455 | ValLoss 0.2463 | ValAcc H1=0.541 H5=0.508 H20=0.377
2026-04-04 22:15:48,417  INFO        P1 Epoch  9 | TrainLoss 0.2454 | ValLoss 0.2463 | ValAcc H1=0.541 H5=0.508 H20=0.377
2026-04-04 22:15:50,079  INFO        P1 Epoch 10 | TrainLoss 0.2455 | ValLoss 0.2464 | ValAcc H1=0.574 H5=0.508 H20=0.377
2026-04-04 22:15:51,662  INFO        P1 Epoch 11 | TrainLoss 0.2454 | ValLoss 0.2464 | ValAcc H1=0.574 H5=0.508 H20=0.361
2026-04-04 22:15:51,663  INFO        Phase 1 early stopping at epoch 11
2026-04-04 22:15:51,696  INFO        Phase 1 complete. Best val_loss: 0.2455  H1=0.557 H5=0.541 H20=0.344
2026-04-04 22:15:51,701  INFO      Phase 1 checkpoint saved: models/fine_tuned/checkpoint_ASX_CBAAX_1D_phase1_20260404.pt
2026-04-04 22:15:51,701  INFO      Loading base checkpoint: models/base/checkpoint_base_v1.pt
2026-04-04 22:15:51,710  INFO        Base val_loss: 0.2466  (fold 2, epoch 28)
2026-04-04 22:15:51,746  INFO      Base model H1 accuracy on instrument val set: 0.574
2026-04-04 22:15:51,746  INFO      Fine-tuned  H1 accuracy (Phase 1)           : 0.557
2026-04-04 22:15:51,746  INFO      --------------------------------------------------
2026-04-04 22:15:51,746  INFO      Phase 2 — Verification gate
2026-04-04 22:15:51,746  INFO        Fine-tuned accuracy — H1=0.557  H5=0.541  H20=0.344  Mean=0.481
2026-04-04 22:15:51,747  INFO        Minimum required (mean across horizons) : 0.510
2026-04-04 22:15:51,747  WARNING     ✗ Phase 2 FAILED — mean accuracy 0.481 is below 0.510
2026-04-04 22:15:51,747  WARNING     H1=0.557  H5=0.541  H20=0.344
2026-04-04 22:15:51,747  WARNING     Instrument may be unpredictable at this resolution.
2026-04-04 22:15:51,747  WARNING     Using Phase 1 checkpoint as final output.
2026-04-04 22:15:51,747  INFO      ============================================================
2026-04-04 22:15:51,747  INFO      Fine-Tuning Summary
2026-04-04 22:15:51,747  INFO        Instrument     : ASX_CBAAX 1D
2026-04-04 22:15:51,747  INFO        Final phase    : 1
2026-04-04 22:15:51,747  INFO        Final checkpoint: models/fine_tuned/checkpoint_ASX_CBAAX_1D_phase1_20260404.pt
2026-04-04 22:15:51,780  INFO        Base model — H1=0.574  H5=0.541  H20=0.361  Mean=0.492
2026-04-04 22:15:51,780  INFO        Fine-tuned — H1=0.557  H5=0.541  H20=0.344  Mean=0.481  (Phase 1)
2026-04-04 22:15:51,780  WARNING     Delta mean accuracy : -0.011  ⚠  Fine-tuning degraded mean accuracy. Consider using the base model for this instrument. H1 delta=-0.016  H5 delta=+0.000  H20 delta=-0.016
2026-04-04 22:15:51,783  INFO        Metrics saved  : logs/finetune/ASX_CBAAX_1D_20260404_metrics.csv
2026-04-04 22:15:51,783  INFO      Stage 6 complete.
