2026-04-13 15:08:39,449  INFO      ============================================================
2026-04-13 15:08:39,449  INFO      Stage 6 Fine-Tuning — Start
2026-04-13 15:08:39,449  INFO      Instrument  : ASX_CBAAX
2026-04-13 15:08:39,449  INFO      Resolution  : 4H
2026-04-13 15:08:39,449  INFO      Device      : cpu
2026-04-13 15:08:39,449  INFO      Base checkpoint: models/base/checkpoint_base_v1.pt
2026-04-13 15:08:39,451  INFO      Loading: ASX_CBAAX_4H_20240422_20260412.npy
2026-04-13 15:08:40,021  INFO        Shape: (600, 60, 53)  (600 windows)
2026-04-13 15:08:40,030  INFO        Date range: 2024-08-27 → 2026-03-16  (1.5 years)
2026-04-13 15:08:40,031  INFO        Train windows: 422  Val windows: 178
2026-04-13 15:08:40,031  INFO      Years of data: 1.5
2026-04-13 15:08:40,036  INFO      Loading base checkpoint: models/base/checkpoint_base_v1.pt
2026-04-13 15:08:40,063  INFO        Base val_loss: 0.2463  (fold 3, epoch 22)
2026-04-13 15:08:40,063  INFO      --------------------------------------------------
2026-04-13 15:08:40,063  INFO      Phase 1 — Head-only adaptation (encoder frozen)
2026-04-13 15:08:41,649  INFO        P1 Epoch  1 | TrainLoss 0.2473 | ValLoss 0.2393 | ValAcc H1=0.636 H5=0.653 H20=0.603
2026-04-13 15:08:42,342  INFO        P1 Epoch  2 | TrainLoss 0.2471 | ValLoss 0.2394 | ValAcc H1=0.629 H5=0.653 H20=0.608
2026-04-13 15:08:42,945  INFO        P1 Epoch  3 | TrainLoss 0.2472 | ValLoss 0.2394 | ValAcc H1=0.629 H5=0.658 H20=0.614
2026-04-13 15:08:43,540  INFO        P1 Epoch  4 | TrainLoss 0.2467 | ValLoss 0.2394 | ValAcc H1=0.623 H5=0.658 H20=0.628
2026-04-13 15:08:44,249  INFO        P1 Epoch  5 | TrainLoss 0.2472 | ValLoss 0.2394 | ValAcc H1=0.623 H5=0.658 H20=0.623
2026-04-13 15:08:45,150  INFO        P1 Epoch  6 | TrainLoss 0.2470 | ValLoss 0.2395 | ValAcc H1=0.623 H5=0.651 H20=0.607
2026-04-13 15:08:45,798  INFO        P1 Epoch  7 | TrainLoss 0.2468 | ValLoss 0.2395 | ValAcc H1=0.623 H5=0.657 H20=0.614
2026-04-13 15:08:46,388  INFO        P1 Epoch  8 | TrainLoss 0.2465 | ValLoss 0.2395 | ValAcc H1=0.629 H5=0.657 H20=0.603
2026-04-13 15:08:46,952  INFO        P1 Epoch  9 | TrainLoss 0.2461 | ValLoss 0.2396 | ValAcc H1=0.629 H5=0.651 H20=0.603
2026-04-13 15:08:47,514  INFO        P1 Epoch 10 | TrainLoss 0.2469 | ValLoss 0.2396 | ValAcc H1=0.634 H5=0.651 H20=0.598
2026-04-13 15:08:48,085  INFO        P1 Epoch 11 | TrainLoss 0.2469 | ValLoss 0.2396 | ValAcc H1=0.634 H5=0.651 H20=0.603
2026-04-13 15:08:48,085  INFO        Phase 1 early stopping at epoch 11
2026-04-13 15:08:48,295  INFO        Phase 1 complete. Best val_loss: 0.2393  H1=0.636 H5=0.653 H20=0.603
2026-04-13 15:08:48,301  INFO      Phase 1 checkpoint saved: models/fine_tuned/checkpoint_ASX_CBAAX_4H_phase1_20260413.pt
2026-04-13 15:08:48,301  INFO      Loading base checkpoint: models/base/checkpoint_base_v1.pt
2026-04-13 15:08:48,313  INFO        Base val_loss: 0.2463  (fold 3, epoch 22)
2026-04-13 15:08:48,483  INFO      Base model H1 accuracy on instrument val set: 0.636
2026-04-13 15:08:48,483  INFO      Fine-tuned  H1 accuracy (Phase 1)           : 0.636
2026-04-13 15:08:48,483  INFO      --------------------------------------------------
2026-04-13 15:08:48,484  INFO      Phase 2 — Verification gate
2026-04-13 15:08:48,484  INFO        Fine-tuned accuracy — H1=0.636  H5=0.653  H20=0.603  Mean=0.630
2026-04-13 15:08:48,484  INFO        Minimum required (mean across horizons) : 0.510
2026-04-13 15:08:48,484  INFO        ✓ Phase 2 PASSED (H1=0.636  H5=0.653  H20=0.603) — proceeding to Phase 3
2026-04-13 15:08:48,484  INFO      --------------------------------------------------
2026-04-13 15:08:48,484  INFO      Phase 3 — Selective encoder unfreeze
2026-04-13 15:08:48,484  WARNING     ✗ Skipping Phase 3 — only 1.5 years of data (need 2.0)
2026-04-13 15:08:48,484  WARNING     Using Phase 1 checkpoint as final output.
2026-04-13 15:08:48,485  INFO      Reverted to Phase 1 checkpoint.
2026-04-13 15:08:48,652  INFO      Phase 1 H1 accuracy (recheck): 0.636
2026-04-13 15:08:48,652  INFO      ============================================================
2026-04-13 15:08:48,652  INFO      Fine-Tuning Summary
2026-04-13 15:08:48,652  INFO        Instrument     : ASX_CBAAX 4H
2026-04-13 15:08:48,652  INFO        Final phase    : 1
2026-04-13 15:08:48,652  INFO        Final checkpoint: models/fine_tuned/checkpoint_ASX_CBAAX_4H_phase1_20260413.pt
2026-04-13 15:08:48,822  INFO        Base model — H1=0.636  H5=0.653  H20=0.603  Mean=0.630
2026-04-13 15:08:48,822  INFO        Fine-tuned — H1=0.636  H5=0.653  H20=0.603  Mean=0.630  (Phase 1)
2026-04-13 15:08:48,822  INFO        Delta mean accuracy : +0.000  = Fine-tuning matched base model.
2026-04-13 15:08:48,823  INFO        Per-horizon delta   :  H1=+0.000  H5=+0.000  H20=+0.000
2026-04-13 15:08:48,825  INFO        Metrics saved  : logs/finetune/ASX_CBAAX_4H_20260413_metrics.csv
2026-04-13 15:08:48,825  INFO      Stage 6 complete.
