2026-04-13 14:50:28,442  INFO      ============================================================
2026-04-13 14:50:28,443  INFO      Stage 6 Fine-Tuning — Start
2026-04-13 14:50:28,443  INFO      Instrument  : ASX_ANZAX
2026-04-13 14:50:28,443  INFO      Resolution  : 1D
2026-04-13 14:50:28,443  INFO      Device      : cpu
2026-04-13 14:50:28,443  INFO      Base checkpoint: models/base/checkpoint_base_v1.pt
2026-04-13 14:50:28,445  INFO      Loading: ASX_ANZAX_1D_20150101_20260412.npy
2026-04-13 14:50:30,530  INFO        Shape: (2674, 60, 47)  (2674 windows)
2026-04-13 14:50:30,585  INFO        Date range: 2015-09-16 → 2026-04-10  (10.6 years)
2026-04-13 14:50:30,586  INFO        Train windows: 2612  Val windows: 62
2026-04-13 14:50:30,586  INFO      Years of data: 10.6
2026-04-13 14:50:30,629  INFO      Loading base checkpoint: models/base/checkpoint_base_v1.pt
2026-04-13 14:50:30,973  INFO        Base val_loss: 0.2463  (fold 3, epoch 22)
2026-04-13 14:50:30,973  INFO      --------------------------------------------------
2026-04-13 14:50:30,973  INFO      Phase 1 — Head-only adaptation (encoder frozen)
Traceback (most recent call last):
  File "/workspaces/cuddly-meme/finetune.py", line 731, in <module>
    main()
  File "/workspaces/cuddly-meme/finetune.py", line 608, in main
    p1_val_loss, p1_val_acc, p1_metrics = phase1(
                                          ^^^^^^^
  File "/workspaces/cuddly-meme/finetune.py", line 325, in phase1
    preds = model(x)
            ^^^^^^^^
  File "/usr/local/python/3.12.1/lib/python3.12/site-packages/torch/nn/modules/module.py", line 1779, in _wrapped_call_impl
    return self._call_impl(*args, **kwargs)
           ^^^^^^^^^^^^^^^^^^^^^^^^^^^^^^^^
  File "/usr/local/python/3.12.1/lib/python3.12/site-packages/torch/nn/modules/module.py", line 1790, in _call_impl
    return forward_call(*args, **kwargs)
           ^^^^^^^^^^^^^^^^^^^^^^^^^^^^^
  File "/workspaces/cuddly-meme/model.py", line 205, in forward
    encoded = self.encoder(x)
              ^^^^^^^^^^^^^^^
  File "/usr/local/python/3.12.1/lib/python3.12/site-packages/torch/nn/modules/module.py", line 1779, in _wrapped_call_impl
    return self._call_impl(*args, **kwargs)
           ^^^^^^^^^^^^^^^^^^^^^^^^^^^^^^^^
  File "/usr/local/python/3.12.1/lib/python3.12/site-packages/torch/nn/modules/module.py", line 1790, in _call_impl
    return forward_call(*args, **kwargs)
           ^^^^^^^^^^^^^^^^^^^^^^^^^^^^^
  File "/workspaces/cuddly-meme/model.py", line 128, in forward
    x = self.network(x)               # [batch, hidden_dim, seq_len]
        ^^^^^^^^^^^^^^^
  File "/usr/local/python/3.12.1/lib/python3.12/site-packages/torch/nn/modules/module.py", line 1779, in _wrapped_call_impl
    return self._call_impl(*args, **kwargs)
           ^^^^^^^^^^^^^^^^^^^^^^^^^^^^^^^^
  File "/usr/local/python/3.12.1/lib/python3.12/site-packages/torch/nn/modules/module.py", line 1790, in _call_impl
    return forward_call(*args, **kwargs)
           ^^^^^^^^^^^^^^^^^^^^^^^^^^^^^
  File "/usr/local/python/3.12.1/lib/python3.12/site-packages/torch/nn/modules/container.py", line 253, in forward
    input = module(input)
            ^^^^^^^^^^^^^
  File "/usr/local/python/3.12.1/lib/python3.12/site-packages/torch/nn/modules/module.py", line 1779, in _wrapped_call_impl
    return self._call_impl(*args, **kwargs)
           ^^^^^^^^^^^^^^^^^^^^^^^^^^^^^^^^
  File "/usr/local/python/3.12.1/lib/python3.12/site-packages/torch/nn/modules/module.py", line 1790, in _call_impl
    return forward_call(*args, **kwargs)
           ^^^^^^^^^^^^^^^^^^^^^^^^^^^^^
  File "/workspaces/cuddly-meme/model.py", line 79, in forward
    residual = self.residual_proj(x)
               ^^^^^^^^^^^^^^^^^^^^^
  File "/usr/local/python/3.12.1/lib/python3.12/site-packages/torch/nn/modules/module.py", line 1779, in _wrapped_call_impl
    return self._call_impl(*args, **kwargs)
           ^^^^^^^^^^^^^^^^^^^^^^^^^^^^^^^^
  File "/usr/local/python/3.12.1/lib/python3.12/site-packages/torch/nn/modules/module.py", line 1790, in _call_impl
    return forward_call(*args, **kwargs)
           ^^^^^^^^^^^^^^^^^^^^^^^^^^^^^
  File "/usr/local/python/3.12.1/lib/python3.12/site-packages/torch/nn/modules/conv.py", line 375, in forward
    return self._conv_forward(input, self.weight, self.bias)
           ^^^^^^^^^^^^^^^^^^^^^^^^^^^^^^^^^^^^^^^^^^^^^^^^^
  File "/usr/local/python/3.12.1/lib/python3.12/site-packages/torch/nn/modules/conv.py", line 370, in _conv_forward
    return F.conv1d(
           ^^^^^^^^^
RuntimeError: Given groups=1, weight of size [128, 49, 1], expected input[64, 44, 60] to have 49 channels, but got 44 channels instead
2026-04-13 14:57:58,954  INFO      ============================================================
2026-04-13 14:57:58,954  INFO      Stage 6 Fine-Tuning — Start
2026-04-13 14:57:58,954  INFO      Instrument  : ASX_ANZAX
2026-04-13 14:57:58,954  INFO      Resolution  : 1D
2026-04-13 14:57:58,954  INFO      Device      : cpu
2026-04-13 14:57:58,954  INFO      Base checkpoint: models/base/checkpoint_base_v1.pt
2026-04-13 14:57:58,956  INFO      Loading: ASX_ANZAX_1D_20150101_20260412.npy
2026-04-13 14:57:59,064  INFO        Shape: (2674, 60, 47)  (2674 windows)
2026-04-13 14:57:59,096  INFO        Date range: 2015-09-16 → 2026-04-10  (10.6 years)
2026-04-13 14:57:59,096  INFO        Train windows: 2612  Val windows: 62
2026-04-13 14:57:59,096  INFO      Years of data: 10.6
2026-04-13 14:57:59,122  INFO      Loading base checkpoint: models/base/checkpoint_base_v1.pt
2026-04-13 14:57:59,140  INFO        Base val_loss: 0.2463  (fold 3, epoch 22)
2026-04-13 14:57:59,140  INFO      --------------------------------------------------
2026-04-13 14:57:59,140  INFO      Phase 1 — Head-only adaptation (encoder frozen)
Traceback (most recent call last):
  File "/workspaces/cuddly-meme/finetune.py", line 731, in <module>
    main()
  File "/workspaces/cuddly-meme/finetune.py", line 608, in main
    p1_val_loss, p1_val_acc, p1_metrics = phase1(
                                          ^^^^^^^
  File "/workspaces/cuddly-meme/finetune.py", line 325, in phase1
    preds = model(x)
            ^^^^^^^^
  File "/usr/local/python/3.12.1/lib/python3.12/site-packages/torch/nn/modules/module.py", line 1779, in _wrapped_call_impl
    return self._call_impl(*args, **kwargs)
           ^^^^^^^^^^^^^^^^^^^^^^^^^^^^^^^^
  File "/usr/local/python/3.12.1/lib/python3.12/site-packages/torch/nn/modules/module.py", line 1790, in _call_impl
    return forward_call(*args, **kwargs)
           ^^^^^^^^^^^^^^^^^^^^^^^^^^^^^
  File "/workspaces/cuddly-meme/model.py", line 205, in forward
    encoded = self.encoder(x)
              ^^^^^^^^^^^^^^^
  File "/usr/local/python/3.12.1/lib/python3.12/site-packages/torch/nn/modules/module.py", line 1779, in _wrapped_call_impl
    return self._call_impl(*args, **kwargs)
           ^^^^^^^^^^^^^^^^^^^^^^^^^^^^^^^^
  File "/usr/local/python/3.12.1/lib/python3.12/site-packages/torch/nn/modules/module.py", line 1790, in _call_impl
    return forward_call(*args, **kwargs)
           ^^^^^^^^^^^^^^^^^^^^^^^^^^^^^
  File "/workspaces/cuddly-meme/model.py", line 128, in forward
    x = self.network(x)               # [batch, hidden_dim, seq_len]
        ^^^^^^^^^^^^^^^
  File "/usr/local/python/3.12.1/lib/python3.12/site-packages/torch/nn/modules/module.py", line 1779, in _wrapped_call_impl
    return self._call_impl(*args, **kwargs)
           ^^^^^^^^^^^^^^^^^^^^^^^^^^^^^^^^
  File "/usr/local/python/3.12.1/lib/python3.12/site-packages/torch/nn/modules/module.py", line 1790, in _call_impl
    return forward_call(*args, **kwargs)
           ^^^^^^^^^^^^^^^^^^^^^^^^^^^^^
  File "/usr/local/python/3.12.1/lib/python3.12/site-packages/torch/nn/modules/container.py", line 253, in forward
    input = module(input)
            ^^^^^^^^^^^^^
  File "/usr/local/python/3.12.1/lib/python3.12/site-packages/torch/nn/modules/module.py", line 1779, in _wrapped_call_impl
    return self._call_impl(*args, **kwargs)
           ^^^^^^^^^^^^^^^^^^^^^^^^^^^^^^^^
  File "/usr/local/python/3.12.1/lib/python3.12/site-packages/torch/nn/modules/module.py", line 1790, in _call_impl
    return forward_call(*args, **kwargs)
           ^^^^^^^^^^^^^^^^^^^^^^^^^^^^^
  File "/workspaces/cuddly-meme/model.py", line 79, in forward
    residual = self.residual_proj(x)
               ^^^^^^^^^^^^^^^^^^^^^
  File "/usr/local/python/3.12.1/lib/python3.12/site-packages/torch/nn/modules/module.py", line 1779, in _wrapped_call_impl
    return self._call_impl(*args, **kwargs)
           ^^^^^^^^^^^^^^^^^^^^^^^^^^^^^^^^
  File "/usr/local/python/3.12.1/lib/python3.12/site-packages/torch/nn/modules/module.py", line 1790, in _call_impl
    return forward_call(*args, **kwargs)
           ^^^^^^^^^^^^^^^^^^^^^^^^^^^^^
  File "/usr/local/python/3.12.1/lib/python3.12/site-packages/torch/nn/modules/conv.py", line 375, in forward
    return self._conv_forward(input, self.weight, self.bias)
           ^^^^^^^^^^^^^^^^^^^^^^^^^^^^^^^^^^^^^^^^^^^^^^^^^
  File "/usr/local/python/3.12.1/lib/python3.12/site-packages/torch/nn/modules/conv.py", line 370, in _conv_forward
    return F.conv1d(
           ^^^^^^^^^
RuntimeError: Given groups=1, weight of size [128, 49, 1], expected input[64, 44, 60] to have 49 channels, but got 44 channels instead
2026-04-13 15:00:05,785  INFO      ============================================================
2026-04-13 15:00:05,786  INFO      Stage 6 Fine-Tuning — Start
2026-04-13 15:00:05,786  INFO      Instrument  : ASX_ANZAX
2026-04-13 15:00:05,786  INFO      Resolution  : 1D
2026-04-13 15:00:05,786  INFO      Device      : cpu
2026-04-13 15:00:05,786  INFO      Base checkpoint: models/base/checkpoint_base_v1.pt
2026-04-13 15:00:05,788  INFO      Loading: ASX_ANZAX_1D_20150101_20260412.npy
2026-04-13 15:00:05,841  INFO        Shape: (2674, 60, 47)  (2674 windows)
2026-04-13 15:00:05,866  INFO        Date range: 2015-09-16 → 2026-04-10  (10.6 years)
2026-04-13 15:00:05,866  INFO        Train windows: 2612  Val windows: 62
2026-04-13 15:00:05,866  INFO      Years of data: 10.6
2026-04-13 15:00:05,890  INFO      Loading base checkpoint: models/base/checkpoint_base_v1.pt
2026-04-13 15:00:05,907  INFO        Base val_loss: 0.2463  (fold 3, epoch 22)
2026-04-13 15:00:05,908  INFO      --------------------------------------------------
2026-04-13 15:00:05,908  INFO      Phase 1 — Head-only adaptation (encoder frozen)
Traceback (most recent call last):
  File "/workspaces/cuddly-meme/finetune.py", line 731, in <module>
    main()
  File "/workspaces/cuddly-meme/finetune.py", line 608, in main
    p1_val_loss, p1_val_acc, p1_metrics = phase1(
                                          ^^^^^^^
  File "/workspaces/cuddly-meme/finetune.py", line 325, in phase1
    preds = model(x)
            ^^^^^^^^
  File "/usr/local/python/3.12.1/lib/python3.12/site-packages/torch/nn/modules/module.py", line 1779, in _wrapped_call_impl
    return self._call_impl(*args, **kwargs)
           ^^^^^^^^^^^^^^^^^^^^^^^^^^^^^^^^
  File "/usr/local/python/3.12.1/lib/python3.12/site-packages/torch/nn/modules/module.py", line 1790, in _call_impl
    return forward_call(*args, **kwargs)
           ^^^^^^^^^^^^^^^^^^^^^^^^^^^^^
  File "/workspaces/cuddly-meme/model.py", line 205, in forward
    encoded = self.encoder(x)
              ^^^^^^^^^^^^^^^
  File "/usr/local/python/3.12.1/lib/python3.12/site-packages/torch/nn/modules/module.py", line 1779, in _wrapped_call_impl
    return self._call_impl(*args, **kwargs)
           ^^^^^^^^^^^^^^^^^^^^^^^^^^^^^^^^
  File "/usr/local/python/3.12.1/lib/python3.12/site-packages/torch/nn/modules/module.py", line 1790, in _call_impl
    return forward_call(*args, **kwargs)
           ^^^^^^^^^^^^^^^^^^^^^^^^^^^^^
  File "/workspaces/cuddly-meme/model.py", line 128, in forward
    x = self.network(x)               # [batch, hidden_dim, seq_len]
        ^^^^^^^^^^^^^^^
  File "/usr/local/python/3.12.1/lib/python3.12/site-packages/torch/nn/modules/module.py", line 1779, in _wrapped_call_impl
    return self._call_impl(*args, **kwargs)
           ^^^^^^^^^^^^^^^^^^^^^^^^^^^^^^^^
  File "/usr/local/python/3.12.1/lib/python3.12/site-packages/torch/nn/modules/module.py", line 1790, in _call_impl
    return forward_call(*args, **kwargs)
           ^^^^^^^^^^^^^^^^^^^^^^^^^^^^^
  File "/usr/local/python/3.12.1/lib/python3.12/site-packages/torch/nn/modules/container.py", line 253, in forward
    input = module(input)
            ^^^^^^^^^^^^^
  File "/usr/local/python/3.12.1/lib/python3.12/site-packages/torch/nn/modules/module.py", line 1779, in _wrapped_call_impl
    return self._call_impl(*args, **kwargs)
           ^^^^^^^^^^^^^^^^^^^^^^^^^^^^^^^^
  File "/usr/local/python/3.12.1/lib/python3.12/site-packages/torch/nn/modules/module.py", line 1790, in _call_impl
    return forward_call(*args, **kwargs)
           ^^^^^^^^^^^^^^^^^^^^^^^^^^^^^
  File "/workspaces/cuddly-meme/model.py", line 79, in forward
    residual = self.residual_proj(x)
               ^^^^^^^^^^^^^^^^^^^^^
  File "/usr/local/python/3.12.1/lib/python3.12/site-packages/torch/nn/modules/module.py", line 1779, in _wrapped_call_impl
    return self._call_impl(*args, **kwargs)
           ^^^^^^^^^^^^^^^^^^^^^^^^^^^^^^^^
  File "/usr/local/python/3.12.1/lib/python3.12/site-packages/torch/nn/modules/module.py", line 1790, in _call_impl
    return forward_call(*args, **kwargs)
           ^^^^^^^^^^^^^^^^^^^^^^^^^^^^^
  File "/usr/local/python/3.12.1/lib/python3.12/site-packages/torch/nn/modules/conv.py", line 375, in forward
    return self._conv_forward(input, self.weight, self.bias)
           ^^^^^^^^^^^^^^^^^^^^^^^^^^^^^^^^^^^^^^^^^^^^^^^^^
  File "/usr/local/python/3.12.1/lib/python3.12/site-packages/torch/nn/modules/conv.py", line 370, in _conv_forward
    return F.conv1d(
           ^^^^^^^^^
RuntimeError: Given groups=1, weight of size [128, 49, 1], expected input[64, 47, 60] to have 49 channels, but got 47 channels instead
2026-04-13 15:00:55,103  INFO      ============================================================
2026-04-13 15:00:55,103  INFO      Stage 6 Fine-Tuning — Start
2026-04-13 15:00:55,103  INFO      Instrument  : ASX_ANZAX
2026-04-13 15:00:55,104  INFO      Resolution  : 1D
2026-04-13 15:00:55,104  INFO      Device      : cpu
2026-04-13 15:00:55,104  INFO      Base checkpoint: models/base/checkpoint_base_v1.pt
2026-04-13 15:00:55,107  INFO      Loading: ASX_ANZAX_1D_20150101_20260412.npy
2026-04-13 15:00:55,160  INFO        Shape: (2674, 60, 47)  (2674 windows)
2026-04-13 15:00:55,175  INFO        Date range: 2015-09-16 → 2026-04-10  (10.6 years)
2026-04-13 15:00:55,176  INFO        Train windows: 2612  Val windows: 62
2026-04-13 15:00:55,176  INFO      Years of data: 10.6
2026-04-13 15:00:55,222  INFO      Loading base checkpoint: models/base/checkpoint_base_v1.pt
2026-04-13 15:00:55,238  INFO        Base val_loss: 0.2463  (fold 3, epoch 22)
2026-04-13 15:00:55,238  INFO      --------------------------------------------------
2026-04-13 15:00:55,238  INFO      Phase 1 — Head-only adaptation (encoder frozen)
2026-04-13 15:01:01,208  INFO        P1 Epoch  1 | TrainLoss 0.2461 | ValLoss 0.2429 | ValAcc H1=0.629 H5=0.694 H20=0.597
2026-04-13 15:01:03,403  INFO        P1 Epoch  2 | TrainLoss 0.2460 | ValLoss 0.2428 | ValAcc H1=0.629 H5=0.694 H20=0.597
2026-04-13 15:01:05,798  INFO        P1 Epoch  3 | TrainLoss 0.2462 | ValLoss 0.2428 | ValAcc H1=0.613 H5=0.694 H20=0.597
2026-04-13 15:01:08,027  INFO        P1 Epoch  4 | TrainLoss 0.2461 | ValLoss 0.2427 | ValAcc H1=0.645 H5=0.694 H20=0.597
2026-04-13 15:01:10,665  INFO        P1 Epoch  5 | TrainLoss 0.2461 | ValLoss 0.2427 | ValAcc H1=0.661 H5=0.694 H20=0.597
2026-04-13 15:01:12,923  INFO        P1 Epoch  6 | TrainLoss 0.2461 | ValLoss 0.2426 | ValAcc H1=0.645 H5=0.694 H20=0.597
2026-04-13 15:01:15,351  INFO        P1 Epoch  7 | TrainLoss 0.2460 | ValLoss 0.2426 | ValAcc H1=0.645 H5=0.694 H20=0.597
2026-04-13 15:01:17,604  INFO        P1 Epoch  8 | TrainLoss 0.2459 | ValLoss 0.2426 | ValAcc H1=0.645 H5=0.694 H20=0.597
2026-04-13 15:01:19,869  INFO        P1 Epoch  9 | TrainLoss 0.2461 | ValLoss 0.2426 | ValAcc H1=0.645 H5=0.694 H20=0.597
2026-04-13 15:01:22,459  INFO        P1 Epoch 10 | TrainLoss 0.2461 | ValLoss 0.2426 | ValAcc H1=0.645 H5=0.694 H20=0.597
2026-04-13 15:01:24,553  INFO        P1 Epoch 11 | TrainLoss 0.2461 | ValLoss 0.2426 | ValAcc H1=0.645 H5=0.694 H20=0.597
2026-04-13 15:01:27,028  INFO        P1 Epoch 12 | TrainLoss 0.2460 | ValLoss 0.2426 | ValAcc H1=0.645 H5=0.694 H20=0.613
2026-04-13 15:01:29,193  INFO        P1 Epoch 13 | TrainLoss 0.2460 | ValLoss 0.2426 | ValAcc H1=0.645 H5=0.694 H20=0.613
2026-04-13 15:01:31,815  INFO        P1 Epoch 14 | TrainLoss 0.2459 | ValLoss 0.2426 | ValAcc H1=0.645 H5=0.694 H20=0.613
2026-04-13 15:01:33,957  INFO        P1 Epoch 15 | TrainLoss 0.2462 | ValLoss 0.2426 | ValAcc H1=0.645 H5=0.694 H20=0.613
2026-04-13 15:01:33,957  INFO        Phase 1 early stopping at epoch 15
2026-04-13 15:01:34,002  INFO        Phase 1 complete. Best val_loss: 0.2427  H1=0.661 H5=0.694 H20=0.597
2026-04-13 15:01:34,010  INFO      Phase 1 checkpoint saved: models/fine_tuned/checkpoint_ASX_ANZAX_1D_phase1_20260413.pt
2026-04-13 15:01:34,010  INFO      Loading base checkpoint: models/base/checkpoint_base_v1.pt
2026-04-13 15:01:34,021  INFO        Base val_loss: 0.2463  (fold 3, epoch 22)
2026-04-13 15:01:34,066  INFO      Base model H1 accuracy on instrument val set: 0.629
2026-04-13 15:01:34,066  INFO      Fine-tuned  H1 accuracy (Phase 1)           : 0.661
2026-04-13 15:01:34,066  INFO      --------------------------------------------------
2026-04-13 15:01:34,066  INFO      Phase 2 — Verification gate
2026-04-13 15:01:34,066  INFO        Fine-tuned accuracy — H1=0.661  H5=0.694  H20=0.597  Mean=0.651
2026-04-13 15:01:34,067  INFO        Minimum required (mean across horizons) : 0.510
2026-04-13 15:01:34,067  INFO        ✓ Phase 2 PASSED (H1=0.661  H5=0.694  H20=0.597) — proceeding to Phase 3
2026-04-13 15:01:34,067  INFO      --------------------------------------------------
2026-04-13 15:01:34,067  INFO      Phase 3 — Selective encoder unfreeze
2026-04-13 15:01:34,068  INFO        Encoder layers 1 & 2 unfrozen (layer 0 frozen)
2026-04-13 15:01:34,068  INFO        Encoder LR: 1e-05  Head LR: 3e-05
2026-04-13 15:01:34,068  INFO        Dropout: encoder=0.40  head=0.45
2026-04-13 15:01:42,010  INFO        P3 Epoch  1 | TrainLoss 0.2464 | ValLoss 0.2426 | Gap 0.0038 | ValAcc H1=0.645 H5=0.710 H20=0.597
2026-04-13 15:01:49,557  INFO        P3 Epoch  2 | TrainLoss 0.2463 | ValLoss 0.2426 | Gap 0.0037 | ValAcc H1=0.645 H5=0.694 H20=0.613
2026-04-13 15:01:57,075  INFO        P3 Epoch  3 | TrainLoss 0.2461 | ValLoss 0.2426 | Gap 0.0035 | ValAcc H1=0.645 H5=0.694 H20=0.613
2026-04-13 15:02:04,826  INFO        P3 Epoch  4 | TrainLoss 0.2463 | ValLoss 0.2425 | Gap 0.0038 | ValAcc H1=0.661 H5=0.661 H20=0.613
2026-04-13 15:02:12,397  INFO        P3 Epoch  5 | TrainLoss 0.2458 | ValLoss 0.2425 | Gap 0.0033 | ValAcc H1=0.661 H5=0.661 H20=0.613
2026-04-13 15:02:19,940  INFO        P3 Epoch  6 | TrainLoss 0.2462 | ValLoss 0.2425 | Gap 0.0037 | ValAcc H1=0.661 H5=0.677 H20=0.629
2026-04-13 15:02:27,540  INFO        P3 Epoch  7 | TrainLoss 0.2461 | ValLoss 0.2425 | Gap 0.0036 | ValAcc H1=0.661 H5=0.677 H20=0.629
2026-04-13 15:02:35,164  INFO        P3 Epoch  8 | TrainLoss 0.2459 | ValLoss 0.2424 | Gap 0.0035 | ValAcc H1=0.645 H5=0.661 H20=0.629
2026-04-13 15:02:43,373  INFO        P3 Epoch  9 | TrainLoss 0.2460 | ValLoss 0.2424 | Gap 0.0036 | ValAcc H1=0.661 H5=0.677 H20=0.629
2026-04-13 15:02:51,073  INFO        P3 Epoch 10 | TrainLoss 0.2462 | ValLoss 0.2424 | Gap 0.0037 | ValAcc H1=0.661 H5=0.677 H20=0.629
2026-04-13 15:02:58,859  INFO        P3 Epoch 11 | TrainLoss 0.2460 | ValLoss 0.2424 | Gap 0.0035 | ValAcc H1=0.661 H5=0.677 H20=0.613
2026-04-13 15:03:06,496  INFO        P3 Epoch 12 | TrainLoss 0.2459 | ValLoss 0.2424 | Gap 0.0034 | ValAcc H1=0.661 H5=0.677 H20=0.629
2026-04-13 15:03:14,130  INFO        P3 Epoch 13 | TrainLoss 0.2462 | ValLoss 0.2424 | Gap 0.0037 | ValAcc H1=0.661 H5=0.677 H20=0.629
2026-04-13 15:03:21,710  INFO        P3 Epoch 14 | TrainLoss 0.2459 | ValLoss 0.2424 | Gap 0.0034 | ValAcc H1=0.661 H5=0.677 H20=0.629
2026-04-13 15:03:29,227  INFO        P3 Epoch 15 | TrainLoss 0.2460 | ValLoss 0.2424 | Gap 0.0035 | ValAcc H1=0.645 H5=0.677 H20=0.629
2026-04-13 15:03:37,012  INFO        P3 Epoch 16 | TrainLoss 0.2461 | ValLoss 0.2424 | Gap 0.0037 | ValAcc H1=0.645 H5=0.677 H20=0.629
2026-04-13 15:03:37,012  INFO        Phase 3 early stopping at epoch 16
2026-04-13 15:03:37,014  INFO        Phase 3 complete. Best val_loss: 0.2424
2026-04-13 15:03:37,062  INFO      Phase 3 checkpoint saved: models/fine_tuned/checkpoint_ASX_ANZAX_1D_phase3_20260413.pt
2026-04-13 15:03:37,062  INFO      ============================================================
2026-04-13 15:03:37,062  INFO      Fine-Tuning Summary
2026-04-13 15:03:37,062  INFO        Instrument     : ASX_ANZAX 1D
2026-04-13 15:03:37,062  INFO        Final phase    : 3
2026-04-13 15:03:37,062  INFO        Final checkpoint: models/fine_tuned/checkpoint_ASX_ANZAX_1D_phase3_20260413.pt
2026-04-13 15:03:37,107  INFO        Base model — H1=0.629  H5=0.710  H20=0.565  Mean=0.634
2026-04-13 15:03:37,107  INFO        Fine-tuned — H1=0.645  H5=0.661  H20=0.629  Mean=0.645  (Phase 3)
2026-04-13 15:03:37,108  INFO        Delta mean accuracy : +0.011  ✓ Fine-tuning improved accuracy.
2026-04-13 15:03:37,108  INFO        Per-horizon delta   :  H1=+0.016  H5=-0.048  H20=+0.065
2026-04-13 15:03:37,113  INFO        Metrics saved  : logs/finetune/ASX_ANZAX_1D_20260413_metrics.csv
2026-04-13 15:03:37,113  INFO      Stage 6 complete.
