==========================================
 Stage 6 Batch Fine-Tuning
 Started: Sat Apr  4 22:12:10 UTC 2026
==========================================

── Fine-tuning: ASX_ANZAX  (1D)  22:12:10
   ✓ Done

── Fine-tuning: ASX_ANZAX  (4H)  22:14:31
   ✓ Done

── Fine-tuning: ASX_BHPAX  (1D)  22:14:43
   ✓ Done

── Fine-tuning: ASX_BHPAX  (4H)  22:15:22
   ✓ Done

── Fine-tuning: ASX_CBAAX  (1D)  22:15:29
   ✓ Done

── Fine-tuning: ASX_CBAAX  (4H)  22:15:52
   ✓ Done

── Fine-tuning: ASX_CSLAX  (1D)  22:15:58
   ✓ Done

── Fine-tuning: ASX_CSLAX  (4H)  22:17:19
   ✓ Done

── Fine-tuning: ASX_WBCAX  (1D)  22:17:30
   ✓ Done

── Fine-tuning: ASX_WBCAX  (4H)  22:17:53
   ✓ Done

── Fine-tuning: CBOT_ZWF  (1D)  22:18:02
   ✓ Done

── Fine-tuning: CBOT_ZWF  (1H)  22:18:24
   ✓ Done

── Fine-tuning: CBOT_ZWF  (1W)  22:18:28
   ✓ Done

── Fine-tuning: CBOT_ZWF  (4H)  22:18:44
   ✓ Done

── Fine-tuning: COMEX_GCF  (1D)  22:19:08
   ✓ Done

── Fine-tuning: COMEX_GCF  (1H)  22:20:28
   ✓ Done

── Fine-tuning: COMEX_GCF  (1W)  22:21:00
   ✓ Done

── Fine-tuning: COMEX_GCF  (4H)  22:21:10
   ✓ Done

── Fine-tuning: COMEX_HGF  (1D)  22:21:44
   ✓ Done

── Fine-tuning: COMEX_HGF  (1H)  22:24:46
   ✓ Done

── Fine-tuning: COMEX_HGF  (1W)  22:25:19
   ✓ Done

── Fine-tuning: COMEX_HGF  (4H)  22:25:26
   ✓ Done

── Fine-tuning: COMEX_SIF  (1D)  22:25:56
   ✓ Done

── Fine-tuning: COMEX_SIF  (1H)  22:27:51
   ✓ Done

── Fine-tuning: COMEX_SIF  (1W)  22:28:35
   ✓ Done

── Fine-tuning: COMEX_SIF  (4H)  22:28:42
   ✓ Done

── Fine-tuning: CRYPTO_BTC-USD  (1D)  22:29:12
   ✓ Done

── Fine-tuning: CRYPTO_BTC-USD  (1W)  22:31:22
   ✓ Done

── Fine-tuning: CRYPTO_BTC-USD  (4H)  22:31:39
   ✓ Done

── Fine-tuning: CRYPTO_ETH-USD  (1D)  22:32:34
   ✓ Done

── Fine-tuning: CRYPTO_ETH-USD  (4H)  22:34:03
   ✓ Done

── Fine-tuning: DAX_GDAXI  (1D)  22:34:47
   ✓ Done

── Fine-tuning: DAX_GDAXI  (4H)  22:36:15
   ✓ Done

── Fine-tuning: EURONEXT_ASMLAS  (1D)  22:36:30
   ✓ Done

── Fine-tuning: EURONEXT_ASMLAS  (4H)  22:37:06
   ✓ Done

── Fine-tuning: EURONEXT_MCPA  (1D)  22:37:21
   ✓ Done

── Fine-tuning: EURONEXT_MCPA  (4H)  22:38:58
   ✓ Done

── Fine-tuning: EURONEXT_SAPDE  (1D)  22:39:14
   ✓ Done

── Fine-tuning: EURONEXT_SAPDE  (4H)  22:40:56
   ✓ Done

── Fine-tuning: EURONEXT_SIEDE  (1D)  22:41:16
   ✓ Done

── Fine-tuning: EURONEXT_SIEDE  (4H)  22:42:46
   ✓ Done

── Fine-tuning: EURONEXT_TTEPA  (1D)  22:43:01
   ✓ Done

── Fine-tuning: EURONEXT_TTEPA  (4H)  22:43:29
   ✓ Done

── Fine-tuning: FOREXCOM_AUDNZDX  (1D)  22:43:59
   ✓ Done

── Fine-tuning: FOREXCOM_AUDNZDX  (1W)  22:45:23
   ✓ Done

── Fine-tuning: FOREXCOM_AUDNZDX  (4H)  22:45:29
   ✓ Done

── Fine-tuning: FOREXCOM_AUDUSDX  (1D)  22:46:18
   ✓ Done

── Fine-tuning: FOREXCOM_AUDUSDX  (1W)  22:46:56
   ✓ Done

── Fine-tuning: FOREXCOM_AUDUSDX  (4H)  22:47:02
   ✓ Done

── Fine-tuning: FOREXCOM_EURCHFX  (1D)  22:47:31
   ✓ Done

── Fine-tuning: FOREXCOM_EURCHFX  (1W)  22:48:56
   ✓ Done

── Fine-tuning: FOREXCOM_EURCHFX  (4H)  22:49:28
   ✓ Done

── Fine-tuning: FOREXCOM_EURGBPX  (1D)  22:50:03
   ✓ Done

── Fine-tuning: FOREXCOM_EURGBPX  (1W)  22:52:10
   ✓ Done

── Fine-tuning: FOREXCOM_EURGBPX  (4H)  22:52:21
   ✓ Done

── Fine-tuning: FOREXCOM_EURUSDX  (1D)  22:53:06
   ✓ Done

── Fine-tuning: FOREXCOM_EURUSDX  (1W)  22:55:45
   ✓ Done

── Fine-tuning: FOREXCOM_EURUSDX  (4H)  22:55:51
   ✓ Done

── Fine-tuning: FOREXCOM_GBPJPYX  (1D)  22:56:21
   ✓ Done

── Fine-tuning: FOREXCOM_GBPJPYX  (1W)  22:57:54
   ✓ Done

── Fine-tuning: FOREXCOM_GBPJPYX  (4H)  22:58:06
   ✓ Done

── Fine-tuning: FOREXCOM_GBPUSDX  (1D)  22:58:38
   ✓ Done

── Fine-tuning: FOREXCOM_GBPUSDX  (1W)  23:00:08
   ✓ Done

── Fine-tuning: FOREXCOM_GBPUSDX  (4H)  23:00:21
   ✓ Done

── Fine-tuning: FOREXCOM_USDCADX  (1D)  23:00:53
   ✓ Done

── Fine-tuning: FOREXCOM_USDCADX  (1W)  23:02:32
   ✓ Done

── Fine-tuning: FOREXCOM_USDCADX  (4H)  23:02:52
   ✓ Done

── Fine-tuning: FOREXCOM_USDCHFX  (1D)  23:03:55
   ✓ Done

── Fine-tuning: FOREXCOM_USDCHFX  (1W)  23:05:25
   ✓ Done

── Fine-tuning: FOREXCOM_USDCHFX  (4H)  23:05:42
   ✓ Done

── Fine-tuning: FOREXCOM_USDJPYX  (1D)  23:06:13
   ✓ Done

── Fine-tuning: FOREXCOM_USDJPYX  (1W)  23:09:44
   ✓ Done

── Fine-tuning: FOREXCOM_USDJPYX  (4H)  23:10:05
   ✓ Done

── Fine-tuning: FTSE_FTSE  (1D)  23:10:38
   ✓ Done

── Fine-tuning: FTSE_FTSE  (1W)  23:12:37
   ✓ Done

── Fine-tuning: FTSE_FTSE  (4H)  23:12:50
   ✓ Done

── Fine-tuning: HSI_HSI  (1D)  23:13:16
   ✓ Done

── Fine-tuning: ICE_BZF  (1D)  23:13:41
   ✓ Done

── Fine-tuning: ICE_BZF  (1H)  23:14:40
   ✓ Done

── Fine-tuning: ICE_BZF  (1W)  23:15:14
   ✓ Done

── Fine-tuning: ICE_BZF  (4H)  23:15:48
   ✓ Done

── Fine-tuning: LSE_AZNL  (1D)  23:16:20
   ✓ Done

── Fine-tuning: LSE_AZNL  (1W)  23:16:44
   ✓ Done

── Fine-tuning: LSE_AZNL  (4H)  23:16:53
   ✓ Done

── Fine-tuning: LSE_BPL  (1D)  23:17:09
   ✓ Done

── Fine-tuning: LSE_BPL  (1W)  23:17:37
   ✓ Done

── Fine-tuning: LSE_BPL  (4H)  23:18:06
   ✓ Done

── Fine-tuning: LSE_GSKL  (1D)  23:18:22
   ✓ Done

── Fine-tuning: LSE_GSKL  (1W)  23:18:46
   ✓ Done

── Fine-tuning: LSE_GSKL  (4H)  23:18:59
   ✓ Done

── Fine-tuning: LSE_HSBAL  (1D)  23:19:15
   ✓ Done

── Fine-tuning: LSE_HSBAL  (1W)  23:20:52
   ✓ Done

── Fine-tuning: LSE_HSBAL  (4H)  23:20:59
   ✓ Done

── Fine-tuning: LSE_SHELL  (1D)  23:21:15
   ✓ Done

── Fine-tuning: LSE_SHELL  (1W)  23:21:41
   ✓ Done

── Fine-tuning: LSE_SHELL  (4H)  23:21:58
   ✓ Done

── Fine-tuning: NIKKEI_N225  (1D)  23:22:15
   ✓ Done

── Fine-tuning: NYMEX_CLF  (1D)  23:22:39
   ✓ Done

── Fine-tuning: NYMEX_CLF  (1H)  23:23:29
   ✓ Done

── Fine-tuning: NYMEX_CLF  (1W)  23:24:02
   ✓ Done

── Fine-tuning: NYMEX_CLF  (4H)  23:24:38
   ✓ Done

── Fine-tuning: NYMEX_NGF  (1D)  23:25:08
   ✓ Done

── Fine-tuning: NYMEX_NGF  (1H)  23:26:43
   ✓ Done

── Fine-tuning: NYMEX_NGF  (1W)  23:27:16
   ✓ Done

── Fine-tuning: NYMEX_NGF  (4H)  23:27:36
   ✓ Done

── Fine-tuning: NYSE_AAPL  (1D)  23:28:06
   ✓ Done

── Fine-tuning: NYSE_AAPL  (1H)  23:30:07
   ✓ Done

── Fine-tuning: NYSE_AAPL  (1W)  23:30:53
   ✓ Done

── Fine-tuning: NYSE_AAPL  (4H)  23:31:09
   ✓ Done

── Fine-tuning: NYSE_AMZN  (1D)  23:31:23
   ✓ Done

── Fine-tuning: NYSE_AMZN  (1H)  23:32:54
   ✓ Done

── Fine-tuning: NYSE_AMZN  (1W)  23:33:33
   ✓ Done

── Fine-tuning: NYSE_AMZN  (4H)  23:33:50
   ✓ Done

── Fine-tuning: NYSE_BAC  (1D)  23:34:16
   ✓ Done

── Fine-tuning: NYSE_BAC  (1H)  23:35:43
   ✓ Done

── Fine-tuning: NYSE_BAC  (1W)  23:36:18
   ✓ Done

── Fine-tuning: NYSE_BAC  (4H)  23:36:35
   ✓ Done

── Fine-tuning: NYSE_CVX  (1D)  23:37:01
   ✓ Done

── Fine-tuning: NYSE_CVX  (1H)  23:37:52
   ✓ Done

── Fine-tuning: NYSE_CVX  (1W)  23:38:25
   ✓ Done

── Fine-tuning: NYSE_CVX  (4H)  23:38:53
   ✓ Done

── Fine-tuning: NYSE_GOOGL  (1D)  23:39:06
   ✓ Done

── Fine-tuning: NYSE_GOOGL  (1H)  23:40:33
   ✓ Done

── Fine-tuning: NYSE_GOOGL  (1W)  23:41:07
   ✓ Done

── Fine-tuning: NYSE_GOOGL  (4H)  23:41:14
   ✓ Done

── Fine-tuning: NYSE_JNJ  (1D)  23:41:40
   ✓ Done

── Fine-tuning: NYSE_JNJ  (1H)  23:42:18
   ✓ Done

── Fine-tuning: NYSE_JNJ  (1W)  23:42:52
   ✓ Done

── Fine-tuning: NYSE_JNJ  (4H)  23:42:59
   ✓ Done

── Fine-tuning: NYSE_JPM  (1D)  23:43:12
   ✓ Done

── Fine-tuning: NYSE_JPM  (1H)  23:45:06
   ✓ Done

── Fine-tuning: NYSE_JPM  (1W)  23:45:39
   ✓ Done

── Fine-tuning: NYSE_JPM  (4H)  23:45:58
   ✓ Done

── Fine-tuning: NYSE_META  (1D)  23:46:11
   ✓ Done

── Fine-tuning: NYSE_META  (1H)  23:46:43
   ✓ Done

── Fine-tuning: NYSE_META  (1W)  23:47:30
   ✓ Done

── Fine-tuning: NYSE_META  (4H)  23:47:47
   ✓ Done

── Fine-tuning: NYSE_MSFT  (1D)  23:48:08
   ✓ Done

── Fine-tuning: NYSE_MSFT  (1H)  23:50:07
   ✓ Done

── Fine-tuning: NYSE_MSFT  (1W)  23:50:42
   ✓ Done

── Fine-tuning: NYSE_MSFT  (4H)  23:50:59
   ✓ Done

── Fine-tuning: NYSE_NVDA  (1D)  23:51:11
   ✓ Done

── Fine-tuning: NYSE_NVDA  (1H)  23:51:36
   ✓ Done

── Fine-tuning: NYSE_NVDA  (1W)  23:52:20
   ✓ Done

── Fine-tuning: NYSE_NVDA  (4H)  23:52:37
   ✓ Done

── Fine-tuning: NYSE_PG  (1D)  23:52:55
   ✓ Done

── Fine-tuning: NYSE_PG  (1H)  23:53:34
   ✓ Done

── Fine-tuning: NYSE_PG  (1W)  23:54:17
   ✓ Done

── Fine-tuning: NYSE_PG  (4H)  23:54:34
   ✓ Done

── Fine-tuning: NYSE_TSLA  (1D)  23:54:46
   ✓ Done

── Fine-tuning: NYSE_TSLA  (1H)  23:56:12
   ✓ Done

── Fine-tuning: NYSE_TSLA  (1W)  23:56:46
   ✓ Done

── Fine-tuning: NYSE_TSLA  (4H)  23:57:03
   ✓ Done

── Fine-tuning: NYSE_UNH  (1D)  23:57:19
   ✓ Done

── Fine-tuning: NYSE_UNH  (1H)  23:59:12
   ✓ Done

── Fine-tuning: NYSE_UNH  (1W)  00:00:05
   ✓ Done

── Fine-tuning: NYSE_UNH  (4H)  00:00:28
   ✓ Done

── Fine-tuning: NYSE_V  (1D)  00:00:54
   ✓ Done

── Fine-tuning: NYSE_V  (1H)  00:02:22
   ✓ Done

── Fine-tuning: NYSE_V  (1W)  00:03:05
   ✓ Done

── Fine-tuning: NYSE_V  (4H)  00:03:22
   ✓ Done

── Fine-tuning: NYSE_XOM  (1D)  00:03:34
   ✓ Done

── Fine-tuning: NYSE_XOM  (1H)  00:04:35
   ✓ Done

── Fine-tuning: NYSE_XOM  (1W)  00:05:11
   ✓ Done

── Fine-tuning: NYSE_XOM  (4H)  00:05:19
   ✓ Done

── Fine-tuning: TSX_CNRTO  (1D)  00:05:35
   ✓ Done

── Fine-tuning: TSX_CNRTO  (1H)  00:06:16
   ✓ Done

── Fine-tuning: TSX_CNRTO  (1W)  00:06:51
   ✓ Done

── Fine-tuning: TSX_CNRTO  (4H)  00:07:08
   ✓ Done

── Fine-tuning: TSX_MFCTO  (1D)  00:07:20
   ✓ Done

── Fine-tuning: TSX_MFCTO  (1H)  00:09:45
   ✓ Done

── Fine-tuning: TSX_MFCTO  (1W)  00:10:59
   ✓ Done

── Fine-tuning: TSX_MFCTO  (4H)  00:11:16
   ✓ Done

── Fine-tuning: TSX_RYTO  (1D)  00:11:29
   ✓ Done

── Fine-tuning: TSX_RYTO  (1H)  00:12:55
   ✓ Done

── Fine-tuning: TSX_RYTO  (1W)  00:13:39
   ✓ Done

── Fine-tuning: TSX_RYTO  (4H)  00:13:46
   ✓ Done

── Fine-tuning: TSX_SUTO  (1D)  00:14:09
   ✓ Done

── Fine-tuning: TSX_SUTO  (1H)  00:14:44
   ✓ Done

── Fine-tuning: TSX_SUTO  (1W)  00:15:18
   ✓ Done

── Fine-tuning: TSX_SUTO  (4H)  00:15:30
   ✓ Done

── Fine-tuning: TSX_TDTO  (1D)  00:15:45
   ✓ Done

── Fine-tuning: TSX_TDTO  (1H)  00:17:13
   ✓ Done

── Fine-tuning: TSX_TDTO  (1W)  00:17:49
   ✓ Done

── Fine-tuning: TSX_TDTO  (4H)  00:17:56
   ✓ Done

==========================================
 Batch complete in 125 minutes
 Passed : 185
 Failed : 0
 Skipped: 4
==========================================
