2026-04-13 15:15:47,070  INFO      ============================================================
2026-04-13 15:15:47,070  INFO      Stage 6 Fine-Tuning — Start
2026-04-13 15:15:47,071  INFO      Instrument  : CBOT_ZWF
2026-04-13 15:15:47,071  INFO      Resolution  : 4H
2026-04-13 15:15:47,071  INFO      Device      : cpu
2026-04-13 15:15:47,071  INFO      Base checkpoint: models/base/checkpoint_base_v1.pt
2026-04-13 15:15:47,072  INFO      Loading: CBOT_ZWF_4H_20240422_20260412.npy
2026-04-13 15:15:48,783  INFO        Shape: (2246, 60, 53)  (2246 windows)
2026-04-13 15:15:48,793  INFO        Date range: 2024-06-12 → 2026-04-10  (1.8 years)
2026-04-13 15:15:48,794  INFO        Train windows: 1938  Val windows: 308
2026-04-13 15:15:48,794  INFO      Years of data: 1.8
2026-04-13 15:15:48,812  INFO      Loading base checkpoint: models/base/checkpoint_base_v1.pt
2026-04-13 15:15:48,827  INFO        Base val_loss: 0.2463  (fold 3, epoch 22)
2026-04-13 15:15:48,827  INFO      --------------------------------------------------
2026-04-13 15:15:48,828  INFO      Phase 1 — Head-only adaptation (encoder frozen)
2026-04-13 15:15:52,855  INFO        P1 Epoch  1 | TrainLoss 0.2476 | ValLoss 0.2522 | ValAcc H1=0.459 H5=0.480 H20=0.519
2026-04-13 15:15:54,988  INFO        P1 Epoch  2 | TrainLoss 0.2479 | ValLoss 0.2524 | ValAcc H1=0.466 H5=0.466 H20=0.507
2026-04-13 15:15:57,408  INFO        P1 Epoch  3 | TrainLoss 0.2477 | ValLoss 0.2525 | ValAcc H1=0.469 H5=0.459 H20=0.485
2026-04-13 15:15:59,553  INFO        P1 Epoch  4 | TrainLoss 0.2475 | ValLoss 0.2524 | ValAcc H1=0.466 H5=0.453 H20=0.492
2026-04-13 15:16:01,974  INFO        P1 Epoch  5 | TrainLoss 0.2479 | ValLoss 0.2525 | ValAcc H1=0.476 H5=0.456 H20=0.478
2026-04-13 15:16:04,182  INFO        P1 Epoch  6 | TrainLoss 0.2477 | ValLoss 0.2526 | ValAcc H1=0.480 H5=0.452 H20=0.478
2026-04-13 15:16:06,367  INFO        P1 Epoch  7 | TrainLoss 0.2474 | ValLoss 0.2527 | ValAcc H1=0.474 H5=0.447 H20=0.475
2026-04-13 15:16:09,020  INFO        P1 Epoch  8 | TrainLoss 0.2476 | ValLoss 0.2527 | ValAcc H1=0.474 H5=0.447 H20=0.471
2026-04-13 15:16:11,137  INFO        P1 Epoch  9 | TrainLoss 0.2474 | ValLoss 0.2526 | ValAcc H1=0.474 H5=0.453 H20=0.478
2026-04-13 15:16:13,850  INFO        P1 Epoch 10 | TrainLoss 0.2474 | ValLoss 0.2527 | ValAcc H1=0.475 H5=0.450 H20=0.470
2026-04-13 15:16:16,044  INFO        P1 Epoch 11 | TrainLoss 0.2474 | ValLoss 0.2527 | ValAcc H1=0.475 H5=0.443 H20=0.472
2026-04-13 15:16:16,044  INFO        Phase 1 early stopping at epoch 11
2026-04-13 15:16:16,313  INFO        Phase 1 complete. Best val_loss: 0.2522  H1=0.459 H5=0.480 H20=0.519
2026-04-13 15:16:16,318  INFO      Phase 1 checkpoint saved: models/fine_tuned/checkpoint_CBOT_ZWF_4H_phase1_20260413.pt
2026-04-13 15:16:16,318  INFO      Loading base checkpoint: models/base/checkpoint_base_v1.pt
2026-04-13 15:16:16,330  INFO        Base val_loss: 0.2463  (fold 3, epoch 22)
2026-04-13 15:16:16,599  INFO      Base model H1 accuracy on instrument val set: 0.473
2026-04-13 15:16:16,599  INFO      Fine-tuned  H1 accuracy (Phase 1)           : 0.459
2026-04-13 15:16:16,600  INFO      --------------------------------------------------
2026-04-13 15:16:16,600  INFO      Phase 2 — Verification gate
2026-04-13 15:16:16,600  INFO        Fine-tuned accuracy — H1=0.459  H5=0.480  H20=0.519  Mean=0.486
2026-04-13 15:16:16,600  INFO        Minimum required (mean across horizons) : 0.510
2026-04-13 15:16:16,600  WARNING     ✗ Phase 2 FAILED — mean accuracy 0.486 is below 0.510
2026-04-13 15:16:16,600  WARNING     H1=0.459  H5=0.480  H20=0.519
2026-04-13 15:16:16,600  WARNING     Instrument may be unpredictable at this resolution.
2026-04-13 15:16:16,600  WARNING     Using Phase 1 checkpoint as final output.
2026-04-13 15:16:16,600  INFO      ============================================================
2026-04-13 15:16:16,601  INFO      Fine-Tuning Summary
2026-04-13 15:16:16,601  INFO        Instrument     : CBOT_ZWF 4H
2026-04-13 15:16:16,601  INFO        Final phase    : 1
2026-04-13 15:16:16,601  INFO        Final checkpoint: models/fine_tuned/checkpoint_CBOT_ZWF_4H_phase1_20260413.pt
2026-04-13 15:16:16,880  INFO        Base model — H1=0.473  H5=0.487  H20=0.519  Mean=0.493
2026-04-13 15:16:16,880  INFO        Fine-tuned — H1=0.459  H5=0.480  H20=0.519  Mean=0.486  (Phase 1)
2026-04-13 15:16:16,880  WARNING     Delta mean accuracy : -0.007  ⚠  Fine-tuning degraded mean accuracy. Consider using the base model for this instrument. H1 delta=-0.015  H5 delta=-0.007  H20 delta=+0.000
2026-04-13 15:16:16,883  INFO        Metrics saved  : logs/finetune/CBOT_ZWF_4H_20260413_metrics.csv
2026-04-13 15:16:16,883  INFO      Stage 6 complete.
