2026-04-04 22:18:03,936  INFO      ============================================================
2026-04-04 22:18:03,936  INFO      Stage 6 Fine-Tuning — Start
2026-04-04 22:18:03,936  INFO      Instrument  : CBOT_ZWF
2026-04-04 22:18:03,936  INFO      Resolution  : 1D
2026-04-04 22:18:03,936  INFO      Device      : cpu
2026-04-04 22:18:03,936  INFO      Base checkpoint: models/base/checkpoint_base_v1.pt
2026-04-04 22:18:03,937  INFO      Loading: CBOT_ZWF_1D_20150101_20260326.npy
2026-04-04 22:18:05,553  INFO        Shape: (2643, 60, 42)  (2643 windows)
2026-04-04 22:18:05,566  INFO        Date range: 2015-09-18 → 2026-03-25  (10.5 years)
2026-04-04 22:18:05,566  INFO        Train windows: 2582  Val windows: 61
2026-04-04 22:18:05,566  INFO      Years of data: 10.5
2026-04-04 22:18:05,599  INFO      Loading base checkpoint: models/base/checkpoint_base_v1.pt
2026-04-04 22:18:05,612  INFO        Base val_loss: 0.2466  (fold 2, epoch 28)
2026-04-04 22:18:05,612  INFO      --------------------------------------------------
2026-04-04 22:18:05,612  INFO      Phase 1 — Head-only adaptation (encoder frozen)
2026-04-04 22:18:08,168  INFO        P1 Epoch  1 | TrainLoss 0.2470 | ValLoss 0.2483 | ValAcc H1=0.574 H5=0.443 H20=0.311
2026-04-04 22:18:09,683  INFO        P1 Epoch  2 | TrainLoss 0.2469 | ValLoss 0.2483 | ValAcc H1=0.541 H5=0.443 H20=0.328
2026-04-04 22:18:11,380  INFO        P1 Epoch  3 | TrainLoss 0.2471 | ValLoss 0.2483 | ValAcc H1=0.541 H5=0.443 H20=0.344
2026-04-04 22:18:12,986  INFO        P1 Epoch  4 | TrainLoss 0.2469 | ValLoss 0.2483 | ValAcc H1=0.541 H5=0.443 H20=0.344
2026-04-04 22:18:14,539  INFO        P1 Epoch  5 | TrainLoss 0.2469 | ValLoss 0.2483 | ValAcc H1=0.541 H5=0.459 H20=0.328
2026-04-04 22:18:16,080  INFO        P1 Epoch  6 | TrainLoss 0.2469 | ValLoss 0.2484 | ValAcc H1=0.541 H5=0.459 H20=0.328
2026-04-04 22:18:17,704  INFO        P1 Epoch  7 | TrainLoss 0.2469 | ValLoss 0.2483 | ValAcc H1=0.541 H5=0.443 H20=0.328
2026-04-04 22:18:19,348  INFO        P1 Epoch  8 | TrainLoss 0.2469 | ValLoss 0.2484 | ValAcc H1=0.541 H5=0.443 H20=0.328
2026-04-04 22:18:20,973  INFO        P1 Epoch  9 | TrainLoss 0.2467 | ValLoss 0.2484 | ValAcc H1=0.541 H5=0.443 H20=0.311
2026-04-04 22:18:22,649  INFO        P1 Epoch 10 | TrainLoss 0.2468 | ValLoss 0.2484 | ValAcc H1=0.541 H5=0.443 H20=0.311
2026-04-04 22:18:24,188  INFO        P1 Epoch 11 | TrainLoss 0.2469 | ValLoss 0.2484 | ValAcc H1=0.557 H5=0.443 H20=0.311
2026-04-04 22:18:24,188  INFO        Phase 1 early stopping at epoch 11
2026-04-04 22:18:24,221  INFO        Phase 1 complete. Best val_loss: 0.2483  H1=0.574 H5=0.443 H20=0.311
2026-04-04 22:18:24,225  INFO      Phase 1 checkpoint saved: models/fine_tuned/checkpoint_CBOT_ZWF_1D_phase1_20260404.pt
2026-04-04 22:18:24,226  INFO      Loading base checkpoint: models/base/checkpoint_base_v1.pt
2026-04-04 22:18:24,235  INFO        Base val_loss: 0.2466  (fold 2, epoch 28)
2026-04-04 22:18:24,269  INFO      Base model H1 accuracy on instrument val set: 0.557
2026-04-04 22:18:24,269  INFO      Fine-tuned  H1 accuracy (Phase 1)           : 0.574
2026-04-04 22:18:24,269  INFO      --------------------------------------------------
2026-04-04 22:18:24,269  INFO      Phase 2 — Verification gate
2026-04-04 22:18:24,269  INFO        Fine-tuned accuracy — H1=0.574  H5=0.443  H20=0.311  Mean=0.443
2026-04-04 22:18:24,269  INFO        Minimum required (mean across horizons) : 0.510
2026-04-04 22:18:24,269  WARNING     ✗ Phase 2 FAILED — mean accuracy 0.443 is below 0.510
2026-04-04 22:18:24,270  WARNING     H1=0.574  H5=0.443  H20=0.311
2026-04-04 22:18:24,270  WARNING     Instrument may be unpredictable at this resolution.
2026-04-04 22:18:24,270  WARNING     Using Phase 1 checkpoint as final output.
2026-04-04 22:18:24,270  INFO      ============================================================
2026-04-04 22:18:24,270  INFO      Fine-Tuning Summary
2026-04-04 22:18:24,270  INFO        Instrument     : CBOT_ZWF 1D
2026-04-04 22:18:24,270  INFO        Final phase    : 1
2026-04-04 22:18:24,270  INFO        Final checkpoint: models/fine_tuned/checkpoint_CBOT_ZWF_1D_phase1_20260404.pt
2026-04-04 22:18:24,303  INFO        Base model — H1=0.557  H5=0.492  H20=0.311  Mean=0.454
2026-04-04 22:18:24,303  INFO        Fine-tuned — H1=0.574  H5=0.443  H20=0.311  Mean=0.443  (Phase 1)
2026-04-04 22:18:24,303  WARNING     Delta mean accuracy : -0.011  ⚠  Fine-tuning degraded mean accuracy. Consider using the base model for this instrument. H1 delta=+0.016  H5 delta=-0.049  H20 delta=+0.000
2026-04-04 22:18:24,305  INFO        Metrics saved  : logs/finetune/CBOT_ZWF_1D_20260404_metrics.csv
2026-04-04 22:18:24,305  INFO      Stage 6 complete.
