2026-04-04 22:28:37,188  INFO      ============================================================
2026-04-04 22:28:37,188  INFO      Stage 6 Fine-Tuning — Start
2026-04-04 22:28:37,188  INFO      Instrument  : COMEX_SIF
2026-04-04 22:28:37,188  INFO      Resolution  : 1W
2026-04-04 22:28:37,188  INFO      Device      : cpu
2026-04-04 22:28:37,188  INFO      Base checkpoint: models/base/checkpoint_base_v1.pt
2026-04-04 22:28:37,190  INFO      Loading: COMEX_SIF_1W_20150101_20260326.npy
2026-04-04 22:28:37,587  INFO        Shape: (407, 60, 42)  (407 windows)
2026-04-04 22:28:37,591  INFO        Date range: 2018-06-07 → 2026-03-19  (7.8 years)
2026-04-04 22:28:37,591  INFO        Train windows: 394  Val windows: 13
2026-04-04 22:28:37,591  INFO      Years of data: 7.8
2026-04-04 22:28:37,598  INFO      Loading base checkpoint: models/base/checkpoint_base_v1.pt
2026-04-04 22:28:37,613  INFO        Base val_loss: 0.2466  (fold 2, epoch 28)
2026-04-04 22:28:37,614  INFO      --------------------------------------------------
2026-04-04 22:28:37,614  INFO      Phase 1 — Head-only adaptation (encoder frozen)
2026-04-04 22:28:38,712  INFO        P1 Epoch  1 | TrainLoss 0.2495 | ValLoss 0.2467 | ValAcc H1=0.538 H5=0.385 H20=0.000
2026-04-04 22:28:38,974  INFO        P1 Epoch  2 | TrainLoss 0.2477 | ValLoss 0.2467 | ValAcc H1=0.538 H5=0.385 H20=0.000
2026-04-04 22:28:39,280  INFO        P1 Epoch  3 | TrainLoss 0.2488 | ValLoss 0.2467 | ValAcc H1=0.538 H5=0.385 H20=0.000
2026-04-04 22:28:39,617  INFO        P1 Epoch  4 | TrainLoss 0.2492 | ValLoss 0.2467 | ValAcc H1=0.538 H5=0.385 H20=0.000
2026-04-04 22:28:40,110  INFO        P1 Epoch  5 | TrainLoss 0.2491 | ValLoss 0.2467 | ValAcc H1=0.538 H5=0.385 H20=0.000
2026-04-04 22:28:40,380  INFO        P1 Epoch  6 | TrainLoss 0.2478 | ValLoss 0.2467 | ValAcc H1=0.538 H5=0.385 H20=0.000
2026-04-04 22:28:40,718  INFO        P1 Epoch  7 | TrainLoss 0.2477 | ValLoss 0.2467 | ValAcc H1=0.538 H5=0.385 H20=0.000
2026-04-04 22:28:41,027  INFO        P1 Epoch  8 | TrainLoss 0.2474 | ValLoss 0.2467 | ValAcc H1=0.538 H5=0.385 H20=0.000
2026-04-04 22:28:41,285  INFO        P1 Epoch  9 | TrainLoss 0.2476 | ValLoss 0.2467 | ValAcc H1=0.538 H5=0.385 H20=0.000
2026-04-04 22:28:41,587  INFO        P1 Epoch 10 | TrainLoss 0.2480 | ValLoss 0.2467 | ValAcc H1=0.538 H5=0.385 H20=0.000
2026-04-04 22:28:41,883  INFO        P1 Epoch 11 | TrainLoss 0.2481 | ValLoss 0.2467 | ValAcc H1=0.538 H5=0.385 H20=0.000
2026-04-04 22:28:41,883  INFO        Phase 1 early stopping at epoch 11
2026-04-04 22:28:41,893  INFO        Phase 1 complete. Best val_loss: 0.2467  H1=0.538 H5=0.385 H20=0.000
2026-04-04 22:28:41,898  INFO      Phase 1 checkpoint saved: models/fine_tuned/checkpoint_COMEX_SIF_1W_phase1_20260404.pt
2026-04-04 22:28:41,898  INFO      Loading base checkpoint: models/base/checkpoint_base_v1.pt
2026-04-04 22:28:41,908  INFO        Base val_loss: 0.2466  (fold 2, epoch 28)
2026-04-04 22:28:41,918  INFO      Base model H1 accuracy on instrument val set: 0.538
2026-04-04 22:28:41,918  INFO      Fine-tuned  H1 accuracy (Phase 1)           : 0.538
2026-04-04 22:28:41,918  INFO      --------------------------------------------------
2026-04-04 22:28:41,918  INFO      Phase 2 — Verification gate
2026-04-04 22:28:41,918  INFO        Fine-tuned accuracy — H1=0.538  H5=0.385  H20=0.000  Mean=0.308
2026-04-04 22:28:41,919  INFO        Minimum required (mean across horizons) : 0.510
2026-04-04 22:28:41,919  WARNING     ✗ Phase 2 FAILED — mean accuracy 0.308 is below 0.510
2026-04-04 22:28:41,919  WARNING     H1=0.538  H5=0.385  H20=0.000
2026-04-04 22:28:41,919  WARNING     Instrument may be unpredictable at this resolution.
2026-04-04 22:28:41,919  WARNING     Using Phase 1 checkpoint as final output.
2026-04-04 22:28:41,919  INFO      ============================================================
2026-04-04 22:28:41,919  INFO      Fine-Tuning Summary
2026-04-04 22:28:41,919  INFO        Instrument     : COMEX_SIF 1W
2026-04-04 22:28:41,919  INFO        Final phase    : 1
2026-04-04 22:28:41,919  INFO        Final checkpoint: models/fine_tuned/checkpoint_COMEX_SIF_1W_phase1_20260404.pt
2026-04-04 22:28:41,929  INFO        Base model — H1=0.538  H5=0.385  H20=0.000  Mean=0.308
2026-04-04 22:28:41,929  INFO        Fine-tuned — H1=0.538  H5=0.385  H20=0.000  Mean=0.308  (Phase 1)
2026-04-04 22:28:41,929  INFO        Delta mean accuracy : +0.000  = Fine-tuning matched base model.
2026-04-04 22:28:41,929  INFO        Per-horizon delta   :  H1=+0.000  H5=+0.000  H20=+0.000
2026-04-04 22:28:41,931  INFO        Metrics saved  : logs/finetune/COMEX_SIF_1W_20260404_metrics.csv
2026-04-04 22:28:41,931  INFO      Stage 6 complete.
