2026-04-13 15:19:06,353  INFO      ============================================================
2026-04-13 15:19:06,353  INFO      Stage 6 Fine-Tuning — Start
2026-04-13 15:19:06,353  INFO      Instrument  : COMEX_GCF
2026-04-13 15:19:06,353  INFO      Resolution  : 4H
2026-04-13 15:19:06,354  INFO      Device      : cpu
2026-04-13 15:19:06,354  INFO      Base checkpoint: models/base/checkpoint_base_v1.pt
2026-04-13 15:19:06,355  INFO      Loading: COMEX_GCF_4H_20240422_20260412.npy
2026-04-13 15:19:08,629  INFO        Shape: (2883, 60, 53)  (2883 windows)
2026-04-13 15:19:08,648  INFO        Date range: 2024-06-03 → 2026-04-10  (1.9 years)
2026-04-13 15:19:08,648  INFO        Train windows: 2498  Val windows: 385
2026-04-13 15:19:08,648  INFO      Years of data: 1.9
2026-04-13 15:19:08,658  INFO      Loading base checkpoint: models/base/checkpoint_base_v1.pt
2026-04-13 15:19:08,673  INFO        Base val_loss: 0.2463  (fold 3, epoch 22)
2026-04-13 15:19:08,673  INFO      --------------------------------------------------
2026-04-13 15:19:08,673  INFO      Phase 1 — Head-only adaptation (encoder frozen)
2026-04-13 15:19:12,365  INFO        P1 Epoch  1 | TrainLoss 0.2466 | ValLoss 0.2493 | ValAcc H1=0.444 H5=0.444 H20=0.417
2026-04-13 15:19:15,360  INFO        P1 Epoch  2 | TrainLoss 0.2466 | ValLoss 0.2492 | ValAcc H1=0.451 H5=0.440 H20=0.417
2026-04-13 15:19:18,056  INFO        P1 Epoch  3 | TrainLoss 0.2467 | ValLoss 0.2491 | ValAcc H1=0.453 H5=0.438 H20=0.417
2026-04-13 15:19:21,015  INFO        P1 Epoch  4 | TrainLoss 0.2467 | ValLoss 0.2491 | ValAcc H1=0.449 H5=0.438 H20=0.417
2026-04-13 15:19:23,738  INFO        P1 Epoch  5 | TrainLoss 0.2468 | ValLoss 0.2490 | ValAcc H1=0.451 H5=0.440 H20=0.417
2026-04-13 15:19:26,478  INFO        P1 Epoch  6 | TrainLoss 0.2466 | ValLoss 0.2490 | ValAcc H1=0.451 H5=0.440 H20=0.417
2026-04-13 15:19:29,475  INFO        P1 Epoch  7 | TrainLoss 0.2460 | ValLoss 0.2490 | ValAcc H1=0.451 H5=0.435 H20=0.417
2026-04-13 15:19:32,078  INFO        P1 Epoch  8 | TrainLoss 0.2462 | ValLoss 0.2490 | ValAcc H1=0.453 H5=0.433 H20=0.415
2026-04-13 15:19:35,002  INFO        P1 Epoch  9 | TrainLoss 0.2465 | ValLoss 0.2490 | ValAcc H1=0.453 H5=0.433 H20=0.415
2026-04-13 15:19:37,616  INFO        P1 Epoch 10 | TrainLoss 0.2478 | ValLoss 0.2490 | ValAcc H1=0.453 H5=0.433 H20=0.415
2026-04-13 15:19:40,653  INFO        P1 Epoch 11 | TrainLoss 0.2471 | ValLoss 0.2489 | ValAcc H1=0.451 H5=0.435 H20=0.413
2026-04-13 15:19:43,222  INFO        P1 Epoch 12 | TrainLoss 0.2464 | ValLoss 0.2489 | ValAcc H1=0.455 H5=0.435 H20=0.415
2026-04-13 15:19:46,188  INFO        P1 Epoch 13 | TrainLoss 0.2468 | ValLoss 0.2489 | ValAcc H1=0.458 H5=0.440 H20=0.417
2026-04-13 15:19:48,921  INFO        P1 Epoch 14 | TrainLoss 0.2463 | ValLoss 0.2489 | ValAcc H1=0.458 H5=0.438 H20=0.420
2026-04-13 15:19:51,883  INFO        P1 Epoch 15 | TrainLoss 0.2469 | ValLoss 0.2489 | ValAcc H1=0.458 H5=0.435 H20=0.422
2026-04-13 15:19:54,934  INFO        P1 Epoch 16 | TrainLoss 0.2466 | ValLoss 0.2489 | ValAcc H1=0.458 H5=0.435 H20=0.422
2026-04-13 15:19:57,811  INFO        P1 Epoch 17 | TrainLoss 0.2458 | ValLoss 0.2489 | ValAcc H1=0.458 H5=0.435 H20=0.417
2026-04-13 15:20:01,159  INFO        P1 Epoch 18 | TrainLoss 0.2467 | ValLoss 0.2489 | ValAcc H1=0.455 H5=0.435 H20=0.413
2026-04-13 15:20:03,899  INFO        P1 Epoch 19 | TrainLoss 0.2469 | ValLoss 0.2489 | ValAcc H1=0.458 H5=0.435 H20=0.413
2026-04-13 15:20:07,230  INFO        P1 Epoch 20 | TrainLoss 0.2465 | ValLoss 0.2489 | ValAcc H1=0.458 H5=0.435 H20=0.413
2026-04-13 15:20:10,712  INFO        P1 Epoch 21 | TrainLoss 0.2462 | ValLoss 0.2489 | ValAcc H1=0.458 H5=0.435 H20=0.413
2026-04-13 15:20:13,388  INFO        P1 Epoch 22 | TrainLoss 0.2456 | ValLoss 0.2489 | ValAcc H1=0.458 H5=0.435 H20=0.413
2026-04-13 15:20:13,388  INFO        Phase 1 early stopping at epoch 22
2026-04-13 15:20:13,716  INFO        Phase 1 complete. Best val_loss: 0.2489  H1=0.455 H5=0.435 H20=0.415
2026-04-13 15:20:13,721  INFO      Phase 1 checkpoint saved: models/fine_tuned/checkpoint_COMEX_GCF_4H_phase1_20260413.pt
2026-04-13 15:20:13,722  INFO      Loading base checkpoint: models/base/checkpoint_base_v1.pt
2026-04-13 15:20:13,733  INFO        Base val_loss: 0.2463  (fold 3, epoch 22)
2026-04-13 15:20:14,068  INFO      Base model H1 accuracy on instrument val set: 0.453
2026-04-13 15:20:14,068  INFO      Fine-tuned  H1 accuracy (Phase 1)           : 0.455
2026-04-13 15:20:14,068  INFO      --------------------------------------------------
2026-04-13 15:20:14,068  INFO      Phase 2 — Verification gate
2026-04-13 15:20:14,069  INFO        Fine-tuned accuracy — H1=0.455  H5=0.435  H20=0.415  Mean=0.435
2026-04-13 15:20:14,069  INFO        Minimum required (mean across horizons) : 0.510
2026-04-13 15:20:14,069  WARNING     ✗ Phase 2 FAILED — mean accuracy 0.435 is below 0.510
2026-04-13 15:20:14,069  WARNING     H1=0.455  H5=0.435  H20=0.415
2026-04-13 15:20:14,069  WARNING     Instrument may be unpredictable at this resolution.
2026-04-13 15:20:14,069  WARNING     Using Phase 1 checkpoint as final output.
2026-04-13 15:20:14,069  INFO      ============================================================
2026-04-13 15:20:14,069  INFO      Fine-Tuning Summary
2026-04-13 15:20:14,069  INFO        Instrument     : COMEX_GCF 4H
2026-04-13 15:20:14,069  INFO        Final phase    : 1
2026-04-13 15:20:14,069  INFO        Final checkpoint: models/fine_tuned/checkpoint_COMEX_GCF_4H_phase1_20260413.pt
2026-04-13 15:20:14,403  INFO        Base model — H1=0.453  H5=0.446  H20=0.415  Mean=0.438
2026-04-13 15:20:14,403  INFO        Fine-tuned — H1=0.455  H5=0.435  H20=0.415  Mean=0.435  (Phase 1)
2026-04-13 15:20:14,403  WARNING     Delta mean accuracy : -0.003  ⚠  Fine-tuning degraded mean accuracy. Consider using the base model for this instrument. H1 delta=+0.002  H5 delta=-0.011  H20 delta=+0.000
2026-04-13 15:20:14,406  INFO        Metrics saved  : logs/finetune/COMEX_GCF_4H_20260413_metrics.csv
2026-04-13 15:20:14,406  INFO      Stage 6 complete.
