2026-04-04 22:19:09,810  INFO      ============================================================
2026-04-04 22:19:09,810  INFO      Stage 6 Fine-Tuning — Start
2026-04-04 22:19:09,810  INFO      Instrument  : COMEX_GCF
2026-04-04 22:19:09,810  INFO      Resolution  : 1D
2026-04-04 22:19:09,810  INFO      Device      : cpu
2026-04-04 22:19:09,810  INFO      Base checkpoint: models/base/checkpoint_base_v1.pt
2026-04-04 22:19:09,812  INFO      Loading: COMEX_GCF_1D_20150101_20260326.npy
2026-04-04 22:19:11,579  INFO        Shape: (2643, 60, 42)  (2643 windows)
2026-04-04 22:19:11,591  INFO        Date range: 2015-09-18 → 2026-03-25  (10.5 years)
2026-04-04 22:19:11,591  INFO        Train windows: 2582  Val windows: 61
2026-04-04 22:19:11,591  INFO      Years of data: 10.5
2026-04-04 22:19:11,629  INFO      Loading base checkpoint: models/base/checkpoint_base_v1.pt
2026-04-04 22:19:11,642  INFO        Base val_loss: 0.2466  (fold 2, epoch 28)
2026-04-04 22:19:11,643  INFO      --------------------------------------------------
2026-04-04 22:19:11,643  INFO      Phase 1 — Head-only adaptation (encoder frozen)
2026-04-04 22:19:14,102  INFO        P1 Epoch  1 | TrainLoss 0.2478 | ValLoss 0.2499 | ValAcc H1=0.443 H5=0.443 H20=0.656
2026-04-04 22:19:15,664  INFO        P1 Epoch  2 | TrainLoss 0.2474 | ValLoss 0.2503 | ValAcc H1=0.443 H5=0.492 H20=0.623
2026-04-04 22:19:17,252  INFO        P1 Epoch  3 | TrainLoss 0.2473 | ValLoss 0.2506 | ValAcc H1=0.443 H5=0.525 H20=0.607
2026-04-04 22:19:18,821  INFO        P1 Epoch  4 | TrainLoss 0.2473 | ValLoss 0.2508 | ValAcc H1=0.426 H5=0.492 H20=0.607
2026-04-04 22:19:20,416  INFO        P1 Epoch  5 | TrainLoss 0.2471 | ValLoss 0.2510 | ValAcc H1=0.426 H5=0.475 H20=0.590
2026-04-04 22:19:21,935  INFO        P1 Epoch  6 | TrainLoss 0.2472 | ValLoss 0.2510 | ValAcc H1=0.426 H5=0.475 H20=0.607
2026-04-04 22:19:23,655  INFO        P1 Epoch  7 | TrainLoss 0.2473 | ValLoss 0.2513 | ValAcc H1=0.426 H5=0.492 H20=0.590
2026-04-04 22:19:25,184  INFO        P1 Epoch  8 | TrainLoss 0.2472 | ValLoss 0.2513 | ValAcc H1=0.443 H5=0.492 H20=0.590
2026-04-04 22:19:26,713  INFO        P1 Epoch  9 | TrainLoss 0.2472 | ValLoss 0.2514 | ValAcc H1=0.426 H5=0.475 H20=0.607
2026-04-04 22:19:28,289  INFO        P1 Epoch 10 | TrainLoss 0.2472 | ValLoss 0.2515 | ValAcc H1=0.443 H5=0.459 H20=0.590
2026-04-04 22:19:29,891  INFO        P1 Epoch 11 | TrainLoss 0.2471 | ValLoss 0.2515 | ValAcc H1=0.459 H5=0.475 H20=0.607
2026-04-04 22:19:29,891  INFO        Phase 1 early stopping at epoch 11
2026-04-04 22:19:29,927  INFO        Phase 1 complete. Best val_loss: 0.2499  H1=0.443 H5=0.443 H20=0.656
2026-04-04 22:19:29,932  INFO      Phase 1 checkpoint saved: models/fine_tuned/checkpoint_COMEX_GCF_1D_phase1_20260404.pt
2026-04-04 22:19:29,932  INFO      Loading base checkpoint: models/base/checkpoint_base_v1.pt
2026-04-04 22:19:29,941  INFO        Base val_loss: 0.2466  (fold 2, epoch 28)
2026-04-04 22:19:29,975  INFO      Base model H1 accuracy on instrument val set: 0.475
2026-04-04 22:19:29,975  INFO      Fine-tuned  H1 accuracy (Phase 1)           : 0.443
2026-04-04 22:19:29,975  INFO      --------------------------------------------------
2026-04-04 22:19:29,975  INFO      Phase 2 — Verification gate
2026-04-04 22:19:29,975  INFO        Fine-tuned accuracy — H1=0.443  H5=0.443  H20=0.656  Mean=0.514
2026-04-04 22:19:29,975  INFO        Minimum required (mean across horizons) : 0.510
2026-04-04 22:19:29,975  INFO        ✓ Phase 2 PASSED (H1=0.443  H5=0.443  H20=0.656) — proceeding to Phase 3
2026-04-04 22:19:29,975  INFO      --------------------------------------------------
2026-04-04 22:19:29,975  INFO      Phase 3 — Selective encoder unfreeze
2026-04-04 22:19:29,976  INFO        Encoder layers 1 & 2 unfrozen (layer 0 frozen)
2026-04-04 22:19:29,976  INFO        Encoder LR: 1e-05  Head LR: 3e-05
2026-04-04 22:19:29,976  INFO        Dropout: encoder=0.40  head=0.45
2026-04-04 22:19:36,370  INFO        P3 Epoch  1 | TrainLoss 0.2474 | ValLoss 0.2507 | Gap -0.0034 | ValAcc H1=0.443 H5=0.525 H20=0.623
2026-04-04 22:19:42,848  INFO        P3 Epoch  2 | TrainLoss 0.2473 | ValLoss 0.2512 | Gap -0.0039 | ValAcc H1=0.426 H5=0.459 H20=0.607
2026-04-04 22:19:49,237  INFO        P3 Epoch  3 | TrainLoss 0.2472 | ValLoss 0.2512 | Gap -0.0040 | ValAcc H1=0.426 H5=0.475 H20=0.607
2026-04-04 22:19:55,758  INFO        P3 Epoch  4 | TrainLoss 0.2471 | ValLoss 0.2514 | Gap -0.0042 | ValAcc H1=0.443 H5=0.492 H20=0.590
2026-04-04 22:20:02,123  INFO        P3 Epoch  5 | TrainLoss 0.2471 | ValLoss 0.2515 | Gap -0.0044 | ValAcc H1=0.426 H5=0.492 H20=0.607
2026-04-04 22:20:08,478  INFO        P3 Epoch  6 | TrainLoss 0.2473 | ValLoss 0.2516 | Gap -0.0043 | ValAcc H1=0.443 H5=0.492 H20=0.574
2026-04-04 22:20:14,953  INFO        P3 Epoch  7 | TrainLoss 0.2472 | ValLoss 0.2517 | Gap -0.0045 | ValAcc H1=0.459 H5=0.475 H20=0.607
2026-04-04 22:20:21,303  INFO        P3 Epoch  8 | TrainLoss 0.2472 | ValLoss 0.2516 | Gap -0.0044 | ValAcc H1=0.443 H5=0.492 H20=0.607
2026-04-04 22:20:27,680  INFO        P3 Epoch  9 | TrainLoss 0.2471 | ValLoss 0.2516 | Gap -0.0045 | ValAcc H1=0.459 H5=0.492 H20=0.607
2026-04-04 22:20:27,680  INFO        Phase 3 early stopping at epoch 9
2026-04-04 22:20:27,681  INFO        Phase 3 complete. Best val_loss: 0.2507
2026-04-04 22:20:27,717  INFO      Phase 3 checkpoint saved: models/fine_tuned/checkpoint_COMEX_GCF_1D_phase3_20260404.pt
2026-04-04 22:20:27,717  INFO      ============================================================
2026-04-04 22:20:27,717  INFO      Fine-Tuning Summary
2026-04-04 22:20:27,717  INFO        Instrument     : COMEX_GCF 1D
2026-04-04 22:20:27,717  INFO        Final phase    : 3
2026-04-04 22:20:27,717  INFO        Final checkpoint: models/fine_tuned/checkpoint_COMEX_GCF_1D_phase3_20260404.pt
2026-04-04 22:20:27,749  INFO        Base model — H1=0.475  H5=0.508  H20=0.639  Mean=0.541
2026-04-04 22:20:27,749  INFO        Fine-tuned — H1=0.443  H5=0.525  H20=0.623  Mean=0.530  (Phase 3)
2026-04-04 22:20:27,749  WARNING     Delta mean accuracy : -0.011  ⚠  Fine-tuning degraded mean accuracy. Consider using the base model for this instrument. H1 delta=-0.033  H5 delta=+0.016  H20 delta=-0.016
2026-04-04 22:20:27,752  INFO        Metrics saved  : logs/finetune/COMEX_GCF_1D_20260404_metrics.csv
2026-04-04 22:20:27,752  INFO      Stage 6 complete.
