2026-04-04 22:25:21,172  INFO      ============================================================
2026-04-04 22:25:21,172  INFO      Stage 6 Fine-Tuning — Start
2026-04-04 22:25:21,172  INFO      Instrument  : COMEX_HGF
2026-04-04 22:25:21,172  INFO      Resolution  : 1W
2026-04-04 22:25:21,172  INFO      Device      : cpu
2026-04-04 22:25:21,172  INFO      Base checkpoint: models/base/checkpoint_base_v1.pt
2026-04-04 22:25:21,173  INFO      Loading: COMEX_HGF_1W_20150101_20260326.npy
2026-04-04 22:25:21,538  INFO        Shape: (407, 60, 42)  (407 windows)
2026-04-04 22:25:21,542  INFO        Date range: 2018-06-07 → 2026-03-19  (7.8 years)
2026-04-04 22:25:21,542  INFO        Train windows: 394  Val windows: 13
2026-04-04 22:25:21,542  INFO      Years of data: 7.8
2026-04-04 22:25:21,547  INFO      Loading base checkpoint: models/base/checkpoint_base_v1.pt
2026-04-04 22:25:21,560  INFO        Base val_loss: 0.2466  (fold 2, epoch 28)
2026-04-04 22:25:21,560  INFO      --------------------------------------------------
2026-04-04 22:25:21,560  INFO      Phase 1 — Head-only adaptation (encoder frozen)
2026-04-04 22:25:22,663  INFO        P1 Epoch  1 | TrainLoss 0.2470 | ValLoss 0.2455 | ValAcc H1=0.462 H5=0.615 H20=0.308
2026-04-04 22:25:22,936  INFO        P1 Epoch  2 | TrainLoss 0.2466 | ValLoss 0.2456 | ValAcc H1=0.462 H5=0.615 H20=0.308
2026-04-04 22:25:23,213  INFO        P1 Epoch  3 | TrainLoss 0.2452 | ValLoss 0.2456 | ValAcc H1=0.462 H5=0.615 H20=0.385
2026-04-04 22:25:23,482  INFO        P1 Epoch  4 | TrainLoss 0.2455 | ValLoss 0.2456 | ValAcc H1=0.462 H5=0.615 H20=0.462
2026-04-04 22:25:23,750  INFO        P1 Epoch  5 | TrainLoss 0.2454 | ValLoss 0.2456 | ValAcc H1=0.462 H5=0.615 H20=0.538
2026-04-04 22:25:24,059  INFO        P1 Epoch  6 | TrainLoss 0.2467 | ValLoss 0.2456 | ValAcc H1=0.462 H5=0.615 H20=0.462
2026-04-04 22:25:24,331  INFO        P1 Epoch  7 | TrainLoss 0.2468 | ValLoss 0.2455 | ValAcc H1=0.462 H5=0.615 H20=0.462
2026-04-04 22:25:24,870  INFO        P1 Epoch  8 | TrainLoss 0.2456 | ValLoss 0.2455 | ValAcc H1=0.462 H5=0.615 H20=0.385
2026-04-04 22:25:25,154  INFO        P1 Epoch  9 | TrainLoss 0.2470 | ValLoss 0.2455 | ValAcc H1=0.462 H5=0.615 H20=0.308
2026-04-04 22:25:25,463  INFO        P1 Epoch 10 | TrainLoss 0.2460 | ValLoss 0.2455 | ValAcc H1=0.462 H5=0.615 H20=0.308
2026-04-04 22:25:25,760  INFO        P1 Epoch 11 | TrainLoss 0.2471 | ValLoss 0.2455 | ValAcc H1=0.462 H5=0.615 H20=0.308
2026-04-04 22:25:25,760  INFO        Phase 1 early stopping at epoch 11
2026-04-04 22:25:25,770  INFO        Phase 1 complete. Best val_loss: 0.2455  H1=0.462 H5=0.615 H20=0.308
2026-04-04 22:25:25,774  INFO      Phase 1 checkpoint saved: models/fine_tuned/checkpoint_COMEX_HGF_1W_phase1_20260404.pt
2026-04-04 22:25:25,774  INFO      Loading base checkpoint: models/base/checkpoint_base_v1.pt
2026-04-04 22:25:25,784  INFO        Base val_loss: 0.2466  (fold 2, epoch 28)
2026-04-04 22:25:25,794  INFO      Base model H1 accuracy on instrument val set: 0.462
2026-04-04 22:25:25,794  INFO      Fine-tuned  H1 accuracy (Phase 1)           : 0.462
2026-04-04 22:25:25,794  INFO      --------------------------------------------------
2026-04-04 22:25:25,794  INFO      Phase 2 — Verification gate
2026-04-04 22:25:25,794  INFO        Fine-tuned accuracy — H1=0.462  H5=0.615  H20=0.308  Mean=0.462
2026-04-04 22:25:25,795  INFO        Minimum required (mean across horizons) : 0.510
2026-04-04 22:25:25,795  WARNING     ✗ Phase 2 FAILED — mean accuracy 0.462 is below 0.510
2026-04-04 22:25:25,795  WARNING     H1=0.462  H5=0.615  H20=0.308
2026-04-04 22:25:25,795  WARNING     Instrument may be unpredictable at this resolution.
2026-04-04 22:25:25,795  WARNING     Using Phase 1 checkpoint as final output.
2026-04-04 22:25:25,795  INFO      ============================================================
2026-04-04 22:25:25,795  INFO      Fine-Tuning Summary
2026-04-04 22:25:25,795  INFO        Instrument     : COMEX_HGF 1W
2026-04-04 22:25:25,795  INFO        Final phase    : 1
2026-04-04 22:25:25,795  INFO        Final checkpoint: models/fine_tuned/checkpoint_COMEX_HGF_1W_phase1_20260404.pt
2026-04-04 22:25:25,804  INFO        Base model — H1=0.462  H5=0.538  H20=0.308  Mean=0.436
2026-04-04 22:25:25,804  INFO        Fine-tuned — H1=0.462  H5=0.615  H20=0.308  Mean=0.462  (Phase 1)
2026-04-04 22:25:25,804  INFO        Delta mean accuracy : +0.026  ✓ Fine-tuning improved accuracy.
2026-04-04 22:25:25,805  INFO        Per-horizon delta   :  H1=+0.000  H5=+0.077  H20=+0.000
2026-04-04 22:25:25,807  INFO        Metrics saved  : logs/finetune/COMEX_HGF_1W_20260404_metrics.csv
2026-04-04 22:25:25,807  INFO      Stage 6 complete.
