2026-04-04 22:20:29,881  INFO      ============================================================
2026-04-04 22:20:29,881  INFO      Stage 6 Fine-Tuning — Start
2026-04-04 22:20:29,881  INFO      Instrument  : COMEX_GCF
2026-04-04 22:20:29,881  INFO      Resolution  : 1H
2026-04-04 22:20:29,881  INFO      Device      : cpu
2026-04-04 22:20:29,881  INFO      Base checkpoint: models/base/checkpoint_base_v1.pt
2026-04-04 22:20:29,882  INFO      Loading: COMEX_GCF_1H_20240405_20260326.npy
2026-04-04 22:20:32,390  INFO        Shape: (2910, 60, 48)  (2910 windows)
2026-04-04 22:20:32,408  INFO        Date range: 2025-01-03 → 2025-07-07  (0.5 years)
2026-04-04 22:20:32,408  INFO        Train windows: 1464  Val windows: 1446
2026-04-04 22:20:32,408  INFO      Years of data: 0.5
2026-04-04 22:20:32,423  INFO      Loading base checkpoint: models/base/checkpoint_base_v1.pt
2026-04-04 22:20:32,437  INFO        Base val_loss: 0.2466  (fold 2, epoch 28)
2026-04-04 22:20:32,437  INFO      --------------------------------------------------
2026-04-04 22:20:32,437  INFO      Phase 1 — Head-only adaptation (encoder frozen)
2026-04-04 22:20:35,410  INFO        P1 Epoch  1 | TrainLoss 0.2473 | ValLoss 0.2459 | ValAcc H1=0.546 H5=0.548 H20=0.553
2026-04-04 22:20:37,385  INFO        P1 Epoch  2 | TrainLoss 0.2473 | ValLoss 0.2459 | ValAcc H1=0.546 H5=0.550 H20=0.553
2026-04-04 22:20:39,492  INFO        P1 Epoch  3 | TrainLoss 0.2472 | ValLoss 0.2460 | ValAcc H1=0.547 H5=0.552 H20=0.553
2026-04-04 22:20:41,580  INFO        P1 Epoch  4 | TrainLoss 0.2472 | ValLoss 0.2460 | ValAcc H1=0.545 H5=0.549 H20=0.556
2026-04-04 22:20:43,580  INFO        P1 Epoch  5 | TrainLoss 0.2471 | ValLoss 0.2460 | ValAcc H1=0.546 H5=0.548 H20=0.554
2026-04-04 22:20:45,733  INFO        P1 Epoch  6 | TrainLoss 0.2471 | ValLoss 0.2460 | ValAcc H1=0.548 H5=0.546 H20=0.557
2026-04-04 22:20:47,655  INFO        P1 Epoch  7 | TrainLoss 0.2470 | ValLoss 0.2461 | ValAcc H1=0.546 H5=0.546 H20=0.561
2026-04-04 22:20:49,673  INFO        P1 Epoch  8 | TrainLoss 0.2469 | ValLoss 0.2461 | ValAcc H1=0.547 H5=0.543 H20=0.562
2026-04-04 22:20:51,746  INFO        P1 Epoch  9 | TrainLoss 0.2470 | ValLoss 0.2461 | ValAcc H1=0.545 H5=0.545 H20=0.561
2026-04-04 22:20:53,716  INFO        P1 Epoch 10 | TrainLoss 0.2470 | ValLoss 0.2461 | ValAcc H1=0.543 H5=0.545 H20=0.563
2026-04-04 22:20:55,820  INFO        P1 Epoch 11 | TrainLoss 0.2471 | ValLoss 0.2461 | ValAcc H1=0.543 H5=0.547 H20=0.561
2026-04-04 22:20:55,821  INFO        Phase 1 early stopping at epoch 11
2026-04-04 22:20:56,784  INFO        Phase 1 complete. Best val_loss: 0.2459  H1=0.546 H5=0.548 H20=0.553
2026-04-04 22:20:56,788  INFO      Phase 1 checkpoint saved: models/fine_tuned/checkpoint_COMEX_GCF_1H_phase1_20260404.pt
2026-04-04 22:20:56,789  INFO      Loading base checkpoint: models/base/checkpoint_base_v1.pt
2026-04-04 22:20:56,798  INFO        Base val_loss: 0.2466  (fold 2, epoch 28)
2026-04-04 22:20:57,700  INFO      Base model H1 accuracy on instrument val set: 0.549
2026-04-04 22:20:57,700  INFO      Fine-tuned  H1 accuracy (Phase 1)           : 0.546
2026-04-04 22:20:57,700  INFO      --------------------------------------------------
2026-04-04 22:20:57,700  INFO      Phase 2 — Verification gate
2026-04-04 22:20:57,700  INFO        Fine-tuned accuracy — H1=0.546  H5=0.548  H20=0.553  Mean=0.549
2026-04-04 22:20:57,700  INFO        Minimum required (mean across horizons) : 0.510
2026-04-04 22:20:57,700  INFO        ✓ Phase 2 PASSED (H1=0.546  H5=0.548  H20=0.553) — proceeding to Phase 3
2026-04-04 22:20:57,701  INFO      --------------------------------------------------
2026-04-04 22:20:57,701  INFO      Phase 3 — Selective encoder unfreeze
2026-04-04 22:20:57,701  WARNING     ✗ Skipping Phase 3 — only 0.5 years of data (need 2.0)
2026-04-04 22:20:57,701  WARNING     Using Phase 1 checkpoint as final output.
2026-04-04 22:20:57,702  INFO      Reverted to Phase 1 checkpoint.
2026-04-04 22:20:58,623  INFO      Phase 1 H1 accuracy (recheck): 0.546
2026-04-04 22:20:58,623  INFO      ============================================================
2026-04-04 22:20:58,623  INFO      Fine-Tuning Summary
2026-04-04 22:20:58,623  INFO        Instrument     : COMEX_GCF 1H
2026-04-04 22:20:58,623  INFO        Final phase    : 1
2026-04-04 22:20:58,623  INFO        Final checkpoint: models/fine_tuned/checkpoint_COMEX_GCF_1H_phase1_20260404.pt
2026-04-04 22:20:59,513  INFO        Base model — H1=0.549  H5=0.553  H20=0.555  Mean=0.552
2026-04-04 22:20:59,513  INFO        Fine-tuned — H1=0.546  H5=0.548  H20=0.553  Mean=0.549  (Phase 1)
2026-04-04 22:20:59,513  WARNING     Delta mean accuracy : -0.003  ⚠  Fine-tuning degraded mean accuracy. Consider using the base model for this instrument. H1 delta=-0.003  H5 delta=-0.005  H20 delta=-0.002
2026-04-04 22:20:59,516  INFO        Metrics saved  : logs/finetune/COMEX_GCF_1H_20260404_metrics.csv
2026-04-04 22:20:59,516  INFO      Stage 6 complete.
