2026-04-13 15:36:33,638  INFO      ============================================================
2026-04-13 15:36:33,638  INFO      Stage 6 Fine-Tuning — Start
2026-04-13 15:36:33,638  INFO      Instrument  : CRYPTO_BTC-USD
2026-04-13 15:36:33,638  INFO      Resolution  : 1W
2026-04-13 15:36:33,639  INFO      Device      : cpu
2026-04-13 15:36:33,639  INFO      Base checkpoint: models/base/checkpoint_base_v1.pt
2026-04-13 15:36:33,640  INFO      Loading: CRYPTO_BTC-USD_1W_20150101_20260412.npy
2026-04-13 15:36:33,975  INFO        Shape: (410, 60, 47)  (410 windows)
2026-04-13 15:36:33,979  INFO        Date range: 2018-06-07 → 2026-04-09  (7.8 years)
2026-04-13 15:36:33,979  INFO        Train windows: 397  Val windows: 13
2026-04-13 15:36:33,979  INFO      Years of data: 7.8
2026-04-13 15:36:33,983  INFO      Loading base checkpoint: models/base/checkpoint_base_v1.pt
2026-04-13 15:36:33,998  INFO        Base val_loss: 0.2463  (fold 3, epoch 22)
2026-04-13 15:36:33,998  INFO      --------------------------------------------------
2026-04-13 15:36:33,999  INFO      Phase 1 — Head-only adaptation (encoder frozen)
2026-04-13 15:36:35,386  INFO        P1 Epoch  1 | TrainLoss 0.2448 | ValLoss 0.2509 | ValAcc H1=0.462 H5=0.769 H20=1.000
2026-04-13 15:36:35,727  INFO        P1 Epoch  2 | TrainLoss 0.2441 | ValLoss 0.2509 | ValAcc H1=0.462 H5=0.769 H20=1.000
2026-04-13 15:36:36,068  INFO        P1 Epoch  3 | TrainLoss 0.2448 | ValLoss 0.2510 | ValAcc H1=0.462 H5=0.769 H20=1.000
2026-04-13 15:36:36,413  INFO        P1 Epoch  4 | TrainLoss 0.2442 | ValLoss 0.2510 | ValAcc H1=0.462 H5=0.769 H20=1.000
2026-04-13 15:36:36,754  INFO        P1 Epoch  5 | TrainLoss 0.2456 | ValLoss 0.2511 | ValAcc H1=0.462 H5=0.769 H20=1.000
2026-04-13 15:36:37,168  INFO        P1 Epoch  6 | TrainLoss 0.2452 | ValLoss 0.2512 | ValAcc H1=0.462 H5=0.769 H20=1.000
2026-04-13 15:36:37,507  INFO        P1 Epoch  7 | TrainLoss 0.2452 | ValLoss 0.2512 | ValAcc H1=0.462 H5=0.769 H20=1.000
2026-04-13 15:36:37,843  INFO        P1 Epoch  8 | TrainLoss 0.2441 | ValLoss 0.2512 | ValAcc H1=0.462 H5=0.769 H20=1.000
2026-04-13 15:36:38,483  INFO        P1 Epoch  9 | TrainLoss 0.2456 | ValLoss 0.2512 | ValAcc H1=0.462 H5=0.769 H20=1.000
2026-04-13 15:36:38,845  INFO        P1 Epoch 10 | TrainLoss 0.2450 | ValLoss 0.2512 | ValAcc H1=0.462 H5=0.769 H20=1.000
2026-04-13 15:36:39,225  INFO        P1 Epoch 11 | TrainLoss 0.2455 | ValLoss 0.2512 | ValAcc H1=0.462 H5=0.769 H20=1.000
2026-04-13 15:36:39,225  INFO        Phase 1 early stopping at epoch 11
2026-04-13 15:36:39,241  INFO        Phase 1 complete. Best val_loss: 0.2509  H1=0.462 H5=0.769 H20=1.000
2026-04-13 15:36:39,246  INFO      Phase 1 checkpoint saved: models/fine_tuned/checkpoint_CRYPTO_BTC-USD_1W_phase1_20260413.pt
2026-04-13 15:36:39,246  INFO      Loading base checkpoint: models/base/checkpoint_base_v1.pt
2026-04-13 15:36:39,258  INFO        Base val_loss: 0.2463  (fold 3, epoch 22)
2026-04-13 15:36:39,269  INFO      Base model H1 accuracy on instrument val set: 0.462
2026-04-13 15:36:39,269  INFO      Fine-tuned  H1 accuracy (Phase 1)           : 0.462
2026-04-13 15:36:39,269  INFO      --------------------------------------------------
2026-04-13 15:36:39,269  INFO      Phase 2 — Verification gate
2026-04-13 15:36:39,269  INFO        Fine-tuned accuracy — H1=0.462  H5=0.769  H20=1.000  Mean=0.744
2026-04-13 15:36:39,270  INFO        Minimum required (mean across horizons) : 0.510
2026-04-13 15:36:39,270  INFO        ✓ Phase 2 PASSED (H1=0.462  H5=0.769  H20=1.000) — proceeding to Phase 3
2026-04-13 15:36:39,270  INFO      --------------------------------------------------
2026-04-13 15:36:39,270  INFO      Phase 3 — Selective encoder unfreeze
2026-04-13 15:36:39,270  INFO        Encoder layers 1 & 2 unfrozen (layer 0 frozen)
2026-04-13 15:36:39,271  INFO        Encoder LR: 1e-05  Head LR: 3e-05
2026-04-13 15:36:39,271  INFO        Dropout: encoder=0.40  head=0.45
2026-04-13 15:36:40,477  INFO        P3 Epoch  1 | TrainLoss 0.2452 | ValLoss 0.2510 | Gap -0.0057 | ValAcc H1=0.462 H5=0.769 H20=1.000
2026-04-13 15:36:41,592  INFO        P3 Epoch  2 | TrainLoss 0.2463 | ValLoss 0.2511 | Gap -0.0047 | ValAcc H1=0.462 H5=0.769 H20=1.000
2026-04-13 15:36:42,764  INFO        P3 Epoch  3 | TrainLoss 0.2462 | ValLoss 0.2511 | Gap -0.0049 | ValAcc H1=0.462 H5=0.769 H20=1.000
2026-04-13 15:36:44,456  INFO        P3 Epoch  4 | TrainLoss 0.2461 | ValLoss 0.2511 | Gap -0.0050 | ValAcc H1=0.462 H5=0.769 H20=1.000
2026-04-13 15:36:45,601  INFO        P3 Epoch  5 | TrainLoss 0.2457 | ValLoss 0.2510 | Gap -0.0053 | ValAcc H1=0.462 H5=0.769 H20=1.000
2026-04-13 15:36:46,719  INFO        P3 Epoch  6 | TrainLoss 0.2438 | ValLoss 0.2511 | Gap -0.0072 | ValAcc H1=0.462 H5=0.769 H20=1.000
2026-04-13 15:36:47,847  INFO        P3 Epoch  7 | TrainLoss 0.2448 | ValLoss 0.2511 | Gap -0.0063 | ValAcc H1=0.462 H5=0.769 H20=1.000
2026-04-13 15:36:49,392  INFO        P3 Epoch  8 | TrainLoss 0.2450 | ValLoss 0.2511 | Gap -0.0062 | ValAcc H1=0.462 H5=0.769 H20=1.000
2026-04-13 15:36:50,938  INFO        P3 Epoch  9 | TrainLoss 0.2457 | ValLoss 0.2512 | Gap -0.0055 | ValAcc H1=0.462 H5=0.769 H20=1.000
2026-04-13 15:36:50,939  INFO        Phase 3 early stopping at epoch 9
2026-04-13 15:36:50,940  INFO        Phase 3 complete. Best val_loss: 0.2510
2026-04-13 15:36:50,956  INFO      Phase 3 checkpoint saved: models/fine_tuned/checkpoint_CRYPTO_BTC-USD_1W_phase3_20260413.pt
2026-04-13 15:36:50,956  INFO      ============================================================
2026-04-13 15:36:50,956  INFO      Fine-Tuning Summary
2026-04-13 15:36:50,956  INFO        Instrument     : CRYPTO_BTC-USD 1W
2026-04-13 15:36:50,956  INFO        Final phase    : 3
2026-04-13 15:36:50,957  INFO        Final checkpoint: models/fine_tuned/checkpoint_CRYPTO_BTC-USD_1W_phase3_20260413.pt
2026-04-13 15:36:50,969  INFO        Base model — H1=0.462  H5=0.769  H20=1.000  Mean=0.744
2026-04-13 15:36:50,969  INFO        Fine-tuned — H1=0.462  H5=0.769  H20=1.000  Mean=0.744  (Phase 3)
2026-04-13 15:36:50,969  INFO        Delta mean accuracy : +0.000  = Fine-tuning matched base model.
2026-04-13 15:36:50,969  INFO        Per-horizon delta   :  H1=+0.000  H5=+0.000  H20=+0.000
2026-04-13 15:36:50,972  INFO        Metrics saved  : logs/finetune/CRYPTO_BTC-USD_1W_20260413_metrics.csv
2026-04-13 15:36:50,972  INFO      Stage 6 complete.
