2026-04-04 22:31:40,956  INFO      ============================================================
2026-04-04 22:31:40,956  INFO      Stage 6 Fine-Tuning — Start
2026-04-04 22:31:40,957  INFO      Instrument  : CRYPTO_BTC-USD
2026-04-04 22:31:40,959  INFO      Resolution  : 4H
2026-04-04 22:31:40,959  INFO      Device      : cpu
2026-04-04 22:31:40,959  INFO      Base checkpoint: models/base/checkpoint_base_v1.pt
2026-04-04 22:31:40,961  INFO      Loading: CRYPTO_BTC-USD_4H_20240405_20260326.npy
2026-04-04 22:31:43,345  INFO        Shape: (3602, 60, 48)  (3602 windows)
2026-04-04 22:31:43,362  INFO        Date range: 2024-05-04 → 2026-03-25  (1.9 years)
2026-04-04 22:31:43,362  INFO        Train windows: 3124  Val windows: 478
2026-04-04 22:31:43,362  INFO      Years of data: 1.9
2026-04-04 22:31:43,380  INFO      Loading base checkpoint: models/base/checkpoint_base_v1.pt
2026-04-04 22:31:43,393  INFO        Base val_loss: 0.2466  (fold 2, epoch 28)
2026-04-04 22:31:43,394  INFO      --------------------------------------------------
2026-04-04 22:31:43,394  INFO      Phase 1 — Head-only adaptation (encoder frozen)
2026-04-04 22:31:47,022  INFO        P1 Epoch  1 | TrainLoss 0.2460 | ValLoss 0.2480 | ValAcc H1=0.530 H5=0.522 H20=0.561
2026-04-04 22:31:49,580  INFO        P1 Epoch  2 | TrainLoss 0.2462 | ValLoss 0.2480 | ValAcc H1=0.532 H5=0.524 H20=0.563
2026-04-04 22:31:52,068  INFO        P1 Epoch  3 | TrainLoss 0.2460 | ValLoss 0.2480 | ValAcc H1=0.530 H5=0.524 H20=0.561
2026-04-04 22:31:54,635  INFO        P1 Epoch  4 | TrainLoss 0.2461 | ValLoss 0.2480 | ValAcc H1=0.532 H5=0.526 H20=0.561
2026-04-04 22:31:57,122  INFO        P1 Epoch  5 | TrainLoss 0.2460 | ValLoss 0.2480 | ValAcc H1=0.532 H5=0.522 H20=0.563
2026-04-04 22:31:59,740  INFO        P1 Epoch  6 | TrainLoss 0.2461 | ValLoss 0.2480 | ValAcc H1=0.532 H5=0.522 H20=0.561
2026-04-04 22:32:02,202  INFO        P1 Epoch  7 | TrainLoss 0.2459 | ValLoss 0.2480 | ValAcc H1=0.536 H5=0.522 H20=0.565
2026-04-04 22:32:04,689  INFO        P1 Epoch  8 | TrainLoss 0.2460 | ValLoss 0.2479 | ValAcc H1=0.532 H5=0.520 H20=0.565
2026-04-04 22:32:07,194  INFO        P1 Epoch  9 | TrainLoss 0.2460 | ValLoss 0.2479 | ValAcc H1=0.532 H5=0.520 H20=0.563
2026-04-04 22:32:09,766  INFO        P1 Epoch 10 | TrainLoss 0.2460 | ValLoss 0.2479 | ValAcc H1=0.530 H5=0.520 H20=0.565
2026-04-04 22:32:12,234  INFO        P1 Epoch 11 | TrainLoss 0.2459 | ValLoss 0.2479 | ValAcc H1=0.530 H5=0.524 H20=0.563
2026-04-04 22:32:14,725  INFO        P1 Epoch 12 | TrainLoss 0.2460 | ValLoss 0.2479 | ValAcc H1=0.530 H5=0.524 H20=0.563
2026-04-04 22:32:17,205  INFO        P1 Epoch 13 | TrainLoss 0.2461 | ValLoss 0.2479 | ValAcc H1=0.530 H5=0.524 H20=0.563
2026-04-04 22:32:19,628  INFO        P1 Epoch 14 | TrainLoss 0.2460 | ValLoss 0.2479 | ValAcc H1=0.530 H5=0.524 H20=0.563
2026-04-04 22:32:22,152  INFO        P1 Epoch 15 | TrainLoss 0.2460 | ValLoss 0.2479 | ValAcc H1=0.530 H5=0.524 H20=0.561
2026-04-04 22:32:24,622  INFO        P1 Epoch 16 | TrainLoss 0.2459 | ValLoss 0.2479 | ValAcc H1=0.530 H5=0.524 H20=0.565
2026-04-04 22:32:27,137  INFO        P1 Epoch 17 | TrainLoss 0.2460 | ValLoss 0.2479 | ValAcc H1=0.530 H5=0.524 H20=0.563
2026-04-04 22:32:29,580  INFO        P1 Epoch 18 | TrainLoss 0.2459 | ValLoss 0.2479 | ValAcc H1=0.530 H5=0.524 H20=0.563
2026-04-04 22:32:32,110  INFO        P1 Epoch 19 | TrainLoss 0.2459 | ValLoss 0.2479 | ValAcc H1=0.530 H5=0.524 H20=0.567
2026-04-04 22:32:32,110  INFO        Phase 1 early stopping at epoch 19
2026-04-04 22:32:32,422  INFO        Phase 1 complete. Best val_loss: 0.2479  H1=0.532 H5=0.520 H20=0.563
2026-04-04 22:32:32,426  INFO      Phase 1 checkpoint saved: models/fine_tuned/checkpoint_CRYPTO_BTC-USD_4H_phase1_20260404.pt
2026-04-04 22:32:32,426  INFO      Loading base checkpoint: models/base/checkpoint_base_v1.pt
2026-04-04 22:32:32,436  INFO        Base val_loss: 0.2466  (fold 2, epoch 28)
2026-04-04 22:32:32,753  INFO      Base model H1 accuracy on instrument val set: 0.534
2026-04-04 22:32:32,753  INFO      Fine-tuned  H1 accuracy (Phase 1)           : 0.532
2026-04-04 22:32:32,753  INFO      --------------------------------------------------
2026-04-04 22:32:32,753  INFO      Phase 2 — Verification gate
2026-04-04 22:32:32,753  INFO        Fine-tuned accuracy — H1=0.532  H5=0.520  H20=0.563  Mean=0.538
2026-04-04 22:32:32,753  INFO        Minimum required (mean across horizons) : 0.510
2026-04-04 22:32:32,753  INFO        ✓ Phase 2 PASSED (H1=0.532  H5=0.520  H20=0.563) — proceeding to Phase 3
2026-04-04 22:32:32,753  INFO      --------------------------------------------------
2026-04-04 22:32:32,753  INFO      Phase 3 — Selective encoder unfreeze
2026-04-04 22:32:32,753  WARNING     ✗ Skipping Phase 3 — only 1.9 years of data (need 2.0)
2026-04-04 22:32:32,753  WARNING     Using Phase 1 checkpoint as final output.
2026-04-04 22:32:32,756  INFO      Reverted to Phase 1 checkpoint.
2026-04-04 22:32:33,088  INFO      Phase 1 H1 accuracy (recheck): 0.532
2026-04-04 22:32:33,088  INFO      ============================================================
2026-04-04 22:32:33,088  INFO      Fine-Tuning Summary
2026-04-04 22:32:33,088  INFO        Instrument     : CRYPTO_BTC-USD 4H
2026-04-04 22:32:33,088  INFO        Final phase    : 1
2026-04-04 22:32:33,088  INFO        Final checkpoint: models/fine_tuned/checkpoint_CRYPTO_BTC-USD_4H_phase1_20260404.pt
2026-04-04 22:32:33,721  INFO        Base model — H1=0.534  H5=0.518  H20=0.559  Mean=0.537
2026-04-04 22:32:33,721  INFO        Fine-tuned — H1=0.532  H5=0.520  H20=0.563  Mean=0.538  (Phase 1)
2026-04-04 22:32:33,721  INFO        Delta mean accuracy : +0.001  ✓ Fine-tuning improved accuracy.
2026-04-04 22:32:33,721  INFO        Per-horizon delta   :  H1=-0.002  H5=+0.002  H20=+0.004
2026-04-04 22:32:33,724  INFO        Metrics saved  : logs/finetune/CRYPTO_BTC-USD_4H_20260404_metrics.csv
2026-04-04 22:32:33,724  INFO      Stage 6 complete.
