2026-04-04 22:32:35,731  INFO      ============================================================
2026-04-04 22:32:35,731  INFO      Stage 6 Fine-Tuning — Start
2026-04-04 22:32:35,731  INFO      Instrument  : CRYPTO_ETH-USD
2026-04-04 22:32:35,731  INFO      Resolution  : 1D
2026-04-04 22:32:35,731  INFO      Device      : cpu
2026-04-04 22:32:35,731  INFO      Base checkpoint: models/base/checkpoint_base_v1.pt
2026-04-04 22:32:35,733  INFO      Loading: CRYPTO_ETH-USD_1D_20150101_20260326.npy
2026-04-04 22:32:37,536  INFO        Shape: (2880, 60, 42)  (2880 windows)
2026-04-04 22:32:37,548  INFO        Date range: 2018-05-07 → 2026-03-25  (7.9 years)
2026-04-04 22:32:37,548  INFO        Train windows: 2790  Val windows: 90
2026-04-04 22:32:37,549  INFO      Years of data: 7.9
2026-04-04 22:32:37,575  INFO      Loading base checkpoint: models/base/checkpoint_base_v1.pt
2026-04-04 22:32:37,588  INFO        Base val_loss: 0.2466  (fold 2, epoch 28)
2026-04-04 22:32:37,589  INFO      --------------------------------------------------
2026-04-04 22:32:37,589  INFO      Phase 1 — Head-only adaptation (encoder frozen)
2026-04-04 22:32:40,097  INFO        P1 Epoch  1 | TrainLoss 0.2462 | ValLoss 0.2423 | ValAcc H1=0.605 H5=0.635 H20=0.700
2026-04-04 22:32:41,907  INFO        P1 Epoch  2 | TrainLoss 0.2461 | ValLoss 0.2424 | ValAcc H1=0.605 H5=0.627 H20=0.708
2026-04-04 22:32:43,652  INFO        P1 Epoch  3 | TrainLoss 0.2461 | ValLoss 0.2425 | ValAcc H1=0.605 H5=0.627 H20=0.708
2026-04-04 22:32:45,308  INFO        P1 Epoch  4 | TrainLoss 0.2460 | ValLoss 0.2425 | ValAcc H1=0.605 H5=0.635 H20=0.708
2026-04-04 22:32:46,992  INFO        P1 Epoch  5 | TrainLoss 0.2461 | ValLoss 0.2425 | ValAcc H1=0.605 H5=0.635 H20=0.716
2026-04-04 22:32:48,778  INFO        P1 Epoch  6 | TrainLoss 0.2462 | ValLoss 0.2426 | ValAcc H1=0.605 H5=0.635 H20=0.708
2026-04-04 22:32:50,530  INFO        P1 Epoch  7 | TrainLoss 0.2459 | ValLoss 0.2426 | ValAcc H1=0.605 H5=0.635 H20=0.708
2026-04-04 22:32:52,201  INFO        P1 Epoch  8 | TrainLoss 0.2459 | ValLoss 0.2427 | ValAcc H1=0.605 H5=0.635 H20=0.708
2026-04-04 22:32:53,993  INFO        P1 Epoch  9 | TrainLoss 0.2459 | ValLoss 0.2427 | ValAcc H1=0.605 H5=0.635 H20=0.716
2026-04-04 22:32:55,662  INFO        P1 Epoch 10 | TrainLoss 0.2459 | ValLoss 0.2427 | ValAcc H1=0.605 H5=0.635 H20=0.708
2026-04-04 22:32:57,348  INFO        P1 Epoch 11 | TrainLoss 0.2458 | ValLoss 0.2427 | ValAcc H1=0.597 H5=0.635 H20=0.716
2026-04-04 22:32:57,348  INFO        Phase 1 early stopping at epoch 11
2026-04-04 22:32:57,396  INFO        Phase 1 complete. Best val_loss: 0.2423  H1=0.605 H5=0.635 H20=0.700
2026-04-04 22:32:57,400  INFO      Phase 1 checkpoint saved: models/fine_tuned/checkpoint_CRYPTO_ETH-USD_1D_phase1_20260404.pt
2026-04-04 22:32:57,401  INFO      Loading base checkpoint: models/base/checkpoint_base_v1.pt
2026-04-04 22:32:57,410  INFO        Base val_loss: 0.2466  (fold 2, epoch 28)
2026-04-04 22:32:57,458  INFO      Base model H1 accuracy on instrument val set: 0.605
2026-04-04 22:32:57,459  INFO      Fine-tuned  H1 accuracy (Phase 1)           : 0.605
2026-04-04 22:32:57,459  INFO      --------------------------------------------------
2026-04-04 22:32:57,459  INFO      Phase 2 — Verification gate
2026-04-04 22:32:57,459  INFO        Fine-tuned accuracy — H1=0.605  H5=0.635  H20=0.700  Mean=0.647
2026-04-04 22:32:57,459  INFO        Minimum required (mean across horizons) : 0.510
2026-04-04 22:32:57,459  INFO        ✓ Phase 2 PASSED (H1=0.605  H5=0.635  H20=0.700) — proceeding to Phase 3
2026-04-04 22:32:57,459  INFO      --------------------------------------------------
2026-04-04 22:32:57,459  INFO      Phase 3 — Selective encoder unfreeze
2026-04-04 22:32:57,460  INFO        Encoder layers 1 & 2 unfrozen (layer 0 frozen)
2026-04-04 22:32:57,460  INFO        Encoder LR: 1e-05  Head LR: 3e-05
2026-04-04 22:32:57,460  INFO        Dropout: encoder=0.40  head=0.45
2026-04-04 22:33:05,368  INFO        P3 Epoch  1 | TrainLoss 0.2461 | ValLoss 0.2424 | Gap 0.0037 | ValAcc H1=0.605 H5=0.627 H20=0.716
2026-04-04 22:33:12,612  INFO        P3 Epoch  2 | TrainLoss 0.2462 | ValLoss 0.2425 | Gap 0.0037 | ValAcc H1=0.597 H5=0.635 H20=0.708
2026-04-04 22:33:19,791  INFO        P3 Epoch  3 | TrainLoss 0.2460 | ValLoss 0.2425 | Gap 0.0035 | ValAcc H1=0.597 H5=0.635 H20=0.716
2026-04-04 22:33:27,081  INFO        P3 Epoch  4 | TrainLoss 0.2462 | ValLoss 0.2426 | Gap 0.0036 | ValAcc H1=0.597 H5=0.635 H20=0.708
2026-04-04 22:33:34,286  INFO        P3 Epoch  5 | TrainLoss 0.2460 | ValLoss 0.2426 | Gap 0.0034 | ValAcc H1=0.597 H5=0.635 H20=0.708
2026-04-04 22:33:41,562  INFO        P3 Epoch  6 | TrainLoss 0.2462 | ValLoss 0.2426 | Gap 0.0036 | ValAcc H1=0.597 H5=0.635 H20=0.708
2026-04-04 22:33:48,835  INFO        P3 Epoch  7 | TrainLoss 0.2459 | ValLoss 0.2427 | Gap 0.0033 | ValAcc H1=0.597 H5=0.635 H20=0.708
2026-04-04 22:33:56,178  INFO        P3 Epoch  8 | TrainLoss 0.2461 | ValLoss 0.2427 | Gap 0.0035 | ValAcc H1=0.597 H5=0.635 H20=0.708
2026-04-04 22:34:03,122  INFO        P3 Epoch  9 | TrainLoss 0.2460 | ValLoss 0.2427 | Gap 0.0033 | ValAcc H1=0.597 H5=0.635 H20=0.708
2026-04-04 22:34:03,122  INFO        Phase 3 early stopping at epoch 9
2026-04-04 22:34:03,123  INFO        Phase 3 complete. Best val_loss: 0.2424
2026-04-04 22:34:03,175  INFO      Phase 3 checkpoint saved: models/fine_tuned/checkpoint_CRYPTO_ETH-USD_1D_phase3_20260404.pt
2026-04-04 22:34:03,175  INFO      ============================================================
2026-04-04 22:34:03,175  INFO      Fine-Tuning Summary
2026-04-04 22:34:03,175  INFO        Instrument     : CRYPTO_ETH-USD 1D
2026-04-04 22:34:03,175  INFO        Final phase    : 3
2026-04-04 22:34:03,175  INFO        Final checkpoint: models/fine_tuned/checkpoint_CRYPTO_ETH-USD_1D_phase3_20260404.pt
2026-04-04 22:34:03,225  INFO        Base model — H1=0.605  H5=0.635  H20=0.700  Mean=0.647
2026-04-04 22:34:03,225  INFO        Fine-tuned — H1=0.605  H5=0.627  H20=0.716  Mean=0.649  (Phase 3)
2026-04-04 22:34:03,226  INFO        Delta mean accuracy : +0.003  ✓ Fine-tuning improved accuracy.
2026-04-04 22:34:03,226  INFO        Per-horizon delta   :  H1=+0.000  H5=-0.008  H20=+0.016
2026-04-04 22:34:03,228  INFO        Metrics saved  : logs/finetune/CRYPTO_ETH-USD_1D_20260404_metrics.csv
2026-04-04 22:34:03,228  INFO      Stage 6 complete.
