2026-04-04 22:34:49,279  INFO      ============================================================
2026-04-04 22:34:49,279  INFO      Stage 6 Fine-Tuning — Start
2026-04-04 22:34:49,279  INFO      Instrument  : DAX_GDAXI
2026-04-04 22:34:49,279  INFO      Resolution  : 1D
2026-04-04 22:34:49,279  INFO      Device      : cpu
2026-04-04 22:34:49,279  INFO      Base checkpoint: models/base/checkpoint_base_v1.pt
2026-04-04 22:34:49,280  INFO      Loading: DAX_GDAXI_1D_20150101_20260326.npy
2026-04-04 22:34:50,961  INFO        Shape: (2670, 60, 42)  (2670 windows)
2026-04-04 22:34:50,975  INFO        Date range: 2015-09-16 → 2026-03-25  (10.5 years)
2026-04-04 22:34:50,975  INFO        Train windows: 2609  Val windows: 61
2026-04-04 22:34:50,975  INFO      Years of data: 10.5
2026-04-04 22:34:50,998  INFO      Loading base checkpoint: models/base/checkpoint_base_v1.pt
2026-04-04 22:34:51,011  INFO        Base val_loss: 0.2466  (fold 2, epoch 28)
2026-04-04 22:34:51,011  INFO      --------------------------------------------------
2026-04-04 22:34:51,011  INFO      Phase 1 — Head-only adaptation (encoder frozen)
2026-04-04 22:34:53,443  INFO        P1 Epoch  1 | TrainLoss 0.2466 | ValLoss 0.2472 | ValAcc H1=0.623 H5=0.607 H20=0.541
2026-04-04 22:34:55,133  INFO        P1 Epoch  2 | TrainLoss 0.2466 | ValLoss 0.2472 | ValAcc H1=0.639 H5=0.590 H20=0.557
2026-04-04 22:34:56,711  INFO        P1 Epoch  3 | TrainLoss 0.2468 | ValLoss 0.2472 | ValAcc H1=0.623 H5=0.607 H20=0.574
2026-04-04 22:34:58,259  INFO        P1 Epoch  4 | TrainLoss 0.2467 | ValLoss 0.2471 | ValAcc H1=0.639 H5=0.607 H20=0.639
2026-04-04 22:34:59,885  INFO        P1 Epoch  5 | TrainLoss 0.2467 | ValLoss 0.2471 | ValAcc H1=0.639 H5=0.623 H20=0.639
2026-04-04 22:35:01,530  INFO        P1 Epoch  6 | TrainLoss 0.2469 | ValLoss 0.2471 | ValAcc H1=0.639 H5=0.623 H20=0.639
2026-04-04 22:35:03,167  INFO        P1 Epoch  7 | TrainLoss 0.2466 | ValLoss 0.2471 | ValAcc H1=0.639 H5=0.607 H20=0.607
2026-04-04 22:35:04,715  INFO        P1 Epoch  8 | TrainLoss 0.2467 | ValLoss 0.2471 | ValAcc H1=0.639 H5=0.639 H20=0.607
2026-04-04 22:35:06,332  INFO        P1 Epoch  9 | TrainLoss 0.2467 | ValLoss 0.2471 | ValAcc H1=0.639 H5=0.639 H20=0.607
2026-04-04 22:35:07,854  INFO        P1 Epoch 10 | TrainLoss 0.2467 | ValLoss 0.2471 | ValAcc H1=0.623 H5=0.639 H20=0.607
2026-04-04 22:35:09,469  INFO        P1 Epoch 11 | TrainLoss 0.2467 | ValLoss 0.2471 | ValAcc H1=0.639 H5=0.639 H20=0.607
2026-04-04 22:35:09,469  INFO        Phase 1 early stopping at epoch 11
2026-04-04 22:35:09,502  INFO        Phase 1 complete. Best val_loss: 0.2472  H1=0.623 H5=0.607 H20=0.541
2026-04-04 22:35:09,507  INFO      Phase 1 checkpoint saved: models/fine_tuned/checkpoint_DAX_GDAXI_1D_phase1_20260404.pt
2026-04-04 22:35:09,507  INFO      Loading base checkpoint: models/base/checkpoint_base_v1.pt
2026-04-04 22:35:09,516  INFO        Base val_loss: 0.2466  (fold 2, epoch 28)
2026-04-04 22:35:09,548  INFO      Base model H1 accuracy on instrument val set: 0.590
2026-04-04 22:35:09,548  INFO      Fine-tuned  H1 accuracy (Phase 1)           : 0.623
2026-04-04 22:35:09,548  INFO      --------------------------------------------------
2026-04-04 22:35:09,548  INFO      Phase 2 — Verification gate
2026-04-04 22:35:09,548  INFO        Fine-tuned accuracy — H1=0.623  H5=0.607  H20=0.541  Mean=0.590
2026-04-04 22:35:09,549  INFO        Minimum required (mean across horizons) : 0.510
2026-04-04 22:35:09,549  INFO        ✓ Phase 2 PASSED (H1=0.623  H5=0.607  H20=0.541) — proceeding to Phase 3
2026-04-04 22:35:09,549  INFO      --------------------------------------------------
2026-04-04 22:35:09,549  INFO      Phase 3 — Selective encoder unfreeze
2026-04-04 22:35:09,549  INFO        Encoder layers 1 & 2 unfrozen (layer 0 frozen)
2026-04-04 22:35:09,549  INFO        Encoder LR: 1e-05  Head LR: 3e-05
2026-04-04 22:35:09,550  INFO        Dropout: encoder=0.40  head=0.45
2026-04-04 22:35:16,046  INFO        P3 Epoch  1 | TrainLoss 0.2470 | ValLoss 0.2473 | Gap -0.0003 | ValAcc H1=0.607 H5=0.590 H20=0.525
2026-04-04 22:35:22,568  INFO        P3 Epoch  2 | TrainLoss 0.2467 | ValLoss 0.2471 | Gap -0.0004 | ValAcc H1=0.639 H5=0.623 H20=0.607
2026-04-04 22:35:29,594  INFO        P3 Epoch  3 | TrainLoss 0.2468 | ValLoss 0.2471 | Gap -0.0004 | ValAcc H1=0.623 H5=0.639 H20=0.639
2026-04-04 22:35:36,068  INFO        P3 Epoch  4 | TrainLoss 0.2467 | ValLoss 0.2472 | Gap -0.0005 | ValAcc H1=0.623 H5=0.639 H20=0.623
2026-04-04 22:35:42,586  INFO        P3 Epoch  5 | TrainLoss 0.2467 | ValLoss 0.2472 | Gap -0.0004 | ValAcc H1=0.623 H5=0.639 H20=0.623
2026-04-04 22:35:49,059  INFO        P3 Epoch  6 | TrainLoss 0.2465 | ValLoss 0.2471 | Gap -0.0006 | ValAcc H1=0.607 H5=0.639 H20=0.623
2026-04-04 22:35:55,655  INFO        P3 Epoch  7 | TrainLoss 0.2468 | ValLoss 0.2472 | Gap -0.0003 | ValAcc H1=0.623 H5=0.639 H20=0.607
2026-04-04 22:36:02,156  INFO        P3 Epoch  8 | TrainLoss 0.2467 | ValLoss 0.2473 | Gap -0.0006 | ValAcc H1=0.623 H5=0.623 H20=0.623
2026-04-04 22:36:08,629  INFO        P3 Epoch  9 | TrainLoss 0.2465 | ValLoss 0.2472 | Gap -0.0007 | ValAcc H1=0.623 H5=0.623 H20=0.607
2026-04-04 22:36:15,292  INFO        P3 Epoch 10 | TrainLoss 0.2466 | ValLoss 0.2472 | Gap -0.0006 | ValAcc H1=0.623 H5=0.623 H20=0.607
2026-04-04 22:36:15,292  INFO        Phase 3 early stopping at epoch 10
2026-04-04 22:36:15,294  INFO        Phase 3 complete. Best val_loss: 0.2471
2026-04-04 22:36:15,330  INFO      Phase 3 checkpoint saved: models/fine_tuned/checkpoint_DAX_GDAXI_1D_phase3_20260404.pt
2026-04-04 22:36:15,331  INFO      ============================================================
2026-04-04 22:36:15,331  INFO      Fine-Tuning Summary
2026-04-04 22:36:15,331  INFO        Instrument     : DAX_GDAXI 1D
2026-04-04 22:36:15,331  INFO        Final phase    : 3
2026-04-04 22:36:15,331  INFO        Final checkpoint: models/fine_tuned/checkpoint_DAX_GDAXI_1D_phase3_20260404.pt
2026-04-04 22:36:15,371  INFO        Base model — H1=0.590  H5=0.574  H20=0.557  Mean=0.574
2026-04-04 22:36:15,371  INFO        Fine-tuned — H1=0.639  H5=0.623  H20=0.607  Mean=0.623  (Phase 3)
2026-04-04 22:36:15,371  INFO        Delta mean accuracy : +0.049  ✓ Fine-tuning improved accuracy.
2026-04-04 22:36:15,371  INFO        Per-horizon delta   :  H1=+0.049  H5=+0.049  H20=+0.049
2026-04-04 22:36:15,374  INFO        Metrics saved  : logs/finetune/DAX_GDAXI_1D_20260404_metrics.csv
2026-04-04 22:36:15,374  INFO      Stage 6 complete.
