2026-04-04 22:36:17,497  INFO      ============================================================
2026-04-04 22:36:17,497  INFO      Stage 6 Fine-Tuning — Start
2026-04-04 22:36:17,497  INFO      Instrument  : DAX_GDAXI
2026-04-04 22:36:17,498  INFO      Resolution  : 4H
2026-04-04 22:36:17,498  INFO      Device      : cpu
2026-04-04 22:36:17,498  INFO      Base checkpoint: models/base/checkpoint_base_v1.pt
2026-04-04 22:36:17,499  INFO      Loading: DAX_GDAXI_4H_20240405_20260326.npy
2026-04-04 22:36:18,383  INFO        Shape: (1325, 60, 48)  (1325 windows)
2026-04-04 22:36:18,391  INFO        Date range: 2024-06-28 → 2026-03-25  (1.7 years)
2026-04-04 22:36:18,391  INFO        Train windows: 1143  Val windows: 182
2026-04-04 22:36:18,391  INFO      Years of data: 1.7
2026-04-04 22:36:18,397  INFO      Loading base checkpoint: models/base/checkpoint_base_v1.pt
2026-04-04 22:36:18,410  INFO        Base val_loss: 0.2466  (fold 2, epoch 28)
2026-04-04 22:36:18,411  INFO      --------------------------------------------------
2026-04-04 22:36:18,411  INFO      Phase 1 — Head-only adaptation (encoder frozen)
2026-04-04 22:36:20,112  INFO        P1 Epoch  1 | TrainLoss 0.2444 | ValLoss 0.2470 | ValAcc H1=0.552 H5=0.558 H20=0.611
2026-04-04 22:36:21,031  INFO        P1 Epoch  2 | TrainLoss 0.2444 | ValLoss 0.2470 | ValAcc H1=0.557 H5=0.547 H20=0.617
2026-04-04 22:36:21,951  INFO        P1 Epoch  3 | TrainLoss 0.2443 | ValLoss 0.2470 | ValAcc H1=0.557 H5=0.531 H20=0.623
2026-04-04 22:36:22,895  INFO        P1 Epoch  4 | TrainLoss 0.2441 | ValLoss 0.2470 | ValAcc H1=0.552 H5=0.531 H20=0.623
2026-04-04 22:36:23,792  INFO        P1 Epoch  5 | TrainLoss 0.2443 | ValLoss 0.2470 | ValAcc H1=0.557 H5=0.546 H20=0.623
2026-04-04 22:36:24,733  INFO        P1 Epoch  6 | TrainLoss 0.2442 | ValLoss 0.2470 | ValAcc H1=0.557 H5=0.552 H20=0.623
2026-04-04 22:36:25,632  INFO        P1 Epoch  7 | TrainLoss 0.2441 | ValLoss 0.2470 | ValAcc H1=0.557 H5=0.557 H20=0.623
2026-04-04 22:36:26,493  INFO        P1 Epoch  8 | TrainLoss 0.2439 | ValLoss 0.2470 | ValAcc H1=0.557 H5=0.557 H20=0.612
2026-04-04 22:36:27,374  INFO        P1 Epoch  9 | TrainLoss 0.2439 | ValLoss 0.2471 | ValAcc H1=0.557 H5=0.568 H20=0.618
2026-04-04 22:36:28,312  INFO        P1 Epoch 10 | TrainLoss 0.2441 | ValLoss 0.2471 | ValAcc H1=0.557 H5=0.557 H20=0.618
2026-04-04 22:36:29,154  INFO        P1 Epoch 11 | TrainLoss 0.2442 | ValLoss 0.2471 | ValAcc H1=0.557 H5=0.568 H20=0.618
2026-04-04 22:36:29,154  INFO        Phase 1 early stopping at epoch 11
2026-04-04 22:36:29,263  INFO        Phase 1 complete. Best val_loss: 0.2470  H1=0.552 H5=0.558 H20=0.611
2026-04-04 22:36:29,268  INFO      Phase 1 checkpoint saved: models/fine_tuned/checkpoint_DAX_GDAXI_4H_phase1_20260404.pt
2026-04-04 22:36:29,268  INFO      Loading base checkpoint: models/base/checkpoint_base_v1.pt
2026-04-04 22:36:29,277  INFO        Base val_loss: 0.2466  (fold 2, epoch 28)
2026-04-04 22:36:29,391  INFO      Base model H1 accuracy on instrument val set: 0.557
2026-04-04 22:36:29,391  INFO      Fine-tuned  H1 accuracy (Phase 1)           : 0.552
2026-04-04 22:36:29,391  INFO      --------------------------------------------------
2026-04-04 22:36:29,391  INFO      Phase 2 — Verification gate
2026-04-04 22:36:29,392  INFO        Fine-tuned accuracy — H1=0.552  H5=0.558  H20=0.611  Mean=0.573
2026-04-04 22:36:29,392  INFO        Minimum required (mean across horizons) : 0.510
2026-04-04 22:36:29,392  INFO        ✓ Phase 2 PASSED (H1=0.552  H5=0.558  H20=0.611) — proceeding to Phase 3
2026-04-04 22:36:29,392  INFO      --------------------------------------------------
2026-04-04 22:36:29,392  INFO      Phase 3 — Selective encoder unfreeze
2026-04-04 22:36:29,392  WARNING     ✗ Skipping Phase 3 — only 1.7 years of data (need 2.0)
2026-04-04 22:36:29,392  WARNING     Using Phase 1 checkpoint as final output.
2026-04-04 22:36:29,393  INFO      Reverted to Phase 1 checkpoint.
2026-04-04 22:36:29,506  INFO      Phase 1 H1 accuracy (recheck): 0.552
2026-04-04 22:36:29,506  INFO      ============================================================
2026-04-04 22:36:29,506  INFO      Fine-Tuning Summary
2026-04-04 22:36:29,506  INFO        Instrument     : DAX_GDAXI 4H
2026-04-04 22:36:29,506  INFO        Final phase    : 1
2026-04-04 22:36:29,506  INFO        Final checkpoint: models/fine_tuned/checkpoint_DAX_GDAXI_4H_phase1_20260404.pt
2026-04-04 22:36:29,647  INFO        Base model — H1=0.557  H5=0.558  H20=0.611  Mean=0.575
2026-04-04 22:36:29,647  INFO        Fine-tuned — H1=0.552  H5=0.558  H20=0.611  Mean=0.573  (Phase 1)
2026-04-04 22:36:29,647  WARNING     Delta mean accuracy : -0.002  ⚠  Fine-tuning degraded mean accuracy. Consider using the base model for this instrument. H1 delta=-0.005  H5 delta=+0.000  H20 delta=+0.000
2026-04-04 22:36:29,649  INFO        Metrics saved  : logs/finetune/DAX_GDAXI_4H_20260404_metrics.csv
2026-04-04 22:36:29,649  INFO      Stage 6 complete.
