2026-04-04 22:43:02,698  INFO      ============================================================
2026-04-04 22:43:02,699  INFO      Stage 6 Fine-Tuning — Start
2026-04-04 22:43:02,699  INFO      Instrument  : EURONEXT_TTEPA
2026-04-04 22:43:02,699  INFO      Resolution  : 1D
2026-04-04 22:43:02,699  INFO      Device      : cpu
2026-04-04 22:43:02,699  INFO      Base checkpoint: models/base/checkpoint_base_v1.pt
2026-04-04 22:43:02,700  INFO      Loading: EURONEXT_TTEPA_1D_20150101_20260326.npy
2026-04-04 22:43:04,346  INFO        Shape: (2696, 60, 42)  (2696 windows)
2026-04-04 22:43:04,361  INFO        Date range: 2015-09-15 → 2026-03-25  (10.5 years)
2026-04-04 22:43:04,361  INFO        Train windows: 2634  Val windows: 62
2026-04-04 22:43:04,361  INFO      Years of data: 10.5
2026-04-04 22:43:04,394  INFO      Loading base checkpoint: models/base/checkpoint_base_v1.pt
2026-04-04 22:43:04,418  INFO        Base val_loss: 0.2466  (fold 2, epoch 28)
2026-04-04 22:43:04,418  INFO      --------------------------------------------------
2026-04-04 22:43:04,418  INFO      Phase 1 — Head-only adaptation (encoder frozen)
2026-04-04 22:43:06,812  INFO        P1 Epoch  1 | TrainLoss 0.2466 | ValLoss 0.2616 | ValAcc H1=0.419 H5=0.403 H20=0.274
2026-04-04 22:43:08,406  INFO        P1 Epoch  2 | TrainLoss 0.2463 | ValLoss 0.2611 | ValAcc H1=0.419 H5=0.403 H20=0.274
2026-04-04 22:43:10,031  INFO        P1 Epoch  3 | TrainLoss 0.2463 | ValLoss 0.2609 | ValAcc H1=0.419 H5=0.403 H20=0.274
2026-04-04 22:43:11,637  INFO        P1 Epoch  4 | TrainLoss 0.2461 | ValLoss 0.2607 | ValAcc H1=0.419 H5=0.403 H20=0.274
2026-04-04 22:43:13,273  INFO        P1 Epoch  5 | TrainLoss 0.2462 | ValLoss 0.2606 | ValAcc H1=0.419 H5=0.403 H20=0.274
2026-04-04 22:43:14,858  INFO        P1 Epoch  6 | TrainLoss 0.2461 | ValLoss 0.2607 | ValAcc H1=0.419 H5=0.403 H20=0.274
2026-04-04 22:43:16,449  INFO        P1 Epoch  7 | TrainLoss 0.2463 | ValLoss 0.2608 | ValAcc H1=0.419 H5=0.403 H20=0.274
2026-04-04 22:43:17,964  INFO        P1 Epoch  8 | TrainLoss 0.2465 | ValLoss 0.2609 | ValAcc H1=0.419 H5=0.403 H20=0.274
2026-04-04 22:43:19,595  INFO        P1 Epoch  9 | TrainLoss 0.2463 | ValLoss 0.2610 | ValAcc H1=0.419 H5=0.403 H20=0.274
2026-04-04 22:43:21,177  INFO        P1 Epoch 10 | TrainLoss 0.2461 | ValLoss 0.2611 | ValAcc H1=0.419 H5=0.403 H20=0.274
2026-04-04 22:43:22,786  INFO        P1 Epoch 11 | TrainLoss 0.2462 | ValLoss 0.2611 | ValAcc H1=0.419 H5=0.403 H20=0.274
2026-04-04 22:43:24,401  INFO        P1 Epoch 12 | TrainLoss 0.2462 | ValLoss 0.2614 | ValAcc H1=0.419 H5=0.403 H20=0.274
2026-04-04 22:43:25,989  INFO        P1 Epoch 13 | TrainLoss 0.2464 | ValLoss 0.2615 | ValAcc H1=0.419 H5=0.403 H20=0.274
2026-04-04 22:43:27,582  INFO        P1 Epoch 14 | TrainLoss 0.2464 | ValLoss 0.2615 | ValAcc H1=0.419 H5=0.403 H20=0.274
2026-04-04 22:43:29,124  INFO        P1 Epoch 15 | TrainLoss 0.2460 | ValLoss 0.2614 | ValAcc H1=0.419 H5=0.403 H20=0.274
2026-04-04 22:43:29,124  INFO        Phase 1 early stopping at epoch 15
2026-04-04 22:43:29,157  INFO        Phase 1 complete. Best val_loss: 0.2606  H1=0.419 H5=0.403 H20=0.274
2026-04-04 22:43:29,162  INFO      Phase 1 checkpoint saved: models/fine_tuned/checkpoint_EURONEXT_TTEPA_1D_phase1_20260404.pt
2026-04-04 22:43:29,162  INFO      Loading base checkpoint: models/base/checkpoint_base_v1.pt
2026-04-04 22:43:29,172  INFO        Base val_loss: 0.2466  (fold 2, epoch 28)
2026-04-04 22:43:29,204  INFO      Base model H1 accuracy on instrument val set: 0.419
2026-04-04 22:43:29,204  INFO      Fine-tuned  H1 accuracy (Phase 1)           : 0.419
2026-04-04 22:43:29,204  INFO      --------------------------------------------------
2026-04-04 22:43:29,204  INFO      Phase 2 — Verification gate
2026-04-04 22:43:29,205  INFO        Fine-tuned accuracy — H1=0.419  H5=0.403  H20=0.274  Mean=0.366
2026-04-04 22:43:29,205  INFO        Minimum required (mean across horizons) : 0.510
2026-04-04 22:43:29,205  WARNING     ✗ Phase 2 FAILED — mean accuracy 0.366 is below 0.510
2026-04-04 22:43:29,205  WARNING     H1=0.419  H5=0.403  H20=0.274
2026-04-04 22:43:29,205  WARNING     Instrument may be unpredictable at this resolution.
2026-04-04 22:43:29,205  WARNING     Using Phase 1 checkpoint as final output.
2026-04-04 22:43:29,205  INFO      ============================================================
2026-04-04 22:43:29,205  INFO      Fine-Tuning Summary
2026-04-04 22:43:29,205  INFO        Instrument     : EURONEXT_TTEPA 1D
2026-04-04 22:43:29,205  INFO        Final phase    : 1
2026-04-04 22:43:29,205  INFO        Final checkpoint: models/fine_tuned/checkpoint_EURONEXT_TTEPA_1D_phase1_20260404.pt
2026-04-04 22:43:29,238  INFO        Base model — H1=0.419  H5=0.403  H20=0.274  Mean=0.366
2026-04-04 22:43:29,238  INFO        Fine-tuned — H1=0.419  H5=0.403  H20=0.274  Mean=0.366  (Phase 1)
2026-04-04 22:43:29,238  INFO        Delta mean accuracy : +0.000  = Fine-tuning matched base model.
2026-04-04 22:43:29,238  INFO        Per-horizon delta   :  H1=+0.000  H5=+0.000  H20=+0.000
2026-04-04 22:43:29,240  INFO        Metrics saved  : logs/finetune/EURONEXT_TTEPA_1D_20260404_metrics.csv
2026-04-04 22:43:29,240  INFO      Stage 6 complete.
