2026-04-13 16:07:04,958  INFO      ============================================================
2026-04-13 16:07:04,958  INFO      Stage 6 Fine-Tuning — Start
2026-04-13 16:07:04,958  INFO      Instrument  : EURONEXT_SIEDE
2026-04-13 16:07:04,958  INFO      Resolution  : 4H
2026-04-13 16:07:04,959  INFO      Device      : cpu
2026-04-13 16:07:04,959  INFO      Base checkpoint: models/base/checkpoint_base_v1.pt
2026-04-13 16:07:04,960  INFO      Loading: EURONEXT_SIEDE_4H_20240422_20260412.npy
2026-04-13 16:07:05,726  INFO        Shape: (1316, 60, 53)  (1316 windows)
2026-04-13 16:07:05,733  INFO        Date range: 2024-07-15 → 2026-04-10  (1.7 years)
2026-04-13 16:07:05,733  INFO        Train windows: 1127  Val windows: 189
2026-04-13 16:07:05,733  INFO      Years of data: 1.7
2026-04-13 16:07:05,739  INFO      Loading base checkpoint: models/base/checkpoint_base_v1.pt
2026-04-13 16:07:05,754  INFO        Base val_loss: 0.2463  (fold 3, epoch 22)
2026-04-13 16:07:05,754  INFO      --------------------------------------------------
2026-04-13 16:07:05,754  INFO      Phase 1 — Head-only adaptation (encoder frozen)
2026-04-13 16:07:07,991  INFO        P1 Epoch  1 | TrainLoss 0.2449 | ValLoss 0.2464 | ValAcc H1=0.560 H5=0.576 H20=0.529
2026-04-13 16:07:09,414  INFO        P1 Epoch  2 | TrainLoss 0.2452 | ValLoss 0.2464 | ValAcc H1=0.560 H5=0.576 H20=0.529
2026-04-13 16:07:10,667  INFO        P1 Epoch  3 | TrainLoss 0.2449 | ValLoss 0.2464 | ValAcc H1=0.560 H5=0.576 H20=0.529
2026-04-13 16:07:11,891  INFO        P1 Epoch  4 | TrainLoss 0.2451 | ValLoss 0.2464 | ValAcc H1=0.560 H5=0.571 H20=0.523
2026-04-13 16:07:13,160  INFO        P1 Epoch  5 | TrainLoss 0.2448 | ValLoss 0.2464 | ValAcc H1=0.560 H5=0.571 H20=0.523
2026-04-13 16:07:14,406  INFO        P1 Epoch  6 | TrainLoss 0.2449 | ValLoss 0.2464 | ValAcc H1=0.560 H5=0.571 H20=0.523
2026-04-13 16:07:15,649  INFO        P1 Epoch  7 | TrainLoss 0.2448 | ValLoss 0.2464 | ValAcc H1=0.560 H5=0.571 H20=0.518
2026-04-13 16:07:16,917  INFO        P1 Epoch  8 | TrainLoss 0.2449 | ValLoss 0.2464 | ValAcc H1=0.560 H5=0.571 H20=0.518
2026-04-13 16:07:18,175  INFO        P1 Epoch  9 | TrainLoss 0.2449 | ValLoss 0.2464 | ValAcc H1=0.560 H5=0.566 H20=0.518
2026-04-13 16:07:19,550  INFO        P1 Epoch 10 | TrainLoss 0.2450 | ValLoss 0.2464 | ValAcc H1=0.560 H5=0.566 H20=0.512
2026-04-13 16:07:20,827  INFO        P1 Epoch 11 | TrainLoss 0.2446 | ValLoss 0.2464 | ValAcc H1=0.560 H5=0.566 H20=0.512
2026-04-13 16:07:20,827  INFO        Phase 1 early stopping at epoch 11
2026-04-13 16:07:21,016  INFO        Phase 1 complete. Best val_loss: 0.2464  H1=0.560 H5=0.576 H20=0.529
2026-04-13 16:07:21,022  INFO      Phase 1 checkpoint saved: models/fine_tuned/checkpoint_EURONEXT_SIEDE_4H_phase1_20260413.pt
2026-04-13 16:07:21,022  INFO      Loading base checkpoint: models/base/checkpoint_base_v1.pt
2026-04-13 16:07:21,033  INFO        Base val_loss: 0.2463  (fold 3, epoch 22)
2026-04-13 16:07:21,197  INFO      Base model H1 accuracy on instrument val set: 0.560
2026-04-13 16:07:21,197  INFO      Fine-tuned  H1 accuracy (Phase 1)           : 0.560
2026-04-13 16:07:21,197  INFO      --------------------------------------------------
2026-04-13 16:07:21,197  INFO      Phase 2 — Verification gate
2026-04-13 16:07:21,197  INFO        Fine-tuned accuracy — H1=0.560  H5=0.576  H20=0.529  Mean=0.555
2026-04-13 16:07:21,197  INFO        Minimum required (mean across horizons) : 0.510
2026-04-13 16:07:21,197  INFO        ✓ Phase 2 PASSED (H1=0.560  H5=0.576  H20=0.529) — proceeding to Phase 3
2026-04-13 16:07:21,198  INFO      --------------------------------------------------
2026-04-13 16:07:21,198  INFO      Phase 3 — Selective encoder unfreeze
2026-04-13 16:07:21,198  WARNING     ✗ Skipping Phase 3 — only 1.7 years of data (need 2.0)
2026-04-13 16:07:21,198  WARNING     Using Phase 1 checkpoint as final output.
2026-04-13 16:07:21,200  INFO      Reverted to Phase 1 checkpoint.
2026-04-13 16:07:21,369  INFO      Phase 1 H1 accuracy (recheck): 0.560
2026-04-13 16:07:21,369  INFO      ============================================================
2026-04-13 16:07:21,369  INFO      Fine-Tuning Summary
2026-04-13 16:07:21,369  INFO        Instrument     : EURONEXT_SIEDE 4H
2026-04-13 16:07:21,370  INFO        Final phase    : 1
2026-04-13 16:07:21,370  INFO        Final checkpoint: models/fine_tuned/checkpoint_EURONEXT_SIEDE_4H_phase1_20260413.pt
2026-04-13 16:07:21,537  INFO        Base model — H1=0.560  H5=0.581  H20=0.540  Mean=0.560
2026-04-13 16:07:21,537  INFO        Fine-tuned — H1=0.560  H5=0.576  H20=0.529  Mean=0.555  (Phase 1)
2026-04-13 16:07:21,537  WARNING     Delta mean accuracy : -0.005  ⚠  Fine-tuning degraded mean accuracy. Consider using the base model for this instrument. H1 delta=+0.000  H5 delta=-0.005  H20 delta=-0.011
2026-04-13 16:07:21,539  INFO        Metrics saved  : logs/finetune/EURONEXT_SIEDE_4H_20260413_metrics.csv
2026-04-13 16:07:21,539  INFO      Stage 6 complete.
