2026-04-04 22:43:31,355  INFO      ============================================================
2026-04-04 22:43:31,356  INFO      Stage 6 Fine-Tuning — Start
2026-04-04 22:43:31,356  INFO      Instrument  : EURONEXT_TTEPA
2026-04-04 22:43:31,356  INFO      Resolution  : 4H
2026-04-04 22:43:31,356  INFO      Device      : cpu
2026-04-04 22:43:31,356  INFO      Base checkpoint: models/base/checkpoint_base_v1.pt
2026-04-04 22:43:31,357  INFO      Loading: EURONEXT_TTEPA_4H_20240405_20260326.npy
2026-04-04 22:43:32,407  INFO        Shape: (1329, 60, 48)  (1329 windows)
2026-04-04 22:43:32,415  INFO        Date range: 2024-06-28 → 2026-03-25  (1.7 years)
2026-04-04 22:43:32,415  INFO        Train windows: 1144  Val windows: 185
2026-04-04 22:43:32,415  INFO      Years of data: 1.7
2026-04-04 22:43:32,422  INFO      Loading base checkpoint: models/base/checkpoint_base_v1.pt
2026-04-04 22:43:32,435  INFO        Base val_loss: 0.2466  (fold 2, epoch 28)
2026-04-04 22:43:32,435  INFO      --------------------------------------------------
2026-04-04 22:43:32,435  INFO      Phase 1 — Head-only adaptation (encoder frozen)
2026-04-04 22:43:34,224  INFO        P1 Epoch  1 | TrainLoss 0.2471 | ValLoss 0.2477 | ValAcc H1=0.552 H5=0.553 H20=0.555
2026-04-04 22:43:35,181  INFO        P1 Epoch  2 | TrainLoss 0.2469 | ValLoss 0.2476 | ValAcc H1=0.552 H5=0.558 H20=0.561
2026-04-04 22:43:36,072  INFO        P1 Epoch  3 | TrainLoss 0.2469 | ValLoss 0.2476 | ValAcc H1=0.552 H5=0.552 H20=0.561
2026-04-04 22:43:36,944  INFO        P1 Epoch  4 | TrainLoss 0.2468 | ValLoss 0.2476 | ValAcc H1=0.552 H5=0.547 H20=0.561
2026-04-04 22:43:37,873  INFO        P1 Epoch  5 | TrainLoss 0.2469 | ValLoss 0.2475 | ValAcc H1=0.552 H5=0.547 H20=0.561
2026-04-04 22:43:38,779  INFO        P1 Epoch  6 | TrainLoss 0.2469 | ValLoss 0.2475 | ValAcc H1=0.547 H5=0.547 H20=0.561
2026-04-04 22:43:39,695  INFO        P1 Epoch  7 | TrainLoss 0.2469 | ValLoss 0.2475 | ValAcc H1=0.547 H5=0.547 H20=0.550
2026-04-04 22:43:40,666  INFO        P1 Epoch  8 | TrainLoss 0.2470 | ValLoss 0.2475 | ValAcc H1=0.547 H5=0.547 H20=0.556
2026-04-04 22:43:41,566  INFO        P1 Epoch  9 | TrainLoss 0.2469 | ValLoss 0.2474 | ValAcc H1=0.547 H5=0.541 H20=0.556
2026-04-04 22:43:42,435  INFO        P1 Epoch 10 | TrainLoss 0.2466 | ValLoss 0.2474 | ValAcc H1=0.541 H5=0.541 H20=0.556
2026-04-04 22:43:43,439  INFO        P1 Epoch 11 | TrainLoss 0.2468 | ValLoss 0.2474 | ValAcc H1=0.547 H5=0.541 H20=0.556
2026-04-04 22:43:44,328  INFO        P1 Epoch 12 | TrainLoss 0.2469 | ValLoss 0.2474 | ValAcc H1=0.547 H5=0.546 H20=0.556
2026-04-04 22:43:45,247  INFO        P1 Epoch 13 | TrainLoss 0.2469 | ValLoss 0.2474 | ValAcc H1=0.541 H5=0.541 H20=0.556
2026-04-04 22:43:46,148  INFO        P1 Epoch 14 | TrainLoss 0.2469 | ValLoss 0.2474 | ValAcc H1=0.547 H5=0.541 H20=0.556
2026-04-04 22:43:47,018  INFO        P1 Epoch 15 | TrainLoss 0.2468 | ValLoss 0.2474 | ValAcc H1=0.547 H5=0.541 H20=0.556
2026-04-04 22:43:47,921  INFO        P1 Epoch 16 | TrainLoss 0.2468 | ValLoss 0.2474 | ValAcc H1=0.547 H5=0.541 H20=0.556
2026-04-04 22:43:48,798  INFO        P1 Epoch 17 | TrainLoss 0.2468 | ValLoss 0.2474 | ValAcc H1=0.547 H5=0.540 H20=0.556
2026-04-04 22:43:49,790  INFO        P1 Epoch 18 | TrainLoss 0.2466 | ValLoss 0.2474 | ValAcc H1=0.547 H5=0.541 H20=0.556
2026-04-04 22:43:50,772  INFO        P1 Epoch 19 | TrainLoss 0.2468 | ValLoss 0.2474 | ValAcc H1=0.547 H5=0.535 H20=0.556
2026-04-04 22:43:51,675  INFO        P1 Epoch 20 | TrainLoss 0.2469 | ValLoss 0.2474 | ValAcc H1=0.547 H5=0.530 H20=0.556
2026-04-04 22:43:52,567  INFO        P1 Epoch 21 | TrainLoss 0.2467 | ValLoss 0.2474 | ValAcc H1=0.547 H5=0.535 H20=0.556
2026-04-04 22:43:53,471  INFO        P1 Epoch 22 | TrainLoss 0.2467 | ValLoss 0.2474 | ValAcc H1=0.547 H5=0.535 H20=0.556
2026-04-04 22:43:54,504  INFO        P1 Epoch 23 | TrainLoss 0.2468 | ValLoss 0.2474 | ValAcc H1=0.552 H5=0.535 H20=0.556
2026-04-04 22:43:55,782  INFO        P1 Epoch 24 | TrainLoss 0.2469 | ValLoss 0.2473 | ValAcc H1=0.552 H5=0.535 H20=0.556
2026-04-04 22:43:56,748  INFO        P1 Epoch 25 | TrainLoss 0.2467 | ValLoss 0.2473 | ValAcc H1=0.552 H5=0.535 H20=0.556
2026-04-04 22:43:57,631  INFO        P1 Epoch 26 | TrainLoss 0.2468 | ValLoss 0.2473 | ValAcc H1=0.552 H5=0.535 H20=0.556
2026-04-04 22:43:58,567  INFO        P1 Epoch 27 | TrainLoss 0.2468 | ValLoss 0.2473 | ValAcc H1=0.552 H5=0.535 H20=0.556
2026-04-04 22:43:58,567  INFO        Phase 1 early stopping at epoch 27
2026-04-04 22:43:58,691  INFO        Phase 1 complete. Best val_loss: 0.2474  H1=0.547 H5=0.540 H20=0.556
2026-04-04 22:43:58,696  INFO      Phase 1 checkpoint saved: models/fine_tuned/checkpoint_EURONEXT_TTEPA_4H_phase1_20260404.pt
2026-04-04 22:43:58,696  INFO      Loading base checkpoint: models/base/checkpoint_base_v1.pt
2026-04-04 22:43:58,706  INFO        Base val_loss: 0.2466  (fold 2, epoch 28)
2026-04-04 22:43:58,829  INFO      Base model H1 accuracy on instrument val set: 0.547
2026-04-04 22:43:58,829  INFO      Fine-tuned  H1 accuracy (Phase 1)           : 0.547
2026-04-04 22:43:58,829  INFO      --------------------------------------------------
2026-04-04 22:43:58,829  INFO      Phase 2 — Verification gate
2026-04-04 22:43:58,829  INFO        Fine-tuned accuracy — H1=0.547  H5=0.540  H20=0.556  Mean=0.547
2026-04-04 22:43:58,829  INFO        Minimum required (mean across horizons) : 0.510
2026-04-04 22:43:58,829  INFO        ✓ Phase 2 PASSED (H1=0.547  H5=0.540  H20=0.556) — proceeding to Phase 3
2026-04-04 22:43:58,830  INFO      --------------------------------------------------
2026-04-04 22:43:58,830  INFO      Phase 3 — Selective encoder unfreeze
2026-04-04 22:43:58,830  WARNING     ✗ Skipping Phase 3 — only 1.7 years of data (need 2.0)
2026-04-04 22:43:58,830  WARNING     Using Phase 1 checkpoint as final output.
2026-04-04 22:43:58,831  INFO      Reverted to Phase 1 checkpoint.
2026-04-04 22:43:58,943  INFO      Phase 1 H1 accuracy (recheck): 0.547
2026-04-04 22:43:58,943  INFO      ============================================================
2026-04-04 22:43:58,944  INFO      Fine-Tuning Summary
2026-04-04 22:43:58,944  INFO        Instrument     : EURONEXT_TTEPA 4H
2026-04-04 22:43:58,944  INFO        Final phase    : 1
2026-04-04 22:43:58,944  INFO        Final checkpoint: models/fine_tuned/checkpoint_EURONEXT_TTEPA_4H_phase1_20260404.pt
2026-04-04 22:43:59,086  INFO        Base model — H1=0.547  H5=0.553  H20=0.550  Mean=0.550
2026-04-04 22:43:59,086  INFO        Fine-tuned — H1=0.547  H5=0.540  H20=0.556  Mean=0.547  (Phase 1)
2026-04-04 22:43:59,086  WARNING     Delta mean accuracy : -0.002  ⚠  Fine-tuning degraded mean accuracy. Consider using the base model for this instrument. H1 delta=+0.000  H5 delta=-0.013  H20 delta=+0.006
2026-04-04 22:43:59,090  INFO        Metrics saved  : logs/finetune/EURONEXT_TTEPA_4H_20260404_metrics.csv
2026-04-04 22:43:59,090  INFO      Stage 6 complete.
