2026-04-13 16:03:24,852  INFO      ============================================================
2026-04-13 16:03:24,853  INFO      Stage 6 Fine-Tuning — Start
2026-04-13 16:03:24,853  INFO      Instrument  : EURONEXT_SIEDE
2026-04-13 16:03:24,853  INFO      Resolution  : 1D
2026-04-13 16:03:24,853  INFO      Device      : cpu
2026-04-13 16:03:24,853  INFO      Base checkpoint: models/base/checkpoint_base_v1.pt
2026-04-13 16:03:24,855  INFO      Loading: EURONEXT_SIEDE_1D_20150101_20260412.npy
2026-04-13 16:03:26,145  INFO        Shape: (2685, 60, 47)  (2685 windows)
2026-04-13 16:03:26,174  INFO        Date range: 2015-09-16 → 2026-04-10  (10.6 years)
2026-04-13 16:03:26,174  INFO        Train windows: 2622  Val windows: 63
2026-04-13 16:03:26,174  INFO      Years of data: 10.6
2026-04-13 16:03:26,247  INFO      Loading base checkpoint: models/base/checkpoint_base_v1.pt
2026-04-13 16:03:26,261  INFO        Base val_loss: 0.2463  (fold 3, epoch 22)
2026-04-13 16:03:26,262  INFO      --------------------------------------------------
2026-04-13 16:03:26,262  INFO      Phase 1 — Head-only adaptation (encoder frozen)
2026-04-13 16:03:30,255  INFO        P1 Epoch  1 | TrainLoss 0.2463 | ValLoss 0.2489 | ValAcc H1=0.587 H5=0.508 H20=0.778
2026-04-13 16:03:33,530  INFO        P1 Epoch  2 | TrainLoss 0.2463 | ValLoss 0.2488 | ValAcc H1=0.587 H5=0.508 H20=0.746
2026-04-13 16:03:35,859  INFO        P1 Epoch  3 | TrainLoss 0.2464 | ValLoss 0.2487 | ValAcc H1=0.587 H5=0.524 H20=0.746
2026-04-13 16:03:38,250  INFO        P1 Epoch  4 | TrainLoss 0.2463 | ValLoss 0.2487 | ValAcc H1=0.587 H5=0.524 H20=0.730
2026-04-13 16:03:40,548  INFO        P1 Epoch  5 | TrainLoss 0.2465 | ValLoss 0.2487 | ValAcc H1=0.587 H5=0.524 H20=0.714
2026-04-13 16:03:42,827  INFO        P1 Epoch  6 | TrainLoss 0.2463 | ValLoss 0.2487 | ValAcc H1=0.603 H5=0.524 H20=0.698
2026-04-13 16:03:45,213  INFO        P1 Epoch  7 | TrainLoss 0.2461 | ValLoss 0.2487 | ValAcc H1=0.603 H5=0.540 H20=0.667
2026-04-13 16:03:47,465  INFO        P1 Epoch  8 | TrainLoss 0.2462 | ValLoss 0.2486 | ValAcc H1=0.603 H5=0.540 H20=0.667
2026-04-13 16:03:49,814  INFO        P1 Epoch  9 | TrainLoss 0.2463 | ValLoss 0.2486 | ValAcc H1=0.603 H5=0.524 H20=0.667
2026-04-13 16:03:52,064  INFO        P1 Epoch 10 | TrainLoss 0.2462 | ValLoss 0.2486 | ValAcc H1=0.571 H5=0.524 H20=0.667
2026-04-13 16:03:54,477  INFO        P1 Epoch 11 | TrainLoss 0.2461 | ValLoss 0.2486 | ValAcc H1=0.571 H5=0.540 H20=0.683
2026-04-13 16:03:56,741  INFO        P1 Epoch 12 | TrainLoss 0.2462 | ValLoss 0.2486 | ValAcc H1=0.571 H5=0.524 H20=0.683
2026-04-13 16:03:59,030  INFO        P1 Epoch 13 | TrainLoss 0.2463 | ValLoss 0.2487 | ValAcc H1=0.571 H5=0.540 H20=0.667
2026-04-13 16:04:01,384  INFO        P1 Epoch 14 | TrainLoss 0.2462 | ValLoss 0.2486 | ValAcc H1=0.571 H5=0.524 H20=0.667
2026-04-13 16:04:03,656  INFO        P1 Epoch 15 | TrainLoss 0.2462 | ValLoss 0.2486 | ValAcc H1=0.571 H5=0.524 H20=0.683
2026-04-13 16:04:06,009  INFO        P1 Epoch 16 | TrainLoss 0.2461 | ValLoss 0.2487 | ValAcc H1=0.571 H5=0.540 H20=0.683
2026-04-13 16:04:08,274  INFO        P1 Epoch 17 | TrainLoss 0.2462 | ValLoss 0.2487 | ValAcc H1=0.571 H5=0.524 H20=0.667
2026-04-13 16:04:10,488  INFO        P1 Epoch 18 | TrainLoss 0.2462 | ValLoss 0.2486 | ValAcc H1=0.571 H5=0.540 H20=0.667
2026-04-13 16:04:10,488  INFO        Phase 1 early stopping at epoch 18
2026-04-13 16:04:10,540  INFO        Phase 1 complete. Best val_loss: 0.2486  H1=0.603 H5=0.540 H20=0.667
2026-04-13 16:04:10,545  INFO      Phase 1 checkpoint saved: models/fine_tuned/checkpoint_EURONEXT_SIEDE_1D_phase1_20260413.pt
2026-04-13 16:04:10,546  INFO      Loading base checkpoint: models/base/checkpoint_base_v1.pt
2026-04-13 16:04:10,556  INFO        Base val_loss: 0.2463  (fold 3, epoch 22)
2026-04-13 16:04:10,606  INFO      Base model H1 accuracy on instrument val set: 0.587
2026-04-13 16:04:10,606  INFO      Fine-tuned  H1 accuracy (Phase 1)           : 0.603
2026-04-13 16:04:10,606  INFO      --------------------------------------------------
2026-04-13 16:04:10,606  INFO      Phase 2 — Verification gate
2026-04-13 16:04:10,607  INFO        Fine-tuned accuracy — H1=0.603  H5=0.540  H20=0.667  Mean=0.603
2026-04-13 16:04:10,607  INFO        Minimum required (mean across horizons) : 0.510
2026-04-13 16:04:10,607  INFO        ✓ Phase 2 PASSED (H1=0.603  H5=0.540  H20=0.667) — proceeding to Phase 3
2026-04-13 16:04:10,607  INFO      --------------------------------------------------
2026-04-13 16:04:10,607  INFO      Phase 3 — Selective encoder unfreeze
2026-04-13 16:04:10,608  INFO        Encoder layers 1 & 2 unfrozen (layer 0 frozen)
2026-04-13 16:04:10,608  INFO        Encoder LR: 1e-05  Head LR: 3e-05
2026-04-13 16:04:10,608  INFO        Dropout: encoder=0.40  head=0.45
2026-04-13 16:04:18,601  INFO        P3 Epoch  1 | TrainLoss 0.2463 | ValLoss 0.2488 | Gap -0.0025 | ValAcc H1=0.571 H5=0.524 H20=0.667
2026-04-13 16:04:26,349  INFO        P3 Epoch  2 | TrainLoss 0.2462 | ValLoss 0.2487 | Gap -0.0025 | ValAcc H1=0.571 H5=0.524 H20=0.667
2026-04-13 16:04:34,141  INFO        P3 Epoch  3 | TrainLoss 0.2463 | ValLoss 0.2487 | Gap -0.0024 | ValAcc H1=0.571 H5=0.524 H20=0.698
2026-04-13 16:04:41,842  INFO        P3 Epoch  4 | TrainLoss 0.2464 | ValLoss 0.2488 | Gap -0.0024 | ValAcc H1=0.571 H5=0.524 H20=0.698
2026-04-13 16:04:49,620  INFO        P3 Epoch  5 | TrainLoss 0.2462 | ValLoss 0.2488 | Gap -0.0026 | ValAcc H1=0.571 H5=0.524 H20=0.698
2026-04-13 16:04:57,388  INFO        P3 Epoch  6 | TrainLoss 0.2463 | ValLoss 0.2488 | Gap -0.0025 | ValAcc H1=0.571 H5=0.524 H20=0.698
2026-04-13 16:05:05,088  INFO        P3 Epoch  7 | TrainLoss 0.2462 | ValLoss 0.2488 | Gap -0.0026 | ValAcc H1=0.571 H5=0.524 H20=0.683
2026-04-13 16:05:12,907  INFO        P3 Epoch  8 | TrainLoss 0.2462 | ValLoss 0.2488 | Gap -0.0026 | ValAcc H1=0.556 H5=0.524 H20=0.683
2026-04-13 16:05:20,688  INFO        P3 Epoch  9 | TrainLoss 0.2460 | ValLoss 0.2489 | Gap -0.0029 | ValAcc H1=0.556 H5=0.524 H20=0.698
2026-04-13 16:05:20,688  INFO        Phase 3 early stopping at epoch 9
2026-04-13 16:05:20,689  INFO        Phase 3 complete. Best val_loss: 0.2488
2026-04-13 16:05:20,743  INFO      Phase 3 checkpoint saved: models/fine_tuned/checkpoint_EURONEXT_SIEDE_1D_phase3_20260413.pt
2026-04-13 16:05:20,744  INFO      ============================================================
2026-04-13 16:05:20,744  INFO      Fine-Tuning Summary
2026-04-13 16:05:20,744  INFO        Instrument     : EURONEXT_SIEDE 1D
2026-04-13 16:05:20,744  INFO        Final phase    : 3
2026-04-13 16:05:20,744  INFO        Final checkpoint: models/fine_tuned/checkpoint_EURONEXT_SIEDE_1D_phase3_20260413.pt
2026-04-13 16:05:20,790  INFO        Base model — H1=0.587  H5=0.524  H20=0.730  Mean=0.614
2026-04-13 16:05:20,791  INFO        Fine-tuned — H1=0.571  H5=0.524  H20=0.667  Mean=0.587  (Phase 3)
2026-04-13 16:05:20,791  WARNING     Delta mean accuracy : -0.026  ⚠  Fine-tuning degraded mean accuracy. Consider using the base model for this instrument. H1 delta=-0.016  H5 delta=+0.000  H20 delta=-0.063
2026-04-13 16:05:20,794  INFO        Metrics saved  : logs/finetune/EURONEXT_SIEDE_1D_20260413_metrics.csv
2026-04-13 16:05:20,794  INFO      Stage 6 complete.
