2026-04-13 15:58:55,265  INFO      ============================================================
2026-04-13 15:58:55,266  INFO      Stage 6 Fine-Tuning — Start
2026-04-13 15:58:55,266  INFO      Instrument  : EURONEXT_SAPDE
2026-04-13 15:58:55,266  INFO      Resolution  : 1D
2026-04-13 15:58:55,266  INFO      Device      : cpu
2026-04-13 15:58:55,266  INFO      Base checkpoint: models/base/checkpoint_base_v1.pt
2026-04-13 15:58:55,268  INFO      Loading: EURONEXT_SAPDE_1D_20150101_20260412.npy
2026-04-13 15:58:56,863  INFO        Shape: (2685, 60, 47)  (2685 windows)
2026-04-13 15:58:56,872  INFO        Date range: 2015-09-16 → 2026-04-10  (10.6 years)
2026-04-13 15:58:56,872  INFO        Train windows: 2622  Val windows: 63
2026-04-13 15:58:56,872  INFO      Years of data: 10.6
2026-04-13 15:58:56,902  INFO      Loading base checkpoint: models/base/checkpoint_base_v1.pt
2026-04-13 15:58:56,921  INFO        Base val_loss: 0.2463  (fold 3, epoch 22)
2026-04-13 15:58:56,921  INFO      --------------------------------------------------
2026-04-13 15:58:56,922  INFO      Phase 1 — Head-only adaptation (encoder frozen)
2026-04-13 15:59:00,273  INFO        P1 Epoch  1 | TrainLoss 0.2458 | ValLoss 0.2502 | ValAcc H1=0.524 H5=0.556 H20=0.683
2026-04-13 15:59:02,460  INFO        P1 Epoch  2 | TrainLoss 0.2456 | ValLoss 0.2500 | ValAcc H1=0.524 H5=0.556 H20=0.683
2026-04-13 15:59:05,099  INFO        P1 Epoch  3 | TrainLoss 0.2455 | ValLoss 0.2499 | ValAcc H1=0.524 H5=0.556 H20=0.683
2026-04-13 15:59:07,417  INFO        P1 Epoch  4 | TrainLoss 0.2455 | ValLoss 0.2498 | ValAcc H1=0.524 H5=0.556 H20=0.683
2026-04-13 15:59:09,976  INFO        P1 Epoch  5 | TrainLoss 0.2454 | ValLoss 0.2498 | ValAcc H1=0.524 H5=0.556 H20=0.683
2026-04-13 15:59:12,267  INFO        P1 Epoch  6 | TrainLoss 0.2454 | ValLoss 0.2497 | ValAcc H1=0.524 H5=0.556 H20=0.683
2026-04-13 15:59:14,864  INFO        P1 Epoch  7 | TrainLoss 0.2454 | ValLoss 0.2497 | ValAcc H1=0.524 H5=0.556 H20=0.683
2026-04-13 15:59:17,275  INFO        P1 Epoch  8 | TrainLoss 0.2454 | ValLoss 0.2497 | ValAcc H1=0.524 H5=0.556 H20=0.683
2026-04-13 15:59:19,934  INFO        P1 Epoch  9 | TrainLoss 0.2454 | ValLoss 0.2497 | ValAcc H1=0.524 H5=0.556 H20=0.683
2026-04-13 15:59:22,230  INFO        P1 Epoch 10 | TrainLoss 0.2452 | ValLoss 0.2497 | ValAcc H1=0.524 H5=0.556 H20=0.683
2026-04-13 15:59:24,714  INFO        P1 Epoch 11 | TrainLoss 0.2453 | ValLoss 0.2497 | ValAcc H1=0.524 H5=0.556 H20=0.683
2026-04-13 15:59:27,008  INFO        P1 Epoch 12 | TrainLoss 0.2454 | ValLoss 0.2497 | ValAcc H1=0.524 H5=0.556 H20=0.683
2026-04-13 15:59:29,759  INFO        P1 Epoch 13 | TrainLoss 0.2453 | ValLoss 0.2497 | ValAcc H1=0.524 H5=0.556 H20=0.683
2026-04-13 15:59:32,288  INFO        P1 Epoch 14 | TrainLoss 0.2453 | ValLoss 0.2497 | ValAcc H1=0.524 H5=0.556 H20=0.683
2026-04-13 15:59:34,943  INFO        P1 Epoch 15 | TrainLoss 0.2454 | ValLoss 0.2498 | ValAcc H1=0.524 H5=0.556 H20=0.683
2026-04-13 15:59:37,254  INFO        P1 Epoch 16 | TrainLoss 0.2453 | ValLoss 0.2497 | ValAcc H1=0.524 H5=0.556 H20=0.683
2026-04-13 15:59:37,255  INFO        Phase 1 early stopping at epoch 16
2026-04-13 15:59:37,301  INFO        Phase 1 complete. Best val_loss: 0.2497  H1=0.524 H5=0.556 H20=0.683
2026-04-13 15:59:37,309  INFO      Phase 1 checkpoint saved: models/fine_tuned/checkpoint_EURONEXT_SAPDE_1D_phase1_20260413.pt
2026-04-13 15:59:37,309  INFO      Loading base checkpoint: models/base/checkpoint_base_v1.pt
2026-04-13 15:59:37,321  INFO        Base val_loss: 0.2463  (fold 3, epoch 22)
2026-04-13 15:59:37,366  INFO      Base model H1 accuracy on instrument val set: 0.524
2026-04-13 15:59:37,366  INFO      Fine-tuned  H1 accuracy (Phase 1)           : 0.524
2026-04-13 15:59:37,366  INFO      --------------------------------------------------
2026-04-13 15:59:37,366  INFO      Phase 2 — Verification gate
2026-04-13 15:59:37,367  INFO        Fine-tuned accuracy — H1=0.524  H5=0.556  H20=0.683  Mean=0.587
2026-04-13 15:59:37,367  INFO        Minimum required (mean across horizons) : 0.510
2026-04-13 15:59:37,367  INFO        ✓ Phase 2 PASSED (H1=0.524  H5=0.556  H20=0.683) — proceeding to Phase 3
2026-04-13 15:59:37,367  INFO      --------------------------------------------------
2026-04-13 15:59:37,367  INFO      Phase 3 — Selective encoder unfreeze
2026-04-13 15:59:37,368  INFO        Encoder layers 1 & 2 unfrozen (layer 0 frozen)
2026-04-13 15:59:37,368  INFO        Encoder LR: 1e-05  Head LR: 3e-05
2026-04-13 15:59:37,368  INFO        Dropout: encoder=0.40  head=0.45
2026-04-13 15:59:45,328  INFO        P3 Epoch  1 | TrainLoss 0.2453 | ValLoss 0.2498 | Gap -0.0044 | ValAcc H1=0.524 H5=0.556 H20=0.683
2026-04-13 15:59:53,451  INFO        P3 Epoch  2 | TrainLoss 0.2454 | ValLoss 0.2497 | Gap -0.0043 | ValAcc H1=0.524 H5=0.556 H20=0.683
2026-04-13 16:00:04,940  INFO        P3 Epoch  3 | TrainLoss 0.2453 | ValLoss 0.2498 | Gap -0.0045 | ValAcc H1=0.524 H5=0.556 H20=0.683
2026-04-13 16:00:15,509  INFO        P3 Epoch  4 | TrainLoss 0.2454 | ValLoss 0.2499 | Gap -0.0044 | ValAcc H1=0.524 H5=0.556 H20=0.683
2026-04-13 16:00:23,871  INFO        P3 Epoch  5 | TrainLoss 0.2454 | ValLoss 0.2499 | Gap -0.0044 | ValAcc H1=0.524 H5=0.556 H20=0.683
2026-04-13 16:00:32,684  INFO        P3 Epoch  6 | TrainLoss 0.2455 | ValLoss 0.2499 | Gap -0.0045 | ValAcc H1=0.524 H5=0.556 H20=0.683
2026-04-13 16:00:41,005  INFO        P3 Epoch  7 | TrainLoss 0.2453 | ValLoss 0.2500 | Gap -0.0047 | ValAcc H1=0.524 H5=0.556 H20=0.683
2026-04-13 16:00:48,682  INFO        P3 Epoch  8 | TrainLoss 0.2454 | ValLoss 0.2499 | Gap -0.0046 | ValAcc H1=0.524 H5=0.556 H20=0.683
2026-04-13 16:00:56,295  INFO        P3 Epoch  9 | TrainLoss 0.2452 | ValLoss 0.2500 | Gap -0.0047 | ValAcc H1=0.524 H5=0.556 H20=0.683
2026-04-13 16:00:56,295  INFO        Phase 3 early stopping at epoch 9
2026-04-13 16:00:56,297  INFO        Phase 3 complete. Best val_loss: 0.2498
2026-04-13 16:00:56,348  INFO      Phase 3 checkpoint saved: models/fine_tuned/checkpoint_EURONEXT_SAPDE_1D_phase3_20260413.pt
2026-04-13 16:00:56,348  INFO      ============================================================
2026-04-13 16:00:56,348  INFO      Fine-Tuning Summary
2026-04-13 16:00:56,348  INFO        Instrument     : EURONEXT_SAPDE 1D
2026-04-13 16:00:56,348  INFO        Final phase    : 3
2026-04-13 16:00:56,348  INFO        Final checkpoint: models/fine_tuned/checkpoint_EURONEXT_SAPDE_1D_phase3_20260413.pt
2026-04-13 16:00:56,393  INFO        Base model — H1=0.524  H5=0.556  H20=0.683  Mean=0.587
2026-04-13 16:00:56,393  INFO        Fine-tuned — H1=0.524  H5=0.556  H20=0.683  Mean=0.587  (Phase 3)
2026-04-13 16:00:56,393  INFO        Delta mean accuracy : +0.000  = Fine-tuning matched base model.
2026-04-13 16:00:56,393  INFO        Per-horizon delta   :  H1=+0.000  H5=+0.000  H20=+0.000
2026-04-13 16:00:56,397  INFO        Metrics saved  : logs/finetune/EURONEXT_SAPDE_1D_20260413_metrics.csv
2026-04-13 16:00:56,397  INFO      Stage 6 complete.
