2026-04-04 22:45:24,509  INFO      ============================================================
2026-04-04 22:45:24,509  INFO      Stage 6 Fine-Tuning — Start
2026-04-04 22:45:24,510  INFO      Instrument  : FOREXCOM_AUDNZDX
2026-04-04 22:45:24,510  INFO      Resolution  : 1W
2026-04-04 22:45:24,510  INFO      Device      : cpu
2026-04-04 22:45:24,510  INFO      Base checkpoint: models/base/checkpoint_base_v1.pt
2026-04-04 22:45:24,511  INFO      Loading: FOREXCOM_AUDNZDX_1W_20150101_20260326.npy
2026-04-04 22:45:24,919  INFO        Shape: (407, 60, 42)  (407 windows)
2026-04-04 22:45:24,924  INFO        Date range: 2018-06-07 → 2026-03-19  (7.8 years)
2026-04-04 22:45:24,924  INFO        Train windows: 394  Val windows: 13
2026-04-04 22:45:24,924  INFO      Years of data: 7.8
2026-04-04 22:45:24,928  INFO      Loading base checkpoint: models/base/checkpoint_base_v1.pt
2026-04-04 22:45:24,941  INFO        Base val_loss: 0.2466  (fold 2, epoch 28)
2026-04-04 22:45:24,941  INFO      --------------------------------------------------
2026-04-04 22:45:24,941  INFO      Phase 1 — Head-only adaptation (encoder frozen)
2026-04-04 22:45:26,083  INFO        P1 Epoch  1 | TrainLoss 0.2477 | ValLoss 0.2559 | ValAcc H1=0.231 H5=0.077 H20=0.000
2026-04-04 22:45:26,348  INFO        P1 Epoch  2 | TrainLoss 0.2470 | ValLoss 0.2561 | ValAcc H1=0.231 H5=0.077 H20=0.000
2026-04-04 22:45:26,608  INFO        P1 Epoch  3 | TrainLoss 0.2478 | ValLoss 0.2563 | ValAcc H1=0.231 H5=0.077 H20=0.000
2026-04-04 22:45:26,899  INFO        P1 Epoch  4 | TrainLoss 0.2474 | ValLoss 0.2564 | ValAcc H1=0.231 H5=0.077 H20=0.000
2026-04-04 22:45:27,166  INFO        P1 Epoch  5 | TrainLoss 0.2477 | ValLoss 0.2565 | ValAcc H1=0.231 H5=0.077 H20=0.000
2026-04-04 22:45:27,458  INFO        P1 Epoch  6 | TrainLoss 0.2459 | ValLoss 0.2566 | ValAcc H1=0.231 H5=0.077 H20=0.000
2026-04-04 22:45:27,715  INFO        P1 Epoch  7 | TrainLoss 0.2465 | ValLoss 0.2567 | ValAcc H1=0.231 H5=0.077 H20=0.000
2026-04-04 22:45:27,972  INFO        P1 Epoch  8 | TrainLoss 0.2470 | ValLoss 0.2567 | ValAcc H1=0.231 H5=0.077 H20=0.000
2026-04-04 22:45:28,266  INFO        P1 Epoch  9 | TrainLoss 0.2480 | ValLoss 0.2567 | ValAcc H1=0.231 H5=0.077 H20=0.000
2026-04-04 22:45:28,557  INFO        P1 Epoch 10 | TrainLoss 0.2464 | ValLoss 0.2568 | ValAcc H1=0.231 H5=0.077 H20=0.000
2026-04-04 22:45:28,817  INFO        P1 Epoch 11 | TrainLoss 0.2476 | ValLoss 0.2570 | ValAcc H1=0.231 H5=0.077 H20=0.000
2026-04-04 22:45:28,817  INFO        Phase 1 early stopping at epoch 11
2026-04-04 22:45:28,827  INFO        Phase 1 complete. Best val_loss: 0.2559  H1=0.231 H5=0.077 H20=0.000
2026-04-04 22:45:28,832  INFO      Phase 1 checkpoint saved: models/fine_tuned/checkpoint_FOREXCOM_AUDNZDX_1W_phase1_20260404.pt
2026-04-04 22:45:28,832  INFO      Loading base checkpoint: models/base/checkpoint_base_v1.pt
2026-04-04 22:45:28,842  INFO        Base val_loss: 0.2466  (fold 2, epoch 28)
2026-04-04 22:45:28,852  INFO      Base model H1 accuracy on instrument val set: 0.231
2026-04-04 22:45:28,852  INFO      Fine-tuned  H1 accuracy (Phase 1)           : 0.231
2026-04-04 22:45:28,853  INFO      --------------------------------------------------
2026-04-04 22:45:28,853  INFO      Phase 2 — Verification gate
2026-04-04 22:45:28,853  INFO        Fine-tuned accuracy — H1=0.231  H5=0.077  H20=0.000  Mean=0.103
2026-04-04 22:45:28,853  INFO        Minimum required (mean across horizons) : 0.510
2026-04-04 22:45:28,853  WARNING     ✗ Phase 2 FAILED — mean accuracy 0.103 is below 0.510
2026-04-04 22:45:28,853  WARNING     H1=0.231  H5=0.077  H20=0.000
2026-04-04 22:45:28,853  WARNING     Instrument may be unpredictable at this resolution.
2026-04-04 22:45:28,853  WARNING     Using Phase 1 checkpoint as final output.
2026-04-04 22:45:28,853  INFO      ============================================================
2026-04-04 22:45:28,853  INFO      Fine-Tuning Summary
2026-04-04 22:45:28,853  INFO        Instrument     : FOREXCOM_AUDNZDX 1W
2026-04-04 22:45:28,853  INFO        Final phase    : 1
2026-04-04 22:45:28,854  INFO        Final checkpoint: models/fine_tuned/checkpoint_FOREXCOM_AUDNZDX_1W_phase1_20260404.pt
2026-04-04 22:45:28,863  INFO        Base model — H1=0.231  H5=0.077  H20=0.000  Mean=0.103
2026-04-04 22:45:28,863  INFO        Fine-tuned — H1=0.231  H5=0.077  H20=0.000  Mean=0.103  (Phase 1)
2026-04-04 22:45:28,863  INFO        Delta mean accuracy : +0.000  = Fine-tuning matched base model.
2026-04-04 22:45:28,863  INFO        Per-horizon delta   :  H1=+0.000  H5=+0.000  H20=+0.000
2026-04-04 22:45:28,865  INFO        Metrics saved  : logs/finetune/FOREXCOM_AUDNZDX_1W_20260404_metrics.csv
2026-04-04 22:45:28,865  INFO      Stage 6 complete.
