2026-04-13 16:17:37,381  INFO      ============================================================
2026-04-13 16:17:37,382  INFO      Stage 6 Fine-Tuning — Start
2026-04-13 16:17:37,382  INFO      Instrument  : FOREXCOM_AUDUSDX
2026-04-13 16:17:37,382  INFO      Resolution  : 1W
2026-04-13 16:17:37,382  INFO      Device      : cpu
2026-04-13 16:17:37,382  INFO      Base checkpoint: models/base/checkpoint_base_v1.pt
2026-04-13 16:17:37,383  INFO      Loading: FOREXCOM_AUDUSDX_1W_20150101_20260412.npy
2026-04-13 16:17:37,642  INFO        Shape: (410, 60, 47)  (410 windows)
2026-04-13 16:17:37,648  INFO        Date range: 2018-06-07 → 2026-04-09  (7.8 years)
2026-04-13 16:17:37,648  INFO        Train windows: 397  Val windows: 13
2026-04-13 16:17:37,649  INFO      Years of data: 7.8
2026-04-13 16:17:37,654  INFO      Loading base checkpoint: models/base/checkpoint_base_v1.pt
2026-04-13 16:17:37,686  INFO        Base val_loss: 0.2463  (fold 3, epoch 22)
2026-04-13 16:17:37,686  INFO      --------------------------------------------------
2026-04-13 16:17:37,687  INFO      Phase 1 — Head-only adaptation (encoder frozen)
2026-04-13 16:17:39,056  INFO        P1 Epoch  1 | TrainLoss 0.2464 | ValLoss 0.2432 | ValAcc H1=0.692 H5=0.231 H20=0.154
2026-04-13 16:17:39,423  INFO        P1 Epoch  2 | TrainLoss 0.2490 | ValLoss 0.2431 | ValAcc H1=0.692 H5=0.231 H20=0.154
2026-04-13 16:17:39,831  INFO        P1 Epoch  3 | TrainLoss 0.2470 | ValLoss 0.2430 | ValAcc H1=0.692 H5=0.231 H20=0.154
2026-04-13 16:17:40,267  INFO        P1 Epoch  4 | TrainLoss 0.2483 | ValLoss 0.2429 | ValAcc H1=0.692 H5=0.231 H20=0.154
2026-04-13 16:17:40,635  INFO        P1 Epoch  5 | TrainLoss 0.2465 | ValLoss 0.2428 | ValAcc H1=0.692 H5=0.231 H20=0.077
2026-04-13 16:17:41,029  INFO        P1 Epoch  6 | TrainLoss 0.2461 | ValLoss 0.2427 | ValAcc H1=0.692 H5=0.231 H20=0.154
2026-04-13 16:17:41,382  INFO        P1 Epoch  7 | TrainLoss 0.2479 | ValLoss 0.2427 | ValAcc H1=0.692 H5=0.231 H20=0.154
2026-04-13 16:17:41,764  INFO        P1 Epoch  8 | TrainLoss 0.2455 | ValLoss 0.2426 | ValAcc H1=0.769 H5=0.231 H20=0.154
2026-04-13 16:17:42,119  INFO        P1 Epoch  9 | TrainLoss 0.2465 | ValLoss 0.2425 | ValAcc H1=0.769 H5=0.308 H20=0.154
2026-04-13 16:17:42,466  INFO        P1 Epoch 10 | TrainLoss 0.2460 | ValLoss 0.2424 | ValAcc H1=0.769 H5=0.308 H20=0.154
2026-04-13 16:17:42,829  INFO        P1 Epoch 11 | TrainLoss 0.2470 | ValLoss 0.2424 | ValAcc H1=0.769 H5=0.308 H20=0.154
2026-04-13 16:17:43,253  INFO        P1 Epoch 12 | TrainLoss 0.2449 | ValLoss 0.2424 | ValAcc H1=0.769 H5=0.308 H20=0.154
2026-04-13 16:17:43,601  INFO        P1 Epoch 13 | TrainLoss 0.2472 | ValLoss 0.2423 | ValAcc H1=0.769 H5=0.308 H20=0.154
2026-04-13 16:17:43,950  INFO        P1 Epoch 14 | TrainLoss 0.2454 | ValLoss 0.2423 | ValAcc H1=0.769 H5=0.308 H20=0.154
2026-04-13 16:17:44,298  INFO        P1 Epoch 15 | TrainLoss 0.2476 | ValLoss 0.2423 | ValAcc H1=0.769 H5=0.308 H20=0.154
2026-04-13 16:17:44,652  INFO        P1 Epoch 16 | TrainLoss 0.2459 | ValLoss 0.2423 | ValAcc H1=0.769 H5=0.308 H20=0.077
2026-04-13 16:17:45,192  INFO        P1 Epoch 17 | TrainLoss 0.2448 | ValLoss 0.2423 | ValAcc H1=0.769 H5=0.308 H20=0.077
2026-04-13 16:17:45,567  INFO        P1 Epoch 18 | TrainLoss 0.2472 | ValLoss 0.2423 | ValAcc H1=0.769 H5=0.308 H20=0.077
2026-04-13 16:17:45,942  INFO        P1 Epoch 19 | TrainLoss 0.2467 | ValLoss 0.2423 | ValAcc H1=0.769 H5=0.308 H20=0.077
2026-04-13 16:17:46,294  INFO        P1 Epoch 20 | TrainLoss 0.2466 | ValLoss 0.2422 | ValAcc H1=0.769 H5=0.308 H20=0.077
2026-04-13 16:17:46,642  INFO        P1 Epoch 21 | TrainLoss 0.2464 | ValLoss 0.2422 | ValAcc H1=0.769 H5=0.308 H20=0.077
2026-04-13 16:17:46,988  INFO        P1 Epoch 22 | TrainLoss 0.2471 | ValLoss 0.2423 | ValAcc H1=0.769 H5=0.308 H20=0.077
2026-04-13 16:17:47,384  INFO        P1 Epoch 23 | TrainLoss 0.2466 | ValLoss 0.2423 | ValAcc H1=0.769 H5=0.308 H20=0.077
2026-04-13 16:17:47,384  INFO        Phase 1 early stopping at epoch 23
2026-04-13 16:17:47,397  INFO        Phase 1 complete. Best val_loss: 0.2423  H1=0.769 H5=0.308 H20=0.154
2026-04-13 16:17:47,403  INFO      Phase 1 checkpoint saved: models/fine_tuned/checkpoint_FOREXCOM_AUDUSDX_1W_phase1_20260413.pt
2026-04-13 16:17:47,404  INFO      Loading base checkpoint: models/base/checkpoint_base_v1.pt
2026-04-13 16:17:47,418  INFO        Base val_loss: 0.2463  (fold 3, epoch 22)
2026-04-13 16:17:47,429  INFO      Base model H1 accuracy on instrument val set: 0.692
2026-04-13 16:17:47,430  INFO      Fine-tuned  H1 accuracy (Phase 1)           : 0.769
2026-04-13 16:17:47,430  INFO      --------------------------------------------------
2026-04-13 16:17:47,430  INFO      Phase 2 — Verification gate
2026-04-13 16:17:47,430  INFO        Fine-tuned accuracy — H1=0.769  H5=0.308  H20=0.154  Mean=0.410
2026-04-13 16:17:47,430  INFO        Minimum required (mean across horizons) : 0.510
2026-04-13 16:17:47,430  WARNING     ✗ Phase 2 FAILED — mean accuracy 0.410 is below 0.510
2026-04-13 16:17:47,430  WARNING     H1=0.769  H5=0.308  H20=0.154
2026-04-13 16:17:47,430  WARNING     Instrument may be unpredictable at this resolution.
2026-04-13 16:17:47,431  WARNING     Using Phase 1 checkpoint as final output.
2026-04-13 16:17:47,431  INFO      ============================================================
2026-04-13 16:17:47,431  INFO      Fine-Tuning Summary
2026-04-13 16:17:47,431  INFO        Instrument     : FOREXCOM_AUDUSDX 1W
2026-04-13 16:17:47,431  INFO        Final phase    : 1
2026-04-13 16:17:47,431  INFO        Final checkpoint: models/fine_tuned/checkpoint_FOREXCOM_AUDUSDX_1W_phase1_20260413.pt
2026-04-13 16:17:47,442  INFO        Base model — H1=0.692  H5=0.231  H20=0.154  Mean=0.359
2026-04-13 16:17:47,442  INFO        Fine-tuned — H1=0.769  H5=0.308  H20=0.154  Mean=0.410  (Phase 1)
2026-04-13 16:17:47,442  INFO        Delta mean accuracy : +0.051  ✓ Fine-tuning improved accuracy.
2026-04-13 16:17:47,442  INFO        Per-horizon delta   :  H1=+0.077  H5=+0.077  H20=+0.000
2026-04-13 16:17:47,445  INFO        Metrics saved  : logs/finetune/FOREXCOM_AUDUSDX_1W_20260413_metrics.csv
2026-04-13 16:17:47,445  INFO      Stage 6 complete.
