2026-04-04 22:46:20,146  INFO      ============================================================
2026-04-04 22:46:20,147  INFO      Stage 6 Fine-Tuning — Start
2026-04-04 22:46:20,147  INFO      Instrument  : FOREXCOM_AUDUSDX
2026-04-04 22:46:20,147  INFO      Resolution  : 1D
2026-04-04 22:46:20,147  INFO      Device      : cpu
2026-04-04 22:46:20,147  INFO      Base checkpoint: models/base/checkpoint_base_v1.pt
2026-04-04 22:46:20,148  INFO      Loading: FOREXCOM_AUDUSDX_1D_20150101_20260326.npy
2026-04-04 22:46:21,720  INFO        Shape: (2743, 60, 42)  (2743 windows)
2026-04-04 22:46:21,733  INFO        Date range: 2015-09-09 → 2026-03-25  (10.5 years)
2026-04-04 22:46:21,733  INFO        Train windows: 2680  Val windows: 63
2026-04-04 22:46:21,733  INFO      Years of data: 10.5
2026-04-04 22:46:21,759  INFO      Loading base checkpoint: models/base/checkpoint_base_v1.pt
2026-04-04 22:46:21,772  INFO        Base val_loss: 0.2466  (fold 2, epoch 28)
2026-04-04 22:46:21,772  INFO      --------------------------------------------------
2026-04-04 22:46:21,772  INFO      Phase 1 — Head-only adaptation (encoder frozen)
2026-04-04 22:46:24,324  INFO        P1 Epoch  1 | TrainLoss 0.2467 | ValLoss 0.2488 | ValAcc H1=0.508 H5=0.492 H20=0.397
2026-04-04 22:46:25,934  INFO        P1 Epoch  2 | TrainLoss 0.2469 | ValLoss 0.2487 | ValAcc H1=0.508 H5=0.492 H20=0.397
2026-04-04 22:46:27,602  INFO        P1 Epoch  3 | TrainLoss 0.2466 | ValLoss 0.2487 | ValAcc H1=0.508 H5=0.492 H20=0.429
2026-04-04 22:46:29,275  INFO        P1 Epoch  4 | TrainLoss 0.2467 | ValLoss 0.2486 | ValAcc H1=0.508 H5=0.476 H20=0.429
2026-04-04 22:46:30,841  INFO        P1 Epoch  5 | TrainLoss 0.2467 | ValLoss 0.2486 | ValAcc H1=0.508 H5=0.476 H20=0.429
2026-04-04 22:46:32,469  INFO        P1 Epoch  6 | TrainLoss 0.2467 | ValLoss 0.2486 | ValAcc H1=0.508 H5=0.476 H20=0.429
2026-04-04 22:46:34,189  INFO        P1 Epoch  7 | TrainLoss 0.2466 | ValLoss 0.2487 | ValAcc H1=0.508 H5=0.476 H20=0.429
2026-04-04 22:46:35,809  INFO        P1 Epoch  8 | TrainLoss 0.2466 | ValLoss 0.2485 | ValAcc H1=0.508 H5=0.476 H20=0.429
2026-04-04 22:46:37,500  INFO        P1 Epoch  9 | TrainLoss 0.2467 | ValLoss 0.2485 | ValAcc H1=0.508 H5=0.476 H20=0.429
2026-04-04 22:46:39,107  INFO        P1 Epoch 10 | TrainLoss 0.2466 | ValLoss 0.2485 | ValAcc H1=0.508 H5=0.476 H20=0.429
2026-04-04 22:46:40,754  INFO        P1 Epoch 11 | TrainLoss 0.2466 | ValLoss 0.2485 | ValAcc H1=0.508 H5=0.476 H20=0.429
2026-04-04 22:46:42,382  INFO        P1 Epoch 12 | TrainLoss 0.2466 | ValLoss 0.2485 | ValAcc H1=0.508 H5=0.476 H20=0.429
2026-04-04 22:46:44,009  INFO        P1 Epoch 13 | TrainLoss 0.2467 | ValLoss 0.2485 | ValAcc H1=0.508 H5=0.476 H20=0.429
2026-04-04 22:46:45,733  INFO        P1 Epoch 14 | TrainLoss 0.2466 | ValLoss 0.2485 | ValAcc H1=0.508 H5=0.476 H20=0.429
2026-04-04 22:46:47,420  INFO        P1 Epoch 15 | TrainLoss 0.2465 | ValLoss 0.2485 | ValAcc H1=0.508 H5=0.476 H20=0.429
2026-04-04 22:46:49,064  INFO        P1 Epoch 16 | TrainLoss 0.2465 | ValLoss 0.2485 | ValAcc H1=0.508 H5=0.476 H20=0.429
2026-04-04 22:46:50,668  INFO        P1 Epoch 17 | TrainLoss 0.2465 | ValLoss 0.2485 | ValAcc H1=0.508 H5=0.476 H20=0.444
2026-04-04 22:46:52,350  INFO        P1 Epoch 18 | TrainLoss 0.2467 | ValLoss 0.2485 | ValAcc H1=0.508 H5=0.476 H20=0.429
2026-04-04 22:46:53,947  INFO        P1 Epoch 19 | TrainLoss 0.2466 | ValLoss 0.2485 | ValAcc H1=0.508 H5=0.476 H20=0.444
2026-04-04 22:46:55,611  INFO        P1 Epoch 20 | TrainLoss 0.2467 | ValLoss 0.2485 | ValAcc H1=0.508 H5=0.476 H20=0.429
2026-04-04 22:46:55,611  INFO        Phase 1 early stopping at epoch 20
2026-04-04 22:46:55,645  INFO        Phase 1 complete. Best val_loss: 0.2485  H1=0.508 H5=0.476 H20=0.429
2026-04-04 22:46:55,650  INFO      Phase 1 checkpoint saved: models/fine_tuned/checkpoint_FOREXCOM_AUDUSDX_1D_phase1_20260404.pt
2026-04-04 22:46:55,650  INFO      Loading base checkpoint: models/base/checkpoint_base_v1.pt
2026-04-04 22:46:55,660  INFO        Base val_loss: 0.2466  (fold 2, epoch 28)
2026-04-04 22:46:55,693  INFO      Base model H1 accuracy on instrument val set: 0.508
2026-04-04 22:46:55,694  INFO      Fine-tuned  H1 accuracy (Phase 1)           : 0.508
2026-04-04 22:46:55,694  INFO      --------------------------------------------------
2026-04-04 22:46:55,694  INFO      Phase 2 — Verification gate
2026-04-04 22:46:55,694  INFO        Fine-tuned accuracy — H1=0.508  H5=0.476  H20=0.429  Mean=0.471
2026-04-04 22:46:55,694  INFO        Minimum required (mean across horizons) : 0.510
2026-04-04 22:46:55,694  WARNING     ✗ Phase 2 FAILED — mean accuracy 0.471 is below 0.510
2026-04-04 22:46:55,694  WARNING     H1=0.508  H5=0.476  H20=0.429
2026-04-04 22:46:55,694  WARNING     Instrument may be unpredictable at this resolution.
2026-04-04 22:46:55,694  WARNING     Using Phase 1 checkpoint as final output.
2026-04-04 22:46:55,694  INFO      ============================================================
2026-04-04 22:46:55,695  INFO      Fine-Tuning Summary
2026-04-04 22:46:55,695  INFO        Instrument     : FOREXCOM_AUDUSDX 1D
2026-04-04 22:46:55,695  INFO        Final phase    : 1
2026-04-04 22:46:55,695  INFO        Final checkpoint: models/fine_tuned/checkpoint_FOREXCOM_AUDUSDX_1D_phase1_20260404.pt
2026-04-04 22:46:55,727  INFO        Base model — H1=0.508  H5=0.492  H20=0.381  Mean=0.460
2026-04-04 22:46:55,727  INFO        Fine-tuned — H1=0.508  H5=0.476  H20=0.429  Mean=0.471  (Phase 1)
2026-04-04 22:46:55,728  INFO        Delta mean accuracy : +0.011  ✓ Fine-tuning improved accuracy.
2026-04-04 22:46:55,728  INFO        Per-horizon delta   :  H1=+0.000  H5=-0.016  H20=+0.048
2026-04-04 22:46:55,730  INFO        Metrics saved  : logs/finetune/FOREXCOM_AUDUSDX_1D_20260404_metrics.csv
2026-04-04 22:46:55,730  INFO      Stage 6 complete.
