2026-04-04 22:53:08,545  INFO      ============================================================
2026-04-04 22:53:08,545  INFO      Stage 6 Fine-Tuning — Start
2026-04-04 22:53:08,546  INFO      Instrument  : FOREXCOM_EURUSDX
2026-04-04 22:53:08,546  INFO      Resolution  : 1D
2026-04-04 22:53:08,546  INFO      Device      : cpu
2026-04-04 22:53:08,546  INFO      Base checkpoint: models/base/checkpoint_base_v1.pt
2026-04-04 22:53:08,547  INFO      Loading: FOREXCOM_EURUSDX_1D_20150101_20260326.npy
2026-04-04 22:53:10,143  INFO        Shape: (2743, 60, 42)  (2743 windows)
2026-04-04 22:53:10,155  INFO        Date range: 2015-09-09 → 2026-03-25  (10.5 years)
2026-04-04 22:53:10,155  INFO        Train windows: 2680  Val windows: 63
2026-04-04 22:53:10,155  INFO      Years of data: 10.5
2026-04-04 22:53:10,193  INFO      Loading base checkpoint: models/base/checkpoint_base_v1.pt
2026-04-04 22:53:10,206  INFO        Base val_loss: 0.2466  (fold 2, epoch 28)
2026-04-04 22:53:10,206  INFO      --------------------------------------------------
2026-04-04 22:53:10,206  INFO      Phase 1 — Head-only adaptation (encoder frozen)
2026-04-04 22:53:12,688  INFO        P1 Epoch  1 | TrainLoss 0.2467 | ValLoss 0.2428 | ValAcc H1=0.619 H5=0.651 H20=0.635
2026-04-04 22:53:14,397  INFO        P1 Epoch  2 | TrainLoss 0.2466 | ValLoss 0.2427 | ValAcc H1=0.619 H5=0.651 H20=0.635
2026-04-04 22:53:16,027  INFO        P1 Epoch  3 | TrainLoss 0.2467 | ValLoss 0.2425 | ValAcc H1=0.635 H5=0.667 H20=0.635
2026-04-04 22:53:17,663  INFO        P1 Epoch  4 | TrainLoss 0.2467 | ValLoss 0.2426 | ValAcc H1=0.635 H5=0.667 H20=0.635
2026-04-04 22:53:19,214  INFO        P1 Epoch  5 | TrainLoss 0.2465 | ValLoss 0.2426 | ValAcc H1=0.635 H5=0.667 H20=0.635
2026-04-04 22:53:20,772  INFO        P1 Epoch  6 | TrainLoss 0.2466 | ValLoss 0.2425 | ValAcc H1=0.651 H5=0.667 H20=0.635
2026-04-04 22:53:23,063  INFO        P1 Epoch  7 | TrainLoss 0.2466 | ValLoss 0.2424 | ValAcc H1=0.651 H5=0.667 H20=0.619
2026-04-04 22:53:25,076  INFO        P1 Epoch  8 | TrainLoss 0.2465 | ValLoss 0.2423 | ValAcc H1=0.651 H5=0.667 H20=0.635
2026-04-04 22:53:26,778  INFO        P1 Epoch  9 | TrainLoss 0.2465 | ValLoss 0.2424 | ValAcc H1=0.651 H5=0.667 H20=0.635
2026-04-04 22:53:28,632  INFO        P1 Epoch 10 | TrainLoss 0.2465 | ValLoss 0.2423 | ValAcc H1=0.651 H5=0.667 H20=0.619
2026-04-04 22:53:30,251  INFO        P1 Epoch 11 | TrainLoss 0.2465 | ValLoss 0.2422 | ValAcc H1=0.651 H5=0.667 H20=0.619
2026-04-04 22:53:31,870  INFO        P1 Epoch 12 | TrainLoss 0.2466 | ValLoss 0.2423 | ValAcc H1=0.651 H5=0.667 H20=0.619
2026-04-04 22:53:33,591  INFO        P1 Epoch 13 | TrainLoss 0.2465 | ValLoss 0.2423 | ValAcc H1=0.651 H5=0.667 H20=0.635
2026-04-04 22:53:35,518  INFO        P1 Epoch 14 | TrainLoss 0.2466 | ValLoss 0.2423 | ValAcc H1=0.651 H5=0.667 H20=0.635
2026-04-04 22:53:37,191  INFO        P1 Epoch 15 | TrainLoss 0.2466 | ValLoss 0.2423 | ValAcc H1=0.651 H5=0.667 H20=0.619
2026-04-04 22:53:38,848  INFO        P1 Epoch 16 | TrainLoss 0.2465 | ValLoss 0.2423 | ValAcc H1=0.651 H5=0.651 H20=0.635
2026-04-04 22:53:40,648  INFO        P1 Epoch 17 | TrainLoss 0.2465 | ValLoss 0.2423 | ValAcc H1=0.651 H5=0.651 H20=0.635
2026-04-04 22:53:42,273  INFO        P1 Epoch 18 | TrainLoss 0.2465 | ValLoss 0.2423 | ValAcc H1=0.651 H5=0.651 H20=0.635
2026-04-04 22:53:43,840  INFO        P1 Epoch 19 | TrainLoss 0.2465 | ValLoss 0.2423 | ValAcc H1=0.651 H5=0.651 H20=0.635
2026-04-04 22:53:45,884  INFO        P1 Epoch 20 | TrainLoss 0.2463 | ValLoss 0.2423 | ValAcc H1=0.651 H5=0.651 H20=0.635
2026-04-04 22:53:47,701  INFO        P1 Epoch 21 | TrainLoss 0.2465 | ValLoss 0.2423 | ValAcc H1=0.651 H5=0.651 H20=0.635
2026-04-04 22:53:47,702  INFO        Phase 1 early stopping at epoch 21
2026-04-04 22:53:47,736  INFO        Phase 1 complete. Best val_loss: 0.2422  H1=0.651 H5=0.667 H20=0.619
2026-04-04 22:53:47,740  INFO      Phase 1 checkpoint saved: models/fine_tuned/checkpoint_FOREXCOM_EURUSDX_1D_phase1_20260404.pt
2026-04-04 22:53:47,741  INFO      Loading base checkpoint: models/base/checkpoint_base_v1.pt
2026-04-04 22:53:47,750  INFO        Base val_loss: 0.2466  (fold 2, epoch 28)
2026-04-04 22:53:47,786  INFO      Base model H1 accuracy on instrument val set: 0.635
2026-04-04 22:53:47,786  INFO      Fine-tuned  H1 accuracy (Phase 1)           : 0.651
2026-04-04 22:53:47,786  INFO      --------------------------------------------------
2026-04-04 22:53:47,786  INFO      Phase 2 — Verification gate
2026-04-04 22:53:47,786  INFO        Fine-tuned accuracy — H1=0.651  H5=0.667  H20=0.619  Mean=0.646
2026-04-04 22:53:47,787  INFO        Minimum required (mean across horizons) : 0.510
2026-04-04 22:53:47,787  INFO        ✓ Phase 2 PASSED (H1=0.651  H5=0.667  H20=0.619) — proceeding to Phase 3
2026-04-04 22:53:47,787  INFO      --------------------------------------------------
2026-04-04 22:53:47,787  INFO      Phase 3 — Selective encoder unfreeze
2026-04-04 22:53:47,787  INFO        Encoder layers 1 & 2 unfrozen (layer 0 frozen)
2026-04-04 22:53:47,788  INFO        Encoder LR: 1e-05  Head LR: 3e-05
2026-04-04 22:53:47,788  INFO        Dropout: encoder=0.40  head=0.45
2026-04-04 22:53:54,753  INFO        P3 Epoch  1 | TrainLoss 0.2466 | ValLoss 0.2422 | Gap 0.0044 | ValAcc H1=0.651 H5=0.651 H20=0.619
2026-04-04 22:54:01,767  INFO        P3 Epoch  2 | TrainLoss 0.2465 | ValLoss 0.2424 | Gap 0.0041 | ValAcc H1=0.651 H5=0.651 H20=0.635
2026-04-04 22:54:08,808  INFO        P3 Epoch  3 | TrainLoss 0.2465 | ValLoss 0.2423 | Gap 0.0042 | ValAcc H1=0.651 H5=0.651 H20=0.619
2026-04-04 22:54:15,680  INFO        P3 Epoch  4 | TrainLoss 0.2465 | ValLoss 0.2424 | Gap 0.0042 | ValAcc H1=0.651 H5=0.667 H20=0.635
2026-04-04 22:54:22,936  INFO        P3 Epoch  5 | TrainLoss 0.2464 | ValLoss 0.2424 | Gap 0.0040 | ValAcc H1=0.651 H5=0.667 H20=0.635
2026-04-04 22:54:29,956  INFO        P3 Epoch  6 | TrainLoss 0.2466 | ValLoss 0.2422 | Gap 0.0044 | ValAcc H1=0.651 H5=0.651 H20=0.619
2026-04-04 22:54:36,848  INFO        P3 Epoch  7 | TrainLoss 0.2463 | ValLoss 0.2422 | Gap 0.0041 | ValAcc H1=0.651 H5=0.651 H20=0.635
2026-04-04 22:54:43,774  INFO        P3 Epoch  8 | TrainLoss 0.2464 | ValLoss 0.2422 | Gap 0.0042 | ValAcc H1=0.651 H5=0.667 H20=0.635
2026-04-04 22:54:50,832  INFO        P3 Epoch  9 | TrainLoss 0.2464 | ValLoss 0.2421 | Gap 0.0043 | ValAcc H1=0.651 H5=0.651 H20=0.619
2026-04-04 22:54:57,949  INFO        P3 Epoch 10 | TrainLoss 0.2463 | ValLoss 0.2421 | Gap 0.0042 | ValAcc H1=0.651 H5=0.651 H20=0.635
2026-04-04 22:55:04,549  INFO        P3 Epoch 11 | TrainLoss 0.2465 | ValLoss 0.2422 | Gap 0.0043 | ValAcc H1=0.651 H5=0.651 H20=0.635
2026-04-04 22:55:11,219  INFO        P3 Epoch 12 | TrainLoss 0.2466 | ValLoss 0.2421 | Gap 0.0045 | ValAcc H1=0.651 H5=0.651 H20=0.635
2026-04-04 22:55:17,847  INFO        P3 Epoch 13 | TrainLoss 0.2467 | ValLoss 0.2422 | Gap 0.0046 | ValAcc H1=0.651 H5=0.651 H20=0.635
2026-04-04 22:55:24,679  INFO        P3 Epoch 14 | TrainLoss 0.2463 | ValLoss 0.2421 | Gap 0.0042 | ValAcc H1=0.651 H5=0.651 H20=0.635
2026-04-04 22:55:31,338  INFO        P3 Epoch 15 | TrainLoss 0.2463 | ValLoss 0.2422 | Gap 0.0041 | ValAcc H1=0.651 H5=0.651 H20=0.635
2026-04-04 22:55:37,939  INFO        P3 Epoch 16 | TrainLoss 0.2466 | ValLoss 0.2422 | Gap 0.0045 | ValAcc H1=0.651 H5=0.651 H20=0.635
2026-04-04 22:55:44,640  INFO        P3 Epoch 17 | TrainLoss 0.2464 | ValLoss 0.2422 | Gap 0.0043 | ValAcc H1=0.651 H5=0.651 H20=0.635
2026-04-04 22:55:44,640  INFO        Phase 3 early stopping at epoch 17
2026-04-04 22:55:44,641  INFO        Phase 3 complete. Best val_loss: 0.2421
2026-04-04 22:55:44,678  INFO      Phase 3 checkpoint saved: models/fine_tuned/checkpoint_FOREXCOM_EURUSDX_1D_phase3_20260404.pt
2026-04-04 22:55:44,678  INFO      ============================================================
2026-04-04 22:55:44,678  INFO      Fine-Tuning Summary
2026-04-04 22:55:44,678  INFO        Instrument     : FOREXCOM_EURUSDX 1D
2026-04-04 22:55:44,678  INFO        Final phase    : 3
2026-04-04 22:55:44,679  INFO        Final checkpoint: models/fine_tuned/checkpoint_FOREXCOM_EURUSDX_1D_phase3_20260404.pt
2026-04-04 22:55:44,712  INFO        Base model — H1=0.635  H5=0.651  H20=0.635  Mean=0.640
2026-04-04 22:55:44,712  INFO        Fine-tuned — H1=0.651  H5=0.651  H20=0.619  Mean=0.640  (Phase 3)
2026-04-04 22:55:44,712  INFO        Delta mean accuracy : +0.000  = Fine-tuning matched base model.
2026-04-04 22:55:44,712  INFO        Per-horizon delta   :  H1=+0.016  H5=+0.000  H20=-0.016
2026-04-04 22:55:44,714  INFO        Metrics saved  : logs/finetune/FOREXCOM_EURUSDX_1D_20260404_metrics.csv
2026-04-04 22:55:44,715  INFO      Stage 6 complete.
