2026-04-13 16:53:49,182  INFO      ============================================================
2026-04-13 16:53:49,182  INFO      Stage 6 Fine-Tuning — Start
2026-04-13 16:53:49,182  INFO      Instrument  : FOREXCOM_USDCADX
2026-04-13 16:53:49,183  INFO      Resolution  : 1W
2026-04-13 16:53:49,183  INFO      Device      : cpu
2026-04-13 16:53:49,183  INFO      Base checkpoint: models/base/checkpoint_base_v1.pt
2026-04-13 16:53:49,184  INFO      Loading: FOREXCOM_USDCADX_1W_20150101_20260412.npy
2026-04-13 16:53:49,495  INFO        Shape: (410, 60, 47)  (410 windows)
2026-04-13 16:53:49,500  INFO        Date range: 2018-06-07 → 2026-04-09  (7.8 years)
2026-04-13 16:53:49,500  INFO        Train windows: 397  Val windows: 13
2026-04-13 16:53:49,500  INFO      Years of data: 7.8
2026-04-13 16:53:49,505  INFO      Loading base checkpoint: models/base/checkpoint_base_v1.pt
2026-04-13 16:53:49,521  INFO        Base val_loss: 0.2463  (fold 3, epoch 22)
2026-04-13 16:53:49,521  INFO      --------------------------------------------------
2026-04-13 16:53:49,521  INFO      Phase 1 — Head-only adaptation (encoder frozen)
2026-04-13 16:53:50,848  INFO        P1 Epoch  1 | TrainLoss 0.2456 | ValLoss 0.2471 | ValAcc H1=0.538 H5=0.769 H20=1.000
2026-04-13 16:53:51,311  INFO        P1 Epoch  2 | TrainLoss 0.2457 | ValLoss 0.2472 | ValAcc H1=0.538 H5=0.769 H20=1.000
2026-04-13 16:53:51,702  INFO        P1 Epoch  3 | TrainLoss 0.2465 | ValLoss 0.2472 | ValAcc H1=0.538 H5=0.769 H20=1.000
2026-04-13 16:53:52,052  INFO        P1 Epoch  4 | TrainLoss 0.2453 | ValLoss 0.2473 | ValAcc H1=0.538 H5=0.769 H20=1.000
2026-04-13 16:53:52,432  INFO        P1 Epoch  5 | TrainLoss 0.2472 | ValLoss 0.2473 | ValAcc H1=0.538 H5=0.769 H20=1.000
2026-04-13 16:53:52,767  INFO        P1 Epoch  6 | TrainLoss 0.2453 | ValLoss 0.2474 | ValAcc H1=0.538 H5=0.769 H20=1.000
2026-04-13 16:53:53,107  INFO        P1 Epoch  7 | TrainLoss 0.2449 | ValLoss 0.2474 | ValAcc H1=0.538 H5=0.769 H20=1.000
2026-04-13 16:53:53,490  INFO        P1 Epoch  8 | TrainLoss 0.2462 | ValLoss 0.2475 | ValAcc H1=0.538 H5=0.769 H20=1.000
2026-04-13 16:53:53,845  INFO        P1 Epoch  9 | TrainLoss 0.2448 | ValLoss 0.2475 | ValAcc H1=0.538 H5=0.769 H20=1.000
2026-04-13 16:53:54,201  INFO        P1 Epoch 10 | TrainLoss 0.2463 | ValLoss 0.2476 | ValAcc H1=0.538 H5=0.769 H20=1.000
2026-04-13 16:53:54,629  INFO        P1 Epoch 11 | TrainLoss 0.2470 | ValLoss 0.2477 | ValAcc H1=0.538 H5=0.769 H20=1.000
2026-04-13 16:53:54,629  INFO        Phase 1 early stopping at epoch 11
2026-04-13 16:53:54,641  INFO        Phase 1 complete. Best val_loss: 0.2471  H1=0.538 H5=0.769 H20=1.000
2026-04-13 16:53:54,646  INFO      Phase 1 checkpoint saved: models/fine_tuned/checkpoint_FOREXCOM_USDCADX_1W_phase1_20260413.pt
2026-04-13 16:53:54,646  INFO      Loading base checkpoint: models/base/checkpoint_base_v1.pt
2026-04-13 16:53:54,657  INFO        Base val_loss: 0.2463  (fold 3, epoch 22)
2026-04-13 16:53:54,668  INFO      Base model H1 accuracy on instrument val set: 0.538
2026-04-13 16:53:54,669  INFO      Fine-tuned  H1 accuracy (Phase 1)           : 0.538
2026-04-13 16:53:54,669  INFO      --------------------------------------------------
2026-04-13 16:53:54,669  INFO      Phase 2 — Verification gate
2026-04-13 16:53:54,669  INFO        Fine-tuned accuracy — H1=0.538  H5=0.769  H20=1.000  Mean=0.769
2026-04-13 16:53:54,669  INFO        Minimum required (mean across horizons) : 0.510
2026-04-13 16:53:54,669  INFO        ✓ Phase 2 PASSED (H1=0.538  H5=0.769  H20=1.000) — proceeding to Phase 3
2026-04-13 16:53:54,669  INFO      --------------------------------------------------
2026-04-13 16:53:54,669  INFO      Phase 3 — Selective encoder unfreeze
2026-04-13 16:53:54,670  INFO        Encoder layers 1 & 2 unfrozen (layer 0 frozen)
2026-04-13 16:53:54,670  INFO        Encoder LR: 1e-05  Head LR: 3e-05
2026-04-13 16:53:54,670  INFO        Dropout: encoder=0.40  head=0.45
2026-04-13 16:53:55,803  INFO        P3 Epoch  1 | TrainLoss 0.2467 | ValLoss 0.2472 | Gap -0.0005 | ValAcc H1=0.538 H5=0.769 H20=1.000
2026-04-13 16:53:57,078  INFO        P3 Epoch  2 | TrainLoss 0.2470 | ValLoss 0.2473 | Gap -0.0003 | ValAcc H1=0.538 H5=0.769 H20=1.000
2026-04-13 16:53:58,173  INFO        P3 Epoch  3 | TrainLoss 0.2473 | ValLoss 0.2474 | Gap -0.0001 | ValAcc H1=0.538 H5=0.769 H20=1.000
2026-04-13 16:53:59,333  INFO        P3 Epoch  4 | TrainLoss 0.2451 | ValLoss 0.2475 | Gap -0.0024 | ValAcc H1=0.538 H5=0.769 H20=1.000
2026-04-13 16:54:00,473  INFO        P3 Epoch  5 | TrainLoss 0.2477 | ValLoss 0.2477 | Gap 0.0000 | ValAcc H1=0.538 H5=0.769 H20=1.000
2026-04-13 16:54:01,717  INFO        P3 Epoch  6 | TrainLoss 0.2463 | ValLoss 0.2478 | Gap -0.0014 | ValAcc H1=0.538 H5=0.769 H20=1.000
2026-04-13 16:54:02,935  INFO        P3 Epoch  7 | TrainLoss 0.2461 | ValLoss 0.2478 | Gap -0.0017 | ValAcc H1=0.538 H5=0.769 H20=1.000
2026-04-13 16:54:04,020  INFO        P3 Epoch  8 | TrainLoss 0.2471 | ValLoss 0.2479 | Gap -0.0008 | ValAcc H1=0.538 H5=0.769 H20=1.000
2026-04-13 16:54:05,186  INFO        P3 Epoch  9 | TrainLoss 0.2460 | ValLoss 0.2479 | Gap -0.0019 | ValAcc H1=0.538 H5=0.769 H20=1.000
2026-04-13 16:54:05,186  INFO        Phase 3 early stopping at epoch 9
2026-04-13 16:54:05,187  INFO        Phase 3 complete. Best val_loss: 0.2472
2026-04-13 16:54:05,210  INFO      Phase 3 checkpoint saved: models/fine_tuned/checkpoint_FOREXCOM_USDCADX_1W_phase3_20260413.pt
2026-04-13 16:54:05,210  INFO      ============================================================
2026-04-13 16:54:05,210  INFO      Fine-Tuning Summary
2026-04-13 16:54:05,211  INFO        Instrument     : FOREXCOM_USDCADX 1W
2026-04-13 16:54:05,211  INFO        Final phase    : 3
2026-04-13 16:54:05,211  INFO        Final checkpoint: models/fine_tuned/checkpoint_FOREXCOM_USDCADX_1W_phase3_20260413.pt
2026-04-13 16:54:05,226  INFO        Base model — H1=0.538  H5=0.769  H20=1.000  Mean=0.769
2026-04-13 16:54:05,227  INFO        Fine-tuned — H1=0.538  H5=0.769  H20=1.000  Mean=0.769  (Phase 3)
2026-04-13 16:54:05,227  INFO        Delta mean accuracy : +0.000  = Fine-tuning matched base model.
2026-04-13 16:54:05,227  INFO        Per-horizon delta   :  H1=+0.000  H5=+0.000  H20=+0.000
2026-04-13 16:54:05,229  INFO        Metrics saved  : logs/finetune/FOREXCOM_USDCADX_1W_20260413_metrics.csv
2026-04-13 16:54:05,229  INFO      Stage 6 complete.
