2026-04-04 22:44:01,296  INFO      ============================================================
2026-04-04 22:44:01,296  INFO      Stage 6 Fine-Tuning — Start
2026-04-04 22:44:01,296  INFO      Instrument  : FOREXCOM_AUDNZDX
2026-04-04 22:44:01,297  INFO      Resolution  : 1D
2026-04-04 22:44:01,297  INFO      Device      : cpu
2026-04-04 22:44:01,297  INFO      Base checkpoint: models/base/checkpoint_base_v1.pt
2026-04-04 22:44:01,298  INFO      Loading: FOREXCOM_AUDNZDX_1D_20150101_20260326.npy
2026-04-04 22:44:02,992  INFO        Shape: (2745, 60, 42)  (2745 windows)
2026-04-04 22:44:03,004  INFO        Date range: 2015-09-09 → 2026-03-25  (10.5 years)
2026-04-04 22:44:03,004  INFO        Train windows: 2682  Val windows: 63
2026-04-04 22:44:03,004  INFO      Years of data: 10.5
2026-04-04 22:44:03,028  INFO      Loading base checkpoint: models/base/checkpoint_base_v1.pt
2026-04-04 22:44:03,041  INFO        Base val_loss: 0.2466  (fold 2, epoch 28)
2026-04-04 22:44:03,042  INFO      --------------------------------------------------
2026-04-04 22:44:03,042  INFO      Phase 1 — Head-only adaptation (encoder frozen)
2026-04-04 22:44:05,574  INFO        P1 Epoch  1 | TrainLoss 0.2475 | ValLoss 0.2464 | ValAcc H1=0.587 H5=0.508 H20=0.444
2026-04-04 22:44:07,265  INFO        P1 Epoch  2 | TrainLoss 0.2474 | ValLoss 0.2465 | ValAcc H1=0.571 H5=0.508 H20=0.444
2026-04-04 22:44:08,850  INFO        P1 Epoch  3 | TrainLoss 0.2474 | ValLoss 0.2466 | ValAcc H1=0.556 H5=0.508 H20=0.444
2026-04-04 22:44:10,520  INFO        P1 Epoch  4 | TrainLoss 0.2471 | ValLoss 0.2466 | ValAcc H1=0.556 H5=0.508 H20=0.429
2026-04-04 22:44:12,198  INFO        P1 Epoch  5 | TrainLoss 0.2472 | ValLoss 0.2467 | ValAcc H1=0.540 H5=0.508 H20=0.429
2026-04-04 22:44:13,785  INFO        P1 Epoch  6 | TrainLoss 0.2473 | ValLoss 0.2468 | ValAcc H1=0.524 H5=0.508 H20=0.444
2026-04-04 22:44:15,470  INFO        P1 Epoch  7 | TrainLoss 0.2472 | ValLoss 0.2468 | ValAcc H1=0.524 H5=0.492 H20=0.444
2026-04-04 22:44:17,154  INFO        P1 Epoch  8 | TrainLoss 0.2472 | ValLoss 0.2468 | ValAcc H1=0.524 H5=0.508 H20=0.429
2026-04-04 22:44:18,732  INFO        P1 Epoch  9 | TrainLoss 0.2472 | ValLoss 0.2469 | ValAcc H1=0.524 H5=0.508 H20=0.429
2026-04-04 22:44:20,304  INFO        P1 Epoch 10 | TrainLoss 0.2471 | ValLoss 0.2469 | ValAcc H1=0.540 H5=0.508 H20=0.444
2026-04-04 22:44:22,070  INFO        P1 Epoch 11 | TrainLoss 0.2471 | ValLoss 0.2469 | ValAcc H1=0.540 H5=0.492 H20=0.429
2026-04-04 22:44:22,070  INFO        Phase 1 early stopping at epoch 11
2026-04-04 22:44:22,106  INFO        Phase 1 complete. Best val_loss: 0.2464  H1=0.587 H5=0.508 H20=0.444
2026-04-04 22:44:22,110  INFO      Phase 1 checkpoint saved: models/fine_tuned/checkpoint_FOREXCOM_AUDNZDX_1D_phase1_20260404.pt
2026-04-04 22:44:22,111  INFO      Loading base checkpoint: models/base/checkpoint_base_v1.pt
2026-04-04 22:44:22,120  INFO        Base val_loss: 0.2466  (fold 2, epoch 28)
2026-04-04 22:44:22,154  INFO      Base model H1 accuracy on instrument val set: 0.571
2026-04-04 22:44:22,155  INFO      Fine-tuned  H1 accuracy (Phase 1)           : 0.587
2026-04-04 22:44:22,155  INFO      --------------------------------------------------
2026-04-04 22:44:22,155  INFO      Phase 2 — Verification gate
2026-04-04 22:44:22,155  INFO        Fine-tuned accuracy — H1=0.587  H5=0.508  H20=0.444  Mean=0.513
2026-04-04 22:44:22,155  INFO        Minimum required (mean across horizons) : 0.510
2026-04-04 22:44:22,155  INFO        ✓ Phase 2 PASSED (H1=0.587  H5=0.508  H20=0.444) — proceeding to Phase 3
2026-04-04 22:44:22,155  INFO      --------------------------------------------------
2026-04-04 22:44:22,155  INFO      Phase 3 — Selective encoder unfreeze
2026-04-04 22:44:22,156  INFO        Encoder layers 1 & 2 unfrozen (layer 0 frozen)
2026-04-04 22:44:22,156  INFO        Encoder LR: 1e-05  Head LR: 3e-05
2026-04-04 22:44:22,156  INFO        Dropout: encoder=0.40  head=0.45
2026-04-04 22:44:28,810  INFO        P3 Epoch  1 | TrainLoss 0.2472 | ValLoss 0.2465 | Gap 0.0007 | ValAcc H1=0.540 H5=0.508 H20=0.429
2026-04-04 22:44:35,603  INFO        P3 Epoch  2 | TrainLoss 0.2473 | ValLoss 0.2467 | Gap 0.0007 | ValAcc H1=0.540 H5=0.492 H20=0.444
2026-04-04 22:44:42,263  INFO        P3 Epoch  3 | TrainLoss 0.2472 | ValLoss 0.2467 | Gap 0.0005 | ValAcc H1=0.540 H5=0.508 H20=0.429
2026-04-04 22:44:48,911  INFO        P3 Epoch  4 | TrainLoss 0.2474 | ValLoss 0.2469 | Gap 0.0005 | ValAcc H1=0.524 H5=0.492 H20=0.444
2026-04-04 22:44:55,696  INFO        P3 Epoch  5 | TrainLoss 0.2473 | ValLoss 0.2469 | Gap 0.0004 | ValAcc H1=0.524 H5=0.492 H20=0.444
2026-04-04 22:45:02,420  INFO        P3 Epoch  6 | TrainLoss 0.2470 | ValLoss 0.2470 | Gap 0.0001 | ValAcc H1=0.540 H5=0.476 H20=0.429
2026-04-04 22:45:09,050  INFO        P3 Epoch  7 | TrainLoss 0.2471 | ValLoss 0.2470 | Gap 0.0000 | ValAcc H1=0.571 H5=0.476 H20=0.444
2026-04-04 22:45:15,737  INFO        P3 Epoch  8 | TrainLoss 0.2470 | ValLoss 0.2470 | Gap 0.0000 | ValAcc H1=0.556 H5=0.476 H20=0.413
2026-04-04 22:45:22,389  INFO        P3 Epoch  9 | TrainLoss 0.2470 | ValLoss 0.2471 | Gap -0.0001 | ValAcc H1=0.587 H5=0.476 H20=0.413
2026-04-04 22:45:22,389  INFO        Phase 3 early stopping at epoch 9
2026-04-04 22:45:22,390  INFO        Phase 3 complete. Best val_loss: 0.2465
2026-04-04 22:45:22,427  INFO      Phase 3 checkpoint saved: models/fine_tuned/checkpoint_FOREXCOM_AUDNZDX_1D_phase3_20260404.pt
2026-04-04 22:45:22,428  INFO      ============================================================
2026-04-04 22:45:22,428  INFO      Fine-Tuning Summary
2026-04-04 22:45:22,428  INFO        Instrument     : FOREXCOM_AUDNZDX 1D
2026-04-04 22:45:22,428  INFO        Final phase    : 3
2026-04-04 22:45:22,428  INFO        Final checkpoint: models/fine_tuned/checkpoint_FOREXCOM_AUDNZDX_1D_phase3_20260404.pt
2026-04-04 22:45:22,462  INFO        Base model — H1=0.571  H5=0.508  H20=0.429  Mean=0.503
2026-04-04 22:45:22,463  INFO        Fine-tuned — H1=0.540  H5=0.508  H20=0.429  Mean=0.492  (Phase 3)
2026-04-04 22:45:22,463  WARNING     Delta mean accuracy : -0.011  ⚠  Fine-tuning degraded mean accuracy. Consider using the base model for this instrument. H1 delta=-0.032  H5 delta=+0.000  H20 delta=+0.000
2026-04-04 22:45:22,466  INFO        Metrics saved  : logs/finetune/FOREXCOM_AUDNZDX_1D_20260404_metrics.csv
2026-04-04 22:45:22,466  INFO      Stage 6 complete.
