2026-04-04 23:00:10,204  INFO      ============================================================
2026-04-04 23:00:10,204  INFO      Stage 6 Fine-Tuning — Start
2026-04-04 23:00:10,205  INFO      Instrument  : FOREXCOM_GBPUSDX
2026-04-04 23:00:10,205  INFO      Resolution  : 1W
2026-04-04 23:00:10,205  INFO      Device      : cpu
2026-04-04 23:00:10,205  INFO      Base checkpoint: models/base/checkpoint_base_v1.pt
2026-04-04 23:00:10,206  INFO      Loading: FOREXCOM_GBPUSDX_1W_20150101_20260326.npy
2026-04-04 23:00:10,501  INFO        Shape: (407, 60, 42)  (407 windows)
2026-04-04 23:00:10,506  INFO        Date range: 2018-06-07 → 2026-03-19  (7.8 years)
2026-04-04 23:00:10,506  INFO        Train windows: 394  Val windows: 13
2026-04-04 23:00:10,506  INFO      Years of data: 7.8
2026-04-04 23:00:10,511  INFO      Loading base checkpoint: models/base/checkpoint_base_v1.pt
2026-04-04 23:00:10,524  INFO        Base val_loss: 0.2466  (fold 2, epoch 28)
2026-04-04 23:00:10,524  INFO      --------------------------------------------------
2026-04-04 23:00:10,524  INFO      Phase 1 — Head-only adaptation (encoder frozen)
2026-04-04 23:00:11,762  INFO        P1 Epoch  1 | TrainLoss 0.2475 | ValLoss 0.2390 | ValAcc H1=0.692 H5=0.462 H20=0.000
2026-04-04 23:00:12,070  INFO        P1 Epoch  2 | TrainLoss 0.2480 | ValLoss 0.2389 | ValAcc H1=0.692 H5=0.462 H20=0.000
2026-04-04 23:00:12,349  INFO        P1 Epoch  3 | TrainLoss 0.2476 | ValLoss 0.2387 | ValAcc H1=0.692 H5=0.462 H20=0.000
2026-04-04 23:00:12,636  INFO        P1 Epoch  4 | TrainLoss 0.2475 | ValLoss 0.2386 | ValAcc H1=0.692 H5=0.462 H20=0.000
2026-04-04 23:00:12,966  INFO        P1 Epoch  5 | TrainLoss 0.2469 | ValLoss 0.2383 | ValAcc H1=0.692 H5=0.462 H20=0.000
2026-04-04 23:00:13,324  INFO        P1 Epoch  6 | TrainLoss 0.2468 | ValLoss 0.2381 | ValAcc H1=0.692 H5=0.462 H20=0.000
2026-04-04 23:00:13,612  INFO        P1 Epoch  7 | TrainLoss 0.2459 | ValLoss 0.2379 | ValAcc H1=0.692 H5=0.462 H20=0.000
2026-04-04 23:00:13,897  INFO        P1 Epoch  8 | TrainLoss 0.2462 | ValLoss 0.2377 | ValAcc H1=0.692 H5=0.462 H20=0.000
2026-04-04 23:00:14,186  INFO        P1 Epoch  9 | TrainLoss 0.2451 | ValLoss 0.2376 | ValAcc H1=0.692 H5=0.462 H20=0.000
2026-04-04 23:00:14,507  INFO        P1 Epoch 10 | TrainLoss 0.2471 | ValLoss 0.2375 | ValAcc H1=0.692 H5=0.462 H20=0.000
2026-04-04 23:00:14,847  INFO        P1 Epoch 11 | TrainLoss 0.2462 | ValLoss 0.2374 | ValAcc H1=0.692 H5=0.462 H20=0.000
2026-04-04 23:00:15,224  INFO        P1 Epoch 12 | TrainLoss 0.2474 | ValLoss 0.2373 | ValAcc H1=0.692 H5=0.462 H20=0.000
2026-04-04 23:00:15,535  INFO        P1 Epoch 13 | TrainLoss 0.2465 | ValLoss 0.2373 | ValAcc H1=0.692 H5=0.462 H20=0.000
2026-04-04 23:00:15,835  INFO        P1 Epoch 14 | TrainLoss 0.2446 | ValLoss 0.2372 | ValAcc H1=0.692 H5=0.462 H20=0.000
2026-04-04 23:00:16,121  INFO        P1 Epoch 15 | TrainLoss 0.2464 | ValLoss 0.2372 | ValAcc H1=0.692 H5=0.462 H20=0.000
2026-04-04 23:00:16,401  INFO        P1 Epoch 16 | TrainLoss 0.2466 | ValLoss 0.2371 | ValAcc H1=0.692 H5=0.462 H20=0.000
2026-04-04 23:00:16,686  INFO        P1 Epoch 17 | TrainLoss 0.2458 | ValLoss 0.2371 | ValAcc H1=0.692 H5=0.462 H20=0.000
2026-04-04 23:00:17,026  INFO        P1 Epoch 18 | TrainLoss 0.2461 | ValLoss 0.2370 | ValAcc H1=0.692 H5=0.462 H20=0.000
2026-04-04 23:00:17,354  INFO        P1 Epoch 19 | TrainLoss 0.2465 | ValLoss 0.2370 | ValAcc H1=0.692 H5=0.462 H20=0.000
2026-04-04 23:00:17,639  INFO        P1 Epoch 20 | TrainLoss 0.2471 | ValLoss 0.2369 | ValAcc H1=0.692 H5=0.462 H20=0.000
2026-04-04 23:00:17,949  INFO        P1 Epoch 21 | TrainLoss 0.2455 | ValLoss 0.2369 | ValAcc H1=0.692 H5=0.462 H20=0.000
2026-04-04 23:00:18,304  INFO        P1 Epoch 22 | TrainLoss 0.2468 | ValLoss 0.2368 | ValAcc H1=0.692 H5=0.462 H20=0.000
2026-04-04 23:00:18,699  INFO        P1 Epoch 23 | TrainLoss 0.2471 | ValLoss 0.2368 | ValAcc H1=0.692 H5=0.462 H20=0.000
2026-04-04 23:00:19,394  INFO        P1 Epoch 24 | TrainLoss 0.2452 | ValLoss 0.2368 | ValAcc H1=0.692 H5=0.462 H20=0.000
2026-04-04 23:00:19,793  INFO        P1 Epoch 25 | TrainLoss 0.2475 | ValLoss 0.2367 | ValAcc H1=0.692 H5=0.462 H20=0.000
2026-04-04 23:00:20,088  INFO        P1 Epoch 26 | TrainLoss 0.2465 | ValLoss 0.2367 | ValAcc H1=0.692 H5=0.462 H20=0.000
2026-04-04 23:00:20,407  INFO        P1 Epoch 27 | TrainLoss 0.2466 | ValLoss 0.2367 | ValAcc H1=0.692 H5=0.462 H20=0.000
2026-04-04 23:00:20,709  INFO        P1 Epoch 28 | TrainLoss 0.2468 | ValLoss 0.2367 | ValAcc H1=0.692 H5=0.462 H20=0.000
2026-04-04 23:00:20,992  INFO        P1 Epoch 29 | TrainLoss 0.2457 | ValLoss 0.2367 | ValAcc H1=0.692 H5=0.462 H20=0.000
2026-04-04 23:00:21,287  INFO        P1 Epoch 30 | TrainLoss 0.2468 | ValLoss 0.2367 | ValAcc H1=0.692 H5=0.462 H20=0.000
2026-04-04 23:00:21,298  INFO        Phase 1 complete. Best val_loss: 0.2368  H1=0.692 H5=0.462 H20=0.000
2026-04-04 23:00:21,303  INFO      Phase 1 checkpoint saved: models/fine_tuned/checkpoint_FOREXCOM_GBPUSDX_1W_phase1_20260404.pt
2026-04-04 23:00:21,304  INFO      Loading base checkpoint: models/base/checkpoint_base_v1.pt
2026-04-04 23:00:21,319  INFO        Base val_loss: 0.2466  (fold 2, epoch 28)
2026-04-04 23:00:21,345  INFO      Base model H1 accuracy on instrument val set: 0.692
2026-04-04 23:00:21,345  INFO      Fine-tuned  H1 accuracy (Phase 1)           : 0.692
2026-04-04 23:00:21,345  INFO      --------------------------------------------------
2026-04-04 23:00:21,345  INFO      Phase 2 — Verification gate
2026-04-04 23:00:21,346  INFO        Fine-tuned accuracy — H1=0.692  H5=0.462  H20=0.000  Mean=0.385
2026-04-04 23:00:21,346  INFO        Minimum required (mean across horizons) : 0.510
2026-04-04 23:00:21,346  WARNING     ✗ Phase 2 FAILED — mean accuracy 0.385 is below 0.510
2026-04-04 23:00:21,346  WARNING     H1=0.692  H5=0.462  H20=0.000
2026-04-04 23:00:21,346  WARNING     Instrument may be unpredictable at this resolution.
2026-04-04 23:00:21,347  WARNING     Using Phase 1 checkpoint as final output.
2026-04-04 23:00:21,347  INFO      ============================================================
2026-04-04 23:00:21,347  INFO      Fine-Tuning Summary
2026-04-04 23:00:21,347  INFO        Instrument     : FOREXCOM_GBPUSDX 1W
2026-04-04 23:00:21,347  INFO        Final phase    : 1
2026-04-04 23:00:21,348  INFO        Final checkpoint: models/fine_tuned/checkpoint_FOREXCOM_GBPUSDX_1W_phase1_20260404.pt
2026-04-04 23:00:21,361  INFO        Base model — H1=0.692  H5=0.462  H20=0.154  Mean=0.436
2026-04-04 23:00:21,363  INFO        Fine-tuned — H1=0.692  H5=0.462  H20=0.000  Mean=0.385  (Phase 1)
2026-04-04 23:00:21,363  WARNING     Delta mean accuracy : -0.051  ⚠  Fine-tuning degraded mean accuracy. Consider using the base model for this instrument. H1 delta=+0.000  H5 delta=+0.000  H20 delta=-0.154
2026-04-04 23:00:21,371  INFO        Metrics saved  : logs/finetune/FOREXCOM_GBPUSDX_1W_20260404_metrics.csv
2026-04-04 23:00:21,371  INFO      Stage 6 complete.
