2026-04-04 23:06:15,048  INFO      ============================================================
2026-04-04 23:06:15,049  INFO      Stage 6 Fine-Tuning — Start
2026-04-04 23:06:15,049  INFO      Instrument  : FOREXCOM_USDJPYX
2026-04-04 23:06:15,049  INFO      Resolution  : 1D
2026-04-04 23:06:15,049  INFO      Device      : cpu
2026-04-04 23:06:15,049  INFO      Base checkpoint: models/base/checkpoint_base_v1.pt
2026-04-04 23:06:15,050  INFO      Loading: FOREXCOM_USDJPYX_1D_20150101_20260326.npy
2026-04-04 23:06:16,704  INFO        Shape: (2743, 60, 42)  (2743 windows)
2026-04-04 23:06:16,739  INFO        Date range: 2015-09-09 → 2026-03-25  (10.5 years)
2026-04-04 23:06:16,740  INFO        Train windows: 2680  Val windows: 63
2026-04-04 23:06:16,740  INFO      Years of data: 10.5
2026-04-04 23:06:16,818  INFO      Loading base checkpoint: models/base/checkpoint_base_v1.pt
2026-04-04 23:06:16,831  INFO        Base val_loss: 0.2466  (fold 2, epoch 28)
2026-04-04 23:06:16,832  INFO      --------------------------------------------------
2026-04-04 23:06:16,832  INFO      Phase 1 — Head-only adaptation (encoder frozen)
2026-04-04 23:06:19,583  INFO        P1 Epoch  1 | TrainLoss 0.2463 | ValLoss 0.2500 | ValAcc H1=0.587 H5=0.571 H20=0.667
2026-04-04 23:06:21,343  INFO        P1 Epoch  2 | TrainLoss 0.2463 | ValLoss 0.2496 | ValAcc H1=0.587 H5=0.603 H20=0.683
2026-04-04 23:06:23,346  INFO        P1 Epoch  3 | TrainLoss 0.2462 | ValLoss 0.2495 | ValAcc H1=0.587 H5=0.587 H20=0.683
2026-04-04 23:06:25,298  INFO        P1 Epoch  4 | TrainLoss 0.2462 | ValLoss 0.2493 | ValAcc H1=0.587 H5=0.587 H20=0.683
2026-04-04 23:06:27,156  INFO        P1 Epoch  5 | TrainLoss 0.2460 | ValLoss 0.2492 | ValAcc H1=0.587 H5=0.587 H20=0.698
2026-04-04 23:06:29,042  INFO        P1 Epoch  6 | TrainLoss 0.2461 | ValLoss 0.2491 | ValAcc H1=0.587 H5=0.587 H20=0.698
2026-04-04 23:06:30,913  INFO        P1 Epoch  7 | TrainLoss 0.2462 | ValLoss 0.2490 | ValAcc H1=0.587 H5=0.587 H20=0.698
2026-04-04 23:06:32,778  INFO        P1 Epoch  8 | TrainLoss 0.2461 | ValLoss 0.2490 | ValAcc H1=0.571 H5=0.587 H20=0.698
2026-04-04 23:06:34,886  INFO        P1 Epoch  9 | TrainLoss 0.2462 | ValLoss 0.2488 | ValAcc H1=0.571 H5=0.587 H20=0.698
2026-04-04 23:06:36,742  INFO        P1 Epoch 10 | TrainLoss 0.2461 | ValLoss 0.2488 | ValAcc H1=0.571 H5=0.587 H20=0.698
2026-04-04 23:06:38,618  INFO        P1 Epoch 11 | TrainLoss 0.2459 | ValLoss 0.2489 | ValAcc H1=0.571 H5=0.587 H20=0.698
2026-04-04 23:06:40,529  INFO        P1 Epoch 12 | TrainLoss 0.2461 | ValLoss 0.2488 | ValAcc H1=0.571 H5=0.587 H20=0.698
2026-04-04 23:06:42,460  INFO        P1 Epoch 13 | TrainLoss 0.2461 | ValLoss 0.2488 | ValAcc H1=0.571 H5=0.587 H20=0.698
2026-04-04 23:06:44,556  INFO        P1 Epoch 14 | TrainLoss 0.2462 | ValLoss 0.2488 | ValAcc H1=0.571 H5=0.587 H20=0.698
2026-04-04 23:06:46,420  INFO        P1 Epoch 15 | TrainLoss 0.2462 | ValLoss 0.2487 | ValAcc H1=0.571 H5=0.587 H20=0.698
2026-04-04 23:06:48,267  INFO        P1 Epoch 16 | TrainLoss 0.2461 | ValLoss 0.2487 | ValAcc H1=0.571 H5=0.587 H20=0.698
2026-04-04 23:06:50,135  INFO        P1 Epoch 17 | TrainLoss 0.2461 | ValLoss 0.2487 | ValAcc H1=0.571 H5=0.587 H20=0.698
2026-04-04 23:06:52,012  INFO        P1 Epoch 18 | TrainLoss 0.2461 | ValLoss 0.2486 | ValAcc H1=0.571 H5=0.587 H20=0.698
2026-04-04 23:06:53,959  INFO        P1 Epoch 19 | TrainLoss 0.2460 | ValLoss 0.2487 | ValAcc H1=0.571 H5=0.587 H20=0.698
2026-04-04 23:06:55,926  INFO        P1 Epoch 20 | TrainLoss 0.2461 | ValLoss 0.2487 | ValAcc H1=0.571 H5=0.587 H20=0.698
2026-04-04 23:06:57,757  INFO        P1 Epoch 21 | TrainLoss 0.2461 | ValLoss 0.2486 | ValAcc H1=0.571 H5=0.587 H20=0.698
2026-04-04 23:06:59,566  INFO        P1 Epoch 22 | TrainLoss 0.2461 | ValLoss 0.2486 | ValAcc H1=0.571 H5=0.571 H20=0.698
2026-04-04 23:07:01,421  INFO        P1 Epoch 23 | TrainLoss 0.2460 | ValLoss 0.2486 | ValAcc H1=0.571 H5=0.587 H20=0.698
2026-04-04 23:07:03,295  INFO        P1 Epoch 24 | TrainLoss 0.2461 | ValLoss 0.2486 | ValAcc H1=0.571 H5=0.571 H20=0.698
2026-04-04 23:07:05,334  INFO        P1 Epoch 25 | TrainLoss 0.2461 | ValLoss 0.2486 | ValAcc H1=0.556 H5=0.571 H20=0.698
2026-04-04 23:07:07,209  INFO        P1 Epoch 26 | TrainLoss 0.2462 | ValLoss 0.2486 | ValAcc H1=0.556 H5=0.571 H20=0.698
2026-04-04 23:07:09,058  INFO        P1 Epoch 27 | TrainLoss 0.2460 | ValLoss 0.2486 | ValAcc H1=0.556 H5=0.571 H20=0.698
2026-04-04 23:07:10,919  INFO        P1 Epoch 28 | TrainLoss 0.2461 | ValLoss 0.2486 | ValAcc H1=0.556 H5=0.571 H20=0.698
2026-04-04 23:07:12,802  INFO        P1 Epoch 29 | TrainLoss 0.2461 | ValLoss 0.2486 | ValAcc H1=0.556 H5=0.571 H20=0.698
2026-04-04 23:07:14,743  INFO        P1 Epoch 30 | TrainLoss 0.2461 | ValLoss 0.2486 | ValAcc H1=0.556 H5=0.571 H20=0.698
2026-04-04 23:07:14,786  INFO        Phase 1 complete. Best val_loss: 0.2486  H1=0.571 H5=0.571 H20=0.698
2026-04-04 23:07:14,791  INFO      Phase 1 checkpoint saved: models/fine_tuned/checkpoint_FOREXCOM_USDJPYX_1D_phase1_20260404.pt
2026-04-04 23:07:14,791  INFO      Loading base checkpoint: models/base/checkpoint_base_v1.pt
2026-04-04 23:07:14,800  INFO        Base val_loss: 0.2466  (fold 2, epoch 28)
2026-04-04 23:07:14,837  INFO      Base model H1 accuracy on instrument val set: 0.587
2026-04-04 23:07:14,837  INFO      Fine-tuned  H1 accuracy (Phase 1)           : 0.571
2026-04-04 23:07:14,837  INFO      --------------------------------------------------
2026-04-04 23:07:14,837  INFO      Phase 2 — Verification gate
2026-04-04 23:07:14,838  INFO        Fine-tuned accuracy — H1=0.571  H5=0.571  H20=0.698  Mean=0.614
2026-04-04 23:07:14,838  INFO        Minimum required (mean across horizons) : 0.510
2026-04-04 23:07:14,838  INFO        ✓ Phase 2 PASSED (H1=0.571  H5=0.571  H20=0.698) — proceeding to Phase 3
2026-04-04 23:07:14,838  INFO      --------------------------------------------------
2026-04-04 23:07:14,838  INFO      Phase 3 — Selective encoder unfreeze
2026-04-04 23:07:14,838  INFO        Encoder layers 1 & 2 unfrozen (layer 0 frozen)
2026-04-04 23:07:14,839  INFO        Encoder LR: 1e-05  Head LR: 3e-05
2026-04-04 23:07:14,839  INFO        Dropout: encoder=0.40  head=0.45
2026-04-04 23:07:22,256  INFO        P3 Epoch  1 | TrainLoss 0.2461 | ValLoss 0.2487 | Gap -0.0026 | ValAcc H1=0.556 H5=0.587 H20=0.698
2026-04-04 23:07:29,800  INFO        P3 Epoch  2 | TrainLoss 0.2461 | ValLoss 0.2485 | Gap -0.0025 | ValAcc H1=0.556 H5=0.571 H20=0.698
2026-04-04 23:07:37,280  INFO        P3 Epoch  3 | TrainLoss 0.2461 | ValLoss 0.2486 | Gap -0.0025 | ValAcc H1=0.556 H5=0.571 H20=0.698
2026-04-04 23:07:44,555  INFO        P3 Epoch  4 | TrainLoss 0.2461 | ValLoss 0.2484 | Gap -0.0023 | ValAcc H1=0.556 H5=0.603 H20=0.698
2026-04-04 23:07:51,999  INFO        P3 Epoch  5 | TrainLoss 0.2461 | ValLoss 0.2484 | Gap -0.0023 | ValAcc H1=0.556 H5=0.571 H20=0.698
2026-04-04 23:07:59,416  INFO        P3 Epoch  6 | TrainLoss 0.2462 | ValLoss 0.2485 | Gap -0.0022 | ValAcc H1=0.556 H5=0.587 H20=0.698
2026-04-04 23:08:06,792  INFO        P3 Epoch  7 | TrainLoss 0.2460 | ValLoss 0.2483 | Gap -0.0023 | ValAcc H1=0.556 H5=0.587 H20=0.698
2026-04-04 23:08:14,164  INFO        P3 Epoch  8 | TrainLoss 0.2462 | ValLoss 0.2483 | Gap -0.0022 | ValAcc H1=0.556 H5=0.603 H20=0.698
2026-04-04 23:08:21,625  INFO        P3 Epoch  9 | TrainLoss 0.2461 | ValLoss 0.2482 | Gap -0.0021 | ValAcc H1=0.556 H5=0.587 H20=0.698
2026-04-04 23:08:29,066  INFO        P3 Epoch 10 | TrainLoss 0.2459 | ValLoss 0.2482 | Gap -0.0023 | ValAcc H1=0.556 H5=0.587 H20=0.698
2026-04-04 23:08:36,571  INFO        P3 Epoch 11 | TrainLoss 0.2461 | ValLoss 0.2482 | Gap -0.0021 | ValAcc H1=0.556 H5=0.587 H20=0.698
2026-04-04 23:08:43,876  INFO        P3 Epoch 12 | TrainLoss 0.2459 | ValLoss 0.2482 | Gap -0.0022 | ValAcc H1=0.556 H5=0.587 H20=0.698
2026-04-04 23:08:51,428  INFO        P3 Epoch 13 | TrainLoss 0.2460 | ValLoss 0.2481 | Gap -0.0022 | ValAcc H1=0.556 H5=0.587 H20=0.698
2026-04-04 23:08:58,979  INFO        P3 Epoch 14 | TrainLoss 0.2461 | ValLoss 0.2481 | Gap -0.0020 | ValAcc H1=0.556 H5=0.587 H20=0.698
2026-04-04 23:09:06,341  INFO        P3 Epoch 15 | TrainLoss 0.2460 | ValLoss 0.2481 | Gap -0.0021 | ValAcc H1=0.556 H5=0.587 H20=0.698
2026-04-04 23:09:13,865  INFO        P3 Epoch 16 | TrainLoss 0.2459 | ValLoss 0.2482 | Gap -0.0022 | ValAcc H1=0.556 H5=0.587 H20=0.698
2026-04-04 23:09:21,357  INFO        P3 Epoch 17 | TrainLoss 0.2459 | ValLoss 0.2482 | Gap -0.0022 | ValAcc H1=0.556 H5=0.587 H20=0.698
2026-04-04 23:09:28,887  INFO        P3 Epoch 18 | TrainLoss 0.2460 | ValLoss 0.2481 | Gap -0.0022 | ValAcc H1=0.556 H5=0.587 H20=0.698
2026-04-04 23:09:36,281  INFO        P3 Epoch 19 | TrainLoss 0.2459 | ValLoss 0.2481 | Gap -0.0023 | ValAcc H1=0.556 H5=0.587 H20=0.698
2026-04-04 23:09:43,730  INFO        P3 Epoch 20 | TrainLoss 0.2459 | ValLoss 0.2481 | Gap -0.0022 | ValAcc H1=0.556 H5=0.587 H20=0.698
2026-04-04 23:09:43,730  INFO        Phase 3 early stopping at epoch 20
2026-04-04 23:09:43,731  INFO        Phase 3 complete. Best val_loss: 0.2482
2026-04-04 23:09:43,773  INFO      Phase 3 checkpoint saved: models/fine_tuned/checkpoint_FOREXCOM_USDJPYX_1D_phase3_20260404.pt
2026-04-04 23:09:43,773  INFO      ============================================================
2026-04-04 23:09:43,773  INFO      Fine-Tuning Summary
2026-04-04 23:09:43,773  INFO        Instrument     : FOREXCOM_USDJPYX 1D
2026-04-04 23:09:43,773  INFO        Final phase    : 3
2026-04-04 23:09:43,773  INFO        Final checkpoint: models/fine_tuned/checkpoint_FOREXCOM_USDJPYX_1D_phase3_20260404.pt
2026-04-04 23:09:43,811  INFO        Base model — H1=0.587  H5=0.524  H20=0.683  Mean=0.598
2026-04-04 23:09:43,811  INFO        Fine-tuned — H1=0.556  H5=0.587  H20=0.698  Mean=0.614  (Phase 3)
2026-04-04 23:09:43,811  INFO        Delta mean accuracy : +0.016  ✓ Fine-tuning improved accuracy.
2026-04-04 23:09:43,811  INFO        Per-horizon delta   :  H1=-0.032  H5=+0.063  H20=+0.016
2026-04-04 23:09:43,814  INFO        Metrics saved  : logs/finetune/FOREXCOM_USDJPYX_1D_20260404_metrics.csv
2026-04-04 23:09:43,814  INFO      Stage 6 complete.
