2026-04-04 22:47:04,049  INFO      ============================================================
2026-04-04 22:47:04,049  INFO      Stage 6 Fine-Tuning — Start
2026-04-04 22:47:04,050  INFO      Instrument  : FOREXCOM_AUDUSDX
2026-04-04 22:47:04,050  INFO      Resolution  : 4H
2026-04-04 22:47:04,050  INFO      Device      : cpu
2026-04-04 22:47:04,050  INFO      Base checkpoint: models/base/checkpoint_base_v1.pt
2026-04-04 22:47:04,051  INFO      Loading: FOREXCOM_AUDUSDX_4H_20240405_20260326.npy
2026-04-04 22:47:06,165  INFO        Shape: (2965, 60, 48)  (2965 windows)
2026-04-04 22:47:06,181  INFO        Date range: 2024-05-15 → 2026-03-25  (1.9 years)
2026-04-04 22:47:06,181  INFO        Train windows: 2581  Val windows: 384
2026-04-04 22:47:06,181  INFO      Years of data: 1.9
2026-04-04 22:47:06,211  INFO      Loading base checkpoint: models/base/checkpoint_base_v1.pt
2026-04-04 22:47:06,224  INFO        Base val_loss: 0.2466  (fold 2, epoch 28)
2026-04-04 22:47:06,224  INFO      --------------------------------------------------
2026-04-04 22:47:06,225  INFO      Phase 1 — Head-only adaptation (encoder frozen)
2026-04-04 22:47:09,284  INFO        P1 Epoch  1 | TrainLoss 0.2471 | ValLoss 0.2483 | ValAcc H1=0.562 H5=0.521 H20=0.526
2026-04-04 22:47:11,259  INFO        P1 Epoch  2 | TrainLoss 0.2469 | ValLoss 0.2483 | ValAcc H1=0.555 H5=0.529 H20=0.526
2026-04-04 22:47:13,300  INFO        P1 Epoch  3 | TrainLoss 0.2472 | ValLoss 0.2483 | ValAcc H1=0.557 H5=0.521 H20=0.526
2026-04-04 22:47:15,358  INFO        P1 Epoch  4 | TrainLoss 0.2469 | ValLoss 0.2483 | ValAcc H1=0.562 H5=0.521 H20=0.529
2026-04-04 22:47:17,359  INFO        P1 Epoch  5 | TrainLoss 0.2468 | ValLoss 0.2482 | ValAcc H1=0.562 H5=0.531 H20=0.529
2026-04-04 22:47:19,506  INFO        P1 Epoch  6 | TrainLoss 0.2468 | ValLoss 0.2482 | ValAcc H1=0.562 H5=0.529 H20=0.536
2026-04-04 22:47:21,484  INFO        P1 Epoch  7 | TrainLoss 0.2468 | ValLoss 0.2482 | ValAcc H1=0.560 H5=0.531 H20=0.544
2026-04-04 22:47:23,506  INFO        P1 Epoch  8 | TrainLoss 0.2468 | ValLoss 0.2482 | ValAcc H1=0.565 H5=0.529 H20=0.549
2026-04-04 22:47:25,649  INFO        P1 Epoch  9 | TrainLoss 0.2470 | ValLoss 0.2482 | ValAcc H1=0.562 H5=0.529 H20=0.549
2026-04-04 22:47:27,628  INFO        P1 Epoch 10 | TrainLoss 0.2468 | ValLoss 0.2482 | ValAcc H1=0.560 H5=0.531 H20=0.544
2026-04-04 22:47:29,742  INFO        P1 Epoch 11 | TrainLoss 0.2468 | ValLoss 0.2482 | ValAcc H1=0.560 H5=0.531 H20=0.552
2026-04-04 22:47:29,743  INFO        Phase 1 early stopping at epoch 11
2026-04-04 22:47:29,989  INFO        Phase 1 complete. Best val_loss: 0.2483  H1=0.562 H5=0.521 H20=0.526
2026-04-04 22:47:29,994  INFO      Phase 1 checkpoint saved: models/fine_tuned/checkpoint_FOREXCOM_AUDUSDX_4H_phase1_20260404.pt
2026-04-04 22:47:29,994  INFO      Loading base checkpoint: models/base/checkpoint_base_v1.pt
2026-04-04 22:47:30,004  INFO        Base val_loss: 0.2466  (fold 2, epoch 28)
2026-04-04 22:47:30,259  INFO      Base model H1 accuracy on instrument val set: 0.557
2026-04-04 22:47:30,259  INFO      Fine-tuned  H1 accuracy (Phase 1)           : 0.562
2026-04-04 22:47:30,259  INFO      --------------------------------------------------
2026-04-04 22:47:30,259  INFO      Phase 2 — Verification gate
2026-04-04 22:47:30,259  INFO        Fine-tuned accuracy — H1=0.562  H5=0.521  H20=0.526  Mean=0.536
2026-04-04 22:47:30,259  INFO        Minimum required (mean across horizons) : 0.510
2026-04-04 22:47:30,260  INFO        ✓ Phase 2 PASSED (H1=0.562  H5=0.521  H20=0.526) — proceeding to Phase 3
2026-04-04 22:47:30,260  INFO      --------------------------------------------------
2026-04-04 22:47:30,260  INFO      Phase 3 — Selective encoder unfreeze
2026-04-04 22:47:30,260  WARNING     ✗ Skipping Phase 3 — only 1.9 years of data (need 2.0)
2026-04-04 22:47:30,260  WARNING     Using Phase 1 checkpoint as final output.
2026-04-04 22:47:30,261  INFO      Reverted to Phase 1 checkpoint.
2026-04-04 22:47:30,510  INFO      Phase 1 H1 accuracy (recheck): 0.562
2026-04-04 22:47:30,510  INFO      ============================================================
2026-04-04 22:47:30,510  INFO      Fine-Tuning Summary
2026-04-04 22:47:30,510  INFO        Instrument     : FOREXCOM_AUDUSDX 4H
2026-04-04 22:47:30,510  INFO        Final phase    : 1
2026-04-04 22:47:30,510  INFO        Final checkpoint: models/fine_tuned/checkpoint_FOREXCOM_AUDUSDX_4H_phase1_20260404.pt
2026-04-04 22:47:30,750  INFO        Base model — H1=0.557  H5=0.526  H20=0.529  Mean=0.537
2026-04-04 22:47:30,750  INFO        Fine-tuned — H1=0.562  H5=0.521  H20=0.526  Mean=0.536  (Phase 1)
2026-04-04 22:47:30,750  INFO        Delta mean accuracy : -0.001  = Fine-tuning matched base model.
2026-04-04 22:47:30,750  INFO        Per-horizon delta   :  H1=+0.005  H5=-0.005  H20=-0.003
2026-04-04 22:47:30,753  INFO        Metrics saved  : logs/finetune/FOREXCOM_AUDUSDX_4H_20260404_metrics.csv
2026-04-04 22:47:30,753  INFO      Stage 6 complete.
