2026-04-04 23:03:57,259  INFO      ============================================================
2026-04-04 23:03:57,259  INFO      Stage 6 Fine-Tuning — Start
2026-04-04 23:03:57,259  INFO      Instrument  : FOREXCOM_USDCHFX
2026-04-04 23:03:57,260  INFO      Resolution  : 1D
2026-04-04 23:03:57,260  INFO      Device      : cpu
2026-04-04 23:03:57,260  INFO      Base checkpoint: models/base/checkpoint_base_v1.pt
2026-04-04 23:03:57,261  INFO      Loading: FOREXCOM_USDCHFX_1D_20150101_20260326.npy
2026-04-04 23:03:58,733  INFO        Shape: (2743, 60, 42)  (2743 windows)
2026-04-04 23:03:58,763  INFO        Date range: 2015-09-09 → 2026-03-25  (10.5 years)
2026-04-04 23:03:58,765  INFO        Train windows: 2680  Val windows: 63
2026-04-04 23:03:58,765  INFO      Years of data: 10.5
2026-04-04 23:03:58,855  INFO      Loading base checkpoint: models/base/checkpoint_base_v1.pt
2026-04-04 23:03:58,879  INFO        Base val_loss: 0.2466  (fold 2, epoch 28)
2026-04-04 23:03:58,879  INFO      --------------------------------------------------
2026-04-04 23:03:58,879  INFO      Phase 1 — Head-only adaptation (encoder frozen)
2026-04-04 23:04:01,557  INFO        P1 Epoch  1 | TrainLoss 0.2466 | ValLoss 0.2459 | ValAcc H1=0.556 H5=0.651 H20=0.683
2026-04-04 23:04:03,342  INFO        P1 Epoch  2 | TrainLoss 0.2464 | ValLoss 0.2459 | ValAcc H1=0.540 H5=0.651 H20=0.667
2026-04-04 23:04:05,126  INFO        P1 Epoch  3 | TrainLoss 0.2465 | ValLoss 0.2459 | ValAcc H1=0.556 H5=0.619 H20=0.667
2026-04-04 23:04:06,800  INFO        P1 Epoch  4 | TrainLoss 0.2465 | ValLoss 0.2460 | ValAcc H1=0.556 H5=0.619 H20=0.667
2026-04-04 23:04:08,499  INFO        P1 Epoch  5 | TrainLoss 0.2464 | ValLoss 0.2460 | ValAcc H1=0.556 H5=0.603 H20=0.667
2026-04-04 23:04:10,372  INFO        P1 Epoch  6 | TrainLoss 0.2463 | ValLoss 0.2460 | ValAcc H1=0.556 H5=0.603 H20=0.667
2026-04-04 23:04:12,181  INFO        P1 Epoch  7 | TrainLoss 0.2464 | ValLoss 0.2461 | ValAcc H1=0.556 H5=0.587 H20=0.667
2026-04-04 23:04:13,959  INFO        P1 Epoch  8 | TrainLoss 0.2462 | ValLoss 0.2461 | ValAcc H1=0.556 H5=0.571 H20=0.667
2026-04-04 23:04:15,758  INFO        P1 Epoch  9 | TrainLoss 0.2464 | ValLoss 0.2461 | ValAcc H1=0.556 H5=0.571 H20=0.667
2026-04-04 23:04:17,460  INFO        P1 Epoch 10 | TrainLoss 0.2463 | ValLoss 0.2461 | ValAcc H1=0.556 H5=0.556 H20=0.667
2026-04-04 23:04:19,156  INFO        P1 Epoch 11 | TrainLoss 0.2462 | ValLoss 0.2461 | ValAcc H1=0.556 H5=0.556 H20=0.667
2026-04-04 23:04:19,156  INFO        Phase 1 early stopping at epoch 11
2026-04-04 23:04:19,196  INFO        Phase 1 complete. Best val_loss: 0.2459  H1=0.556 H5=0.651 H20=0.683
2026-04-04 23:04:19,201  INFO      Phase 1 checkpoint saved: models/fine_tuned/checkpoint_FOREXCOM_USDCHFX_1D_phase1_20260404.pt
2026-04-04 23:04:19,201  INFO      Loading base checkpoint: models/base/checkpoint_base_v1.pt
2026-04-04 23:04:19,215  INFO        Base val_loss: 0.2466  (fold 2, epoch 28)
2026-04-04 23:04:19,249  INFO      Base model H1 accuracy on instrument val set: 0.540
2026-04-04 23:04:19,249  INFO      Fine-tuned  H1 accuracy (Phase 1)           : 0.556
2026-04-04 23:04:19,249  INFO      --------------------------------------------------
2026-04-04 23:04:19,249  INFO      Phase 2 — Verification gate
2026-04-04 23:04:19,249  INFO        Fine-tuned accuracy — H1=0.556  H5=0.651  H20=0.683  Mean=0.630
2026-04-04 23:04:19,249  INFO        Minimum required (mean across horizons) : 0.510
2026-04-04 23:04:19,249  INFO        ✓ Phase 2 PASSED (H1=0.556  H5=0.651  H20=0.683) — proceeding to Phase 3
2026-04-04 23:04:19,249  INFO      --------------------------------------------------
2026-04-04 23:04:19,249  INFO      Phase 3 — Selective encoder unfreeze
2026-04-04 23:04:19,250  INFO        Encoder layers 1 & 2 unfrozen (layer 0 frozen)
2026-04-04 23:04:19,250  INFO        Encoder LR: 1e-05  Head LR: 3e-05
2026-04-04 23:04:19,250  INFO        Dropout: encoder=0.40  head=0.45
2026-04-04 23:04:26,526  INFO        P3 Epoch  1 | TrainLoss 0.2467 | ValLoss 0.2459 | Gap 0.0009 | ValAcc H1=0.540 H5=0.651 H20=0.683
2026-04-04 23:04:33,716  INFO        P3 Epoch  2 | TrainLoss 0.2466 | ValLoss 0.2459 | Gap 0.0007 | ValAcc H1=0.556 H5=0.651 H20=0.667
2026-04-04 23:04:40,865  INFO        P3 Epoch  3 | TrainLoss 0.2467 | ValLoss 0.2460 | Gap 0.0007 | ValAcc H1=0.556 H5=0.619 H20=0.667
2026-04-04 23:04:47,990  INFO        P3 Epoch  4 | TrainLoss 0.2465 | ValLoss 0.2460 | Gap 0.0005 | ValAcc H1=0.556 H5=0.603 H20=0.667
2026-04-04 23:04:55,304  INFO        P3 Epoch  5 | TrainLoss 0.2465 | ValLoss 0.2460 | Gap 0.0005 | ValAcc H1=0.556 H5=0.603 H20=0.667
2026-04-04 23:05:02,540  INFO        P3 Epoch  6 | TrainLoss 0.2466 | ValLoss 0.2460 | Gap 0.0006 | ValAcc H1=0.556 H5=0.603 H20=0.667
2026-04-04 23:05:09,585  INFO        P3 Epoch  7 | TrainLoss 0.2464 | ValLoss 0.2460 | Gap 0.0004 | ValAcc H1=0.556 H5=0.603 H20=0.667
2026-04-04 23:05:16,897  INFO        P3 Epoch  8 | TrainLoss 0.2463 | ValLoss 0.2461 | Gap 0.0002 | ValAcc H1=0.556 H5=0.587 H20=0.667
2026-04-04 23:05:24,511  INFO        P3 Epoch  9 | TrainLoss 0.2463 | ValLoss 0.2460 | Gap 0.0003 | ValAcc H1=0.556 H5=0.587 H20=0.667
2026-04-04 23:05:24,511  INFO        Phase 3 early stopping at epoch 9
2026-04-04 23:05:24,513  INFO        Phase 3 complete. Best val_loss: 0.2459
2026-04-04 23:05:24,570  INFO      Phase 3 checkpoint saved: models/fine_tuned/checkpoint_FOREXCOM_USDCHFX_1D_phase3_20260404.pt
2026-04-04 23:05:24,570  INFO      ============================================================
2026-04-04 23:05:24,571  INFO      Fine-Tuning Summary
2026-04-04 23:05:24,571  INFO        Instrument     : FOREXCOM_USDCHFX 1D
2026-04-04 23:05:24,571  INFO        Final phase    : 3
2026-04-04 23:05:24,571  INFO        Final checkpoint: models/fine_tuned/checkpoint_FOREXCOM_USDCHFX_1D_phase3_20260404.pt
2026-04-04 23:05:24,611  INFO        Base model — H1=0.540  H5=0.587  H20=0.635  Mean=0.587
2026-04-04 23:05:24,611  INFO        Fine-tuned — H1=0.540  H5=0.651  H20=0.683  Mean=0.624  (Phase 3)
2026-04-04 23:05:24,611  INFO        Delta mean accuracy : +0.037  ✓ Fine-tuning improved accuracy.
2026-04-04 23:05:24,611  INFO        Per-horizon delta   :  H1=+0.000  H5=+0.063  H20=+0.048
2026-04-04 23:05:24,613  INFO        Metrics saved  : logs/finetune/FOREXCOM_USDCHFX_1D_20260404_metrics.csv
2026-04-04 23:05:24,614  INFO      Stage 6 complete.
