2026-04-04 22:45:30,885  INFO      ============================================================
2026-04-04 22:45:30,885  INFO      Stage 6 Fine-Tuning — Start
2026-04-04 22:45:30,885  INFO      Instrument  : FOREXCOM_AUDNZDX
2026-04-04 22:45:30,885  INFO      Resolution  : 4H
2026-04-04 22:45:30,885  INFO      Device      : cpu
2026-04-04 22:45:30,885  INFO      Base checkpoint: models/base/checkpoint_base_v1.pt
2026-04-04 22:45:30,886  INFO      Loading: FOREXCOM_AUDNZDX_4H_20240405_20260326.npy
2026-04-04 22:45:32,836  INFO        Shape: (2965, 60, 48)  (2965 windows)
2026-04-04 22:45:32,851  INFO        Date range: 2024-05-15 → 2026-03-25  (1.9 years)
2026-04-04 22:45:32,851  INFO        Train windows: 2581  Val windows: 384
2026-04-04 22:45:32,851  INFO      Years of data: 1.9
2026-04-04 22:45:32,865  INFO      Loading base checkpoint: models/base/checkpoint_base_v1.pt
2026-04-04 22:45:32,878  INFO        Base val_loss: 0.2466  (fold 2, epoch 28)
2026-04-04 22:45:32,879  INFO      --------------------------------------------------
2026-04-04 22:45:32,879  INFO      Phase 1 — Head-only adaptation (encoder frozen)
2026-04-04 22:45:35,871  INFO        P1 Epoch  1 | TrainLoss 0.2470 | ValLoss 0.2485 | ValAcc H1=0.523 H5=0.531 H20=0.526
2026-04-04 22:45:37,851  INFO        P1 Epoch  2 | TrainLoss 0.2472 | ValLoss 0.2484 | ValAcc H1=0.523 H5=0.534 H20=0.531
2026-04-04 22:45:39,900  INFO        P1 Epoch  3 | TrainLoss 0.2471 | ValLoss 0.2484 | ValAcc H1=0.526 H5=0.531 H20=0.531
2026-04-04 22:45:41,931  INFO        P1 Epoch  4 | TrainLoss 0.2469 | ValLoss 0.2484 | ValAcc H1=0.526 H5=0.534 H20=0.531
2026-04-04 22:45:44,007  INFO        P1 Epoch  5 | TrainLoss 0.2468 | ValLoss 0.2483 | ValAcc H1=0.523 H5=0.531 H20=0.523
2026-04-04 22:45:46,107  INFO        P1 Epoch  6 | TrainLoss 0.2468 | ValLoss 0.2483 | ValAcc H1=0.523 H5=0.531 H20=0.531
2026-04-04 22:45:48,115  INFO        P1 Epoch  7 | TrainLoss 0.2470 | ValLoss 0.2483 | ValAcc H1=0.523 H5=0.534 H20=0.531
2026-04-04 22:45:50,139  INFO        P1 Epoch  8 | TrainLoss 0.2468 | ValLoss 0.2483 | ValAcc H1=0.521 H5=0.534 H20=0.531
2026-04-04 22:45:52,190  INFO        P1 Epoch  9 | TrainLoss 0.2468 | ValLoss 0.2483 | ValAcc H1=0.523 H5=0.529 H20=0.531
2026-04-04 22:45:54,283  INFO        P1 Epoch 10 | TrainLoss 0.2468 | ValLoss 0.2483 | ValAcc H1=0.523 H5=0.531 H20=0.534
2026-04-04 22:45:56,430  INFO        P1 Epoch 11 | TrainLoss 0.2468 | ValLoss 0.2482 | ValAcc H1=0.523 H5=0.534 H20=0.523
2026-04-04 22:45:58,438  INFO        P1 Epoch 12 | TrainLoss 0.2468 | ValLoss 0.2483 | ValAcc H1=0.523 H5=0.531 H20=0.531
2026-04-04 22:46:00,398  INFO        P1 Epoch 13 | TrainLoss 0.2470 | ValLoss 0.2482 | ValAcc H1=0.523 H5=0.531 H20=0.531
2026-04-04 22:46:02,482  INFO        P1 Epoch 14 | TrainLoss 0.2469 | ValLoss 0.2483 | ValAcc H1=0.523 H5=0.531 H20=0.526
2026-04-04 22:46:04,596  INFO        P1 Epoch 15 | TrainLoss 0.2466 | ValLoss 0.2482 | ValAcc H1=0.523 H5=0.531 H20=0.531
2026-04-04 22:46:06,710  INFO        P1 Epoch 16 | TrainLoss 0.2468 | ValLoss 0.2482 | ValAcc H1=0.521 H5=0.531 H20=0.526
2026-04-04 22:46:08,757  INFO        P1 Epoch 17 | TrainLoss 0.2467 | ValLoss 0.2483 | ValAcc H1=0.518 H5=0.531 H20=0.529
2026-04-04 22:46:10,753  INFO        P1 Epoch 18 | TrainLoss 0.2469 | ValLoss 0.2483 | ValAcc H1=0.518 H5=0.531 H20=0.531
2026-04-04 22:46:12,814  INFO        P1 Epoch 19 | TrainLoss 0.2467 | ValLoss 0.2482 | ValAcc H1=0.518 H5=0.531 H20=0.531
2026-04-04 22:46:14,989  INFO        P1 Epoch 20 | TrainLoss 0.2468 | ValLoss 0.2482 | ValAcc H1=0.518 H5=0.531 H20=0.531
2026-04-04 22:46:17,086  INFO        P1 Epoch 21 | TrainLoss 0.2469 | ValLoss 0.2482 | ValAcc H1=0.518 H5=0.531 H20=0.529
2026-04-04 22:46:17,086  INFO        Phase 1 early stopping at epoch 21
2026-04-04 22:46:17,326  INFO        Phase 1 complete. Best val_loss: 0.2482  H1=0.523 H5=0.534 H20=0.523
2026-04-04 22:46:17,331  INFO      Phase 1 checkpoint saved: models/fine_tuned/checkpoint_FOREXCOM_AUDNZDX_4H_phase1_20260404.pt
2026-04-04 22:46:17,331  INFO      Loading base checkpoint: models/base/checkpoint_base_v1.pt
2026-04-04 22:46:17,341  INFO        Base val_loss: 0.2466  (fold 2, epoch 28)
2026-04-04 22:46:17,577  INFO      Base model H1 accuracy on instrument val set: 0.521
2026-04-04 22:46:17,577  INFO      Fine-tuned  H1 accuracy (Phase 1)           : 0.523
2026-04-04 22:46:17,577  INFO      --------------------------------------------------
2026-04-04 22:46:17,577  INFO      Phase 2 — Verification gate
2026-04-04 22:46:17,577  INFO        Fine-tuned accuracy — H1=0.523  H5=0.534  H20=0.523  Mean=0.527
2026-04-04 22:46:17,577  INFO        Minimum required (mean across horizons) : 0.510
2026-04-04 22:46:17,577  INFO        ✓ Phase 2 PASSED (H1=0.523  H5=0.534  H20=0.523) — proceeding to Phase 3
2026-04-04 22:46:17,578  INFO      --------------------------------------------------
2026-04-04 22:46:17,578  INFO      Phase 3 — Selective encoder unfreeze
2026-04-04 22:46:17,578  WARNING     ✗ Skipping Phase 3 — only 1.9 years of data (need 2.0)
2026-04-04 22:46:17,578  WARNING     Using Phase 1 checkpoint as final output.
2026-04-04 22:46:17,579  INFO      Reverted to Phase 1 checkpoint.
2026-04-04 22:46:17,844  INFO      Phase 1 H1 accuracy (recheck): 0.523
2026-04-04 22:46:17,845  INFO      ============================================================
2026-04-04 22:46:17,845  INFO      Fine-Tuning Summary
2026-04-04 22:46:17,845  INFO        Instrument     : FOREXCOM_AUDNZDX 4H
2026-04-04 22:46:17,845  INFO        Final phase    : 1
2026-04-04 22:46:17,845  INFO        Final checkpoint: models/fine_tuned/checkpoint_FOREXCOM_AUDNZDX_4H_phase1_20260404.pt
2026-04-04 22:46:18,108  INFO        Base model — H1=0.521  H5=0.529  H20=0.531  Mean=0.527
2026-04-04 22:46:18,109  INFO        Fine-tuned — H1=0.523  H5=0.534  H20=0.523  Mean=0.527  (Phase 1)
2026-04-04 22:46:18,109  INFO        Delta mean accuracy : +0.000  = Fine-tuning matched base model.
2026-04-04 22:46:18,109  INFO        Per-horizon delta   :  H1=+0.003  H5=+0.005  H20=-0.008
2026-04-04 22:46:18,111  INFO        Metrics saved  : logs/finetune/FOREXCOM_AUDNZDX_4H_20260404_metrics.csv
2026-04-04 22:46:18,111  INFO      Stage 6 complete.
