2026-04-04 22:57:55,785  INFO      ============================================================
2026-04-04 22:57:55,785  INFO      Stage 6 Fine-Tuning — Start
2026-04-04 22:57:55,785  INFO      Instrument  : FOREXCOM_GBPJPYX
2026-04-04 22:57:55,785  INFO      Resolution  : 1W
2026-04-04 22:57:55,786  INFO      Device      : cpu
2026-04-04 22:57:55,786  INFO      Base checkpoint: models/base/checkpoint_base_v1.pt
2026-04-04 22:57:55,787  INFO      Loading: FOREXCOM_GBPJPYX_1W_20150101_20260326.npy
2026-04-04 22:57:56,300  INFO        Shape: (407, 60, 42)  (407 windows)
2026-04-04 22:57:56,305  INFO        Date range: 2018-06-07 → 2026-03-19  (7.8 years)
2026-04-04 22:57:56,306  INFO        Train windows: 394  Val windows: 13
2026-04-04 22:57:56,306  INFO      Years of data: 7.8
2026-04-04 22:57:56,310  INFO      Loading base checkpoint: models/base/checkpoint_base_v1.pt
2026-04-04 22:57:56,324  INFO        Base val_loss: 0.2466  (fold 2, epoch 28)
2026-04-04 22:57:56,324  INFO      --------------------------------------------------
2026-04-04 22:57:56,324  INFO      Phase 1 — Head-only adaptation (encoder frozen)
2026-04-04 22:57:57,551  INFO        P1 Epoch  1 | TrainLoss 0.2470 | ValLoss 0.2512 | ValAcc H1=0.462 H5=0.308 H20=0.000
2026-04-04 22:57:57,831  INFO        P1 Epoch  2 | TrainLoss 0.2479 | ValLoss 0.2512 | ValAcc H1=0.462 H5=0.308 H20=0.000
2026-04-04 22:57:58,105  INFO        P1 Epoch  3 | TrainLoss 0.2464 | ValLoss 0.2512 | ValAcc H1=0.462 H5=0.308 H20=0.000
2026-04-04 22:57:58,380  INFO        P1 Epoch  4 | TrainLoss 0.2473 | ValLoss 0.2511 | ValAcc H1=0.462 H5=0.308 H20=0.000
2026-04-04 22:57:58,685  INFO        P1 Epoch  5 | TrainLoss 0.2476 | ValLoss 0.2511 | ValAcc H1=0.462 H5=0.308 H20=0.000
2026-04-04 22:57:59,013  INFO        P1 Epoch  6 | TrainLoss 0.2474 | ValLoss 0.2511 | ValAcc H1=0.462 H5=0.308 H20=0.000
2026-04-04 22:57:59,292  INFO        P1 Epoch  7 | TrainLoss 0.2475 | ValLoss 0.2510 | ValAcc H1=0.462 H5=0.308 H20=0.000
2026-04-04 22:57:59,599  INFO        P1 Epoch  8 | TrainLoss 0.2461 | ValLoss 0.2510 | ValAcc H1=0.462 H5=0.308 H20=0.000
2026-04-04 22:57:59,937  INFO        P1 Epoch  9 | TrainLoss 0.2483 | ValLoss 0.2509 | ValAcc H1=0.462 H5=0.308 H20=0.000
2026-04-04 22:58:00,260  INFO        P1 Epoch 10 | TrainLoss 0.2473 | ValLoss 0.2509 | ValAcc H1=0.462 H5=0.308 H20=0.000
2026-04-04 22:58:00,535  INFO        P1 Epoch 11 | TrainLoss 0.2455 | ValLoss 0.2508 | ValAcc H1=0.462 H5=0.308 H20=0.000
2026-04-04 22:58:00,822  INFO        P1 Epoch 12 | TrainLoss 0.2454 | ValLoss 0.2508 | ValAcc H1=0.462 H5=0.308 H20=0.000
2026-04-04 22:58:01,094  INFO        P1 Epoch 13 | TrainLoss 0.2462 | ValLoss 0.2508 | ValAcc H1=0.462 H5=0.308 H20=0.000
2026-04-04 22:58:01,383  INFO        P1 Epoch 14 | TrainLoss 0.2476 | ValLoss 0.2508 | ValAcc H1=0.462 H5=0.308 H20=0.000
2026-04-04 22:58:01,738  INFO        P1 Epoch 15 | TrainLoss 0.2463 | ValLoss 0.2508 | ValAcc H1=0.462 H5=0.308 H20=0.000
2026-04-04 22:58:02,111  INFO        P1 Epoch 16 | TrainLoss 0.2478 | ValLoss 0.2508 | ValAcc H1=0.462 H5=0.308 H20=0.000
2026-04-04 22:58:02,398  INFO        P1 Epoch 17 | TrainLoss 0.2453 | ValLoss 0.2508 | ValAcc H1=0.462 H5=0.308 H20=0.000
2026-04-04 22:58:02,671  INFO        P1 Epoch 18 | TrainLoss 0.2467 | ValLoss 0.2508 | ValAcc H1=0.462 H5=0.308 H20=0.000
2026-04-04 22:58:02,953  INFO        P1 Epoch 19 | TrainLoss 0.2470 | ValLoss 0.2507 | ValAcc H1=0.462 H5=0.308 H20=0.000
2026-04-04 22:58:03,235  INFO        P1 Epoch 20 | TrainLoss 0.2463 | ValLoss 0.2507 | ValAcc H1=0.462 H5=0.308 H20=0.000
2026-04-04 22:58:03,511  INFO        P1 Epoch 21 | TrainLoss 0.2469 | ValLoss 0.2507 | ValAcc H1=0.462 H5=0.308 H20=0.000
2026-04-04 22:58:03,829  INFO        P1 Epoch 22 | TrainLoss 0.2464 | ValLoss 0.2507 | ValAcc H1=0.462 H5=0.308 H20=0.000
2026-04-04 22:58:04,161  INFO        P1 Epoch 23 | TrainLoss 0.2454 | ValLoss 0.2507 | ValAcc H1=0.462 H5=0.308 H20=0.000
2026-04-04 22:58:04,453  INFO        P1 Epoch 24 | TrainLoss 0.2458 | ValLoss 0.2507 | ValAcc H1=0.462 H5=0.308 H20=0.000
2026-04-04 22:58:04,757  INFO        P1 Epoch 25 | TrainLoss 0.2468 | ValLoss 0.2507 | ValAcc H1=0.462 H5=0.308 H20=0.000
2026-04-04 22:58:05,030  INFO        P1 Epoch 26 | TrainLoss 0.2467 | ValLoss 0.2507 | ValAcc H1=0.462 H5=0.308 H20=0.000
2026-04-04 22:58:05,311  INFO        P1 Epoch 27 | TrainLoss 0.2461 | ValLoss 0.2507 | ValAcc H1=0.462 H5=0.308 H20=0.000
2026-04-04 22:58:05,590  INFO        P1 Epoch 28 | TrainLoss 0.2468 | ValLoss 0.2507 | ValAcc H1=0.462 H5=0.308 H20=0.000
2026-04-04 22:58:05,903  INFO        P1 Epoch 29 | TrainLoss 0.2470 | ValLoss 0.2507 | ValAcc H1=0.462 H5=0.308 H20=0.000
2026-04-04 22:58:05,903  INFO        Phase 1 early stopping at epoch 29
2026-04-04 22:58:05,914  INFO        Phase 1 complete. Best val_loss: 0.2507  H1=0.462 H5=0.308 H20=0.000
2026-04-04 22:58:05,918  INFO      Phase 1 checkpoint saved: models/fine_tuned/checkpoint_FOREXCOM_GBPJPYX_1W_phase1_20260404.pt
2026-04-04 22:58:05,918  INFO      Loading base checkpoint: models/base/checkpoint_base_v1.pt
2026-04-04 22:58:05,927  INFO        Base val_loss: 0.2466  (fold 2, epoch 28)
2026-04-04 22:58:05,937  INFO      Base model H1 accuracy on instrument val set: 0.462
2026-04-04 22:58:05,937  INFO      Fine-tuned  H1 accuracy (Phase 1)           : 0.462
2026-04-04 22:58:05,937  INFO      --------------------------------------------------
2026-04-04 22:58:05,937  INFO      Phase 2 — Verification gate
2026-04-04 22:58:05,937  INFO        Fine-tuned accuracy — H1=0.462  H5=0.308  H20=0.000  Mean=0.256
2026-04-04 22:58:05,937  INFO        Minimum required (mean across horizons) : 0.510
2026-04-04 22:58:05,937  WARNING     ✗ Phase 2 FAILED — mean accuracy 0.256 is below 0.510
2026-04-04 22:58:05,937  WARNING     H1=0.462  H5=0.308  H20=0.000
2026-04-04 22:58:05,937  WARNING     Instrument may be unpredictable at this resolution.
2026-04-04 22:58:05,937  WARNING     Using Phase 1 checkpoint as final output.
2026-04-04 22:58:05,937  INFO      ============================================================
2026-04-04 22:58:05,937  INFO      Fine-Tuning Summary
2026-04-04 22:58:05,938  INFO        Instrument     : FOREXCOM_GBPJPYX 1W
2026-04-04 22:58:05,938  INFO        Final phase    : 1
2026-04-04 22:58:05,938  INFO        Final checkpoint: models/fine_tuned/checkpoint_FOREXCOM_GBPJPYX_1W_phase1_20260404.pt
2026-04-04 22:58:05,948  INFO        Base model — H1=0.462  H5=0.308  H20=0.000  Mean=0.256
2026-04-04 22:58:05,948  INFO        Fine-tuned — H1=0.462  H5=0.308  H20=0.000  Mean=0.256  (Phase 1)
2026-04-04 22:58:05,948  INFO        Delta mean accuracy : +0.000  = Fine-tuning matched base model.
2026-04-04 22:58:05,948  INFO        Per-horizon delta   :  H1=+0.000  H5=+0.000  H20=+0.000
2026-04-04 22:58:05,950  INFO        Metrics saved  : logs/finetune/FOREXCOM_GBPJPYX_1W_20260404_metrics.csv
2026-04-04 22:58:05,950  INFO      Stage 6 complete.
