2026-04-13 16:28:35,186  INFO      ============================================================
2026-04-13 16:28:35,186  INFO      Stage 6 Fine-Tuning — Start
2026-04-13 16:28:35,186  INFO      Instrument  : FOREXCOM_EURGBPX
2026-04-13 16:28:35,186  INFO      Resolution  : 1W
2026-04-13 16:28:35,186  INFO      Device      : cpu
2026-04-13 16:28:35,186  INFO      Base checkpoint: models/base/checkpoint_base_v1.pt
2026-04-13 16:28:35,188  INFO      Loading: FOREXCOM_EURGBPX_1W_20150101_20260412.npy
2026-04-13 16:28:35,475  INFO        Shape: (410, 60, 47)  (410 windows)
2026-04-13 16:28:35,479  INFO        Date range: 2018-06-07 → 2026-04-09  (7.8 years)
2026-04-13 16:28:35,479  INFO        Train windows: 397  Val windows: 13
2026-04-13 16:28:35,479  INFO      Years of data: 7.8
2026-04-13 16:28:35,483  INFO      Loading base checkpoint: models/base/checkpoint_base_v1.pt
2026-04-13 16:28:35,500  INFO        Base val_loss: 0.2463  (fold 3, epoch 22)
2026-04-13 16:28:35,500  INFO      --------------------------------------------------
2026-04-13 16:28:35,500  INFO      Phase 1 — Head-only adaptation (encoder frozen)
2026-04-13 16:28:36,864  INFO        P1 Epoch  1 | TrainLoss 0.2473 | ValLoss 0.2435 | ValAcc H1=0.538 H5=0.692 H20=0.000
2026-04-13 16:28:37,215  INFO        P1 Epoch  2 | TrainLoss 0.2475 | ValLoss 0.2434 | ValAcc H1=0.538 H5=0.615 H20=0.000
2026-04-13 16:28:37,564  INFO        P1 Epoch  3 | TrainLoss 0.2473 | ValLoss 0.2433 | ValAcc H1=0.538 H5=0.615 H20=0.000
2026-04-13 16:28:37,919  INFO        P1 Epoch  4 | TrainLoss 0.2474 | ValLoss 0.2432 | ValAcc H1=0.538 H5=0.462 H20=0.000
2026-04-13 16:28:38,300  INFO        P1 Epoch  5 | TrainLoss 0.2469 | ValLoss 0.2432 | ValAcc H1=0.538 H5=0.462 H20=0.000
2026-04-13 16:28:38,691  INFO        P1 Epoch  6 | TrainLoss 0.2468 | ValLoss 0.2431 | ValAcc H1=0.538 H5=0.385 H20=0.000
2026-04-13 16:28:39,072  INFO        P1 Epoch  7 | TrainLoss 0.2474 | ValLoss 0.2431 | ValAcc H1=0.538 H5=0.385 H20=0.000
2026-04-13 16:28:39,455  INFO        P1 Epoch  8 | TrainLoss 0.2477 | ValLoss 0.2430 | ValAcc H1=0.538 H5=0.385 H20=0.000
2026-04-13 16:28:39,839  INFO        P1 Epoch  9 | TrainLoss 0.2478 | ValLoss 0.2430 | ValAcc H1=0.538 H5=0.385 H20=0.000
2026-04-13 16:28:40,222  INFO        P1 Epoch 10 | TrainLoss 0.2459 | ValLoss 0.2430 | ValAcc H1=0.538 H5=0.385 H20=0.000
2026-04-13 16:28:40,619  INFO        P1 Epoch 11 | TrainLoss 0.2484 | ValLoss 0.2429 | ValAcc H1=0.538 H5=0.385 H20=0.000
2026-04-13 16:28:40,968  INFO        P1 Epoch 12 | TrainLoss 0.2470 | ValLoss 0.2429 | ValAcc H1=0.538 H5=0.385 H20=0.000
2026-04-13 16:28:41,322  INFO        P1 Epoch 13 | TrainLoss 0.2468 | ValLoss 0.2429 | ValAcc H1=0.538 H5=0.385 H20=0.000
2026-04-13 16:28:41,691  INFO        P1 Epoch 14 | TrainLoss 0.2473 | ValLoss 0.2429 | ValAcc H1=0.538 H5=0.385 H20=0.000
2026-04-13 16:28:42,045  INFO        P1 Epoch 15 | TrainLoss 0.2466 | ValLoss 0.2428 | ValAcc H1=0.538 H5=0.385 H20=0.000
2026-04-13 16:28:42,414  INFO        P1 Epoch 16 | TrainLoss 0.2469 | ValLoss 0.2428 | ValAcc H1=0.538 H5=0.385 H20=0.000
2026-04-13 16:28:42,886  INFO        P1 Epoch 17 | TrainLoss 0.2447 | ValLoss 0.2428 | ValAcc H1=0.538 H5=0.385 H20=0.000
2026-04-13 16:28:43,234  INFO        P1 Epoch 18 | TrainLoss 0.2469 | ValLoss 0.2428 | ValAcc H1=0.538 H5=0.385 H20=0.000
2026-04-13 16:28:43,590  INFO        P1 Epoch 19 | TrainLoss 0.2470 | ValLoss 0.2428 | ValAcc H1=0.538 H5=0.385 H20=0.000
2026-04-13 16:28:43,943  INFO        P1 Epoch 20 | TrainLoss 0.2464 | ValLoss 0.2427 | ValAcc H1=0.538 H5=0.385 H20=0.000
2026-04-13 16:28:44,308  INFO        P1 Epoch 21 | TrainLoss 0.2456 | ValLoss 0.2427 | ValAcc H1=0.538 H5=0.385 H20=0.000
2026-04-13 16:28:44,651  INFO        P1 Epoch 22 | TrainLoss 0.2465 | ValLoss 0.2427 | ValAcc H1=0.538 H5=0.385 H20=0.000
2026-04-13 16:28:45,039  INFO        P1 Epoch 23 | TrainLoss 0.2474 | ValLoss 0.2427 | ValAcc H1=0.538 H5=0.385 H20=0.000
2026-04-13 16:28:45,428  INFO        P1 Epoch 24 | TrainLoss 0.2468 | ValLoss 0.2427 | ValAcc H1=0.538 H5=0.385 H20=0.000
2026-04-13 16:28:45,782  INFO        P1 Epoch 25 | TrainLoss 0.2467 | ValLoss 0.2427 | ValAcc H1=0.538 H5=0.385 H20=0.000
2026-04-13 16:28:46,134  INFO        P1 Epoch 26 | TrainLoss 0.2468 | ValLoss 0.2427 | ValAcc H1=0.538 H5=0.385 H20=0.000
2026-04-13 16:28:46,484  INFO        P1 Epoch 27 | TrainLoss 0.2448 | ValLoss 0.2427 | ValAcc H1=0.538 H5=0.385 H20=0.000
2026-04-13 16:28:46,886  INFO        P1 Epoch 28 | TrainLoss 0.2476 | ValLoss 0.2427 | ValAcc H1=0.538 H5=0.385 H20=0.000
2026-04-13 16:28:47,237  INFO        P1 Epoch 29 | TrainLoss 0.2461 | ValLoss 0.2427 | ValAcc H1=0.538 H5=0.385 H20=0.000
2026-04-13 16:28:47,584  INFO        P1 Epoch 30 | TrainLoss 0.2470 | ValLoss 0.2427 | ValAcc H1=0.538 H5=0.385 H20=0.000
2026-04-13 16:28:47,597  INFO        Phase 1 complete. Best val_loss: 0.2427  H1=0.538 H5=0.385 H20=0.000
2026-04-13 16:28:47,603  INFO      Phase 1 checkpoint saved: models/fine_tuned/checkpoint_FOREXCOM_EURGBPX_1W_phase1_20260413.pt
2026-04-13 16:28:47,603  INFO      Loading base checkpoint: models/base/checkpoint_base_v1.pt
2026-04-13 16:28:47,616  INFO        Base val_loss: 0.2463  (fold 3, epoch 22)
2026-04-13 16:28:47,627  INFO      Base model H1 accuracy on instrument val set: 0.538
2026-04-13 16:28:47,627  INFO      Fine-tuned  H1 accuracy (Phase 1)           : 0.538
2026-04-13 16:28:47,627  INFO      --------------------------------------------------
2026-04-13 16:28:47,627  INFO      Phase 2 — Verification gate
2026-04-13 16:28:47,627  INFO        Fine-tuned accuracy — H1=0.538  H5=0.385  H20=0.000  Mean=0.308
2026-04-13 16:28:47,627  INFO        Minimum required (mean across horizons) : 0.510
2026-04-13 16:28:47,628  WARNING     ✗ Phase 2 FAILED — mean accuracy 0.308 is below 0.510
2026-04-13 16:28:47,628  WARNING     H1=0.538  H5=0.385  H20=0.000
2026-04-13 16:28:47,628  WARNING     Instrument may be unpredictable at this resolution.
2026-04-13 16:28:47,628  WARNING     Using Phase 1 checkpoint as final output.
2026-04-13 16:28:47,628  INFO      ============================================================
2026-04-13 16:28:47,628  INFO      Fine-Tuning Summary
2026-04-13 16:28:47,628  INFO        Instrument     : FOREXCOM_EURGBPX 1W
2026-04-13 16:28:47,628  INFO        Final phase    : 1
2026-04-13 16:28:47,628  INFO        Final checkpoint: models/fine_tuned/checkpoint_FOREXCOM_EURGBPX_1W_phase1_20260413.pt
2026-04-13 16:28:47,639  INFO        Base model — H1=0.538  H5=0.692  H20=0.000  Mean=0.410
2026-04-13 16:28:47,639  INFO        Fine-tuned — H1=0.538  H5=0.385  H20=0.000  Mean=0.308  (Phase 1)
2026-04-13 16:28:47,639  WARNING     Delta mean accuracy : -0.103  ⚠  Fine-tuning degraded mean accuracy. Consider using the base model for this instrument. H1 delta=+0.000  H5 delta=-0.308  H20 delta=+0.000
2026-04-13 16:28:47,642  INFO        Metrics saved  : logs/finetune/FOREXCOM_EURGBPX_1W_20260413_metrics.csv
2026-04-13 16:28:47,642  INFO      Stage 6 complete.
