2026-04-13 17:05:53,157  INFO      ============================================================
2026-04-13 17:05:53,158  INFO      Stage 6 Fine-Tuning — Start
2026-04-13 17:05:53,158  INFO      Instrument  : FTSE_FTSE
2026-04-13 17:05:53,158  INFO      Resolution  : 1D
2026-04-13 17:05:53,158  INFO      Device      : cpu
2026-04-13 17:05:53,158  INFO      Base checkpoint: models/base/checkpoint_base_v1.pt
2026-04-13 17:05:53,160  INFO      Loading: FTSE_FTSE_1D_20150101_20260412.npy
2026-04-13 17:05:54,556  INFO        Shape: (2668, 60, 47)  (2668 windows)
2026-04-13 17:05:54,565  INFO        Date range: 2015-09-17 → 2026-04-10  (10.6 years)
2026-04-13 17:05:54,565  INFO        Train windows: 2605  Val windows: 63
2026-04-13 17:05:54,565  INFO      Years of data: 10.6
2026-04-13 17:05:54,580  INFO      Loading base checkpoint: models/base/checkpoint_base_v1.pt
2026-04-13 17:05:54,596  INFO        Base val_loss: 0.2463  (fold 3, epoch 22)
2026-04-13 17:05:54,597  INFO      --------------------------------------------------
2026-04-13 17:05:54,597  INFO      Phase 1 — Head-only adaptation (encoder frozen)
2026-04-13 17:05:57,800  INFO        P1 Epoch  1 | TrainLoss 0.2463 | ValLoss 0.2494 | ValAcc H1=0.556 H5=0.635 H20=0.619
2026-04-13 17:05:59,895  INFO        P1 Epoch  2 | TrainLoss 0.2465 | ValLoss 0.2495 | ValAcc H1=0.571 H5=0.667 H20=0.619
2026-04-13 17:06:02,162  INFO        P1 Epoch  3 | TrainLoss 0.2463 | ValLoss 0.2495 | ValAcc H1=0.571 H5=0.651 H20=0.635
2026-04-13 17:06:04,265  INFO        P1 Epoch  4 | TrainLoss 0.2464 | ValLoss 0.2494 | ValAcc H1=0.556 H5=0.667 H20=0.635
2026-04-13 17:06:06,400  INFO        P1 Epoch  5 | TrainLoss 0.2463 | ValLoss 0.2495 | ValAcc H1=0.571 H5=0.635 H20=0.635
2026-04-13 17:06:08,547  INFO        P1 Epoch  6 | TrainLoss 0.2463 | ValLoss 0.2494 | ValAcc H1=0.571 H5=0.635 H20=0.635
2026-04-13 17:06:10,822  INFO        P1 Epoch  7 | TrainLoss 0.2462 | ValLoss 0.2494 | ValAcc H1=0.571 H5=0.635 H20=0.635
2026-04-13 17:06:12,927  INFO        P1 Epoch  8 | TrainLoss 0.2464 | ValLoss 0.2494 | ValAcc H1=0.571 H5=0.635 H20=0.635
2026-04-13 17:06:15,048  INFO        P1 Epoch  9 | TrainLoss 0.2465 | ValLoss 0.2494 | ValAcc H1=0.571 H5=0.635 H20=0.603
2026-04-13 17:06:17,267  INFO        P1 Epoch 10 | TrainLoss 0.2462 | ValLoss 0.2494 | ValAcc H1=0.571 H5=0.635 H20=0.603
2026-04-13 17:06:19,426  INFO        P1 Epoch 11 | TrainLoss 0.2463 | ValLoss 0.2494 | ValAcc H1=0.571 H5=0.635 H20=0.603
2026-04-13 17:06:19,426  INFO        Phase 1 early stopping at epoch 11
2026-04-13 17:06:19,485  INFO        Phase 1 complete. Best val_loss: 0.2494  H1=0.556 H5=0.635 H20=0.619
2026-04-13 17:06:19,493  INFO      Phase 1 checkpoint saved: models/fine_tuned/checkpoint_FTSE_FTSE_1D_phase1_20260413.pt
2026-04-13 17:06:19,495  INFO      Loading base checkpoint: models/base/checkpoint_base_v1.pt
2026-04-13 17:06:19,513  INFO        Base val_loss: 0.2463  (fold 3, epoch 22)
2026-04-13 17:06:19,561  INFO      Base model H1 accuracy on instrument val set: 0.571
2026-04-13 17:06:19,561  INFO      Fine-tuned  H1 accuracy (Phase 1)           : 0.556
2026-04-13 17:06:19,561  INFO      --------------------------------------------------
2026-04-13 17:06:19,561  INFO      Phase 2 — Verification gate
2026-04-13 17:06:19,562  INFO        Fine-tuned accuracy — H1=0.556  H5=0.635  H20=0.619  Mean=0.603
2026-04-13 17:06:19,562  INFO        Minimum required (mean across horizons) : 0.510
2026-04-13 17:06:19,562  INFO        ✓ Phase 2 PASSED (H1=0.556  H5=0.635  H20=0.619) — proceeding to Phase 3
2026-04-13 17:06:19,562  INFO      --------------------------------------------------
2026-04-13 17:06:19,562  INFO      Phase 3 — Selective encoder unfreeze
2026-04-13 17:06:19,563  INFO        Encoder layers 1 & 2 unfrozen (layer 0 frozen)
2026-04-13 17:06:19,563  INFO        Encoder LR: 1e-05  Head LR: 3e-05
2026-04-13 17:06:19,563  INFO        Dropout: encoder=0.40  head=0.45
2026-04-13 17:06:27,119  INFO        P3 Epoch  1 | TrainLoss 0.2465 | ValLoss 0.2495 | Gap -0.0030 | ValAcc H1=0.571 H5=0.667 H20=0.635
2026-04-13 17:06:34,620  INFO        P3 Epoch  2 | TrainLoss 0.2464 | ValLoss 0.2494 | Gap -0.0030 | ValAcc H1=0.556 H5=0.667 H20=0.635
2026-04-13 17:06:42,148  INFO        P3 Epoch  3 | TrainLoss 0.2466 | ValLoss 0.2494 | Gap -0.0028 | ValAcc H1=0.556 H5=0.651 H20=0.635
2026-04-13 17:06:49,457  INFO        P3 Epoch  4 | TrainLoss 0.2462 | ValLoss 0.2494 | Gap -0.0032 | ValAcc H1=0.556 H5=0.651 H20=0.635
2026-04-13 17:06:56,982  INFO        P3 Epoch  5 | TrainLoss 0.2465 | ValLoss 0.2494 | Gap -0.0029 | ValAcc H1=0.556 H5=0.635 H20=0.635
2026-04-13 17:07:04,427  INFO        P3 Epoch  6 | TrainLoss 0.2464 | ValLoss 0.2493 | Gap -0.0029 | ValAcc H1=0.556 H5=0.651 H20=0.635
2026-04-13 17:07:11,992  INFO        P3 Epoch  7 | TrainLoss 0.2464 | ValLoss 0.2494 | Gap -0.0030 | ValAcc H1=0.556 H5=0.651 H20=0.635
2026-04-13 17:07:19,613  INFO        P3 Epoch  8 | TrainLoss 0.2464 | ValLoss 0.2493 | Gap -0.0029 | ValAcc H1=0.556 H5=0.667 H20=0.635
2026-04-13 17:07:27,135  INFO        P3 Epoch  9 | TrainLoss 0.2462 | ValLoss 0.2493 | Gap -0.0031 | ValAcc H1=0.556 H5=0.635 H20=0.635
2026-04-13 17:07:34,606  INFO        P3 Epoch 10 | TrainLoss 0.2464 | ValLoss 0.2493 | Gap -0.0029 | ValAcc H1=0.556 H5=0.635 H20=0.651
2026-04-13 17:07:42,082  INFO        P3 Epoch 11 | TrainLoss 0.2462 | ValLoss 0.2493 | Gap -0.0031 | ValAcc H1=0.556 H5=0.635 H20=0.635
2026-04-13 17:07:49,624  INFO        P3 Epoch 12 | TrainLoss 0.2461 | ValLoss 0.2493 | Gap -0.0032 | ValAcc H1=0.556 H5=0.635 H20=0.651
2026-04-13 17:07:57,018  INFO        P3 Epoch 13 | TrainLoss 0.2464 | ValLoss 0.2492 | Gap -0.0029 | ValAcc H1=0.556 H5=0.635 H20=0.651
2026-04-13 17:08:04,609  INFO        P3 Epoch 14 | TrainLoss 0.2462 | ValLoss 0.2492 | Gap -0.0030 | ValAcc H1=0.556 H5=0.651 H20=0.651
2026-04-13 17:08:12,020  INFO        P3 Epoch 15 | TrainLoss 0.2462 | ValLoss 0.2492 | Gap -0.0030 | ValAcc H1=0.556 H5=0.635 H20=0.651
2026-04-13 17:08:19,560  INFO        P3 Epoch 16 | TrainLoss 0.2461 | ValLoss 0.2492 | Gap -0.0032 | ValAcc H1=0.556 H5=0.651 H20=0.651
2026-04-13 17:08:19,561  INFO        Phase 3 early stopping at epoch 16
2026-04-13 17:08:19,562  INFO        Phase 3 complete. Best val_loss: 0.2493
2026-04-13 17:08:19,618  INFO      Phase 3 checkpoint saved: models/fine_tuned/checkpoint_FTSE_FTSE_1D_phase3_20260413.pt
2026-04-13 17:08:19,618  INFO      ============================================================
2026-04-13 17:08:19,618  INFO      Fine-Tuning Summary
2026-04-13 17:08:19,618  INFO        Instrument     : FTSE_FTSE 1D
2026-04-13 17:08:19,618  INFO        Final phase    : 3
2026-04-13 17:08:19,618  INFO        Final checkpoint: models/fine_tuned/checkpoint_FTSE_FTSE_1D_phase3_20260413.pt
2026-04-13 17:08:19,663  INFO        Base model — H1=0.571  H5=0.635  H20=0.619  Mean=0.608
2026-04-13 17:08:19,663  INFO        Fine-tuned — H1=0.556  H5=0.667  H20=0.635  Mean=0.619  (Phase 3)
2026-04-13 17:08:19,663  INFO        Delta mean accuracy : +0.011  ✓ Fine-tuning improved accuracy.
2026-04-13 17:08:19,663  INFO        Per-horizon delta   :  H1=-0.016  H5=+0.032  H20=+0.016
2026-04-13 17:08:19,666  INFO        Metrics saved  : logs/finetune/FTSE_FTSE_1D_20260413_metrics.csv
2026-04-13 17:08:19,666  INFO      Stage 6 complete.
