2026-04-04 23:12:39,045  INFO      ============================================================
2026-04-04 23:12:39,046  INFO      Stage 6 Fine-Tuning — Start
2026-04-04 23:12:39,046  INFO      Instrument  : FTSE_FTSE
2026-04-04 23:12:39,046  INFO      Resolution  : 1W
2026-04-04 23:12:39,046  INFO      Device      : cpu
2026-04-04 23:12:39,046  INFO      Base checkpoint: models/base/checkpoint_base_v1.pt
2026-04-04 23:12:39,047  INFO      Loading: FTSE_FTSE_1W_20150101_20260326.npy
2026-04-04 23:12:39,359  INFO        Shape: (407, 60, 42)  (407 windows)
2026-04-04 23:12:39,366  INFO        Date range: 2018-06-07 → 2026-03-19  (7.8 years)
2026-04-04 23:12:39,367  INFO        Train windows: 394  Val windows: 13
2026-04-04 23:12:39,367  INFO      Years of data: 7.8
2026-04-04 23:12:39,375  INFO      Loading base checkpoint: models/base/checkpoint_base_v1.pt
2026-04-04 23:12:39,396  INFO        Base val_loss: 0.2466  (fold 2, epoch 28)
2026-04-04 23:12:39,396  INFO      --------------------------------------------------
2026-04-04 23:12:39,396  INFO      Phase 1 — Head-only adaptation (encoder frozen)
2026-04-04 23:12:40,586  INFO        P1 Epoch  1 | TrainLoss 0.2489 | ValLoss 0.2542 | ValAcc H1=0.385 H5=0.308 H20=0.000
2026-04-04 23:12:40,875  INFO        P1 Epoch  2 | TrainLoss 0.2491 | ValLoss 0.2540 | ValAcc H1=0.385 H5=0.308 H20=0.000
2026-04-04 23:12:41,176  INFO        P1 Epoch  3 | TrainLoss 0.2474 | ValLoss 0.2538 | ValAcc H1=0.385 H5=0.308 H20=0.000
2026-04-04 23:12:41,470  INFO        P1 Epoch  4 | TrainLoss 0.2483 | ValLoss 0.2537 | ValAcc H1=0.385 H5=0.308 H20=0.000
2026-04-04 23:12:41,763  INFO        P1 Epoch  5 | TrainLoss 0.2486 | ValLoss 0.2536 | ValAcc H1=0.385 H5=0.308 H20=0.000
2026-04-04 23:12:42,152  INFO        P1 Epoch  6 | TrainLoss 0.2498 | ValLoss 0.2534 | ValAcc H1=0.385 H5=0.308 H20=0.000
2026-04-04 23:12:42,505  INFO        P1 Epoch  7 | TrainLoss 0.2481 | ValLoss 0.2532 | ValAcc H1=0.385 H5=0.308 H20=0.000
2026-04-04 23:12:42,868  INFO        P1 Epoch  8 | TrainLoss 0.2482 | ValLoss 0.2531 | ValAcc H1=0.385 H5=0.308 H20=0.000
2026-04-04 23:12:43,164  INFO        P1 Epoch  9 | TrainLoss 0.2471 | ValLoss 0.2530 | ValAcc H1=0.385 H5=0.308 H20=0.000
2026-04-04 23:12:43,492  INFO        P1 Epoch 10 | TrainLoss 0.2492 | ValLoss 0.2529 | ValAcc H1=0.385 H5=0.308 H20=0.000
2026-04-04 23:12:43,812  INFO        P1 Epoch 11 | TrainLoss 0.2482 | ValLoss 0.2528 | ValAcc H1=0.385 H5=0.308 H20=0.000
2026-04-04 23:12:44,192  INFO        P1 Epoch 12 | TrainLoss 0.2489 | ValLoss 0.2527 | ValAcc H1=0.385 H5=0.308 H20=0.000
2026-04-04 23:12:44,559  INFO        P1 Epoch 13 | TrainLoss 0.2488 | ValLoss 0.2526 | ValAcc H1=0.385 H5=0.308 H20=0.000
2026-04-04 23:12:44,849  INFO        P1 Epoch 14 | TrainLoss 0.2488 | ValLoss 0.2525 | ValAcc H1=0.385 H5=0.308 H20=0.000
2026-04-04 23:12:45,152  INFO        P1 Epoch 15 | TrainLoss 0.2477 | ValLoss 0.2524 | ValAcc H1=0.385 H5=0.308 H20=0.000
2026-04-04 23:12:45,446  INFO        P1 Epoch 16 | TrainLoss 0.2494 | ValLoss 0.2523 | ValAcc H1=0.385 H5=0.308 H20=0.000
2026-04-04 23:12:45,738  INFO        P1 Epoch 17 | TrainLoss 0.2487 | ValLoss 0.2522 | ValAcc H1=0.385 H5=0.308 H20=0.000
2026-04-04 23:12:46,082  INFO        P1 Epoch 18 | TrainLoss 0.2475 | ValLoss 0.2522 | ValAcc H1=0.385 H5=0.308 H20=0.000
2026-04-04 23:12:46,377  INFO        P1 Epoch 19 | TrainLoss 0.2484 | ValLoss 0.2522 | ValAcc H1=0.385 H5=0.308 H20=0.000
2026-04-04 23:12:46,674  INFO        P1 Epoch 20 | TrainLoss 0.2480 | ValLoss 0.2521 | ValAcc H1=0.385 H5=0.308 H20=0.000
2026-04-04 23:12:46,965  INFO        P1 Epoch 21 | TrainLoss 0.2485 | ValLoss 0.2521 | ValAcc H1=0.385 H5=0.308 H20=0.000
2026-04-04 23:12:47,281  INFO        P1 Epoch 22 | TrainLoss 0.2484 | ValLoss 0.2521 | ValAcc H1=0.385 H5=0.308 H20=0.000
2026-04-04 23:12:47,582  INFO        P1 Epoch 23 | TrainLoss 0.2484 | ValLoss 0.2521 | ValAcc H1=0.385 H5=0.308 H20=0.000
2026-04-04 23:12:47,887  INFO        P1 Epoch 24 | TrainLoss 0.2505 | ValLoss 0.2520 | ValAcc H1=0.385 H5=0.308 H20=0.000
2026-04-04 23:12:48,230  INFO        P1 Epoch 25 | TrainLoss 0.2474 | ValLoss 0.2520 | ValAcc H1=0.385 H5=0.308 H20=0.000
2026-04-04 23:12:48,526  INFO        P1 Epoch 26 | TrainLoss 0.2482 | ValLoss 0.2520 | ValAcc H1=0.385 H5=0.308 H20=0.000
2026-04-04 23:12:48,822  INFO        P1 Epoch 27 | TrainLoss 0.2481 | ValLoss 0.2520 | ValAcc H1=0.385 H5=0.308 H20=0.000
2026-04-04 23:12:49,150  INFO        P1 Epoch 28 | TrainLoss 0.2491 | ValLoss 0.2520 | ValAcc H1=0.385 H5=0.308 H20=0.077
2026-04-04 23:12:49,544  INFO        P1 Epoch 29 | TrainLoss 0.2483 | ValLoss 0.2520 | ValAcc H1=0.385 H5=0.308 H20=0.077
2026-04-04 23:12:49,863  INFO        P1 Epoch 30 | TrainLoss 0.2498 | ValLoss 0.2520 | ValAcc H1=0.385 H5=0.308 H20=0.077
2026-04-04 23:12:49,879  INFO        Phase 1 complete. Best val_loss: 0.2521  H1=0.385 H5=0.308 H20=0.000
2026-04-04 23:12:49,884  INFO      Phase 1 checkpoint saved: models/fine_tuned/checkpoint_FTSE_FTSE_1W_phase1_20260404.pt
2026-04-04 23:12:49,884  INFO      Loading base checkpoint: models/base/checkpoint_base_v1.pt
2026-04-04 23:12:49,894  INFO        Base val_loss: 0.2466  (fold 2, epoch 28)
2026-04-04 23:12:49,905  INFO      Base model H1 accuracy on instrument val set: 0.385
2026-04-04 23:12:49,905  INFO      Fine-tuned  H1 accuracy (Phase 1)           : 0.385
2026-04-04 23:12:49,905  INFO      --------------------------------------------------
2026-04-04 23:12:49,905  INFO      Phase 2 — Verification gate
2026-04-04 23:12:49,905  INFO        Fine-tuned accuracy — H1=0.385  H5=0.308  H20=0.000  Mean=0.231
2026-04-04 23:12:49,905  INFO        Minimum required (mean across horizons) : 0.510
2026-04-04 23:12:49,906  WARNING     ✗ Phase 2 FAILED — mean accuracy 0.231 is below 0.510
2026-04-04 23:12:49,906  WARNING     H1=0.385  H5=0.308  H20=0.000
2026-04-04 23:12:49,906  WARNING     Instrument may be unpredictable at this resolution.
2026-04-04 23:12:49,906  WARNING     Using Phase 1 checkpoint as final output.
2026-04-04 23:12:49,906  INFO      ============================================================
2026-04-04 23:12:49,906  INFO      Fine-Tuning Summary
2026-04-04 23:12:49,906  INFO        Instrument     : FTSE_FTSE 1W
2026-04-04 23:12:49,906  INFO        Final phase    : 1
2026-04-04 23:12:49,906  INFO        Final checkpoint: models/fine_tuned/checkpoint_FTSE_FTSE_1W_phase1_20260404.pt
2026-04-04 23:12:49,916  INFO        Base model — H1=0.385  H5=0.308  H20=0.000  Mean=0.231
2026-04-04 23:12:49,917  INFO        Fine-tuned — H1=0.385  H5=0.308  H20=0.000  Mean=0.231  (Phase 1)
2026-04-04 23:12:49,917  INFO        Delta mean accuracy : +0.000  = Fine-tuning matched base model.
2026-04-04 23:12:49,917  INFO        Per-horizon delta   :  H1=+0.000  H5=+0.000  H20=+0.000
2026-04-04 23:12:49,919  INFO        Metrics saved  : logs/finetune/FTSE_FTSE_1W_20260404_metrics.csv
2026-04-04 23:12:49,919  INFO      Stage 6 complete.
