2026-04-13 17:10:31,813  INFO      ============================================================
2026-04-13 17:10:31,813  INFO      Stage 6 Fine-Tuning — Start
2026-04-13 17:10:31,814  INFO      Instrument  : HSI_HSI
2026-04-13 17:10:31,814  INFO      Resolution  : 1D
2026-04-13 17:10:31,814  INFO      Device      : cpu
2026-04-13 17:10:31,814  INFO      Base checkpoint: models/base/checkpoint_base_v1.pt
2026-04-13 17:10:31,816  INFO      Loading: HSI_HSI_1D_20150101_20260412.npy
2026-04-13 17:10:33,124  INFO        Shape: (2592, 60, 47)  (2592 windows)
2026-04-13 17:10:33,133  INFO        Date range: 2015-09-23 → 2026-04-10  (10.5 years)
2026-04-13 17:10:33,134  INFO        Train windows: 2533  Val windows: 59
2026-04-13 17:10:33,134  INFO      Years of data: 10.5
2026-04-13 17:10:33,183  INFO      Loading base checkpoint: models/base/checkpoint_base_v1.pt
2026-04-13 17:10:33,202  INFO        Base val_loss: 0.2463  (fold 3, epoch 22)
2026-04-13 17:10:33,202  INFO      --------------------------------------------------
2026-04-13 17:10:33,202  INFO      Phase 1 — Head-only adaptation (encoder frozen)
2026-04-13 17:10:36,351  INFO        P1 Epoch  1 | TrainLoss 0.2476 | ValLoss 0.2495 | ValAcc H1=0.492 H5=0.475 H20=0.695
2026-04-13 17:10:38,565  INFO        P1 Epoch  2 | TrainLoss 0.2473 | ValLoss 0.2496 | ValAcc H1=0.492 H5=0.508 H20=0.695
2026-04-13 17:10:40,680  INFO        P1 Epoch  3 | TrainLoss 0.2475 | ValLoss 0.2497 | ValAcc H1=0.508 H5=0.525 H20=0.695
2026-04-13 17:10:42,725  INFO        P1 Epoch  4 | TrainLoss 0.2475 | ValLoss 0.2498 | ValAcc H1=0.525 H5=0.525 H20=0.695
2026-04-13 17:10:44,862  INFO        P1 Epoch  5 | TrainLoss 0.2473 | ValLoss 0.2499 | ValAcc H1=0.525 H5=0.492 H20=0.678
2026-04-13 17:10:46,925  INFO        P1 Epoch  6 | TrainLoss 0.2474 | ValLoss 0.2499 | ValAcc H1=0.525 H5=0.492 H20=0.661
2026-04-13 17:10:48,999  INFO        P1 Epoch  7 | TrainLoss 0.2475 | ValLoss 0.2500 | ValAcc H1=0.508 H5=0.508 H20=0.661
2026-04-13 17:10:51,068  INFO        P1 Epoch  8 | TrainLoss 0.2473 | ValLoss 0.2499 | ValAcc H1=0.525 H5=0.508 H20=0.678
2026-04-13 17:10:53,046  INFO        P1 Epoch  9 | TrainLoss 0.2473 | ValLoss 0.2500 | ValAcc H1=0.508 H5=0.508 H20=0.678
2026-04-13 17:10:55,170  INFO        P1 Epoch 10 | TrainLoss 0.2472 | ValLoss 0.2501 | ValAcc H1=0.508 H5=0.508 H20=0.678
2026-04-13 17:10:57,260  INFO        P1 Epoch 11 | TrainLoss 0.2473 | ValLoss 0.2501 | ValAcc H1=0.508 H5=0.508 H20=0.678
2026-04-13 17:10:57,262  INFO        Phase 1 early stopping at epoch 11
2026-04-13 17:10:57,315  INFO        Phase 1 complete. Best val_loss: 0.2495  H1=0.492 H5=0.475 H20=0.695
2026-04-13 17:10:57,320  INFO      Phase 1 checkpoint saved: models/fine_tuned/checkpoint_HSI_HSI_1D_phase1_20260413.pt
2026-04-13 17:10:57,320  INFO      Loading base checkpoint: models/base/checkpoint_base_v1.pt
2026-04-13 17:10:57,330  INFO        Base val_loss: 0.2463  (fold 3, epoch 22)
2026-04-13 17:10:57,369  INFO      Base model H1 accuracy on instrument val set: 0.508
2026-04-13 17:10:57,369  INFO      Fine-tuned  H1 accuracy (Phase 1)           : 0.492
2026-04-13 17:10:57,369  INFO      --------------------------------------------------
2026-04-13 17:10:57,370  INFO      Phase 2 — Verification gate
2026-04-13 17:10:57,370  INFO        Fine-tuned accuracy — H1=0.492  H5=0.475  H20=0.695  Mean=0.554
2026-04-13 17:10:57,370  INFO        Minimum required (mean across horizons) : 0.510
2026-04-13 17:10:57,370  INFO        ✓ Phase 2 PASSED (H1=0.492  H5=0.475  H20=0.695) — proceeding to Phase 3
2026-04-13 17:10:57,370  INFO      --------------------------------------------------
2026-04-13 17:10:57,370  INFO      Phase 3 — Selective encoder unfreeze
2026-04-13 17:10:57,371  INFO        Encoder layers 1 & 2 unfrozen (layer 0 frozen)
2026-04-13 17:10:57,371  INFO        Encoder LR: 1e-05  Head LR: 3e-05
2026-04-13 17:10:57,371  INFO        Dropout: encoder=0.40  head=0.45
2026-04-13 17:11:04,550  INFO        P3 Epoch  1 | TrainLoss 0.2475 | ValLoss 0.2498 | Gap -0.0023 | ValAcc H1=0.525 H5=0.542 H20=0.695
2026-04-13 17:11:11,878  INFO        P3 Epoch  2 | TrainLoss 0.2474 | ValLoss 0.2499 | Gap -0.0024 | ValAcc H1=0.525 H5=0.508 H20=0.695
2026-04-13 17:11:19,199  INFO        P3 Epoch  3 | TrainLoss 0.2476 | ValLoss 0.2499 | Gap -0.0024 | ValAcc H1=0.525 H5=0.492 H20=0.678
2026-04-13 17:11:26,505  INFO        P3 Epoch  4 | TrainLoss 0.2474 | ValLoss 0.2500 | Gap -0.0026 | ValAcc H1=0.508 H5=0.492 H20=0.695
2026-04-13 17:11:33,955  INFO        P3 Epoch  5 | TrainLoss 0.2474 | ValLoss 0.2502 | Gap -0.0028 | ValAcc H1=0.508 H5=0.508 H20=0.661
2026-04-13 17:11:41,296  INFO        P3 Epoch  6 | TrainLoss 0.2472 | ValLoss 0.2502 | Gap -0.0030 | ValAcc H1=0.508 H5=0.508 H20=0.678
2026-04-13 17:11:48,412  INFO        P3 Epoch  7 | TrainLoss 0.2475 | ValLoss 0.2503 | Gap -0.0028 | ValAcc H1=0.508 H5=0.508 H20=0.661
2026-04-13 17:11:55,673  INFO        P3 Epoch  8 | TrainLoss 0.2472 | ValLoss 0.2503 | Gap -0.0031 | ValAcc H1=0.508 H5=0.508 H20=0.661
2026-04-13 17:12:02,962  INFO        P3 Epoch  9 | TrainLoss 0.2474 | ValLoss 0.2504 | Gap -0.0030 | ValAcc H1=0.508 H5=0.492 H20=0.661
2026-04-13 17:12:02,962  INFO        Phase 3 early stopping at epoch 9
2026-04-13 17:12:02,963  INFO        Phase 3 complete. Best val_loss: 0.2498
2026-04-13 17:12:03,012  INFO      Phase 3 checkpoint saved: models/fine_tuned/checkpoint_HSI_HSI_1D_phase3_20260413.pt
2026-04-13 17:12:03,012  INFO      ============================================================
2026-04-13 17:12:03,013  INFO      Fine-Tuning Summary
2026-04-13 17:12:03,013  INFO        Instrument     : HSI_HSI 1D
2026-04-13 17:12:03,013  INFO        Final phase    : 3
2026-04-13 17:12:03,013  INFO        Final checkpoint: models/fine_tuned/checkpoint_HSI_HSI_1D_phase3_20260413.pt
2026-04-13 17:12:03,055  INFO        Base model — H1=0.508  H5=0.525  H20=0.678  Mean=0.571
2026-04-13 17:12:03,056  INFO        Fine-tuned — H1=0.525  H5=0.542  H20=0.695  Mean=0.588  (Phase 3)
2026-04-13 17:12:03,056  INFO        Delta mean accuracy : +0.017  ✓ Fine-tuning improved accuracy.
2026-04-13 17:12:03,056  INFO        Per-horizon delta   :  H1=+0.017  H5=+0.017  H20=+0.017
2026-04-13 17:12:03,059  INFO        Metrics saved  : logs/finetune/HSI_HSI_1D_20260413_metrics.csv
2026-04-13 17:12:03,059  INFO      Stage 6 complete.
