2026-04-04 23:14:41,835  INFO      ============================================================
2026-04-04 23:14:41,836  INFO      Stage 6 Fine-Tuning — Start
2026-04-04 23:14:41,836  INFO      Instrument  : ICE_BZF
2026-04-04 23:14:41,836  INFO      Resolution  : 1H
2026-04-04 23:14:41,836  INFO      Device      : cpu
2026-04-04 23:14:41,836  INFO      Base checkpoint: models/base/checkpoint_base_v1.pt
2026-04-04 23:14:41,837  INFO      Loading: ICE_BZF_1H_20240405_20260326.npy
2026-04-04 23:14:44,290  INFO        Shape: (2908, 60, 48)  (2908 windows)
2026-04-04 23:14:44,316  INFO        Date range: 2025-01-03 → 2025-07-07  (0.5 years)
2026-04-04 23:14:44,316  INFO        Train windows: 1463  Val windows: 1445
2026-04-04 23:14:44,316  INFO      Years of data: 0.5
2026-04-04 23:14:44,341  INFO      Loading base checkpoint: models/base/checkpoint_base_v1.pt
2026-04-04 23:14:44,354  INFO        Base val_loss: 0.2466  (fold 2, epoch 28)
2026-04-04 23:14:44,355  INFO      --------------------------------------------------
2026-04-04 23:14:44,355  INFO      Phase 1 — Head-only adaptation (encoder frozen)
2026-04-04 23:14:47,806  INFO        P1 Epoch  1 | TrainLoss 0.2480 | ValLoss 0.2465 | ValAcc H1=0.536 H5=0.527 H20=0.523
2026-04-04 23:14:49,902  INFO        P1 Epoch  2 | TrainLoss 0.2481 | ValLoss 0.2465 | ValAcc H1=0.531 H5=0.532 H20=0.521
2026-04-04 23:14:52,121  INFO        P1 Epoch  3 | TrainLoss 0.2478 | ValLoss 0.2465 | ValAcc H1=0.530 H5=0.529 H20=0.521
2026-04-04 23:14:54,198  INFO        P1 Epoch  4 | TrainLoss 0.2479 | ValLoss 0.2465 | ValAcc H1=0.533 H5=0.529 H20=0.517
2026-04-04 23:14:56,553  INFO        P1 Epoch  5 | TrainLoss 0.2480 | ValLoss 0.2464 | ValAcc H1=0.531 H5=0.527 H20=0.517
2026-04-04 23:14:58,699  INFO        P1 Epoch  6 | TrainLoss 0.2478 | ValLoss 0.2464 | ValAcc H1=0.532 H5=0.526 H20=0.516
2026-04-04 23:15:00,752  INFO        P1 Epoch  7 | TrainLoss 0.2477 | ValLoss 0.2464 | ValAcc H1=0.531 H5=0.525 H20=0.515
2026-04-04 23:15:03,046  INFO        P1 Epoch  8 | TrainLoss 0.2477 | ValLoss 0.2464 | ValAcc H1=0.532 H5=0.527 H20=0.513
2026-04-04 23:15:05,148  INFO        P1 Epoch  9 | TrainLoss 0.2478 | ValLoss 0.2464 | ValAcc H1=0.532 H5=0.528 H20=0.511
2026-04-04 23:15:07,508  INFO        P1 Epoch 10 | TrainLoss 0.2478 | ValLoss 0.2464 | ValAcc H1=0.532 H5=0.531 H20=0.511
2026-04-04 23:15:09,669  INFO        P1 Epoch 11 | TrainLoss 0.2478 | ValLoss 0.2464 | ValAcc H1=0.532 H5=0.531 H20=0.510
2026-04-04 23:15:09,670  INFO        Phase 1 early stopping at epoch 11
2026-04-04 23:15:10,698  INFO        Phase 1 complete. Best val_loss: 0.2465  H1=0.536 H5=0.527 H20=0.523
2026-04-04 23:15:10,702  INFO      Phase 1 checkpoint saved: models/fine_tuned/checkpoint_ICE_BZF_1H_phase1_20260404.pt
2026-04-04 23:15:10,703  INFO      Loading base checkpoint: models/base/checkpoint_base_v1.pt
2026-04-04 23:15:10,712  INFO        Base val_loss: 0.2466  (fold 2, epoch 28)
2026-04-04 23:15:11,720  INFO      Base model H1 accuracy on instrument val set: 0.538
2026-04-04 23:15:11,720  INFO      Fine-tuned  H1 accuracy (Phase 1)           : 0.536
2026-04-04 23:15:11,720  INFO      --------------------------------------------------
2026-04-04 23:15:11,720  INFO      Phase 2 — Verification gate
2026-04-04 23:15:11,721  INFO        Fine-tuned accuracy — H1=0.536  H5=0.527  H20=0.523  Mean=0.529
2026-04-04 23:15:11,721  INFO        Minimum required (mean across horizons) : 0.510
2026-04-04 23:15:11,721  INFO        ✓ Phase 2 PASSED (H1=0.536  H5=0.527  H20=0.523) — proceeding to Phase 3
2026-04-04 23:15:11,721  INFO      --------------------------------------------------
2026-04-04 23:15:11,721  INFO      Phase 3 — Selective encoder unfreeze
2026-04-04 23:15:11,721  WARNING     ✗ Skipping Phase 3 — only 0.5 years of data (need 2.0)
2026-04-04 23:15:11,721  WARNING     Using Phase 1 checkpoint as final output.
2026-04-04 23:15:11,722  INFO      Reverted to Phase 1 checkpoint.
2026-04-04 23:15:12,697  INFO      Phase 1 H1 accuracy (recheck): 0.536
2026-04-04 23:15:12,697  INFO      ============================================================
2026-04-04 23:15:12,698  INFO      Fine-Tuning Summary
2026-04-04 23:15:12,698  INFO        Instrument     : ICE_BZF 1H
2026-04-04 23:15:12,698  INFO        Final phase    : 1
2026-04-04 23:15:12,698  INFO        Final checkpoint: models/fine_tuned/checkpoint_ICE_BZF_1H_phase1_20260404.pt
2026-04-04 23:15:13,759  INFO        Base model — H1=0.538  H5=0.527  H20=0.524  Mean=0.529
2026-04-04 23:15:13,759  INFO        Fine-tuned — H1=0.536  H5=0.527  H20=0.523  Mean=0.529  (Phase 1)
2026-04-04 23:15:13,759  INFO        Delta mean accuracy : -0.001  = Fine-tuning matched base model.
2026-04-04 23:15:13,759  INFO        Per-horizon delta   :  H1=-0.002  H5=+0.001  H20=-0.001
2026-04-04 23:15:13,762  INFO        Metrics saved  : logs/finetune/ICE_BZF_1H_20260404_metrics.csv
2026-04-04 23:15:13,762  INFO      Stage 6 complete.
