2026-04-13 17:25:17,588  INFO      ============================================================
2026-04-13 17:25:17,588  INFO      Stage 6 Fine-Tuning — Start
2026-04-13 17:25:17,588  INFO      Instrument  : LSE_HSBAL
2026-04-13 17:25:17,588  INFO      Resolution  : 1D
2026-04-13 17:25:17,588  INFO      Device      : cpu
2026-04-13 17:25:17,589  INFO      Base checkpoint: models/base/checkpoint_base_v1.pt
2026-04-13 17:25:17,590  INFO      Loading: LSE_HSBAL_1D_20150101_20260412.npy
2026-04-13 17:25:18,843  INFO        Shape: (2669, 60, 47)  (2669 windows)
2026-04-13 17:25:18,864  INFO        Date range: 2015-09-17 → 2026-04-10  (10.6 years)
2026-04-13 17:25:18,865  INFO        Train windows: 2606  Val windows: 63
2026-04-13 17:25:18,865  INFO      Years of data: 10.6
2026-04-13 17:25:18,926  INFO      Loading base checkpoint: models/base/checkpoint_base_v1.pt
2026-04-13 17:25:18,941  INFO        Base val_loss: 0.2463  (fold 3, epoch 22)
2026-04-13 17:25:18,941  INFO      --------------------------------------------------
2026-04-13 17:25:18,941  INFO      Phase 1 — Head-only adaptation (encoder frozen)
2026-04-13 17:25:22,334  INFO        P1 Epoch  1 | TrainLoss 0.2473 | ValLoss 0.2484 | ValAcc H1=0.540 H5=0.587 H20=0.683
2026-04-13 17:25:24,446  INFO        P1 Epoch  2 | TrainLoss 0.2472 | ValLoss 0.2484 | ValAcc H1=0.540 H5=0.587 H20=0.683
2026-04-13 17:25:26,613  INFO        P1 Epoch  3 | TrainLoss 0.2472 | ValLoss 0.2484 | ValAcc H1=0.524 H5=0.587 H20=0.698
2026-04-13 17:25:28,740  INFO        P1 Epoch  4 | TrainLoss 0.2471 | ValLoss 0.2484 | ValAcc H1=0.524 H5=0.587 H20=0.683
2026-04-13 17:25:30,935  INFO        P1 Epoch  5 | TrainLoss 0.2471 | ValLoss 0.2483 | ValAcc H1=0.540 H5=0.587 H20=0.683
2026-04-13 17:25:33,104  INFO        P1 Epoch  6 | TrainLoss 0.2471 | ValLoss 0.2483 | ValAcc H1=0.540 H5=0.587 H20=0.683
2026-04-13 17:25:35,228  INFO        P1 Epoch  7 | TrainLoss 0.2472 | ValLoss 0.2483 | ValAcc H1=0.540 H5=0.587 H20=0.683
2026-04-13 17:25:37,386  INFO        P1 Epoch  8 | TrainLoss 0.2472 | ValLoss 0.2483 | ValAcc H1=0.540 H5=0.587 H20=0.683
2026-04-13 17:25:39,495  INFO        P1 Epoch  9 | TrainLoss 0.2472 | ValLoss 0.2483 | ValAcc H1=0.540 H5=0.587 H20=0.683
2026-04-13 17:25:41,718  INFO        P1 Epoch 10 | TrainLoss 0.2470 | ValLoss 0.2483 | ValAcc H1=0.524 H5=0.587 H20=0.683
2026-04-13 17:25:43,895  INFO        P1 Epoch 11 | TrainLoss 0.2470 | ValLoss 0.2484 | ValAcc H1=0.524 H5=0.587 H20=0.683
2026-04-13 17:25:46,019  INFO        P1 Epoch 12 | TrainLoss 0.2472 | ValLoss 0.2484 | ValAcc H1=0.524 H5=0.587 H20=0.683
2026-04-13 17:25:48,165  INFO        P1 Epoch 13 | TrainLoss 0.2470 | ValLoss 0.2484 | ValAcc H1=0.524 H5=0.587 H20=0.683
2026-04-13 17:25:50,285  INFO        P1 Epoch 14 | TrainLoss 0.2471 | ValLoss 0.2484 | ValAcc H1=0.524 H5=0.587 H20=0.683
2026-04-13 17:25:52,584  INFO        P1 Epoch 15 | TrainLoss 0.2469 | ValLoss 0.2484 | ValAcc H1=0.524 H5=0.587 H20=0.683
2026-04-13 17:25:54,827  INFO        P1 Epoch 16 | TrainLoss 0.2471 | ValLoss 0.2484 | ValAcc H1=0.524 H5=0.587 H20=0.683
2026-04-13 17:25:54,827  INFO        Phase 1 early stopping at epoch 16
2026-04-13 17:25:54,872  INFO        Phase 1 complete. Best val_loss: 0.2483  H1=0.540 H5=0.587 H20=0.683
2026-04-13 17:25:54,877  INFO      Phase 1 checkpoint saved: models/fine_tuned/checkpoint_LSE_HSBAL_1D_phase1_20260413.pt
2026-04-13 17:25:54,877  INFO      Loading base checkpoint: models/base/checkpoint_base_v1.pt
2026-04-13 17:25:54,888  INFO        Base val_loss: 0.2463  (fold 3, epoch 22)
2026-04-13 17:25:54,936  INFO      Base model H1 accuracy on instrument val set: 0.540
2026-04-13 17:25:54,936  INFO      Fine-tuned  H1 accuracy (Phase 1)           : 0.540
2026-04-13 17:25:54,936  INFO      --------------------------------------------------
2026-04-13 17:25:54,936  INFO      Phase 2 — Verification gate
2026-04-13 17:25:54,937  INFO        Fine-tuned accuracy — H1=0.540  H5=0.587  H20=0.683  Mean=0.603
2026-04-13 17:25:54,937  INFO        Minimum required (mean across horizons) : 0.510
2026-04-13 17:25:54,937  INFO        ✓ Phase 2 PASSED (H1=0.540  H5=0.587  H20=0.683) — proceeding to Phase 3
2026-04-13 17:25:54,937  INFO      --------------------------------------------------
2026-04-13 17:25:54,937  INFO      Phase 3 — Selective encoder unfreeze
2026-04-13 17:25:54,938  INFO        Encoder layers 1 & 2 unfrozen (layer 0 frozen)
2026-04-13 17:25:54,938  INFO        Encoder LR: 1e-05  Head LR: 3e-05
2026-04-13 17:25:54,938  INFO        Dropout: encoder=0.40  head=0.45
2026-04-13 17:26:02,611  INFO        P3 Epoch  1 | TrainLoss 0.2473 | ValLoss 0.2483 | Gap -0.0010 | ValAcc H1=0.540 H5=0.587 H20=0.667
2026-04-13 17:26:10,149  INFO        P3 Epoch  2 | TrainLoss 0.2472 | ValLoss 0.2483 | Gap -0.0012 | ValAcc H1=0.540 H5=0.587 H20=0.667
2026-04-13 17:26:17,818  INFO        P3 Epoch  3 | TrainLoss 0.2471 | ValLoss 0.2483 | Gap -0.0012 | ValAcc H1=0.540 H5=0.587 H20=0.667
2026-04-13 17:26:25,394  INFO        P3 Epoch  4 | TrainLoss 0.2472 | ValLoss 0.2483 | Gap -0.0011 | ValAcc H1=0.524 H5=0.587 H20=0.667
2026-04-13 17:26:33,152  INFO        P3 Epoch  5 | TrainLoss 0.2470 | ValLoss 0.2483 | Gap -0.0013 | ValAcc H1=0.524 H5=0.587 H20=0.667
2026-04-13 17:26:40,627  INFO        P3 Epoch  6 | TrainLoss 0.2472 | ValLoss 0.2483 | Gap -0.0011 | ValAcc H1=0.524 H5=0.587 H20=0.667
2026-04-13 17:26:48,297  INFO        P3 Epoch  7 | TrainLoss 0.2470 | ValLoss 0.2483 | Gap -0.0014 | ValAcc H1=0.524 H5=0.587 H20=0.667
2026-04-13 17:26:55,984  INFO        P3 Epoch  8 | TrainLoss 0.2469 | ValLoss 0.2483 | Gap -0.0014 | ValAcc H1=0.524 H5=0.587 H20=0.667
2026-04-13 17:27:03,726  INFO        P3 Epoch  9 | TrainLoss 0.2469 | ValLoss 0.2483 | Gap -0.0014 | ValAcc H1=0.524 H5=0.587 H20=0.667
2026-04-13 17:27:03,726  INFO        Phase 3 early stopping at epoch 9
2026-04-13 17:27:03,727  INFO        Phase 3 complete. Best val_loss: 0.2483
2026-04-13 17:27:03,776  INFO      Phase 3 checkpoint saved: models/fine_tuned/checkpoint_LSE_HSBAL_1D_phase3_20260413.pt
2026-04-13 17:27:03,776  INFO      ============================================================
2026-04-13 17:27:03,776  INFO      Fine-Tuning Summary
2026-04-13 17:27:03,776  INFO        Instrument     : LSE_HSBAL 1D
2026-04-13 17:27:03,776  INFO        Final phase    : 3
2026-04-13 17:27:03,776  INFO        Final checkpoint: models/fine_tuned/checkpoint_LSE_HSBAL_1D_phase3_20260413.pt
2026-04-13 17:27:03,825  INFO        Base model — H1=0.540  H5=0.587  H20=0.683  Mean=0.603
2026-04-13 17:27:03,826  INFO        Fine-tuned — H1=0.540  H5=0.587  H20=0.667  Mean=0.598  (Phase 3)
2026-04-13 17:27:03,826  WARNING     Delta mean accuracy : -0.005  ⚠  Fine-tuning degraded mean accuracy. Consider using the base model for this instrument. H1 delta=+0.000  H5 delta=+0.000  H20 delta=-0.016
2026-04-13 17:27:03,828  INFO        Metrics saved  : logs/finetune/LSE_HSBAL_1D_20260413_metrics.csv
2026-04-13 17:27:03,828  INFO      Stage 6 complete.
