2026-04-04 23:17:11,401  INFO      ============================================================
2026-04-04 23:17:11,401  INFO      Stage 6 Fine-Tuning — Start
2026-04-04 23:17:11,401  INFO      Instrument  : LSE_BPL
2026-04-04 23:17:11,401  INFO      Resolution  : 1D
2026-04-04 23:17:11,401  INFO      Device      : cpu
2026-04-04 23:17:11,401  INFO      Base checkpoint: models/base/checkpoint_base_v1.pt
2026-04-04 23:17:11,402  INFO      Loading: LSE_BPL_1D_20150101_20260326.npy
2026-04-04 23:17:13,144  INFO        Shape: (2658, 60, 42)  (2658 windows)
2026-04-04 23:17:13,166  INFO        Date range: 2015-09-17 → 2026-03-25  (10.5 years)
2026-04-04 23:17:13,167  INFO        Train windows: 2596  Val windows: 62
2026-04-04 23:17:13,167  INFO      Years of data: 10.5
2026-04-04 23:17:13,205  INFO      Loading base checkpoint: models/base/checkpoint_base_v1.pt
2026-04-04 23:17:13,218  INFO        Base val_loss: 0.2466  (fold 2, epoch 28)
2026-04-04 23:17:13,219  INFO      --------------------------------------------------
2026-04-04 23:17:13,219  INFO      Phase 1 — Head-only adaptation (encoder frozen)
2026-04-04 23:17:15,883  INFO        P1 Epoch  1 | TrainLoss 0.2464 | ValLoss 0.2525 | ValAcc H1=0.468 H5=0.419 H20=0.371
2026-04-04 23:17:17,583  INFO        P1 Epoch  2 | TrainLoss 0.2463 | ValLoss 0.2525 | ValAcc H1=0.468 H5=0.419 H20=0.371
2026-04-04 23:17:19,286  INFO        P1 Epoch  3 | TrainLoss 0.2463 | ValLoss 0.2522 | ValAcc H1=0.484 H5=0.387 H20=0.387
2026-04-04 23:17:21,307  INFO        P1 Epoch  4 | TrainLoss 0.2465 | ValLoss 0.2523 | ValAcc H1=0.468 H5=0.435 H20=0.387
2026-04-04 23:17:23,003  INFO        P1 Epoch  5 | TrainLoss 0.2464 | ValLoss 0.2522 | ValAcc H1=0.484 H5=0.419 H20=0.387
2026-04-04 23:17:24,667  INFO        P1 Epoch  6 | TrainLoss 0.2463 | ValLoss 0.2522 | ValAcc H1=0.484 H5=0.435 H20=0.387
2026-04-04 23:17:26,457  INFO        P1 Epoch  7 | TrainLoss 0.2462 | ValLoss 0.2524 | ValAcc H1=0.468 H5=0.419 H20=0.387
2026-04-04 23:17:28,136  INFO        P1 Epoch  8 | TrainLoss 0.2463 | ValLoss 0.2525 | ValAcc H1=0.468 H5=0.403 H20=0.387
2026-04-04 23:17:29,828  INFO        P1 Epoch  9 | TrainLoss 0.2461 | ValLoss 0.2525 | ValAcc H1=0.452 H5=0.435 H20=0.387
2026-04-04 23:17:31,779  INFO        P1 Epoch 10 | TrainLoss 0.2461 | ValLoss 0.2525 | ValAcc H1=0.452 H5=0.435 H20=0.387
2026-04-04 23:17:33,535  INFO        P1 Epoch 11 | TrainLoss 0.2461 | ValLoss 0.2526 | ValAcc H1=0.435 H5=0.435 H20=0.387
2026-04-04 23:17:35,239  INFO        P1 Epoch 12 | TrainLoss 0.2462 | ValLoss 0.2526 | ValAcc H1=0.468 H5=0.435 H20=0.387
2026-04-04 23:17:36,991  INFO        P1 Epoch 13 | TrainLoss 0.2462 | ValLoss 0.2526 | ValAcc H1=0.468 H5=0.435 H20=0.387
2026-04-04 23:17:36,992  INFO        Phase 1 early stopping at epoch 13
2026-04-04 23:17:37,026  INFO        Phase 1 complete. Best val_loss: 0.2522  H1=0.484 H5=0.387 H20=0.387
2026-04-04 23:17:37,031  INFO      Phase 1 checkpoint saved: models/fine_tuned/checkpoint_LSE_BPL_1D_phase1_20260404.pt
2026-04-04 23:17:37,032  INFO      Loading base checkpoint: models/base/checkpoint_base_v1.pt
2026-04-04 23:17:37,041  INFO        Base val_loss: 0.2466  (fold 2, epoch 28)
2026-04-04 23:17:37,082  INFO      Base model H1 accuracy on instrument val set: 0.484
2026-04-04 23:17:37,082  INFO      Fine-tuned  H1 accuracy (Phase 1)           : 0.484
2026-04-04 23:17:37,083  INFO      --------------------------------------------------
2026-04-04 23:17:37,083  INFO      Phase 2 — Verification gate
2026-04-04 23:17:37,083  INFO        Fine-tuned accuracy — H1=0.484  H5=0.387  H20=0.387  Mean=0.419
2026-04-04 23:17:37,083  INFO        Minimum required (mean across horizons) : 0.510
2026-04-04 23:17:37,083  WARNING     ✗ Phase 2 FAILED — mean accuracy 0.419 is below 0.510
2026-04-04 23:17:37,083  WARNING     H1=0.484  H5=0.387  H20=0.387
2026-04-04 23:17:37,083  WARNING     Instrument may be unpredictable at this resolution.
2026-04-04 23:17:37,083  WARNING     Using Phase 1 checkpoint as final output.
2026-04-04 23:17:37,083  INFO      ============================================================
2026-04-04 23:17:37,083  INFO      Fine-Tuning Summary
2026-04-04 23:17:37,084  INFO        Instrument     : LSE_BPL 1D
2026-04-04 23:17:37,084  INFO        Final phase    : 1
2026-04-04 23:17:37,084  INFO        Final checkpoint: models/fine_tuned/checkpoint_LSE_BPL_1D_phase1_20260404.pt
2026-04-04 23:17:37,121  INFO        Base model — H1=0.484  H5=0.435  H20=0.371  Mean=0.430
2026-04-04 23:17:37,121  INFO        Fine-tuned — H1=0.484  H5=0.387  H20=0.387  Mean=0.419  (Phase 1)
2026-04-04 23:17:37,121  WARNING     Delta mean accuracy : -0.011  ⚠  Fine-tuning degraded mean accuracy. Consider using the base model for this instrument. H1 delta=+0.000  H5 delta=-0.048  H20 delta=+0.016
2026-04-04 23:17:37,123  INFO        Metrics saved  : logs/finetune/LSE_BPL_1D_20260404_metrics.csv
2026-04-04 23:17:37,124  INFO      Stage 6 complete.
