2026-04-13 17:18:43,009  INFO      ============================================================
2026-04-13 17:18:43,009  INFO      Stage 6 Fine-Tuning — Start
2026-04-13 17:18:43,010  INFO      Instrument  : LSE_AZNL
2026-04-13 17:18:43,010  INFO      Resolution  : 1W
2026-04-13 17:18:43,010  INFO      Device      : cpu
2026-04-13 17:18:43,010  INFO      Base checkpoint: models/base/checkpoint_base_v1.pt
2026-04-13 17:18:43,012  INFO      Loading: LSE_AZNL_1W_20150101_20260412.npy
2026-04-13 17:18:43,245  INFO        Shape: (410, 60, 47)  (410 windows)
2026-04-13 17:18:43,250  INFO        Date range: 2018-06-07 → 2026-04-09  (7.8 years)
2026-04-13 17:18:43,250  INFO        Train windows: 397  Val windows: 13
2026-04-13 17:18:43,250  INFO      Years of data: 7.8
2026-04-13 17:18:43,256  INFO      Loading base checkpoint: models/base/checkpoint_base_v1.pt
2026-04-13 17:18:43,272  INFO        Base val_loss: 0.2463  (fold 3, epoch 22)
2026-04-13 17:18:43,272  INFO      --------------------------------------------------
2026-04-13 17:18:43,272  INFO      Phase 1 — Head-only adaptation (encoder frozen)
2026-04-13 17:18:45,113  INFO        P1 Epoch  1 | TrainLoss 0.2478 | ValLoss 0.2478 | ValAcc H1=0.462 H5=0.538 H20=0.000
2026-04-13 17:18:45,463  INFO        P1 Epoch  2 | TrainLoss 0.2468 | ValLoss 0.2478 | ValAcc H1=0.462 H5=0.462 H20=0.000
2026-04-13 17:18:45,853  INFO        P1 Epoch  3 | TrainLoss 0.2463 | ValLoss 0.2478 | ValAcc H1=0.462 H5=0.385 H20=0.000
2026-04-13 17:18:46,266  INFO        P1 Epoch  4 | TrainLoss 0.2468 | ValLoss 0.2478 | ValAcc H1=0.462 H5=0.385 H20=0.000
2026-04-13 17:18:46,673  INFO        P1 Epoch  5 | TrainLoss 0.2469 | ValLoss 0.2478 | ValAcc H1=0.462 H5=0.385 H20=0.000
2026-04-13 17:18:47,030  INFO        P1 Epoch  6 | TrainLoss 0.2483 | ValLoss 0.2477 | ValAcc H1=0.462 H5=0.385 H20=0.000
2026-04-13 17:18:47,435  INFO        P1 Epoch  7 | TrainLoss 0.2483 | ValLoss 0.2477 | ValAcc H1=0.462 H5=0.385 H20=0.000
2026-04-13 17:18:47,792  INFO        P1 Epoch  8 | TrainLoss 0.2472 | ValLoss 0.2477 | ValAcc H1=0.462 H5=0.385 H20=0.000
2026-04-13 17:18:48,190  INFO        P1 Epoch  9 | TrainLoss 0.2474 | ValLoss 0.2476 | ValAcc H1=0.462 H5=0.385 H20=0.000
2026-04-13 17:18:48,556  INFO        P1 Epoch 10 | TrainLoss 0.2464 | ValLoss 0.2476 | ValAcc H1=0.462 H5=0.385 H20=0.000
2026-04-13 17:18:48,985  INFO        P1 Epoch 11 | TrainLoss 0.2465 | ValLoss 0.2476 | ValAcc H1=0.462 H5=0.385 H20=0.000
2026-04-13 17:18:49,578  INFO        P1 Epoch 12 | TrainLoss 0.2472 | ValLoss 0.2475 | ValAcc H1=0.462 H5=0.385 H20=0.000
2026-04-13 17:18:50,141  INFO        P1 Epoch 13 | TrainLoss 0.2470 | ValLoss 0.2475 | ValAcc H1=0.462 H5=0.385 H20=0.000
2026-04-13 17:18:50,550  INFO        P1 Epoch 14 | TrainLoss 0.2471 | ValLoss 0.2475 | ValAcc H1=0.462 H5=0.385 H20=0.000
2026-04-13 17:18:50,905  INFO        P1 Epoch 15 | TrainLoss 0.2479 | ValLoss 0.2475 | ValAcc H1=0.462 H5=0.385 H20=0.000
2026-04-13 17:18:51,256  INFO        P1 Epoch 16 | TrainLoss 0.2470 | ValLoss 0.2475 | ValAcc H1=0.462 H5=0.385 H20=0.000
2026-04-13 17:18:51,646  INFO        P1 Epoch 17 | TrainLoss 0.2458 | ValLoss 0.2475 | ValAcc H1=0.462 H5=0.385 H20=0.000
2026-04-13 17:18:52,061  INFO        P1 Epoch 18 | TrainLoss 0.2470 | ValLoss 0.2474 | ValAcc H1=0.462 H5=0.385 H20=0.000
2026-04-13 17:18:52,437  INFO        P1 Epoch 19 | TrainLoss 0.2472 | ValLoss 0.2474 | ValAcc H1=0.462 H5=0.385 H20=0.000
2026-04-13 17:18:52,794  INFO        P1 Epoch 20 | TrainLoss 0.2469 | ValLoss 0.2474 | ValAcc H1=0.462 H5=0.385 H20=0.000
2026-04-13 17:18:53,149  INFO        P1 Epoch 21 | TrainLoss 0.2462 | ValLoss 0.2474 | ValAcc H1=0.462 H5=0.385 H20=0.000
2026-04-13 17:18:53,511  INFO        P1 Epoch 22 | TrainLoss 0.2475 | ValLoss 0.2474 | ValAcc H1=0.462 H5=0.385 H20=0.000
2026-04-13 17:18:53,865  INFO        P1 Epoch 23 | TrainLoss 0.2478 | ValLoss 0.2474 | ValAcc H1=0.462 H5=0.385 H20=0.000
2026-04-13 17:18:54,250  INFO        P1 Epoch 24 | TrainLoss 0.2477 | ValLoss 0.2474 | ValAcc H1=0.462 H5=0.385 H20=0.000
2026-04-13 17:18:54,611  INFO        P1 Epoch 25 | TrainLoss 0.2464 | ValLoss 0.2474 | ValAcc H1=0.462 H5=0.385 H20=0.000
2026-04-13 17:18:54,981  INFO        P1 Epoch 26 | TrainLoss 0.2478 | ValLoss 0.2474 | ValAcc H1=0.462 H5=0.385 H20=0.000
2026-04-13 17:18:54,981  INFO        Phase 1 early stopping at epoch 26
2026-04-13 17:18:55,001  INFO        Phase 1 complete. Best val_loss: 0.2475  H1=0.462 H5=0.385 H20=0.000
2026-04-13 17:18:55,008  INFO      Phase 1 checkpoint saved: models/fine_tuned/checkpoint_LSE_AZNL_1W_phase1_20260413.pt
2026-04-13 17:18:55,008  INFO      Loading base checkpoint: models/base/checkpoint_base_v1.pt
2026-04-13 17:18:55,026  INFO        Base val_loss: 0.2463  (fold 3, epoch 22)
2026-04-13 17:18:55,041  INFO      Base model H1 accuracy on instrument val set: 0.462
2026-04-13 17:18:55,041  INFO      Fine-tuned  H1 accuracy (Phase 1)           : 0.462
2026-04-13 17:18:55,042  INFO      --------------------------------------------------
2026-04-13 17:18:55,042  INFO      Phase 2 — Verification gate
2026-04-13 17:18:55,042  INFO        Fine-tuned accuracy — H1=0.462  H5=0.385  H20=0.000  Mean=0.282
2026-04-13 17:18:55,042  INFO        Minimum required (mean across horizons) : 0.510
2026-04-13 17:18:55,042  WARNING     ✗ Phase 2 FAILED — mean accuracy 0.282 is below 0.510
2026-04-13 17:18:55,042  WARNING     H1=0.462  H5=0.385  H20=0.000
2026-04-13 17:18:55,042  WARNING     Instrument may be unpredictable at this resolution.
2026-04-13 17:18:55,043  WARNING     Using Phase 1 checkpoint as final output.
2026-04-13 17:18:55,043  INFO      ============================================================
2026-04-13 17:18:55,043  INFO      Fine-Tuning Summary
2026-04-13 17:18:55,043  INFO        Instrument     : LSE_AZNL 1W
2026-04-13 17:18:55,043  INFO        Final phase    : 1
2026-04-13 17:18:55,043  INFO        Final checkpoint: models/fine_tuned/checkpoint_LSE_AZNL_1W_phase1_20260413.pt
2026-04-13 17:18:55,055  INFO        Base model — H1=0.462  H5=0.538  H20=0.000  Mean=0.333
2026-04-13 17:18:55,055  INFO        Fine-tuned — H1=0.462  H5=0.385  H20=0.000  Mean=0.282  (Phase 1)
2026-04-13 17:18:55,055  WARNING     Delta mean accuracy : -0.051  ⚠  Fine-tuning degraded mean accuracy. Consider using the base model for this instrument. H1 delta=+0.000  H5 delta=-0.154  H20 delta=+0.000
2026-04-13 17:18:55,058  INFO        Metrics saved  : logs/finetune/LSE_AZNL_1W_20260413_metrics.csv
2026-04-13 17:18:55,058  INFO      Stage 6 complete.
