2026-04-04 23:19:00,847  INFO      ============================================================
2026-04-04 23:19:00,847  INFO      Stage 6 Fine-Tuning — Start
2026-04-04 23:19:00,847  INFO      Instrument  : LSE_GSKL
2026-04-04 23:19:00,847  INFO      Resolution  : 4H
2026-04-04 23:19:00,847  INFO      Device      : cpu
2026-04-04 23:19:00,847  INFO      Base checkpoint: models/base/checkpoint_base_v1.pt
2026-04-04 23:19:00,848  INFO      Loading: LSE_GSKL_4H_20240405_20260326.npy
2026-04-04 23:19:02,059  INFO        Shape: (1313, 60, 48)  (1313 windows)
2026-04-04 23:19:02,075  INFO        Date range: 2024-07-01 → 2026-03-25  (1.7 years)
2026-04-04 23:19:02,076  INFO        Train windows: 1129  Val windows: 184
2026-04-04 23:19:02,076  INFO      Years of data: 1.7
2026-04-04 23:19:02,089  INFO      Loading base checkpoint: models/base/checkpoint_base_v1.pt
2026-04-04 23:19:02,112  INFO        Base val_loss: 0.2466  (fold 2, epoch 28)
2026-04-04 23:19:02,113  INFO      --------------------------------------------------
2026-04-04 23:19:02,113  INFO      Phase 1 — Head-only adaptation (encoder frozen)
2026-04-04 23:19:04,038  INFO        P1 Epoch  1 | TrainLoss 0.2473 | ValLoss 0.2431 | ValAcc H1=0.592 H5=0.600 H20=0.651
2026-04-04 23:19:05,297  INFO        P1 Epoch  2 | TrainLoss 0.2474 | ValLoss 0.2435 | ValAcc H1=0.592 H5=0.606 H20=0.634
2026-04-04 23:19:06,310  INFO        P1 Epoch  3 | TrainLoss 0.2473 | ValLoss 0.2439 | ValAcc H1=0.581 H5=0.600 H20=0.635
2026-04-04 23:19:07,328  INFO        P1 Epoch  4 | TrainLoss 0.2471 | ValLoss 0.2443 | ValAcc H1=0.576 H5=0.594 H20=0.624
2026-04-04 23:19:08,274  INFO        P1 Epoch  5 | TrainLoss 0.2471 | ValLoss 0.2446 | ValAcc H1=0.576 H5=0.599 H20=0.629
2026-04-04 23:19:09,270  INFO        P1 Epoch  6 | TrainLoss 0.2467 | ValLoss 0.2449 | ValAcc H1=0.570 H5=0.599 H20=0.629
2026-04-04 23:19:10,205  INFO        P1 Epoch  7 | TrainLoss 0.2469 | ValLoss 0.2451 | ValAcc H1=0.570 H5=0.593 H20=0.629
2026-04-04 23:19:11,204  INFO        P1 Epoch  8 | TrainLoss 0.2469 | ValLoss 0.2454 | ValAcc H1=0.575 H5=0.593 H20=0.635
2026-04-04 23:19:12,150  INFO        P1 Epoch  9 | TrainLoss 0.2467 | ValLoss 0.2456 | ValAcc H1=0.581 H5=0.588 H20=0.629
2026-04-04 23:19:13,163  INFO        P1 Epoch 10 | TrainLoss 0.2465 | ValLoss 0.2457 | ValAcc H1=0.581 H5=0.588 H20=0.635
2026-04-04 23:19:14,090  INFO        P1 Epoch 11 | TrainLoss 0.2467 | ValLoss 0.2458 | ValAcc H1=0.575 H5=0.588 H20=0.629
2026-04-04 23:19:14,090  INFO        Phase 1 early stopping at epoch 11
2026-04-04 23:19:14,217  INFO        Phase 1 complete. Best val_loss: 0.2431  H1=0.592 H5=0.600 H20=0.651
2026-04-04 23:19:14,226  INFO      Phase 1 checkpoint saved: models/fine_tuned/checkpoint_LSE_GSKL_4H_phase1_20260404.pt
2026-04-04 23:19:14,227  INFO      Loading base checkpoint: models/base/checkpoint_base_v1.pt
2026-04-04 23:19:14,247  INFO        Base val_loss: 0.2466  (fold 2, epoch 28)
2026-04-04 23:19:14,376  INFO      Base model H1 accuracy on instrument val set: 0.581
2026-04-04 23:19:14,376  INFO      Fine-tuned  H1 accuracy (Phase 1)           : 0.592
2026-04-04 23:19:14,376  INFO      --------------------------------------------------
2026-04-04 23:19:14,376  INFO      Phase 2 — Verification gate
2026-04-04 23:19:14,376  INFO        Fine-tuned accuracy — H1=0.592  H5=0.600  H20=0.651  Mean=0.615
2026-04-04 23:19:14,376  INFO        Minimum required (mean across horizons) : 0.510
2026-04-04 23:19:14,376  INFO        ✓ Phase 2 PASSED (H1=0.592  H5=0.600  H20=0.651) — proceeding to Phase 3
2026-04-04 23:19:14,377  INFO      --------------------------------------------------
2026-04-04 23:19:14,377  INFO      Phase 3 — Selective encoder unfreeze
2026-04-04 23:19:14,377  WARNING     ✗ Skipping Phase 3 — only 1.7 years of data (need 2.0)
2026-04-04 23:19:14,377  WARNING     Using Phase 1 checkpoint as final output.
2026-04-04 23:19:14,378  INFO      Reverted to Phase 1 checkpoint.
2026-04-04 23:19:14,532  INFO      Phase 1 H1 accuracy (recheck): 0.592
2026-04-04 23:19:14,532  INFO      ============================================================
2026-04-04 23:19:14,532  INFO      Fine-Tuning Summary
2026-04-04 23:19:14,533  INFO        Instrument     : LSE_GSKL 4H
2026-04-04 23:19:14,533  INFO        Final phase    : 1
2026-04-04 23:19:14,533  INFO        Final checkpoint: models/fine_tuned/checkpoint_LSE_GSKL_4H_phase1_20260404.pt
2026-04-04 23:19:14,730  INFO        Base model — H1=0.581  H5=0.589  H20=0.640  Mean=0.603
2026-04-04 23:19:14,730  INFO        Fine-tuned — H1=0.592  H5=0.600  H20=0.651  Mean=0.615  (Phase 1)
2026-04-04 23:19:14,730  INFO        Delta mean accuracy : +0.011  ✓ Fine-tuning improved accuracy.
2026-04-04 23:19:14,730  INFO        Per-horizon delta   :  H1=+0.011  H5=+0.011  H20=+0.011
2026-04-04 23:19:14,734  INFO        Metrics saved  : logs/finetune/LSE_GSKL_4H_20260404_metrics.csv
2026-04-04 23:19:14,734  INFO      Stage 6 complete.
