2026-04-04 23:21:43,579  INFO      ============================================================
2026-04-04 23:21:43,579  INFO      Stage 6 Fine-Tuning — Start
2026-04-04 23:21:43,579  INFO      Instrument  : LSE_SHELL
2026-04-04 23:21:43,580  INFO      Resolution  : 1W
2026-04-04 23:21:43,580  INFO      Device      : cpu
2026-04-04 23:21:43,580  INFO      Base checkpoint: models/base/checkpoint_base_v1.pt
2026-04-04 23:21:43,581  INFO      Loading: LSE_SHELL_1W_20150101_20260326.npy
2026-04-04 23:21:43,951  INFO        Shape: (407, 60, 42)  (407 windows)
2026-04-04 23:21:43,956  INFO        Date range: 2018-06-07 → 2026-03-19  (7.8 years)
2026-04-04 23:21:43,956  INFO        Train windows: 394  Val windows: 13
2026-04-04 23:21:43,956  INFO      Years of data: 7.8
2026-04-04 23:21:43,960  INFO      Loading base checkpoint: models/base/checkpoint_base_v1.pt
2026-04-04 23:21:43,985  INFO        Base val_loss: 0.2466  (fold 2, epoch 28)
2026-04-04 23:21:43,985  INFO      --------------------------------------------------
2026-04-04 23:21:43,985  INFO      Phase 1 — Head-only adaptation (encoder frozen)
2026-04-04 23:21:45,137  INFO        P1 Epoch  1 | TrainLoss 0.2496 | ValLoss 0.2473 | ValAcc H1=0.462 H5=0.846 H20=0.846
2026-04-04 23:21:45,444  INFO        P1 Epoch  2 | TrainLoss 0.2509 | ValLoss 0.2475 | ValAcc H1=0.462 H5=0.846 H20=0.846
2026-04-04 23:21:45,759  INFO        P1 Epoch  3 | TrainLoss 0.2500 | ValLoss 0.2476 | ValAcc H1=0.462 H5=0.846 H20=0.846
2026-04-04 23:21:46,110  INFO        P1 Epoch  4 | TrainLoss 0.2498 | ValLoss 0.2478 | ValAcc H1=0.462 H5=0.846 H20=0.846
2026-04-04 23:21:46,431  INFO        P1 Epoch  5 | TrainLoss 0.2488 | ValLoss 0.2479 | ValAcc H1=0.462 H5=0.846 H20=0.846
2026-04-04 23:21:46,751  INFO        P1 Epoch  6 | TrainLoss 0.2503 | ValLoss 0.2480 | ValAcc H1=0.462 H5=0.769 H20=0.846
2026-04-04 23:21:47,035  INFO        P1 Epoch  7 | TrainLoss 0.2489 | ValLoss 0.2481 | ValAcc H1=0.462 H5=0.769 H20=0.846
2026-04-04 23:21:47,331  INFO        P1 Epoch  8 | TrainLoss 0.2505 | ValLoss 0.2481 | ValAcc H1=0.462 H5=0.769 H20=0.846
2026-04-04 23:21:47,625  INFO        P1 Epoch  9 | TrainLoss 0.2492 | ValLoss 0.2481 | ValAcc H1=0.462 H5=0.769 H20=0.846
2026-04-04 23:21:47,920  INFO        P1 Epoch 10 | TrainLoss 0.2506 | ValLoss 0.2481 | ValAcc H1=0.462 H5=0.769 H20=0.769
2026-04-04 23:21:48,216  INFO        P1 Epoch 11 | TrainLoss 0.2495 | ValLoss 0.2480 | ValAcc H1=0.462 H5=0.846 H20=0.769
2026-04-04 23:21:48,216  INFO        Phase 1 early stopping at epoch 11
2026-04-04 23:21:48,226  INFO        Phase 1 complete. Best val_loss: 0.2473  H1=0.462 H5=0.846 H20=0.846
2026-04-04 23:21:48,231  INFO      Phase 1 checkpoint saved: models/fine_tuned/checkpoint_LSE_SHELL_1W_phase1_20260404.pt
2026-04-04 23:21:48,231  INFO      Loading base checkpoint: models/base/checkpoint_base_v1.pt
2026-04-04 23:21:48,241  INFO        Base val_loss: 0.2466  (fold 2, epoch 28)
2026-04-04 23:21:48,251  INFO      Base model H1 accuracy on instrument val set: 0.462
2026-04-04 23:21:48,251  INFO      Fine-tuned  H1 accuracy (Phase 1)           : 0.462
2026-04-04 23:21:48,251  INFO      --------------------------------------------------
2026-04-04 23:21:48,251  INFO      Phase 2 — Verification gate
2026-04-04 23:21:48,251  INFO        Fine-tuned accuracy — H1=0.462  H5=0.846  H20=0.846  Mean=0.718
2026-04-04 23:21:48,251  INFO        Minimum required (mean across horizons) : 0.510
2026-04-04 23:21:48,251  INFO        ✓ Phase 2 PASSED (H1=0.462  H5=0.846  H20=0.846) — proceeding to Phase 3
2026-04-04 23:21:48,252  INFO      --------------------------------------------------
2026-04-04 23:21:48,252  INFO      Phase 3 — Selective encoder unfreeze
2026-04-04 23:21:48,252  INFO        Encoder layers 1 & 2 unfrozen (layer 0 frozen)
2026-04-04 23:21:48,252  INFO        Encoder LR: 1e-05  Head LR: 3e-05
2026-04-04 23:21:48,252  INFO        Dropout: encoder=0.40  head=0.45
2026-04-04 23:21:49,370  INFO        P3 Epoch  1 | TrainLoss 0.2505 | ValLoss 0.2478 | Gap 0.0027 | ValAcc H1=0.462 H5=0.846 H20=0.692
2026-04-04 23:21:50,654  INFO        P3 Epoch  2 | TrainLoss 0.2485 | ValLoss 0.2480 | Gap 0.0006 | ValAcc H1=0.385 H5=0.846 H20=0.615
2026-04-04 23:21:51,793  INFO        P3 Epoch  3 | TrainLoss 0.2483 | ValLoss 0.2480 | Gap 0.0003 | ValAcc H1=0.385 H5=0.846 H20=0.615
2026-04-04 23:21:52,876  INFO        P3 Epoch  4 | TrainLoss 0.2495 | ValLoss 0.2480 | Gap 0.0015 | ValAcc H1=0.462 H5=0.846 H20=0.615
2026-04-04 23:21:53,922  INFO        P3 Epoch  5 | TrainLoss 0.2483 | ValLoss 0.2478 | Gap 0.0005 | ValAcc H1=0.462 H5=0.846 H20=0.615
2026-04-04 23:21:55,005  INFO        P3 Epoch  6 | TrainLoss 0.2495 | ValLoss 0.2478 | Gap 0.0017 | ValAcc H1=0.462 H5=0.846 H20=0.615
2026-04-04 23:21:56,105  INFO        P3 Epoch  7 | TrainLoss 0.2501 | ValLoss 0.2478 | Gap 0.0023 | ValAcc H1=0.462 H5=0.846 H20=0.538
2026-04-04 23:21:57,215  INFO        P3 Epoch  8 | TrainLoss 0.2496 | ValLoss 0.2477 | Gap 0.0019 | ValAcc H1=0.462 H5=0.846 H20=0.538
2026-04-04 23:21:58,262  INFO        P3 Epoch  9 | TrainLoss 0.2491 | ValLoss 0.2477 | Gap 0.0014 | ValAcc H1=0.462 H5=0.846 H20=0.538
2026-04-04 23:21:58,263  INFO        Phase 3 early stopping at epoch 9
2026-04-04 23:21:58,264  INFO        Phase 3 complete. Best val_loss: 0.2478
2026-04-04 23:21:58,282  INFO      Phase 3 checkpoint saved: models/fine_tuned/checkpoint_LSE_SHELL_1W_phase3_20260404.pt
2026-04-04 23:21:58,282  INFO      ============================================================
2026-04-04 23:21:58,282  INFO      Fine-Tuning Summary
2026-04-04 23:21:58,282  INFO        Instrument     : LSE_SHELL 1W
2026-04-04 23:21:58,282  INFO        Final phase    : 3
2026-04-04 23:21:58,282  INFO        Final checkpoint: models/fine_tuned/checkpoint_LSE_SHELL_1W_phase3_20260404.pt
2026-04-04 23:21:58,292  INFO        Base model — H1=0.462  H5=0.923  H20=0.846  Mean=0.744
2026-04-04 23:21:58,293  INFO        Fine-tuned — H1=0.462  H5=0.846  H20=0.692  Mean=0.667  (Phase 3)
2026-04-04 23:21:58,293  WARNING     Delta mean accuracy : -0.077  ⚠  Fine-tuning degraded mean accuracy. Consider using the base model for this instrument. H1 delta=+0.000  H5 delta=-0.077  H20 delta=-0.154
2026-04-04 23:21:58,295  INFO        Metrics saved  : logs/finetune/LSE_SHELL_1W_20260404_metrics.csv
2026-04-04 23:21:58,295  INFO      Stage 6 complete.
