2026-04-13 17:27:59,864  INFO      ============================================================
2026-04-13 17:27:59,865  INFO      Stage 6 Fine-Tuning — Start
2026-04-13 17:27:59,865  INFO      Instrument  : LSE_HSBAL
2026-04-13 17:27:59,865  INFO      Resolution  : 1W
2026-04-13 17:27:59,865  INFO      Device      : cpu
2026-04-13 17:27:59,865  INFO      Base checkpoint: models/base/checkpoint_base_v1.pt
2026-04-13 17:27:59,867  INFO      Loading: LSE_HSBAL_1W_20150101_20260412.npy
2026-04-13 17:28:00,128  INFO        Shape: (410, 60, 47)  (410 windows)
2026-04-13 17:28:00,132  INFO        Date range: 2018-06-07 → 2026-04-09  (7.8 years)
2026-04-13 17:28:00,132  INFO        Train windows: 397  Val windows: 13
2026-04-13 17:28:00,132  INFO      Years of data: 7.8
2026-04-13 17:28:00,138  INFO      Loading base checkpoint: models/base/checkpoint_base_v1.pt
2026-04-13 17:28:00,154  INFO        Base val_loss: 0.2463  (fold 3, epoch 22)
2026-04-13 17:28:00,154  INFO      --------------------------------------------------
2026-04-13 17:28:00,154  INFO      Phase 1 — Head-only adaptation (encoder frozen)
2026-04-13 17:28:01,638  INFO        P1 Epoch  1 | TrainLoss 0.2513 | ValLoss 0.2481 | ValAcc H1=0.462 H5=0.615 H20=0.308
2026-04-13 17:28:02,029  INFO        P1 Epoch  2 | TrainLoss 0.2510 | ValLoss 0.2481 | ValAcc H1=0.462 H5=0.615 H20=0.308
2026-04-13 17:28:02,399  INFO        P1 Epoch  3 | TrainLoss 0.2517 | ValLoss 0.2480 | ValAcc H1=0.462 H5=0.692 H20=0.308
2026-04-13 17:28:02,787  INFO        P1 Epoch  4 | TrainLoss 0.2510 | ValLoss 0.2480 | ValAcc H1=0.462 H5=0.692 H20=0.385
2026-04-13 17:28:03,182  INFO        P1 Epoch  5 | TrainLoss 0.2495 | ValLoss 0.2480 | ValAcc H1=0.462 H5=0.692 H20=0.385
2026-04-13 17:28:03,545  INFO        P1 Epoch  6 | TrainLoss 0.2498 | ValLoss 0.2479 | ValAcc H1=0.462 H5=0.769 H20=0.538
2026-04-13 17:28:03,907  INFO        P1 Epoch  7 | TrainLoss 0.2499 | ValLoss 0.2479 | ValAcc H1=0.462 H5=0.769 H20=0.769
2026-04-13 17:28:04,330  INFO        P1 Epoch  8 | TrainLoss 0.2503 | ValLoss 0.2479 | ValAcc H1=0.462 H5=0.769 H20=0.846
2026-04-13 17:28:04,818  INFO        P1 Epoch  9 | TrainLoss 0.2503 | ValLoss 0.2479 | ValAcc H1=0.462 H5=0.846 H20=1.000
2026-04-13 17:28:05,250  INFO        P1 Epoch 10 | TrainLoss 0.2506 | ValLoss 0.2479 | ValAcc H1=0.462 H5=0.923 H20=1.000
2026-04-13 17:28:05,615  INFO        P1 Epoch 11 | TrainLoss 0.2498 | ValLoss 0.2479 | ValAcc H1=0.462 H5=0.846 H20=1.000
2026-04-13 17:28:05,968  INFO        P1 Epoch 12 | TrainLoss 0.2494 | ValLoss 0.2479 | ValAcc H1=0.462 H5=0.692 H20=1.000
2026-04-13 17:28:06,374  INFO        P1 Epoch 13 | TrainLoss 0.2496 | ValLoss 0.2480 | ValAcc H1=0.462 H5=0.615 H20=1.000
2026-04-13 17:28:06,754  INFO        P1 Epoch 14 | TrainLoss 0.2504 | ValLoss 0.2480 | ValAcc H1=0.538 H5=0.615 H20=1.000
2026-04-13 17:28:06,754  INFO        Phase 1 early stopping at epoch 14
2026-04-13 17:28:06,767  INFO        Phase 1 complete. Best val_loss: 0.2480  H1=0.462 H5=0.692 H20=0.385
2026-04-13 17:28:06,772  INFO      Phase 1 checkpoint saved: models/fine_tuned/checkpoint_LSE_HSBAL_1W_phase1_20260413.pt
2026-04-13 17:28:06,772  INFO      Loading base checkpoint: models/base/checkpoint_base_v1.pt
2026-04-13 17:28:06,785  INFO        Base val_loss: 0.2463  (fold 3, epoch 22)
2026-04-13 17:28:06,799  INFO      Base model H1 accuracy on instrument val set: 0.462
2026-04-13 17:28:06,799  INFO      Fine-tuned  H1 accuracy (Phase 1)           : 0.462
2026-04-13 17:28:06,799  INFO      --------------------------------------------------
2026-04-13 17:28:06,800  INFO      Phase 2 — Verification gate
2026-04-13 17:28:06,800  INFO        Fine-tuned accuracy — H1=0.462  H5=0.692  H20=0.385  Mean=0.513
2026-04-13 17:28:06,800  INFO        Minimum required (mean across horizons) : 0.510
2026-04-13 17:28:06,800  INFO        ✓ Phase 2 PASSED (H1=0.462  H5=0.692  H20=0.385) — proceeding to Phase 3
2026-04-13 17:28:06,800  INFO      --------------------------------------------------
2026-04-13 17:28:06,800  INFO      Phase 3 — Selective encoder unfreeze
2026-04-13 17:28:06,801  INFO        Encoder layers 1 & 2 unfrozen (layer 0 frozen)
2026-04-13 17:28:06,801  INFO        Encoder LR: 1e-05  Head LR: 3e-05
2026-04-13 17:28:06,802  INFO        Dropout: encoder=0.40  head=0.45
2026-04-13 17:28:08,086  INFO        P3 Epoch  1 | TrainLoss 0.2502 | ValLoss 0.2479 | Gap 0.0023 | ValAcc H1=0.462 H5=0.769 H20=0.462
2026-04-13 17:28:09,271  INFO        P3 Epoch  2 | TrainLoss 0.2492 | ValLoss 0.2480 | Gap 0.0012 | ValAcc H1=0.462 H5=0.846 H20=0.769
2026-04-13 17:28:10,419  INFO        P3 Epoch  3 | TrainLoss 0.2520 | ValLoss 0.2480 | Gap 0.0040 | ValAcc H1=0.462 H5=0.692 H20=1.000
2026-04-13 17:28:11,619  INFO        P3 Epoch  4 | TrainLoss 0.2487 | ValLoss 0.2480 | Gap 0.0006 | ValAcc H1=0.462 H5=0.615 H20=1.000
2026-04-13 17:28:12,853  INFO        P3 Epoch  5 | TrainLoss 0.2517 | ValLoss 0.2481 | Gap 0.0036 | ValAcc H1=0.538 H5=0.615 H20=1.000
2026-04-13 17:28:14,023  INFO        P3 Epoch  6 | TrainLoss 0.2511 | ValLoss 0.2481 | Gap 0.0030 | ValAcc H1=0.538 H5=0.615 H20=1.000
2026-04-13 17:28:15,345  INFO        P3 Epoch  7 | TrainLoss 0.2491 | ValLoss 0.2481 | Gap 0.0010 | ValAcc H1=0.538 H5=0.615 H20=1.000
2026-04-13 17:28:17,212  INFO        P3 Epoch  8 | TrainLoss 0.2479 | ValLoss 0.2481 | Gap -0.0002 | ValAcc H1=0.538 H5=0.615 H20=1.000
2026-04-13 17:28:18,873  INFO        P3 Epoch  9 | TrainLoss 0.2486 | ValLoss 0.2482 | Gap 0.0005 | ValAcc H1=0.538 H5=0.615 H20=1.000
2026-04-13 17:28:18,873  INFO        Phase 3 early stopping at epoch 9
2026-04-13 17:28:18,874  INFO        Phase 3 complete. Best val_loss: 0.2479
2026-04-13 17:28:18,889  INFO      Phase 3 checkpoint saved: models/fine_tuned/checkpoint_LSE_HSBAL_1W_phase3_20260413.pt
2026-04-13 17:28:18,889  INFO      ============================================================
2026-04-13 17:28:18,889  INFO      Fine-Tuning Summary
2026-04-13 17:28:18,889  INFO        Instrument     : LSE_HSBAL 1W
2026-04-13 17:28:18,889  INFO        Final phase    : 3
2026-04-13 17:28:18,889  INFO        Final checkpoint: models/fine_tuned/checkpoint_LSE_HSBAL_1W_phase3_20260413.pt
2026-04-13 17:28:18,903  INFO        Base model — H1=0.462  H5=0.462  H20=0.308  Mean=0.410
2026-04-13 17:28:18,904  INFO        Fine-tuned — H1=0.462  H5=0.769  H20=0.462  Mean=0.564  (Phase 3)
2026-04-13 17:28:18,904  INFO        Delta mean accuracy : +0.154  ✓ Fine-tuning improved accuracy.
2026-04-13 17:28:18,904  INFO        Per-horizon delta   :  H1=+0.000  H5=+0.308  H20=+0.154
2026-04-13 17:28:18,907  INFO        Metrics saved  : logs/finetune/LSE_HSBAL_1W_20260413_metrics.csv
2026-04-13 17:28:18,907  INFO      Stage 6 complete.
