2026-04-04 23:21:17,569  INFO      ============================================================
2026-04-04 23:21:17,569  INFO      Stage 6 Fine-Tuning — Start
2026-04-04 23:21:17,569  INFO      Instrument  : LSE_SHELL
2026-04-04 23:21:17,569  INFO      Resolution  : 1D
2026-04-04 23:21:17,569  INFO      Device      : cpu
2026-04-04 23:21:17,569  INFO      Base checkpoint: models/base/checkpoint_base_v1.pt
2026-04-04 23:21:17,571  INFO      Loading: LSE_SHELL_1D_20150101_20260326.npy
2026-04-04 23:21:19,363  INFO        Shape: (2659, 60, 42)  (2659 windows)
2026-04-04 23:21:19,382  INFO        Date range: 2015-09-17 → 2026-03-25  (10.5 years)
2026-04-04 23:21:19,382  INFO        Train windows: 2597  Val windows: 62
2026-04-04 23:21:19,382  INFO      Years of data: 10.5
2026-04-04 23:21:19,429  INFO      Loading base checkpoint: models/base/checkpoint_base_v1.pt
2026-04-04 23:21:19,442  INFO        Base val_loss: 0.2466  (fold 2, epoch 28)
2026-04-04 23:21:19,442  INFO      --------------------------------------------------
2026-04-04 23:21:19,442  INFO      Phase 1 — Head-only adaptation (encoder frozen)
2026-04-04 23:21:22,120  INFO        P1 Epoch  1 | TrainLoss 0.2461 | ValLoss 0.2538 | ValAcc H1=0.484 H5=0.435 H20=0.355
2026-04-04 23:21:23,823  INFO        P1 Epoch  2 | TrainLoss 0.2460 | ValLoss 0.2537 | ValAcc H1=0.500 H5=0.403 H20=0.355
2026-04-04 23:21:25,524  INFO        P1 Epoch  3 | TrainLoss 0.2461 | ValLoss 0.2539 | ValAcc H1=0.500 H5=0.403 H20=0.371
2026-04-04 23:21:27,239  INFO        P1 Epoch  4 | TrainLoss 0.2459 | ValLoss 0.2540 | ValAcc H1=0.500 H5=0.403 H20=0.371
2026-04-04 23:21:28,878  INFO        P1 Epoch  5 | TrainLoss 0.2457 | ValLoss 0.2538 | ValAcc H1=0.500 H5=0.387 H20=0.371
2026-04-04 23:21:30,893  INFO        P1 Epoch  6 | TrainLoss 0.2458 | ValLoss 0.2540 | ValAcc H1=0.484 H5=0.387 H20=0.403
2026-04-04 23:21:32,532  INFO        P1 Epoch  7 | TrainLoss 0.2458 | ValLoss 0.2543 | ValAcc H1=0.500 H5=0.387 H20=0.371
2026-04-04 23:21:34,137  INFO        P1 Epoch  8 | TrainLoss 0.2458 | ValLoss 0.2542 | ValAcc H1=0.484 H5=0.387 H20=0.371
2026-04-04 23:21:35,888  INFO        P1 Epoch  9 | TrainLoss 0.2459 | ValLoss 0.2544 | ValAcc H1=0.516 H5=0.387 H20=0.371
2026-04-04 23:21:37,533  INFO        P1 Epoch 10 | TrainLoss 0.2457 | ValLoss 0.2543 | ValAcc H1=0.516 H5=0.387 H20=0.371
2026-04-04 23:21:39,188  INFO        P1 Epoch 11 | TrainLoss 0.2457 | ValLoss 0.2545 | ValAcc H1=0.516 H5=0.387 H20=0.371
2026-04-04 23:21:41,210  INFO        P1 Epoch 12 | TrainLoss 0.2458 | ValLoss 0.2546 | ValAcc H1=0.516 H5=0.403 H20=0.387
2026-04-04 23:21:41,211  INFO        Phase 1 early stopping at epoch 12
2026-04-04 23:21:41,244  INFO        Phase 1 complete. Best val_loss: 0.2537  H1=0.500 H5=0.403 H20=0.355
2026-04-04 23:21:41,248  INFO      Phase 1 checkpoint saved: models/fine_tuned/checkpoint_LSE_SHELL_1D_phase1_20260404.pt
2026-04-04 23:21:41,249  INFO      Loading base checkpoint: models/base/checkpoint_base_v1.pt
2026-04-04 23:21:41,264  INFO        Base val_loss: 0.2466  (fold 2, epoch 28)
2026-04-04 23:21:41,303  INFO      Base model H1 accuracy on instrument val set: 0.500
2026-04-04 23:21:41,303  INFO      Fine-tuned  H1 accuracy (Phase 1)           : 0.500
2026-04-04 23:21:41,303  INFO      --------------------------------------------------
2026-04-04 23:21:41,304  INFO      Phase 2 — Verification gate
2026-04-04 23:21:41,304  INFO        Fine-tuned accuracy — H1=0.500  H5=0.403  H20=0.355  Mean=0.419
2026-04-04 23:21:41,304  INFO        Minimum required (mean across horizons) : 0.510
2026-04-04 23:21:41,304  WARNING     ✗ Phase 2 FAILED — mean accuracy 0.419 is below 0.510
2026-04-04 23:21:41,304  WARNING     H1=0.500  H5=0.403  H20=0.355
2026-04-04 23:21:41,304  WARNING     Instrument may be unpredictable at this resolution.
2026-04-04 23:21:41,304  WARNING     Using Phase 1 checkpoint as final output.
2026-04-04 23:21:41,304  INFO      ============================================================
2026-04-04 23:21:41,304  INFO      Fine-Tuning Summary
2026-04-04 23:21:41,304  INFO        Instrument     : LSE_SHELL 1D
2026-04-04 23:21:41,304  INFO        Final phase    : 1
2026-04-04 23:21:41,304  INFO        Final checkpoint: models/fine_tuned/checkpoint_LSE_SHELL_1D_phase1_20260404.pt
2026-04-04 23:21:41,337  INFO        Base model — H1=0.500  H5=0.435  H20=0.355  Mean=0.430
2026-04-04 23:21:41,337  INFO        Fine-tuned — H1=0.500  H5=0.403  H20=0.355  Mean=0.419  (Phase 1)
2026-04-04 23:21:41,337  WARNING     Delta mean accuracy : -0.011  ⚠  Fine-tuning degraded mean accuracy. Consider using the base model for this instrument. H1 delta=+0.000  H5 delta=-0.032  H20 delta=+0.000
2026-04-04 23:21:41,339  INFO        Metrics saved  : logs/finetune/LSE_SHELL_1D_20260404_metrics.csv
2026-04-04 23:21:41,340  INFO      Stage 6 complete.
