2026-04-04 23:16:55,341  INFO      ============================================================
2026-04-04 23:16:55,341  INFO      Stage 6 Fine-Tuning — Start
2026-04-04 23:16:55,341  INFO      Instrument  : LSE_AZNL
2026-04-04 23:16:55,341  INFO      Resolution  : 4H
2026-04-04 23:16:55,342  INFO      Device      : cpu
2026-04-04 23:16:55,342  INFO      Base checkpoint: models/base/checkpoint_base_v1.pt
2026-04-04 23:16:55,343  INFO      Loading: LSE_AZNL_4H_20240405_20260326.npy
2026-04-04 23:16:56,388  INFO        Shape: (1313, 60, 48)  (1313 windows)
2026-04-04 23:16:56,397  INFO        Date range: 2024-07-01 → 2026-03-25  (1.7 years)
2026-04-04 23:16:56,397  INFO        Train windows: 1129  Val windows: 184
2026-04-04 23:16:56,397  INFO      Years of data: 1.7
2026-04-04 23:16:56,404  INFO      Loading base checkpoint: models/base/checkpoint_base_v1.pt
2026-04-04 23:16:56,418  INFO        Base val_loss: 0.2466  (fold 2, epoch 28)
2026-04-04 23:16:56,418  INFO      --------------------------------------------------
2026-04-04 23:16:56,418  INFO      Phase 1 — Head-only adaptation (encoder frozen)
2026-04-04 23:16:58,305  INFO        P1 Epoch  1 | TrainLoss 0.2465 | ValLoss 0.2454 | ValAcc H1=0.545 H5=0.554 H20=0.571
2026-04-04 23:16:59,272  INFO        P1 Epoch  2 | TrainLoss 0.2465 | ValLoss 0.2455 | ValAcc H1=0.535 H5=0.554 H20=0.592
2026-04-04 23:17:00,513  INFO        P1 Epoch  3 | TrainLoss 0.2463 | ValLoss 0.2456 | ValAcc H1=0.540 H5=0.564 H20=0.597
2026-04-04 23:17:01,526  INFO        P1 Epoch  4 | TrainLoss 0.2462 | ValLoss 0.2457 | ValAcc H1=0.540 H5=0.565 H20=0.608
2026-04-04 23:17:02,468  INFO        P1 Epoch  5 | TrainLoss 0.2463 | ValLoss 0.2458 | ValAcc H1=0.551 H5=0.570 H20=0.608
2026-04-04 23:17:03,414  INFO        P1 Epoch  6 | TrainLoss 0.2463 | ValLoss 0.2459 | ValAcc H1=0.556 H5=0.565 H20=0.618
2026-04-04 23:17:04,453  INFO        P1 Epoch  7 | TrainLoss 0.2463 | ValLoss 0.2459 | ValAcc H1=0.567 H5=0.565 H20=0.624
2026-04-04 23:17:05,430  INFO        P1 Epoch  8 | TrainLoss 0.2461 | ValLoss 0.2460 | ValAcc H1=0.572 H5=0.565 H20=0.618
2026-04-04 23:17:06,395  INFO        P1 Epoch  9 | TrainLoss 0.2458 | ValLoss 0.2461 | ValAcc H1=0.572 H5=0.565 H20=0.624
2026-04-04 23:17:07,327  INFO        P1 Epoch 10 | TrainLoss 0.2457 | ValLoss 0.2461 | ValAcc H1=0.567 H5=0.565 H20=0.630
2026-04-04 23:17:08,318  INFO        P1 Epoch 11 | TrainLoss 0.2457 | ValLoss 0.2462 | ValAcc H1=0.572 H5=0.565 H20=0.614
2026-04-04 23:17:08,318  INFO        Phase 1 early stopping at epoch 11
2026-04-04 23:17:08,440  INFO        Phase 1 complete. Best val_loss: 0.2454  H1=0.545 H5=0.554 H20=0.571
2026-04-04 23:17:08,445  INFO      Phase 1 checkpoint saved: models/fine_tuned/checkpoint_LSE_AZNL_4H_phase1_20260404.pt
2026-04-04 23:17:08,445  INFO      Loading base checkpoint: models/base/checkpoint_base_v1.pt
2026-04-04 23:17:08,460  INFO        Base val_loss: 0.2466  (fold 2, epoch 28)
2026-04-04 23:17:08,590  INFO      Base model H1 accuracy on instrument val set: 0.551
2026-04-04 23:17:08,590  INFO      Fine-tuned  H1 accuracy (Phase 1)           : 0.545
2026-04-04 23:17:08,590  INFO      --------------------------------------------------
2026-04-04 23:17:08,590  INFO      Phase 2 — Verification gate
2026-04-04 23:17:08,590  INFO        Fine-tuned accuracy — H1=0.545  H5=0.554  H20=0.571  Mean=0.557
2026-04-04 23:17:08,590  INFO        Minimum required (mean across horizons) : 0.510
2026-04-04 23:17:08,590  INFO        ✓ Phase 2 PASSED (H1=0.545  H5=0.554  H20=0.571) — proceeding to Phase 3
2026-04-04 23:17:08,590  INFO      --------------------------------------------------
2026-04-04 23:17:08,590  INFO      Phase 3 — Selective encoder unfreeze
2026-04-04 23:17:08,590  WARNING     ✗ Skipping Phase 3 — only 1.7 years of data (need 2.0)
2026-04-04 23:17:08,590  WARNING     Using Phase 1 checkpoint as final output.
2026-04-04 23:17:08,592  INFO      Reverted to Phase 1 checkpoint.
2026-04-04 23:17:08,736  INFO      Phase 1 H1 accuracy (recheck): 0.545
2026-04-04 23:17:08,736  INFO      ============================================================
2026-04-04 23:17:08,736  INFO      Fine-Tuning Summary
2026-04-04 23:17:08,736  INFO        Instrument     : LSE_AZNL 4H
2026-04-04 23:17:08,737  INFO        Final phase    : 1
2026-04-04 23:17:08,737  INFO        Final checkpoint: models/fine_tuned/checkpoint_LSE_AZNL_4H_phase1_20260404.pt
2026-04-04 23:17:08,855  INFO        Base model — H1=0.551  H5=0.564  H20=0.592  Mean=0.569
2026-04-04 23:17:08,855  INFO        Fine-tuned — H1=0.545  H5=0.554  H20=0.571  Mean=0.557  (Phase 1)
2026-04-04 23:17:08,856  WARNING     Delta mean accuracy : -0.012  ⚠  Fine-tuning degraded mean accuracy. Consider using the base model for this instrument. H1 delta=-0.005  H5 delta=-0.010  H20 delta=-0.022
2026-04-04 23:17:08,858  INFO        Metrics saved  : logs/finetune/LSE_AZNL_4H_20260404_metrics.csv
2026-04-04 23:17:08,858  INFO      Stage 6 complete.
