2026-04-04 23:23:31,263  INFO      ============================================================
2026-04-04 23:23:31,263  INFO      Stage 6 Fine-Tuning — Start
2026-04-04 23:23:31,263  INFO      Instrument  : NYMEX_CLF
2026-04-04 23:23:31,263  INFO      Resolution  : 1H
2026-04-04 23:23:31,263  INFO      Device      : cpu
2026-04-04 23:23:31,264  INFO      Base checkpoint: models/base/checkpoint_base_v1.pt
2026-04-04 23:23:31,265  INFO      Loading: NYMEX_CLF_1H_20240405_20260326.npy
2026-04-04 23:23:33,418  INFO        Shape: (2835, 60, 48)  (2835 windows)
2026-04-04 23:23:33,441  INFO        Date range: 2025-01-03 → 2025-07-07  (0.5 years)
2026-04-04 23:23:33,441  INFO        Train windows: 1423  Val windows: 1412
2026-04-04 23:23:33,441  INFO      Years of data: 0.5
2026-04-04 23:23:33,493  INFO      Loading base checkpoint: models/base/checkpoint_base_v1.pt
2026-04-04 23:23:33,510  INFO        Base val_loss: 0.2466  (fold 2, epoch 28)
2026-04-04 23:23:33,510  INFO      --------------------------------------------------
2026-04-04 23:23:33,510  INFO      Phase 1 — Head-only adaptation (encoder frozen)
2026-04-04 23:23:36,711  INFO        P1 Epoch  1 | TrainLoss 0.2465 | ValLoss 0.2455 | ValAcc H1=0.554 H5=0.518 H20=0.497
2026-04-04 23:23:38,863  INFO        P1 Epoch  2 | TrainLoss 0.2464 | ValLoss 0.2455 | ValAcc H1=0.559 H5=0.527 H20=0.491
2026-04-04 23:23:40,938  INFO        P1 Epoch  3 | TrainLoss 0.2465 | ValLoss 0.2455 | ValAcc H1=0.562 H5=0.520 H20=0.495
2026-04-04 23:23:43,106  INFO        P1 Epoch  4 | TrainLoss 0.2468 | ValLoss 0.2455 | ValAcc H1=0.560 H5=0.524 H20=0.495
2026-04-04 23:23:45,433  INFO        P1 Epoch  5 | TrainLoss 0.2464 | ValLoss 0.2456 | ValAcc H1=0.560 H5=0.524 H20=0.497
2026-04-04 23:23:47,467  INFO        P1 Epoch  6 | TrainLoss 0.2467 | ValLoss 0.2456 | ValAcc H1=0.562 H5=0.528 H20=0.493
2026-04-04 23:23:49,687  INFO        P1 Epoch  7 | TrainLoss 0.2461 | ValLoss 0.2456 | ValAcc H1=0.560 H5=0.529 H20=0.495
2026-04-04 23:23:51,741  INFO        P1 Epoch  8 | TrainLoss 0.2468 | ValLoss 0.2456 | ValAcc H1=0.559 H5=0.529 H20=0.496
2026-04-04 23:23:53,948  INFO        P1 Epoch  9 | TrainLoss 0.2464 | ValLoss 0.2457 | ValAcc H1=0.562 H5=0.528 H20=0.495
2026-04-04 23:23:56,236  INFO        P1 Epoch 10 | TrainLoss 0.2461 | ValLoss 0.2457 | ValAcc H1=0.561 H5=0.529 H20=0.497
2026-04-04 23:23:58,326  INFO        P1 Epoch 11 | TrainLoss 0.2461 | ValLoss 0.2457 | ValAcc H1=0.562 H5=0.531 H20=0.496
2026-04-04 23:23:58,326  INFO        Phase 1 early stopping at epoch 11
2026-04-04 23:23:59,386  INFO        Phase 1 complete. Best val_loss: 0.2455  H1=0.554 H5=0.518 H20=0.497
2026-04-04 23:23:59,391  INFO      Phase 1 checkpoint saved: models/fine_tuned/checkpoint_NYMEX_CLF_1H_phase1_20260404.pt
2026-04-04 23:23:59,391  INFO      Loading base checkpoint: models/base/checkpoint_base_v1.pt
2026-04-04 23:23:59,401  INFO        Base val_loss: 0.2466  (fold 2, epoch 28)
2026-04-04 23:24:00,404  INFO      Base model H1 accuracy on instrument val set: 0.557
2026-04-04 23:24:00,404  INFO      Fine-tuned  H1 accuracy (Phase 1)           : 0.554
2026-04-04 23:24:00,404  INFO      --------------------------------------------------
2026-04-04 23:24:00,405  INFO      Phase 2 — Verification gate
2026-04-04 23:24:00,405  INFO        Fine-tuned accuracy — H1=0.554  H5=0.518  H20=0.497  Mean=0.523
2026-04-04 23:24:00,405  INFO        Minimum required (mean across horizons) : 0.510
2026-04-04 23:24:00,405  INFO        ✓ Phase 2 PASSED (H1=0.554  H5=0.518  H20=0.497) — proceeding to Phase 3
2026-04-04 23:24:00,405  INFO      --------------------------------------------------
2026-04-04 23:24:00,405  INFO      Phase 3 — Selective encoder unfreeze
2026-04-04 23:24:00,405  WARNING     ✗ Skipping Phase 3 — only 0.5 years of data (need 2.0)
2026-04-04 23:24:00,405  WARNING     Using Phase 1 checkpoint as final output.
2026-04-04 23:24:00,406  INFO      Reverted to Phase 1 checkpoint.
2026-04-04 23:24:01,385  INFO      Phase 1 H1 accuracy (recheck): 0.554
2026-04-04 23:24:01,385  INFO      ============================================================
2026-04-04 23:24:01,385  INFO      Fine-Tuning Summary
2026-04-04 23:24:01,385  INFO        Instrument     : NYMEX_CLF 1H
2026-04-04 23:24:01,386  INFO        Final phase    : 1
2026-04-04 23:24:01,386  INFO        Final checkpoint: models/fine_tuned/checkpoint_NYMEX_CLF_1H_phase1_20260404.pt
2026-04-04 23:24:02,416  INFO        Base model — H1=0.557  H5=0.509  H20=0.494  Mean=0.520
2026-04-04 23:24:02,416  INFO        Fine-tuned — H1=0.554  H5=0.518  H20=0.497  Mean=0.523  (Phase 1)
2026-04-04 23:24:02,416  INFO        Delta mean accuracy : +0.003  ✓ Fine-tuning improved accuracy.
2026-04-04 23:24:02,416  INFO        Per-horizon delta   :  H1=-0.003  H5=+0.009  H20=+0.003
2026-04-04 23:24:02,418  INFO        Metrics saved  : logs/finetune/NYMEX_CLF_1H_20260404_metrics.csv
2026-04-04 23:24:02,419  INFO      Stage 6 complete.
