2026-04-13 17:41:37,746  INFO      ============================================================
2026-04-13 17:41:37,748  INFO      Stage 6 Fine-Tuning — Start
2026-04-13 17:41:37,748  INFO      Instrument  : NYMEX_NGF
2026-04-13 17:41:37,749  INFO      Resolution  : 4H
2026-04-13 17:41:37,749  INFO      Device      : cpu
2026-04-13 17:41:37,749  INFO      Base checkpoint: models/base/checkpoint_base_v1.pt
2026-04-13 17:41:37,752  INFO      Loading: NYMEX_NGF_4H_20240422_20260412.npy
2026-04-13 17:41:39,571  INFO        Shape: (2804, 60, 53)  (2804 windows)
2026-04-13 17:41:39,612  INFO        Date range: 2024-06-03 → 2026-04-10  (1.9 years)
2026-04-13 17:41:39,612  INFO        Train windows: 2421  Val windows: 383
2026-04-13 17:41:39,612  INFO      Years of data: 1.9
2026-04-13 17:41:39,639  INFO      Loading base checkpoint: models/base/checkpoint_base_v1.pt
2026-04-13 17:41:39,655  INFO        Base val_loss: 0.2463  (fold 3, epoch 22)
2026-04-13 17:41:39,656  INFO      --------------------------------------------------
2026-04-13 17:41:39,656  INFO      Phase 1 — Head-only adaptation (encoder frozen)
2026-04-13 17:41:44,145  INFO        P1 Epoch  1 | TrainLoss 0.2444 | ValLoss 0.2469 | ValAcc H1=0.546 H5=0.543 H20=0.543
2026-04-13 17:41:46,869  INFO        P1 Epoch  2 | TrainLoss 0.2444 | ValLoss 0.2470 | ValAcc H1=0.546 H5=0.546 H20=0.546
2026-04-13 17:41:50,160  INFO        P1 Epoch  3 | TrainLoss 0.2441 | ValLoss 0.2471 | ValAcc H1=0.551 H5=0.546 H20=0.530
2026-04-13 17:41:52,866  INFO        P1 Epoch  4 | TrainLoss 0.2441 | ValLoss 0.2473 | ValAcc H1=0.553 H5=0.546 H20=0.533
2026-04-13 17:41:56,106  INFO        P1 Epoch  5 | TrainLoss 0.2439 | ValLoss 0.2473 | ValAcc H1=0.548 H5=0.548 H20=0.535
2026-04-13 17:41:59,121  INFO        P1 Epoch  6 | TrainLoss 0.2441 | ValLoss 0.2474 | ValAcc H1=0.546 H5=0.543 H20=0.541
2026-04-13 17:42:01,851  INFO        P1 Epoch  7 | TrainLoss 0.2439 | ValLoss 0.2475 | ValAcc H1=0.546 H5=0.548 H20=0.543
2026-04-13 17:42:04,691  INFO        P1 Epoch  8 | TrainLoss 0.2438 | ValLoss 0.2475 | ValAcc H1=0.548 H5=0.546 H20=0.541
2026-04-13 17:42:07,382  INFO        P1 Epoch  9 | TrainLoss 0.2438 | ValLoss 0.2476 | ValAcc H1=0.543 H5=0.540 H20=0.541
2026-04-13 17:42:10,350  INFO        P1 Epoch 10 | TrainLoss 0.2439 | ValLoss 0.2476 | ValAcc H1=0.543 H5=0.540 H20=0.541
2026-04-13 17:42:13,171  INFO        P1 Epoch 11 | TrainLoss 0.2440 | ValLoss 0.2476 | ValAcc H1=0.540 H5=0.538 H20=0.541
2026-04-13 17:42:13,171  INFO        Phase 1 early stopping at epoch 11
2026-04-13 17:42:13,522  INFO        Phase 1 complete. Best val_loss: 0.2469  H1=0.546 H5=0.543 H20=0.543
2026-04-13 17:42:13,527  INFO      Phase 1 checkpoint saved: models/fine_tuned/checkpoint_NYMEX_NGF_4H_phase1_20260413.pt
2026-04-13 17:42:13,527  INFO      Loading base checkpoint: models/base/checkpoint_base_v1.pt
2026-04-13 17:42:13,538  INFO        Base val_loss: 0.2463  (fold 3, epoch 22)
2026-04-13 17:42:13,909  INFO      Base model H1 accuracy on instrument val set: 0.548
2026-04-13 17:42:13,910  INFO      Fine-tuned  H1 accuracy (Phase 1)           : 0.546
2026-04-13 17:42:13,910  INFO      --------------------------------------------------
2026-04-13 17:42:13,910  INFO      Phase 2 — Verification gate
2026-04-13 17:42:13,910  INFO        Fine-tuned accuracy — H1=0.546  H5=0.543  H20=0.543  Mean=0.544
2026-04-13 17:42:13,910  INFO        Minimum required (mean across horizons) : 0.510
2026-04-13 17:42:13,910  INFO        ✓ Phase 2 PASSED (H1=0.546  H5=0.543  H20=0.543) — proceeding to Phase 3
2026-04-13 17:42:13,910  INFO      --------------------------------------------------
2026-04-13 17:42:13,910  INFO      Phase 3 — Selective encoder unfreeze
2026-04-13 17:42:13,911  WARNING     ✗ Skipping Phase 3 — only 1.9 years of data (need 2.0)
2026-04-13 17:42:13,911  WARNING     Using Phase 1 checkpoint as final output.
2026-04-13 17:42:13,912  INFO      Reverted to Phase 1 checkpoint.
2026-04-13 17:42:14,309  INFO      Phase 1 H1 accuracy (recheck): 0.546
2026-04-13 17:42:14,310  INFO      ============================================================
2026-04-13 17:42:14,310  INFO      Fine-Tuning Summary
2026-04-13 17:42:14,310  INFO        Instrument     : NYMEX_NGF 4H
2026-04-13 17:42:14,310  INFO        Final phase    : 1
2026-04-13 17:42:14,310  INFO        Final checkpoint: models/fine_tuned/checkpoint_NYMEX_NGF_4H_phase1_20260413.pt
2026-04-13 17:42:14,785  INFO        Base model — H1=0.548  H5=0.535  H20=0.548  Mean=0.544
2026-04-13 17:42:14,785  INFO        Fine-tuned — H1=0.546  H5=0.543  H20=0.543  Mean=0.544  (Phase 1)
2026-04-13 17:42:14,785  INFO        Delta mean accuracy : +0.000  = Fine-tuning matched base model.
2026-04-13 17:42:14,785  INFO        Per-horizon delta   :  H1=-0.003  H5=+0.008  H20=-0.005
2026-04-13 17:42:14,788  INFO        Metrics saved  : logs/finetune/NYMEX_NGF_4H_20260413_metrics.csv
2026-04-13 17:42:14,788  INFO      Stage 6 complete.
