2026-04-04 23:30:09,294  INFO      ============================================================
2026-04-04 23:30:09,294  INFO      Stage 6 Fine-Tuning — Start
2026-04-04 23:30:09,294  INFO      Instrument  : NYSE_AAPL
2026-04-04 23:30:09,294  INFO      Resolution  : 1H
2026-04-04 23:30:09,294  INFO      Device      : cpu
2026-04-04 23:30:09,294  INFO      Base checkpoint: models/base/checkpoint_base_v1.pt
2026-04-04 23:30:09,295  INFO      Loading: NYSE_AAPL_1H_20240405_20260326.npy
2026-04-04 23:30:11,522  INFO        Shape: (3255, 60, 48)  (3255 windows)
2026-04-04 23:30:11,556  INFO        Date range: 2024-05-10 → 2026-03-25  (1.9 years)
2026-04-04 23:30:11,557  INFO        Train windows: 2828  Val windows: 427
2026-04-04 23:30:11,557  INFO      Years of data: 1.9
2026-04-04 23:30:11,585  INFO      Loading base checkpoint: models/base/checkpoint_base_v1.pt
2026-04-04 23:30:11,598  INFO        Base val_loss: 0.2466  (fold 2, epoch 28)
2026-04-04 23:30:11,598  INFO      --------------------------------------------------
2026-04-04 23:30:11,598  INFO      Phase 1 — Head-only adaptation (encoder frozen)
2026-04-04 23:30:14,849  INFO        P1 Epoch  1 | TrainLoss 0.2451 | ValLoss 0.2467 | ValAcc H1=0.537 H5=0.507 H20=0.545
2026-04-04 23:30:17,209  INFO        P1 Epoch  2 | TrainLoss 0.2447 | ValLoss 0.2465 | ValAcc H1=0.533 H5=0.520 H20=0.552
2026-04-04 23:30:19,775  INFO        P1 Epoch  3 | TrainLoss 0.2449 | ValLoss 0.2464 | ValAcc H1=0.535 H5=0.517 H20=0.524
2026-04-04 23:30:22,195  INFO        P1 Epoch  4 | TrainLoss 0.2448 | ValLoss 0.2464 | ValAcc H1=0.537 H5=0.527 H20=0.527
2026-04-04 23:30:24,514  INFO        P1 Epoch  5 | TrainLoss 0.2447 | ValLoss 0.2463 | ValAcc H1=0.535 H5=0.532 H20=0.506
2026-04-04 23:30:26,916  INFO        P1 Epoch  6 | TrainLoss 0.2444 | ValLoss 0.2463 | ValAcc H1=0.533 H5=0.534 H20=0.516
2026-04-04 23:30:29,247  INFO        P1 Epoch  7 | TrainLoss 0.2446 | ValLoss 0.2463 | ValAcc H1=0.537 H5=0.534 H20=0.541
2026-04-04 23:30:31,875  INFO        P1 Epoch  8 | TrainLoss 0.2445 | ValLoss 0.2463 | ValAcc H1=0.535 H5=0.534 H20=0.543
2026-04-04 23:30:34,224  INFO        P1 Epoch  9 | TrainLoss 0.2446 | ValLoss 0.2463 | ValAcc H1=0.535 H5=0.526 H20=0.545
2026-04-04 23:30:36,487  INFO        P1 Epoch 10 | TrainLoss 0.2444 | ValLoss 0.2462 | ValAcc H1=0.540 H5=0.526 H20=0.543
2026-04-04 23:30:38,916  INFO        P1 Epoch 11 | TrainLoss 0.2446 | ValLoss 0.2463 | ValAcc H1=0.535 H5=0.526 H20=0.545
2026-04-04 23:30:41,492  INFO        P1 Epoch 12 | TrainLoss 0.2441 | ValLoss 0.2463 | ValAcc H1=0.535 H5=0.526 H20=0.545
2026-04-04 23:30:43,956  INFO        P1 Epoch 13 | TrainLoss 0.2444 | ValLoss 0.2463 | ValAcc H1=0.540 H5=0.515 H20=0.550
2026-04-04 23:30:46,243  INFO        P1 Epoch 14 | TrainLoss 0.2445 | ValLoss 0.2463 | ValAcc H1=0.535 H5=0.526 H20=0.552
2026-04-04 23:30:48,739  INFO        P1 Epoch 15 | TrainLoss 0.2445 | ValLoss 0.2463 | ValAcc H1=0.537 H5=0.524 H20=0.550
2026-04-04 23:30:51,288  INFO        P1 Epoch 16 | TrainLoss 0.2443 | ValLoss 0.2463 | ValAcc H1=0.540 H5=0.520 H20=0.550
2026-04-04 23:30:51,288  INFO        Phase 1 early stopping at epoch 16
2026-04-04 23:30:51,558  INFO        Phase 1 complete. Best val_loss: 0.2463  H1=0.533 H5=0.534 H20=0.516
2026-04-04 23:30:51,562  INFO      Phase 1 checkpoint saved: models/fine_tuned/checkpoint_NYSE_AAPL_1H_phase1_20260404.pt
2026-04-04 23:30:51,563  INFO      Loading base checkpoint: models/base/checkpoint_base_v1.pt
2026-04-04 23:30:51,579  INFO        Base val_loss: 0.2466  (fold 2, epoch 28)
2026-04-04 23:30:51,854  INFO      Base model H1 accuracy on instrument val set: 0.531
2026-04-04 23:30:51,855  INFO      Fine-tuned  H1 accuracy (Phase 1)           : 0.533
2026-04-04 23:30:51,855  INFO      --------------------------------------------------
2026-04-04 23:30:51,855  INFO      Phase 2 — Verification gate
2026-04-04 23:30:51,855  INFO        Fine-tuned accuracy — H1=0.533  H5=0.534  H20=0.516  Mean=0.528
2026-04-04 23:30:51,855  INFO        Minimum required (mean across horizons) : 0.510
2026-04-04 23:30:51,855  INFO        ✓ Phase 2 PASSED (H1=0.533  H5=0.534  H20=0.516) — proceeding to Phase 3
2026-04-04 23:30:51,855  INFO      --------------------------------------------------
2026-04-04 23:30:51,855  INFO      Phase 3 — Selective encoder unfreeze
2026-04-04 23:30:51,855  WARNING     ✗ Skipping Phase 3 — only 1.9 years of data (need 2.0)
2026-04-04 23:30:51,855  WARNING     Using Phase 1 checkpoint as final output.
2026-04-04 23:30:51,856  INFO      Reverted to Phase 1 checkpoint.
2026-04-04 23:30:52,160  INFO      Phase 1 H1 accuracy (recheck): 0.533
2026-04-04 23:30:52,160  INFO      ============================================================
2026-04-04 23:30:52,160  INFO      Fine-Tuning Summary
2026-04-04 23:30:52,160  INFO        Instrument     : NYSE_AAPL 1H
2026-04-04 23:30:52,160  INFO        Final phase    : 1
2026-04-04 23:30:52,160  INFO        Final checkpoint: models/fine_tuned/checkpoint_NYSE_AAPL_1H_phase1_20260404.pt
2026-04-04 23:30:52,453  INFO        Base model — H1=0.531  H5=0.517  H20=0.538  Mean=0.529
2026-04-04 23:30:52,453  INFO        Fine-tuned — H1=0.533  H5=0.534  H20=0.516  Mean=0.528  (Phase 1)
2026-04-04 23:30:52,453  WARNING     Delta mean accuracy : -0.001  ⚠  Fine-tuning degraded mean accuracy. Consider using the base model for this instrument. H1 delta=+0.002  H5 delta=+0.017  H20 delta=-0.022
2026-04-04 23:30:52,456  INFO        Metrics saved  : logs/finetune/NYSE_AAPL_1H_20260404_metrics.csv
2026-04-04 23:30:52,456  INFO      Stage 6 complete.
