2026-04-05 00:00:08,053  INFO      ============================================================
2026-04-05 00:00:08,053  INFO      Stage 6 Fine-Tuning — Start
2026-04-05 00:00:08,053  INFO      Instrument  : NYSE_UNH
2026-04-05 00:00:08,054  INFO      Resolution  : 1W
2026-04-05 00:00:08,054  INFO      Device      : cpu
2026-04-05 00:00:08,054  INFO      Base checkpoint: models/base/checkpoint_base_v1.pt
2026-04-05 00:00:08,056  INFO      Loading: NYSE_UNH_1W_20150101_20260326.npy
2026-04-05 00:00:08,453  INFO        Shape: (407, 60, 42)  (407 windows)
2026-04-05 00:00:08,457  INFO        Date range: 2018-06-07 → 2026-03-19  (7.8 years)
2026-04-05 00:00:08,457  INFO        Train windows: 394  Val windows: 13
2026-04-05 00:00:08,457  INFO      Years of data: 7.8
2026-04-05 00:00:08,462  INFO      Loading base checkpoint: models/base/checkpoint_base_v1.pt
2026-04-05 00:00:08,485  INFO        Base val_loss: 0.2466  (fold 2, epoch 28)
2026-04-05 00:00:08,486  INFO      --------------------------------------------------
2026-04-05 00:00:08,486  INFO      Phase 1 — Head-only adaptation (encoder frozen)
2026-04-05 00:00:09,627  INFO        P1 Epoch  1 | TrainLoss 0.2490 | ValLoss 0.2462 | ValAcc H1=0.615 H5=0.692 H20=1.000
2026-04-05 00:00:09,925  INFO        P1 Epoch  2 | TrainLoss 0.2499 | ValLoss 0.2461 | ValAcc H1=0.615 H5=0.692 H20=1.000
2026-04-05 00:00:10,207  INFO        P1 Epoch  3 | TrainLoss 0.2484 | ValLoss 0.2460 | ValAcc H1=0.615 H5=0.692 H20=1.000
2026-04-05 00:00:10,519  INFO        P1 Epoch  4 | TrainLoss 0.2486 | ValLoss 0.2460 | ValAcc H1=0.615 H5=0.692 H20=1.000
2026-04-05 00:00:10,795  INFO        P1 Epoch  5 | TrainLoss 0.2483 | ValLoss 0.2459 | ValAcc H1=0.615 H5=0.692 H20=1.000
2026-04-05 00:00:11,067  INFO        P1 Epoch  6 | TrainLoss 0.2471 | ValLoss 0.2459 | ValAcc H1=0.615 H5=0.692 H20=1.000
2026-04-05 00:00:11,343  INFO        P1 Epoch  7 | TrainLoss 0.2488 | ValLoss 0.2459 | ValAcc H1=0.615 H5=0.692 H20=1.000
2026-04-05 00:00:11,614  INFO        P1 Epoch  8 | TrainLoss 0.2485 | ValLoss 0.2459 | ValAcc H1=0.615 H5=0.692 H20=1.000
2026-04-05 00:00:11,945  INFO        P1 Epoch  9 | TrainLoss 0.2483 | ValLoss 0.2458 | ValAcc H1=0.615 H5=0.692 H20=1.000
2026-04-05 00:00:12,239  INFO        P1 Epoch 10 | TrainLoss 0.2484 | ValLoss 0.2458 | ValAcc H1=0.615 H5=0.692 H20=1.000
2026-04-05 00:00:12,586  INFO        P1 Epoch 11 | TrainLoss 0.2476 | ValLoss 0.2458 | ValAcc H1=0.615 H5=0.692 H20=1.000
2026-04-05 00:00:12,873  INFO        P1 Epoch 12 | TrainLoss 0.2459 | ValLoss 0.2458 | ValAcc H1=0.615 H5=0.692 H20=1.000
2026-04-05 00:00:13,145  INFO        P1 Epoch 13 | TrainLoss 0.2489 | ValLoss 0.2458 | ValAcc H1=0.615 H5=0.692 H20=1.000
2026-04-05 00:00:13,450  INFO        P1 Epoch 14 | TrainLoss 0.2473 | ValLoss 0.2457 | ValAcc H1=0.615 H5=0.692 H20=1.000
2026-04-05 00:00:13,721  INFO        P1 Epoch 15 | TrainLoss 0.2484 | ValLoss 0.2457 | ValAcc H1=0.615 H5=0.692 H20=1.000
2026-04-05 00:00:13,995  INFO        P1 Epoch 16 | TrainLoss 0.2461 | ValLoss 0.2457 | ValAcc H1=0.615 H5=0.692 H20=1.000
2026-04-05 00:00:14,264  INFO        P1 Epoch 17 | TrainLoss 0.2480 | ValLoss 0.2457 | ValAcc H1=0.615 H5=0.692 H20=1.000
2026-04-05 00:00:14,570  INFO        P1 Epoch 18 | TrainLoss 0.2473 | ValLoss 0.2457 | ValAcc H1=0.615 H5=0.692 H20=1.000
2026-04-05 00:00:14,867  INFO        P1 Epoch 19 | TrainLoss 0.2490 | ValLoss 0.2457 | ValAcc H1=0.615 H5=0.692 H20=1.000
2026-04-05 00:00:15,147  INFO        P1 Epoch 20 | TrainLoss 0.2483 | ValLoss 0.2457 | ValAcc H1=0.615 H5=0.692 H20=1.000
2026-04-05 00:00:15,421  INFO        P1 Epoch 21 | TrainLoss 0.2485 | ValLoss 0.2457 | ValAcc H1=0.615 H5=0.692 H20=1.000
2026-04-05 00:00:15,788  INFO        P1 Epoch 22 | TrainLoss 0.2487 | ValLoss 0.2457 | ValAcc H1=0.615 H5=0.692 H20=1.000
2026-04-05 00:00:16,065  INFO        P1 Epoch 23 | TrainLoss 0.2478 | ValLoss 0.2457 | ValAcc H1=0.615 H5=0.692 H20=1.000
2026-04-05 00:00:16,340  INFO        P1 Epoch 24 | TrainLoss 0.2475 | ValLoss 0.2457 | ValAcc H1=0.615 H5=0.692 H20=1.000
2026-04-05 00:00:16,650  INFO        P1 Epoch 25 | TrainLoss 0.2482 | ValLoss 0.2457 | ValAcc H1=0.615 H5=0.692 H20=1.000
2026-04-05 00:00:16,924  INFO        P1 Epoch 26 | TrainLoss 0.2477 | ValLoss 0.2457 | ValAcc H1=0.615 H5=0.692 H20=1.000
2026-04-05 00:00:17,192  INFO        P1 Epoch 27 | TrainLoss 0.2474 | ValLoss 0.2457 | ValAcc H1=0.615 H5=0.692 H20=1.000
2026-04-05 00:00:17,494  INFO        P1 Epoch 28 | TrainLoss 0.2474 | ValLoss 0.2457 | ValAcc H1=0.615 H5=0.692 H20=1.000
2026-04-05 00:00:17,494  INFO        Phase 1 early stopping at epoch 28
2026-04-05 00:00:17,504  INFO        Phase 1 complete. Best val_loss: 0.2457  H1=0.615 H5=0.692 H20=1.000
2026-04-05 00:00:17,509  INFO      Phase 1 checkpoint saved: models/fine_tuned/checkpoint_NYSE_UNH_1W_phase1_20260405.pt
2026-04-05 00:00:17,509  INFO      Loading base checkpoint: models/base/checkpoint_base_v1.pt
2026-04-05 00:00:17,518  INFO        Base val_loss: 0.2466  (fold 2, epoch 28)
2026-04-05 00:00:17,528  INFO      Base model H1 accuracy on instrument val set: 0.615
2026-04-05 00:00:17,528  INFO      Fine-tuned  H1 accuracy (Phase 1)           : 0.615
2026-04-05 00:00:17,528  INFO      --------------------------------------------------
2026-04-05 00:00:17,528  INFO      Phase 2 — Verification gate
2026-04-05 00:00:17,529  INFO        Fine-tuned accuracy — H1=0.615  H5=0.692  H20=1.000  Mean=0.769
2026-04-05 00:00:17,529  INFO        Minimum required (mean across horizons) : 0.510
2026-04-05 00:00:17,529  INFO        ✓ Phase 2 PASSED (H1=0.615  H5=0.692  H20=1.000) — proceeding to Phase 3
2026-04-05 00:00:17,529  INFO      --------------------------------------------------
2026-04-05 00:00:17,529  INFO      Phase 3 — Selective encoder unfreeze
2026-04-05 00:00:17,530  INFO        Encoder layers 1 & 2 unfrozen (layer 0 frozen)
2026-04-05 00:00:17,530  INFO        Encoder LR: 1e-05  Head LR: 3e-05
2026-04-05 00:00:17,530  INFO        Dropout: encoder=0.40  head=0.45
2026-04-05 00:00:18,823  INFO        P3 Epoch  1 | TrainLoss 0.2489 | ValLoss 0.2456 | Gap 0.0033 | ValAcc H1=0.615 H5=0.692 H20=1.000
2026-04-05 00:00:19,885  INFO        P3 Epoch  2 | TrainLoss 0.2466 | ValLoss 0.2456 | Gap 0.0010 | ValAcc H1=0.615 H5=0.692 H20=1.000
2026-04-05 00:00:20,962  INFO        P3 Epoch  3 | TrainLoss 0.2476 | ValLoss 0.2456 | Gap 0.0020 | ValAcc H1=0.615 H5=0.692 H20=1.000
2026-04-05 00:00:22,017  INFO        P3 Epoch  4 | TrainLoss 0.2472 | ValLoss 0.2456 | Gap 0.0015 | ValAcc H1=0.615 H5=0.692 H20=1.000
2026-04-05 00:00:23,115  INFO        P3 Epoch  5 | TrainLoss 0.2471 | ValLoss 0.2457 | Gap 0.0014 | ValAcc H1=0.615 H5=0.692 H20=1.000
2026-04-05 00:00:24,209  INFO        P3 Epoch  6 | TrainLoss 0.2481 | ValLoss 0.2456 | Gap 0.0024 | ValAcc H1=0.615 H5=0.692 H20=1.000
2026-04-05 00:00:25,314  INFO        P3 Epoch  7 | TrainLoss 0.2489 | ValLoss 0.2456 | Gap 0.0033 | ValAcc H1=0.615 H5=0.692 H20=1.000
2026-04-05 00:00:26,448  INFO        P3 Epoch  8 | TrainLoss 0.2471 | ValLoss 0.2456 | Gap 0.0016 | ValAcc H1=0.615 H5=0.692 H20=1.000
2026-04-05 00:00:27,529  INFO        P3 Epoch  9 | TrainLoss 0.2479 | ValLoss 0.2456 | Gap 0.0023 | ValAcc H1=0.615 H5=0.692 H20=1.000
2026-04-05 00:00:27,529  INFO        Phase 3 early stopping at epoch 9
2026-04-05 00:00:27,531  INFO        Phase 3 complete. Best val_loss: 0.2456
2026-04-05 00:00:27,544  INFO      Phase 3 checkpoint saved: models/fine_tuned/checkpoint_NYSE_UNH_1W_phase3_20260405.pt
2026-04-05 00:00:27,544  INFO      ============================================================
2026-04-05 00:00:27,544  INFO      Fine-Tuning Summary
2026-04-05 00:00:27,544  INFO        Instrument     : NYSE_UNH 1W
2026-04-05 00:00:27,544  INFO        Final phase    : 3
2026-04-05 00:00:27,544  INFO        Final checkpoint: models/fine_tuned/checkpoint_NYSE_UNH_1W_phase3_20260405.pt
2026-04-05 00:00:27,554  INFO        Base model — H1=0.615  H5=0.692  H20=1.000  Mean=0.769
2026-04-05 00:00:27,554  INFO        Fine-tuned — H1=0.615  H5=0.692  H20=1.000  Mean=0.769  (Phase 3)
2026-04-05 00:00:27,554  INFO        Delta mean accuracy : +0.000  = Fine-tuning matched base model.
2026-04-05 00:00:27,554  INFO        Per-horizon delta   :  H1=+0.000  H5=+0.000  H20=+0.000
2026-04-05 00:00:27,557  INFO        Metrics saved  : logs/finetune/NYSE_UNH_1W_20260405_metrics.csv
2026-04-05 00:00:27,557  INFO      Stage 6 complete.
