2026-04-13 18:32:35,742  INFO      ============================================================
2026-04-13 18:32:35,742  INFO      Stage 6 Fine-Tuning — Start
2026-04-13 18:32:35,742  INFO      Instrument  : NYSE_V
2026-04-13 18:32:35,742  INFO      Resolution  : 1H
2026-04-13 18:32:35,742  INFO      Device      : cpu
2026-04-13 18:32:35,742  INFO      Base checkpoint: models/base/checkpoint_base_v1.pt
2026-04-13 18:32:35,745  INFO      Loading: NYSE_V_1H_20240422_20260412.npy
2026-04-13 18:32:37,742  INFO        Shape: (3255, 60, 53)  (3255 windows)
2026-04-13 18:32:37,778  INFO        Date range: 2024-05-28 → 2026-04-10  (1.9 years)
2026-04-13 18:32:37,778  INFO        Train windows: 2821  Val windows: 434
2026-04-13 18:32:37,778  INFO      Years of data: 1.9
2026-04-13 18:32:37,851  INFO      Loading base checkpoint: models/base/checkpoint_base_v1.pt
2026-04-13 18:32:37,867  INFO        Base val_loss: 0.2463  (fold 3, epoch 22)
2026-04-13 18:32:37,867  INFO      --------------------------------------------------
2026-04-13 18:32:37,867  INFO      Phase 1 — Head-only adaptation (encoder frozen)
2026-04-13 18:32:42,980  INFO        P1 Epoch  1 | TrainLoss 0.2453 | ValLoss 0.2446 | ValAcc H1=0.549 H5=0.540 H20=0.527
2026-04-13 18:32:46,817  INFO        P1 Epoch  2 | TrainLoss 0.2452 | ValLoss 0.2448 | ValAcc H1=0.549 H5=0.536 H20=0.540
2026-04-13 18:32:50,658  INFO        P1 Epoch  3 | TrainLoss 0.2451 | ValLoss 0.2449 | ValAcc H1=0.554 H5=0.540 H20=0.526
2026-04-13 18:32:54,283  INFO        P1 Epoch  4 | TrainLoss 0.2448 | ValLoss 0.2450 | ValAcc H1=0.554 H5=0.544 H20=0.526
2026-04-13 18:32:58,081  INFO        P1 Epoch  5 | TrainLoss 0.2447 | ValLoss 0.2450 | ValAcc H1=0.554 H5=0.536 H20=0.524
2026-04-13 18:33:01,884  INFO        P1 Epoch  6 | TrainLoss 0.2442 | ValLoss 0.2451 | ValAcc H1=0.554 H5=0.536 H20=0.524
2026-04-13 18:33:05,567  INFO        P1 Epoch  7 | TrainLoss 0.2445 | ValLoss 0.2451 | ValAcc H1=0.554 H5=0.539 H20=0.515
2026-04-13 18:33:08,947  INFO        P1 Epoch  8 | TrainLoss 0.2442 | ValLoss 0.2452 | ValAcc H1=0.554 H5=0.534 H20=0.508
2026-04-13 18:33:12,769  INFO        P1 Epoch  9 | TrainLoss 0.2442 | ValLoss 0.2452 | ValAcc H1=0.551 H5=0.534 H20=0.508
2026-04-13 18:33:16,509  INFO        P1 Epoch 10 | TrainLoss 0.2443 | ValLoss 0.2452 | ValAcc H1=0.551 H5=0.532 H20=0.511
2026-04-13 18:33:20,060  INFO        P1 Epoch 11 | TrainLoss 0.2443 | ValLoss 0.2452 | ValAcc H1=0.551 H5=0.532 H20=0.515
2026-04-13 18:33:20,060  INFO        Phase 1 early stopping at epoch 11
2026-04-13 18:33:20,834  INFO        Phase 1 complete. Best val_loss: 0.2446  H1=0.549 H5=0.540 H20=0.527
2026-04-13 18:33:20,846  INFO      Phase 1 checkpoint saved: models/fine_tuned/checkpoint_NYSE_V_1H_phase1_20260413.pt
2026-04-13 18:33:20,846  INFO      Loading base checkpoint: models/base/checkpoint_base_v1.pt
2026-04-13 18:33:20,867  INFO        Base val_loss: 0.2463  (fold 3, epoch 22)
2026-04-13 18:33:21,321  INFO      Base model H1 accuracy on instrument val set: 0.548
2026-04-13 18:33:21,322  INFO      Fine-tuned  H1 accuracy (Phase 1)           : 0.549
2026-04-13 18:33:21,322  INFO      --------------------------------------------------
2026-04-13 18:33:21,322  INFO      Phase 2 — Verification gate
2026-04-13 18:33:21,323  INFO        Fine-tuned accuracy — H1=0.549  H5=0.540  H20=0.527  Mean=0.538
2026-04-13 18:33:21,323  INFO        Minimum required (mean across horizons) : 0.510
2026-04-13 18:33:21,323  INFO        ✓ Phase 2 PASSED (H1=0.549  H5=0.540  H20=0.527) — proceeding to Phase 3
2026-04-13 18:33:21,323  INFO      --------------------------------------------------
2026-04-13 18:33:21,324  INFO      Phase 3 — Selective encoder unfreeze
2026-04-13 18:33:21,324  WARNING     ✗ Skipping Phase 3 — only 1.9 years of data (need 2.0)
2026-04-13 18:33:21,324  WARNING     Using Phase 1 checkpoint as final output.
2026-04-13 18:33:21,326  INFO      Reverted to Phase 1 checkpoint.
2026-04-13 18:33:21,818  INFO      Phase 1 H1 accuracy (recheck): 0.549
2026-04-13 18:33:21,818  INFO      ============================================================
2026-04-13 18:33:21,818  INFO      Fine-Tuning Summary
2026-04-13 18:33:21,818  INFO        Instrument     : NYSE_V 1H
2026-04-13 18:33:21,818  INFO        Final phase    : 1
2026-04-13 18:33:21,818  INFO        Final checkpoint: models/fine_tuned/checkpoint_NYSE_V_1H_phase1_20260413.pt
2026-04-13 18:33:22,277  INFO        Base model — H1=0.548  H5=0.542  H20=0.530  Mean=0.540
2026-04-13 18:33:22,277  INFO        Fine-tuned — H1=0.549  H5=0.540  H20=0.527  Mean=0.538  (Phase 1)
2026-04-13 18:33:22,278  WARNING     Delta mean accuracy : -0.002  ⚠  Fine-tuning degraded mean accuracy. Consider using the base model for this instrument. H1 delta=+0.001  H5 delta=-0.003  H20 delta=-0.003
2026-04-13 18:33:22,280  INFO        Metrics saved  : logs/finetune/NYSE_V_1H_20260413_metrics.csv
2026-04-13 18:33:22,280  INFO      Stage 6 complete.
