2026-04-04 23:59:14,596  INFO      ============================================================
2026-04-04 23:59:14,596  INFO      Stage 6 Fine-Tuning — Start
2026-04-04 23:59:14,597  INFO      Instrument  : NYSE_UNH
2026-04-04 23:59:14,597  INFO      Resolution  : 1H
2026-04-04 23:59:14,597  INFO      Device      : cpu
2026-04-04 23:59:14,597  INFO      Base checkpoint: models/base/checkpoint_base_v1.pt
2026-04-04 23:59:14,598  INFO      Loading: NYSE_UNH_1H_20240405_20260326.npy
2026-04-04 23:59:16,705  INFO        Shape: (3255, 60, 48)  (3255 windows)
2026-04-04 23:59:16,739  INFO        Date range: 2024-05-10 → 2026-03-25  (1.9 years)
2026-04-04 23:59:16,739  INFO        Train windows: 2828  Val windows: 427
2026-04-04 23:59:16,739  INFO      Years of data: 1.9
2026-04-04 23:59:16,760  INFO      Loading base checkpoint: models/base/checkpoint_base_v1.pt
2026-04-04 23:59:16,782  INFO        Base val_loss: 0.2466  (fold 2, epoch 28)
2026-04-04 23:59:16,783  INFO      --------------------------------------------------
2026-04-04 23:59:16,783  INFO      Phase 1 — Head-only adaptation (encoder frozen)
2026-04-04 23:59:20,132  INFO        P1 Epoch  1 | TrainLoss 0.2439 | ValLoss 0.2453 | ValAcc H1=0.563 H5=0.543 H20=0.581
2026-04-04 23:59:22,546  INFO        P1 Epoch  2 | TrainLoss 0.2441 | ValLoss 0.2453 | ValAcc H1=0.565 H5=0.543 H20=0.578
2026-04-04 23:59:25,013  INFO        P1 Epoch  3 | TrainLoss 0.2442 | ValLoss 0.2453 | ValAcc H1=0.565 H5=0.547 H20=0.584
2026-04-04 23:59:27,409  INFO        P1 Epoch  4 | TrainLoss 0.2446 | ValLoss 0.2453 | ValAcc H1=0.561 H5=0.543 H20=0.567
2026-04-04 23:59:29,840  INFO        P1 Epoch  5 | TrainLoss 0.2442 | ValLoss 0.2453 | ValAcc H1=0.561 H5=0.541 H20=0.578
2026-04-04 23:59:32,158  INFO        P1 Epoch  6 | TrainLoss 0.2442 | ValLoss 0.2453 | ValAcc H1=0.568 H5=0.552 H20=0.567
2026-04-04 23:59:34,662  INFO        P1 Epoch  7 | TrainLoss 0.2442 | ValLoss 0.2453 | ValAcc H1=0.568 H5=0.543 H20=0.562
2026-04-04 23:59:37,135  INFO        P1 Epoch  8 | TrainLoss 0.2441 | ValLoss 0.2452 | ValAcc H1=0.565 H5=0.552 H20=0.564
2026-04-04 23:59:39,635  INFO        P1 Epoch  9 | TrainLoss 0.2441 | ValLoss 0.2452 | ValAcc H1=0.568 H5=0.547 H20=0.572
2026-04-04 23:59:41,965  INFO        P1 Epoch 10 | TrainLoss 0.2441 | ValLoss 0.2452 | ValAcc H1=0.561 H5=0.545 H20=0.570
2026-04-04 23:59:44,312  INFO        P1 Epoch 11 | TrainLoss 0.2439 | ValLoss 0.2452 | ValAcc H1=0.570 H5=0.545 H20=0.570
2026-04-04 23:59:46,791  INFO        P1 Epoch 12 | TrainLoss 0.2440 | ValLoss 0.2452 | ValAcc H1=0.570 H5=0.547 H20=0.567
2026-04-04 23:59:49,249  INFO        P1 Epoch 13 | TrainLoss 0.2439 | ValLoss 0.2452 | ValAcc H1=0.568 H5=0.545 H20=0.571
2026-04-04 23:59:51,713  INFO        P1 Epoch 14 | TrainLoss 0.2436 | ValLoss 0.2452 | ValAcc H1=0.568 H5=0.545 H20=0.571
2026-04-04 23:59:54,111  INFO        P1 Epoch 15 | TrainLoss 0.2435 | ValLoss 0.2452 | ValAcc H1=0.568 H5=0.543 H20=0.568
2026-04-04 23:59:56,615  INFO        P1 Epoch 16 | TrainLoss 0.2437 | ValLoss 0.2452 | ValAcc H1=0.572 H5=0.543 H20=0.567
2026-04-04 23:59:59,058  INFO        P1 Epoch 17 | TrainLoss 0.2440 | ValLoss 0.2452 | ValAcc H1=0.570 H5=0.545 H20=0.570
2026-04-05 00:00:01,553  INFO        P1 Epoch 18 | TrainLoss 0.2438 | ValLoss 0.2452 | ValAcc H1=0.570 H5=0.545 H20=0.574
2026-04-05 00:00:03,980  INFO        P1 Epoch 19 | TrainLoss 0.2442 | ValLoss 0.2452 | ValAcc H1=0.572 H5=0.545 H20=0.574
2026-04-05 00:00:03,981  INFO        Phase 1 early stopping at epoch 19
2026-04-05 00:00:04,296  INFO        Phase 1 complete. Best val_loss: 0.2452  H1=0.568 H5=0.547 H20=0.572
2026-04-05 00:00:04,300  INFO      Phase 1 checkpoint saved: models/fine_tuned/checkpoint_NYSE_UNH_1H_phase1_20260405.pt
2026-04-05 00:00:04,300  INFO      Loading base checkpoint: models/base/checkpoint_base_v1.pt
2026-04-05 00:00:04,310  INFO        Base val_loss: 0.2466  (fold 2, epoch 28)
2026-04-05 00:00:04,601  INFO      Base model H1 accuracy on instrument val set: 0.559
2026-04-05 00:00:04,601  INFO      Fine-tuned  H1 accuracy (Phase 1)           : 0.568
2026-04-05 00:00:04,602  INFO      --------------------------------------------------
2026-04-05 00:00:04,602  INFO      Phase 2 — Verification gate
2026-04-05 00:00:04,602  INFO        Fine-tuned accuracy — H1=0.568  H5=0.547  H20=0.572  Mean=0.562
2026-04-05 00:00:04,602  INFO        Minimum required (mean across horizons) : 0.510
2026-04-05 00:00:04,602  INFO        ✓ Phase 2 PASSED (H1=0.568  H5=0.547  H20=0.572) — proceeding to Phase 3
2026-04-05 00:00:04,602  INFO      --------------------------------------------------
2026-04-05 00:00:04,602  INFO      Phase 3 — Selective encoder unfreeze
2026-04-05 00:00:04,602  WARNING     ✗ Skipping Phase 3 — only 1.9 years of data (need 2.0)
2026-04-05 00:00:04,602  WARNING     Using Phase 1 checkpoint as final output.
2026-04-05 00:00:04,605  INFO      Reverted to Phase 1 checkpoint.
2026-04-05 00:00:04,903  INFO      Phase 1 H1 accuracy (recheck): 0.568
2026-04-05 00:00:04,903  INFO      ============================================================
2026-04-05 00:00:04,903  INFO      Fine-Tuning Summary
2026-04-05 00:00:04,903  INFO        Instrument     : NYSE_UNH 1H
2026-04-05 00:00:04,903  INFO        Final phase    : 1
2026-04-05 00:00:04,903  INFO        Final checkpoint: models/fine_tuned/checkpoint_NYSE_UNH_1H_phase1_20260405.pt
2026-04-05 00:00:05,184  INFO        Base model — H1=0.559  H5=0.541  H20=0.569  Mean=0.556
2026-04-05 00:00:05,184  INFO        Fine-tuned — H1=0.568  H5=0.547  H20=0.572  Mean=0.562  (Phase 1)
2026-04-05 00:00:05,184  INFO        Delta mean accuracy : +0.006  ✓ Fine-tuning improved accuracy.
2026-04-05 00:00:05,184  INFO        Per-horizon delta   :  H1=+0.009  H5=+0.007  H20=+0.002
2026-04-05 00:00:05,186  INFO        Metrics saved  : logs/finetune/NYSE_UNH_1H_20260405_metrics.csv
2026-04-05 00:00:05,186  INFO      Stage 6 complete.
