2026-04-04 23:53:35,880  INFO      ============================================================
2026-04-04 23:53:35,881  INFO      Stage 6 Fine-Tuning — Start
2026-04-04 23:53:35,881  INFO      Instrument  : NYSE_PG
2026-04-04 23:53:35,881  INFO      Resolution  : 1H
2026-04-04 23:53:35,881  INFO      Device      : cpu
2026-04-04 23:53:35,881  INFO      Base checkpoint: models/base/checkpoint_base_v1.pt
2026-04-04 23:53:35,883  INFO      Loading: NYSE_PG_1H_20240405_20260326.npy
2026-04-04 23:53:38,363  INFO        Shape: (3255, 60, 48)  (3255 windows)
2026-04-04 23:53:38,425  INFO        Date range: 2024-05-10 → 2026-03-25  (1.9 years)
2026-04-04 23:53:38,426  INFO        Train windows: 2828  Val windows: 427
2026-04-04 23:53:38,426  INFO      Years of data: 1.9
2026-04-04 23:53:38,445  INFO      Loading base checkpoint: models/base/checkpoint_base_v1.pt
2026-04-04 23:53:38,459  INFO        Base val_loss: 0.2466  (fold 2, epoch 28)
2026-04-04 23:53:38,459  INFO      --------------------------------------------------
2026-04-04 23:53:38,459  INFO      Phase 1 — Head-only adaptation (encoder frozen)
2026-04-04 23:53:41,860  INFO        P1 Epoch  1 | TrainLoss 0.2455 | ValLoss 0.2451 | ValAcc H1=0.562 H5=0.561 H20=0.586
2026-04-04 23:53:44,157  INFO        P1 Epoch  2 | TrainLoss 0.2460 | ValLoss 0.2451 | ValAcc H1=0.564 H5=0.576 H20=0.585
2026-04-04 23:53:46,745  INFO        P1 Epoch  3 | TrainLoss 0.2457 | ValLoss 0.2451 | ValAcc H1=0.566 H5=0.579 H20=0.587
2026-04-04 23:53:49,060  INFO        P1 Epoch  4 | TrainLoss 0.2454 | ValLoss 0.2450 | ValAcc H1=0.566 H5=0.576 H20=0.580
2026-04-04 23:53:51,482  INFO        P1 Epoch  5 | TrainLoss 0.2455 | ValLoss 0.2450 | ValAcc H1=0.578 H5=0.579 H20=0.577
2026-04-04 23:53:53,774  INFO        P1 Epoch  6 | TrainLoss 0.2453 | ValLoss 0.2450 | ValAcc H1=0.575 H5=0.574 H20=0.577
2026-04-04 23:53:56,180  INFO        P1 Epoch  7 | TrainLoss 0.2456 | ValLoss 0.2450 | ValAcc H1=0.575 H5=0.576 H20=0.580
2026-04-04 23:53:58,675  INFO        P1 Epoch  8 | TrainLoss 0.2456 | ValLoss 0.2450 | ValAcc H1=0.575 H5=0.576 H20=0.580
2026-04-04 23:54:01,033  INFO        P1 Epoch  9 | TrainLoss 0.2455 | ValLoss 0.2450 | ValAcc H1=0.578 H5=0.576 H20=0.582
2026-04-04 23:54:03,439  INFO        P1 Epoch 10 | TrainLoss 0.2453 | ValLoss 0.2450 | ValAcc H1=0.575 H5=0.576 H20=0.577
2026-04-04 23:54:05,774  INFO        P1 Epoch 11 | TrainLoss 0.2455 | ValLoss 0.2450 | ValAcc H1=0.575 H5=0.576 H20=0.580
2026-04-04 23:54:08,374  INFO        P1 Epoch 12 | TrainLoss 0.2456 | ValLoss 0.2450 | ValAcc H1=0.575 H5=0.576 H20=0.582
2026-04-04 23:54:10,644  INFO        P1 Epoch 13 | TrainLoss 0.2454 | ValLoss 0.2449 | ValAcc H1=0.578 H5=0.574 H20=0.582
2026-04-04 23:54:12,954  INFO        P1 Epoch 14 | TrainLoss 0.2456 | ValLoss 0.2449 | ValAcc H1=0.578 H5=0.572 H20=0.577
2026-04-04 23:54:15,321  INFO        P1 Epoch 15 | TrainLoss 0.2454 | ValLoss 0.2449 | ValAcc H1=0.578 H5=0.574 H20=0.573
2026-04-04 23:54:15,322  INFO        Phase 1 early stopping at epoch 15
2026-04-04 23:54:15,618  INFO        Phase 1 complete. Best val_loss: 0.2450  H1=0.578 H5=0.579 H20=0.577
2026-04-04 23:54:15,623  INFO      Phase 1 checkpoint saved: models/fine_tuned/checkpoint_NYSE_PG_1H_phase1_20260404.pt
2026-04-04 23:54:15,623  INFO      Loading base checkpoint: models/base/checkpoint_base_v1.pt
2026-04-04 23:54:15,632  INFO        Base val_loss: 0.2466  (fold 2, epoch 28)
2026-04-04 23:54:15,908  INFO      Base model H1 accuracy on instrument val set: 0.562
2026-04-04 23:54:15,908  INFO      Fine-tuned  H1 accuracy (Phase 1)           : 0.578
2026-04-04 23:54:15,908  INFO      --------------------------------------------------
2026-04-04 23:54:15,908  INFO      Phase 2 — Verification gate
2026-04-04 23:54:15,908  INFO        Fine-tuned accuracy — H1=0.578  H5=0.579  H20=0.577  Mean=0.578
2026-04-04 23:54:15,909  INFO        Minimum required (mean across horizons) : 0.510
2026-04-04 23:54:15,909  INFO        ✓ Phase 2 PASSED (H1=0.578  H5=0.579  H20=0.577) — proceeding to Phase 3
2026-04-04 23:54:15,909  INFO      --------------------------------------------------
2026-04-04 23:54:15,909  INFO      Phase 3 — Selective encoder unfreeze
2026-04-04 23:54:15,909  WARNING     ✗ Skipping Phase 3 — only 1.9 years of data (need 2.0)
2026-04-04 23:54:15,909  WARNING     Using Phase 1 checkpoint as final output.
2026-04-04 23:54:15,910  INFO      Reverted to Phase 1 checkpoint.
2026-04-04 23:54:16,185  INFO      Phase 1 H1 accuracy (recheck): 0.578
2026-04-04 23:54:16,185  INFO      ============================================================
2026-04-04 23:54:16,185  INFO      Fine-Tuning Summary
2026-04-04 23:54:16,185  INFO        Instrument     : NYSE_PG 1H
2026-04-04 23:54:16,186  INFO        Final phase    : 1
2026-04-04 23:54:16,186  INFO        Final checkpoint: models/fine_tuned/checkpoint_NYSE_PG_1H_phase1_20260404.pt
2026-04-04 23:54:16,492  INFO        Base model — H1=0.562  H5=0.561  H20=0.578  Mean=0.567
2026-04-04 23:54:16,492  INFO        Fine-tuned — H1=0.578  H5=0.579  H20=0.577  Mean=0.578  (Phase 1)
2026-04-04 23:54:16,493  INFO        Delta mean accuracy : +0.011  ✓ Fine-tuning improved accuracy.
2026-04-04 23:54:16,493  INFO        Per-horizon delta   :  H1=+0.016  H5=+0.018  H20=-0.001
2026-04-04 23:54:16,495  INFO        Metrics saved  : logs/finetune/NYSE_PG_1H_20260404_metrics.csv
2026-04-04 23:54:16,495  INFO      Stage 6 complete.
