2026-04-04 23:38:27,702  INFO      ============================================================
2026-04-04 23:38:27,703  INFO      Stage 6 Fine-Tuning — Start
2026-04-04 23:38:27,703  INFO      Instrument  : NYSE_CVX
2026-04-04 23:38:27,703  INFO      Resolution  : 1W
2026-04-04 23:38:27,703  INFO      Device      : cpu
2026-04-04 23:38:27,703  INFO      Base checkpoint: models/base/checkpoint_base_v1.pt
2026-04-04 23:38:27,704  INFO      Loading: NYSE_CVX_1W_20150101_20260326.npy
2026-04-04 23:38:28,317  INFO        Shape: (407, 60, 42)  (407 windows)
2026-04-04 23:38:28,322  INFO        Date range: 2018-06-07 → 2026-03-19  (7.8 years)
2026-04-04 23:38:28,322  INFO        Train windows: 394  Val windows: 13
2026-04-04 23:38:28,322  INFO      Years of data: 7.8
2026-04-04 23:38:28,326  INFO      Loading base checkpoint: models/base/checkpoint_base_v1.pt
2026-04-04 23:38:28,339  INFO        Base val_loss: 0.2466  (fold 2, epoch 28)
2026-04-04 23:38:28,339  INFO      --------------------------------------------------
2026-04-04 23:38:28,339  INFO      Phase 1 — Head-only adaptation (encoder frozen)
2026-04-04 23:38:29,480  INFO        P1 Epoch  1 | TrainLoss 0.2467 | ValLoss 0.2399 | ValAcc H1=0.846 H5=0.846 H20=0.923
2026-04-04 23:38:29,753  INFO        P1 Epoch  2 | TrainLoss 0.2490 | ValLoss 0.2398 | ValAcc H1=0.846 H5=0.846 H20=0.923
2026-04-04 23:38:30,035  INFO        P1 Epoch  3 | TrainLoss 0.2473 | ValLoss 0.2398 | ValAcc H1=0.846 H5=0.846 H20=0.923
2026-04-04 23:38:30,346  INFO        P1 Epoch  4 | TrainLoss 0.2470 | ValLoss 0.2397 | ValAcc H1=0.846 H5=0.846 H20=0.923
2026-04-04 23:38:30,632  INFO        P1 Epoch  5 | TrainLoss 0.2459 | ValLoss 0.2397 | ValAcc H1=0.846 H5=0.846 H20=0.923
2026-04-04 23:38:30,925  INFO        P1 Epoch  6 | TrainLoss 0.2477 | ValLoss 0.2397 | ValAcc H1=0.846 H5=0.846 H20=0.923
2026-04-04 23:38:31,211  INFO        P1 Epoch  7 | TrainLoss 0.2463 | ValLoss 0.2397 | ValAcc H1=0.846 H5=0.846 H20=0.923
2026-04-04 23:38:31,495  INFO        P1 Epoch  8 | TrainLoss 0.2467 | ValLoss 0.2397 | ValAcc H1=0.846 H5=0.846 H20=0.923
2026-04-04 23:38:31,806  INFO        P1 Epoch  9 | TrainLoss 0.2476 | ValLoss 0.2397 | ValAcc H1=0.846 H5=0.846 H20=0.923
2026-04-04 23:38:32,120  INFO        P1 Epoch 10 | TrainLoss 0.2472 | ValLoss 0.2397 | ValAcc H1=0.846 H5=0.846 H20=0.923
2026-04-04 23:38:32,437  INFO        P1 Epoch 11 | TrainLoss 0.2461 | ValLoss 0.2398 | ValAcc H1=0.846 H5=0.846 H20=0.923
2026-04-04 23:38:32,768  INFO        P1 Epoch 12 | TrainLoss 0.2475 | ValLoss 0.2398 | ValAcc H1=0.846 H5=0.846 H20=0.923
2026-04-04 23:38:33,073  INFO        P1 Epoch 13 | TrainLoss 0.2474 | ValLoss 0.2398 | ValAcc H1=0.846 H5=0.846 H20=1.000
2026-04-04 23:38:33,379  INFO        P1 Epoch 14 | TrainLoss 0.2477 | ValLoss 0.2398 | ValAcc H1=0.923 H5=0.846 H20=1.000
2026-04-04 23:38:33,379  INFO        Phase 1 early stopping at epoch 14
2026-04-04 23:38:33,390  INFO        Phase 1 complete. Best val_loss: 0.2397  H1=0.846 H5=0.846 H20=0.923
2026-04-04 23:38:33,395  INFO      Phase 1 checkpoint saved: models/fine_tuned/checkpoint_NYSE_CVX_1W_phase1_20260404.pt
2026-04-04 23:38:33,395  INFO      Loading base checkpoint: models/base/checkpoint_base_v1.pt
2026-04-04 23:38:33,405  INFO        Base val_loss: 0.2466  (fold 2, epoch 28)
2026-04-04 23:38:33,414  INFO      Base model H1 accuracy on instrument val set: 0.846
2026-04-04 23:38:33,414  INFO      Fine-tuned  H1 accuracy (Phase 1)           : 0.846
2026-04-04 23:38:33,414  INFO      --------------------------------------------------
2026-04-04 23:38:33,414  INFO      Phase 2 — Verification gate
2026-04-04 23:38:33,414  INFO        Fine-tuned accuracy — H1=0.846  H5=0.846  H20=0.923  Mean=0.872
2026-04-04 23:38:33,415  INFO        Minimum required (mean across horizons) : 0.510
2026-04-04 23:38:33,415  INFO        ✓ Phase 2 PASSED (H1=0.846  H5=0.846  H20=0.923) — proceeding to Phase 3
2026-04-04 23:38:33,415  INFO      --------------------------------------------------
2026-04-04 23:38:33,415  INFO      Phase 3 — Selective encoder unfreeze
2026-04-04 23:38:33,415  INFO        Encoder layers 1 & 2 unfrozen (layer 0 frozen)
2026-04-04 23:38:33,415  INFO        Encoder LR: 1e-05  Head LR: 3e-05
2026-04-04 23:38:33,416  INFO        Dropout: encoder=0.40  head=0.45
2026-04-04 23:38:34,519  INFO        P3 Epoch  1 | TrainLoss 0.2469 | ValLoss 0.2397 | Gap 0.0073 | ValAcc H1=0.846 H5=0.846 H20=0.923
2026-04-04 23:38:35,613  INFO        P3 Epoch  2 | TrainLoss 0.2463 | ValLoss 0.2397 | Gap 0.0066 | ValAcc H1=0.846 H5=0.846 H20=0.923
2026-04-04 23:38:36,678  INFO        P3 Epoch  3 | TrainLoss 0.2477 | ValLoss 0.2397 | Gap 0.0080 | ValAcc H1=0.846 H5=0.846 H20=0.923
2026-04-04 23:38:37,816  INFO        P3 Epoch  4 | TrainLoss 0.2476 | ValLoss 0.2397 | Gap 0.0079 | ValAcc H1=0.846 H5=0.846 H20=0.923
2026-04-04 23:38:38,975  INFO        P3 Epoch  5 | TrainLoss 0.2485 | ValLoss 0.2396 | Gap 0.0089 | ValAcc H1=0.846 H5=0.846 H20=0.923
2026-04-04 23:38:40,007  INFO        P3 Epoch  6 | TrainLoss 0.2469 | ValLoss 0.2395 | Gap 0.0074 | ValAcc H1=0.846 H5=0.846 H20=0.923
2026-04-04 23:38:41,058  INFO        P3 Epoch  7 | TrainLoss 0.2474 | ValLoss 0.2394 | Gap 0.0079 | ValAcc H1=0.846 H5=0.846 H20=0.923
2026-04-04 23:38:42,099  INFO        P3 Epoch  8 | TrainLoss 0.2477 | ValLoss 0.2394 | Gap 0.0084 | ValAcc H1=0.846 H5=0.846 H20=0.923
2026-04-04 23:38:43,193  INFO        P3 Epoch  9 | TrainLoss 0.2469 | ValLoss 0.2393 | Gap 0.0076 | ValAcc H1=0.846 H5=0.846 H20=0.923
2026-04-04 23:38:44,288  INFO        P3 Epoch 10 | TrainLoss 0.2475 | ValLoss 0.2393 | Gap 0.0082 | ValAcc H1=0.846 H5=0.846 H20=0.923
2026-04-04 23:38:45,344  INFO        P3 Epoch 11 | TrainLoss 0.2476 | ValLoss 0.2393 | Gap 0.0083 | ValAcc H1=0.846 H5=0.846 H20=0.923
2026-04-04 23:38:46,469  INFO        P3 Epoch 12 | TrainLoss 0.2464 | ValLoss 0.2393 | Gap 0.0071 | ValAcc H1=0.846 H5=0.846 H20=0.923
2026-04-04 23:38:47,594  INFO        P3 Epoch 13 | TrainLoss 0.2469 | ValLoss 0.2393 | Gap 0.0076 | ValAcc H1=0.846 H5=0.846 H20=0.923
2026-04-04 23:38:48,688  INFO        P3 Epoch 14 | TrainLoss 0.2468 | ValLoss 0.2394 | Gap 0.0075 | ValAcc H1=0.846 H5=0.846 H20=0.923
2026-04-04 23:38:49,846  INFO        P3 Epoch 15 | TrainLoss 0.2476 | ValLoss 0.2394 | Gap 0.0082 | ValAcc H1=0.846 H5=0.846 H20=0.923
2026-04-04 23:38:50,912  INFO        P3 Epoch 16 | TrainLoss 0.2467 | ValLoss 0.2394 | Gap 0.0073 | ValAcc H1=0.846 H5=0.846 H20=0.923
2026-04-04 23:38:51,958  INFO        P3 Epoch 17 | TrainLoss 0.2473 | ValLoss 0.2394 | Gap 0.0079 | ValAcc H1=0.846 H5=0.846 H20=0.923
2026-04-04 23:38:53,043  INFO        P3 Epoch 18 | TrainLoss 0.2464 | ValLoss 0.2394 | Gap 0.0070 | ValAcc H1=0.846 H5=0.846 H20=0.923
2026-04-04 23:38:53,043  INFO        Phase 3 early stopping at epoch 18
2026-04-04 23:38:53,044  INFO        Phase 3 complete. Best val_loss: 0.2393
2026-04-04 23:38:53,057  INFO      Phase 3 checkpoint saved: models/fine_tuned/checkpoint_NYSE_CVX_1W_phase3_20260404.pt
2026-04-04 23:38:53,058  INFO      ============================================================
2026-04-04 23:38:53,058  INFO      Fine-Tuning Summary
2026-04-04 23:38:53,058  INFO        Instrument     : NYSE_CVX 1W
2026-04-04 23:38:53,058  INFO        Final phase    : 3
2026-04-04 23:38:53,058  INFO        Final checkpoint: models/fine_tuned/checkpoint_NYSE_CVX_1W_phase3_20260404.pt
2026-04-04 23:38:53,070  INFO        Base model — H1=0.846  H5=0.846  H20=0.923  Mean=0.872
2026-04-04 23:38:53,070  INFO        Fine-tuned — H1=0.846  H5=0.846  H20=0.923  Mean=0.872  (Phase 3)
2026-04-04 23:38:53,070  INFO        Delta mean accuracy : +0.000  = Fine-tuning matched base model.
2026-04-04 23:38:53,070  INFO        Per-horizon delta   :  H1=+0.000  H5=+0.000  H20=+0.000
2026-04-04 23:38:53,073  INFO        Metrics saved  : logs/finetune/NYSE_CVX_1W_20260404_metrics.csv
2026-04-04 23:38:53,073  INFO      Stage 6 complete.
