2026-04-13 18:33:48,657  INFO      ============================================================
2026-04-13 18:33:48,658  INFO      Stage 6 Fine-Tuning — Start
2026-04-13 18:33:48,658  INFO      Instrument  : NYSE_V
2026-04-13 18:33:48,658  INFO      Resolution  : 4H
2026-04-13 18:33:48,658  INFO      Device      : cpu
2026-04-13 18:33:48,658  INFO      Base checkpoint: models/base/checkpoint_base_v1.pt
2026-04-13 18:33:48,660  INFO      Loading: NYSE_V_4H_20240422_20260412.npy
2026-04-13 18:33:49,440  INFO        Shape: (972, 60, 53)  (972 windows)
2026-04-13 18:33:49,451  INFO        Date range: 2024-08-29 → 2026-04-10  (1.6 years)
2026-04-13 18:33:49,451  INFO        Train windows: 810  Val windows: 162
2026-04-13 18:33:49,451  INFO      Years of data: 1.6
2026-04-13 18:33:49,503  INFO      Loading base checkpoint: models/base/checkpoint_base_v1.pt
2026-04-13 18:33:49,523  INFO        Base val_loss: 0.2463  (fold 3, epoch 22)
2026-04-13 18:33:49,523  INFO      --------------------------------------------------
2026-04-13 18:33:49,523  INFO      Phase 1 — Head-only adaptation (encoder frozen)
2026-04-13 18:33:52,073  INFO        P1 Epoch  1 | TrainLoss 0.2464 | ValLoss 0.2455 | ValAcc H1=0.572 H5=0.576 H20=0.614
2026-04-13 18:33:53,097  INFO        P1 Epoch  2 | TrainLoss 0.2461 | ValLoss 0.2455 | ValAcc H1=0.572 H5=0.576 H20=0.619
2026-04-13 18:33:54,176  INFO        P1 Epoch  3 | TrainLoss 0.2459 | ValLoss 0.2455 | ValAcc H1=0.572 H5=0.576 H20=0.608
2026-04-13 18:33:55,138  INFO        P1 Epoch  4 | TrainLoss 0.2457 | ValLoss 0.2455 | ValAcc H1=0.572 H5=0.576 H20=0.593
2026-04-13 18:33:56,203  INFO        P1 Epoch  5 | TrainLoss 0.2454 | ValLoss 0.2455 | ValAcc H1=0.567 H5=0.576 H20=0.593
2026-04-13 18:33:57,730  INFO        P1 Epoch  6 | TrainLoss 0.2453 | ValLoss 0.2455 | ValAcc H1=0.567 H5=0.571 H20=0.598
2026-04-13 18:33:58,735  INFO        P1 Epoch  7 | TrainLoss 0.2454 | ValLoss 0.2455 | ValAcc H1=0.567 H5=0.566 H20=0.598
2026-04-13 18:33:59,735  INFO        P1 Epoch  8 | TrainLoss 0.2452 | ValLoss 0.2456 | ValAcc H1=0.567 H5=0.576 H20=0.608
2026-04-13 18:34:00,694  INFO        P1 Epoch  9 | TrainLoss 0.2452 | ValLoss 0.2456 | ValAcc H1=0.567 H5=0.581 H20=0.598
2026-04-13 18:34:01,904  INFO        P1 Epoch 10 | TrainLoss 0.2452 | ValLoss 0.2456 | ValAcc H1=0.567 H5=0.581 H20=0.598
2026-04-13 18:34:03,193  INFO        P1 Epoch 11 | TrainLoss 0.2451 | ValLoss 0.2456 | ValAcc H1=0.567 H5=0.587 H20=0.598
2026-04-13 18:34:03,193  INFO        Phase 1 early stopping at epoch 11
2026-04-13 18:34:03,348  INFO        Phase 1 complete. Best val_loss: 0.2455  H1=0.572 H5=0.576 H20=0.614
2026-04-13 18:34:03,353  INFO      Phase 1 checkpoint saved: models/fine_tuned/checkpoint_NYSE_V_4H_phase1_20260413.pt
2026-04-13 18:34:03,354  INFO      Loading base checkpoint: models/base/checkpoint_base_v1.pt
2026-04-13 18:34:03,365  INFO        Base val_loss: 0.2463  (fold 3, epoch 22)
2026-04-13 18:34:03,522  INFO      Base model H1 accuracy on instrument val set: 0.572
2026-04-13 18:34:03,522  INFO      Fine-tuned  H1 accuracy (Phase 1)           : 0.572
2026-04-13 18:34:03,522  INFO      --------------------------------------------------
2026-04-13 18:34:03,523  INFO      Phase 2 — Verification gate
2026-04-13 18:34:03,523  INFO        Fine-tuned accuracy — H1=0.572  H5=0.576  H20=0.614  Mean=0.587
2026-04-13 18:34:03,523  INFO        Minimum required (mean across horizons) : 0.510
2026-04-13 18:34:03,523  INFO        ✓ Phase 2 PASSED (H1=0.572  H5=0.576  H20=0.614) — proceeding to Phase 3
2026-04-13 18:34:03,523  INFO      --------------------------------------------------
2026-04-13 18:34:03,523  INFO      Phase 3 — Selective encoder unfreeze
2026-04-13 18:34:03,523  WARNING     ✗ Skipping Phase 3 — only 1.6 years of data (need 2.0)
2026-04-13 18:34:03,523  WARNING     Using Phase 1 checkpoint as final output.
2026-04-13 18:34:03,524  INFO      Reverted to Phase 1 checkpoint.
2026-04-13 18:34:03,708  INFO      Phase 1 H1 accuracy (recheck): 0.572
2026-04-13 18:34:03,708  INFO      ============================================================
2026-04-13 18:34:03,709  INFO      Fine-Tuning Summary
2026-04-13 18:34:03,709  INFO        Instrument     : NYSE_V 4H
2026-04-13 18:34:03,709  INFO        Final phase    : 1
2026-04-13 18:34:03,709  INFO        Final checkpoint: models/fine_tuned/checkpoint_NYSE_V_4H_phase1_20260413.pt
2026-04-13 18:34:03,982  INFO        Base model — H1=0.572  H5=0.576  H20=0.640  Mean=0.596
2026-04-13 18:34:03,982  INFO        Fine-tuned — H1=0.572  H5=0.576  H20=0.614  Mean=0.587  (Phase 1)
2026-04-13 18:34:03,983  WARNING     Delta mean accuracy : -0.009  ⚠  Fine-tuning degraded mean accuracy. Consider using the base model for this instrument. H1 delta=+0.000  H5 delta=+0.000  H20 delta=-0.026
2026-04-13 18:34:03,985  INFO        Metrics saved  : logs/finetune/NYSE_V_4H_20260413_metrics.csv
2026-04-13 18:34:03,985  INFO      Stage 6 complete.
