2026-04-13 17:48:04,659  INFO      ============================================================
2026-04-13 17:48:04,659  INFO      Stage 6 Fine-Tuning — Start
2026-04-13 17:48:04,659  INFO      Instrument  : NYSE_AMZN
2026-04-13 17:48:04,659  INFO      Resolution  : 1W
2026-04-13 17:48:04,659  INFO      Device      : cpu
2026-04-13 17:48:04,659  INFO      Base checkpoint: models/base/checkpoint_base_v1.pt
2026-04-13 17:48:04,661  INFO      Loading: NYSE_AMZN_1W_20150101_20260412.npy
2026-04-13 17:48:04,945  INFO        Shape: (410, 60, 47)  (410 windows)
2026-04-13 17:48:04,950  INFO        Date range: 2018-06-07 → 2026-04-09  (7.8 years)
2026-04-13 17:48:04,950  INFO        Train windows: 397  Val windows: 13
2026-04-13 17:48:04,950  INFO      Years of data: 7.8
2026-04-13 17:48:04,954  INFO      Loading base checkpoint: models/base/checkpoint_base_v1.pt
2026-04-13 17:48:04,970  INFO        Base val_loss: 0.2463  (fold 3, epoch 22)
2026-04-13 17:48:04,970  INFO      --------------------------------------------------
2026-04-13 17:48:04,970  INFO      Phase 1 — Head-only adaptation (encoder frozen)
2026-04-13 17:48:06,403  INFO        P1 Epoch  1 | TrainLoss 0.2468 | ValLoss 0.2469 | ValAcc H1=0.538 H5=0.769 H20=1.000
2026-04-13 17:48:06,767  INFO        P1 Epoch  2 | TrainLoss 0.2486 | ValLoss 0.2469 | ValAcc H1=0.538 H5=0.769 H20=1.000
2026-04-13 17:48:07,164  INFO        P1 Epoch  3 | TrainLoss 0.2468 | ValLoss 0.2470 | ValAcc H1=0.538 H5=0.769 H20=1.000
2026-04-13 17:48:07,581  INFO        P1 Epoch  4 | TrainLoss 0.2470 | ValLoss 0.2470 | ValAcc H1=0.538 H5=0.769 H20=1.000
2026-04-13 17:48:08,026  INFO        P1 Epoch  5 | TrainLoss 0.2468 | ValLoss 0.2470 | ValAcc H1=0.538 H5=0.769 H20=1.000
2026-04-13 17:48:08,404  INFO        P1 Epoch  6 | TrainLoss 0.2471 | ValLoss 0.2471 | ValAcc H1=0.538 H5=0.769 H20=1.000
2026-04-13 17:48:08,833  INFO        P1 Epoch  7 | TrainLoss 0.2465 | ValLoss 0.2471 | ValAcc H1=0.538 H5=0.769 H20=1.000
2026-04-13 17:48:09,224  INFO        P1 Epoch  8 | TrainLoss 0.2486 | ValLoss 0.2471 | ValAcc H1=0.538 H5=0.769 H20=1.000
2026-04-13 17:48:09,613  INFO        P1 Epoch  9 | TrainLoss 0.2463 | ValLoss 0.2471 | ValAcc H1=0.538 H5=0.769 H20=1.000
2026-04-13 17:48:10,030  INFO        P1 Epoch 10 | TrainLoss 0.2467 | ValLoss 0.2471 | ValAcc H1=0.538 H5=0.769 H20=1.000
2026-04-13 17:48:10,396  INFO        P1 Epoch 11 | TrainLoss 0.2462 | ValLoss 0.2471 | ValAcc H1=0.538 H5=0.769 H20=1.000
2026-04-13 17:48:10,397  INFO        Phase 1 early stopping at epoch 11
2026-04-13 17:48:10,412  INFO        Phase 1 complete. Best val_loss: 0.2469  H1=0.538 H5=0.769 H20=1.000
2026-04-13 17:48:10,417  INFO      Phase 1 checkpoint saved: models/fine_tuned/checkpoint_NYSE_AMZN_1W_phase1_20260413.pt
2026-04-13 17:48:10,418  INFO      Loading base checkpoint: models/base/checkpoint_base_v1.pt
2026-04-13 17:48:10,429  INFO        Base val_loss: 0.2463  (fold 3, epoch 22)
2026-04-13 17:48:10,442  INFO      Base model H1 accuracy on instrument val set: 0.538
2026-04-13 17:48:10,442  INFO      Fine-tuned  H1 accuracy (Phase 1)           : 0.538
2026-04-13 17:48:10,442  INFO      --------------------------------------------------
2026-04-13 17:48:10,442  INFO      Phase 2 — Verification gate
2026-04-13 17:48:10,443  INFO        Fine-tuned accuracy — H1=0.538  H5=0.769  H20=1.000  Mean=0.769
2026-04-13 17:48:10,443  INFO        Minimum required (mean across horizons) : 0.510
2026-04-13 17:48:10,443  INFO        ✓ Phase 2 PASSED (H1=0.538  H5=0.769  H20=1.000) — proceeding to Phase 3
2026-04-13 17:48:10,443  INFO      --------------------------------------------------
2026-04-13 17:48:10,443  INFO      Phase 3 — Selective encoder unfreeze
2026-04-13 17:48:10,444  INFO        Encoder layers 1 & 2 unfrozen (layer 0 frozen)
2026-04-13 17:48:10,444  INFO        Encoder LR: 1e-05  Head LR: 3e-05
2026-04-13 17:48:10,444  INFO        Dropout: encoder=0.40  head=0.45
2026-04-13 17:48:11,653  INFO        P3 Epoch  1 | TrainLoss 0.2470 | ValLoss 0.2470 | Gap -0.0001 | ValAcc H1=0.538 H5=0.769 H20=1.000
2026-04-13 17:48:12,914  INFO        P3 Epoch  2 | TrainLoss 0.2473 | ValLoss 0.2471 | Gap 0.0002 | ValAcc H1=0.538 H5=0.769 H20=1.000
2026-04-13 17:48:14,138  INFO        P3 Epoch  3 | TrainLoss 0.2477 | ValLoss 0.2471 | Gap 0.0005 | ValAcc H1=0.538 H5=0.769 H20=1.000
2026-04-13 17:48:15,358  INFO        P3 Epoch  4 | TrainLoss 0.2477 | ValLoss 0.2472 | Gap 0.0005 | ValAcc H1=0.538 H5=0.769 H20=1.000
2026-04-13 17:48:16,574  INFO        P3 Epoch  5 | TrainLoss 0.2474 | ValLoss 0.2472 | Gap 0.0002 | ValAcc H1=0.538 H5=0.769 H20=1.000
2026-04-13 17:48:17,960  INFO        P3 Epoch  6 | TrainLoss 0.2475 | ValLoss 0.2472 | Gap 0.0003 | ValAcc H1=0.538 H5=0.769 H20=1.000
2026-04-13 17:48:19,177  INFO        P3 Epoch  7 | TrainLoss 0.2461 | ValLoss 0.2472 | Gap -0.0012 | ValAcc H1=0.538 H5=0.769 H20=1.000
2026-04-13 17:48:20,406  INFO        P3 Epoch  8 | TrainLoss 0.2454 | ValLoss 0.2472 | Gap -0.0018 | ValAcc H1=0.538 H5=0.769 H20=1.000
2026-04-13 17:48:21,593  INFO        P3 Epoch  9 | TrainLoss 0.2468 | ValLoss 0.2472 | Gap -0.0004 | ValAcc H1=0.538 H5=0.769 H20=1.000
2026-04-13 17:48:21,593  INFO        Phase 3 early stopping at epoch 9
2026-04-13 17:48:21,595  INFO        Phase 3 complete. Best val_loss: 0.2470
2026-04-13 17:48:21,615  INFO      Phase 3 checkpoint saved: models/fine_tuned/checkpoint_NYSE_AMZN_1W_phase3_20260413.pt
2026-04-13 17:48:21,615  INFO      ============================================================
2026-04-13 17:48:21,615  INFO      Fine-Tuning Summary
2026-04-13 17:48:21,615  INFO        Instrument     : NYSE_AMZN 1W
2026-04-13 17:48:21,615  INFO        Final phase    : 3
2026-04-13 17:48:21,615  INFO        Final checkpoint: models/fine_tuned/checkpoint_NYSE_AMZN_1W_phase3_20260413.pt
2026-04-13 17:48:21,627  INFO        Base model — H1=0.538  H5=0.769  H20=1.000  Mean=0.769
2026-04-13 17:48:21,627  INFO        Fine-tuned — H1=0.538  H5=0.769  H20=1.000  Mean=0.769  (Phase 3)
2026-04-13 17:48:21,627  INFO        Delta mean accuracy : +0.000  = Fine-tuning matched base model.
2026-04-13 17:48:21,627  INFO        Per-horizon delta   :  H1=+0.000  H5=+0.000  H20=+0.000
2026-04-13 17:48:21,630  INFO        Metrics saved  : logs/finetune/NYSE_AMZN_1W_20260413_metrics.csv
2026-04-13 17:48:21,630  INFO      Stage 6 complete.
