2026-04-04 23:47:32,023  INFO      ============================================================
2026-04-04 23:47:32,023  INFO      Stage 6 Fine-Tuning — Start
2026-04-04 23:47:32,023  INFO      Instrument  : NYSE_META
2026-04-04 23:47:32,023  INFO      Resolution  : 1W
2026-04-04 23:47:32,023  INFO      Device      : cpu
2026-04-04 23:47:32,023  INFO      Base checkpoint: models/base/checkpoint_base_v1.pt
2026-04-04 23:47:32,024  INFO      Loading: NYSE_META_1W_20150101_20260326.npy
2026-04-04 23:47:32,358  INFO        Shape: (407, 60, 42)  (407 windows)
2026-04-04 23:47:32,362  INFO        Date range: 2018-06-07 → 2026-03-19  (7.8 years)
2026-04-04 23:47:32,362  INFO        Train windows: 394  Val windows: 13
2026-04-04 23:47:32,362  INFO      Years of data: 7.8
2026-04-04 23:47:32,369  INFO      Loading base checkpoint: models/base/checkpoint_base_v1.pt
2026-04-04 23:47:32,388  INFO        Base val_loss: 0.2466  (fold 2, epoch 28)
2026-04-04 23:47:32,388  INFO      --------------------------------------------------
2026-04-04 23:47:32,388  INFO      Phase 1 — Head-only adaptation (encoder frozen)
2026-04-04 23:47:33,713  INFO        P1 Epoch  1 | TrainLoss 0.2465 | ValLoss 0.2581 | ValAcc H1=0.308 H5=0.615 H20=1.000
2026-04-04 23:47:33,994  INFO        P1 Epoch  2 | TrainLoss 0.2465 | ValLoss 0.2584 | ValAcc H1=0.308 H5=0.615 H20=1.000
2026-04-04 23:47:34,272  INFO        P1 Epoch  3 | TrainLoss 0.2468 | ValLoss 0.2587 | ValAcc H1=0.308 H5=0.615 H20=1.000
2026-04-04 23:47:34,540  INFO        P1 Epoch  4 | TrainLoss 0.2479 | ValLoss 0.2589 | ValAcc H1=0.308 H5=0.615 H20=1.000
2026-04-04 23:47:34,835  INFO        P1 Epoch  5 | TrainLoss 0.2452 | ValLoss 0.2591 | ValAcc H1=0.308 H5=0.615 H20=1.000
2026-04-04 23:47:35,177  INFO        P1 Epoch  6 | TrainLoss 0.2461 | ValLoss 0.2594 | ValAcc H1=0.308 H5=0.615 H20=1.000
2026-04-04 23:47:35,456  INFO        P1 Epoch  7 | TrainLoss 0.2455 | ValLoss 0.2597 | ValAcc H1=0.308 H5=0.615 H20=1.000
2026-04-04 23:47:35,745  INFO        P1 Epoch  8 | TrainLoss 0.2450 | ValLoss 0.2599 | ValAcc H1=0.308 H5=0.615 H20=1.000
2026-04-04 23:47:36,025  INFO        P1 Epoch  9 | TrainLoss 0.2484 | ValLoss 0.2602 | ValAcc H1=0.308 H5=0.615 H20=1.000
2026-04-04 23:47:36,300  INFO        P1 Epoch 10 | TrainLoss 0.2446 | ValLoss 0.2602 | ValAcc H1=0.308 H5=0.615 H20=1.000
2026-04-04 23:47:36,597  INFO        P1 Epoch 11 | TrainLoss 0.2459 | ValLoss 0.2603 | ValAcc H1=0.308 H5=0.615 H20=1.000
2026-04-04 23:47:36,597  INFO        Phase 1 early stopping at epoch 11
2026-04-04 23:47:36,607  INFO        Phase 1 complete. Best val_loss: 0.2581  H1=0.308 H5=0.615 H20=1.000
2026-04-04 23:47:36,612  INFO      Phase 1 checkpoint saved: models/fine_tuned/checkpoint_NYSE_META_1W_phase1_20260404.pt
2026-04-04 23:47:36,612  INFO      Loading base checkpoint: models/base/checkpoint_base_v1.pt
2026-04-04 23:47:36,622  INFO        Base val_loss: 0.2466  (fold 2, epoch 28)
2026-04-04 23:47:36,631  INFO      Base model H1 accuracy on instrument val set: 0.308
2026-04-04 23:47:36,631  INFO      Fine-tuned  H1 accuracy (Phase 1)           : 0.308
2026-04-04 23:47:36,631  INFO      --------------------------------------------------
2026-04-04 23:47:36,631  INFO      Phase 2 — Verification gate
2026-04-04 23:47:36,632  INFO        Fine-tuned accuracy — H1=0.308  H5=0.615  H20=1.000  Mean=0.641
2026-04-04 23:47:36,632  INFO        Minimum required (mean across horizons) : 0.510
2026-04-04 23:47:36,632  INFO        ✓ Phase 2 PASSED (H1=0.308  H5=0.615  H20=1.000) — proceeding to Phase 3
2026-04-04 23:47:36,632  INFO      --------------------------------------------------
2026-04-04 23:47:36,632  INFO      Phase 3 — Selective encoder unfreeze
2026-04-04 23:47:36,633  INFO        Encoder layers 1 & 2 unfrozen (layer 0 frozen)
2026-04-04 23:47:36,633  INFO        Encoder LR: 1e-05  Head LR: 3e-05
2026-04-04 23:47:36,633  INFO        Dropout: encoder=0.40  head=0.45
2026-04-04 23:47:37,850  INFO        P3 Epoch  1 | TrainLoss 0.2494 | ValLoss 0.2585 | Gap -0.0092 | ValAcc H1=0.308 H5=0.615 H20=1.000
2026-04-04 23:47:39,330  INFO        P3 Epoch  2 | TrainLoss 0.2477 | ValLoss 0.2589 | Gap -0.0113 | ValAcc H1=0.308 H5=0.615 H20=1.000
2026-04-04 23:47:40,417  INFO        P3 Epoch  3 | TrainLoss 0.2466 | ValLoss 0.2590 | Gap -0.0124 | ValAcc H1=0.308 H5=0.615 H20=1.000
2026-04-04 23:47:41,541  INFO        P3 Epoch  4 | TrainLoss 0.2452 | ValLoss 0.2591 | Gap -0.0139 | ValAcc H1=0.308 H5=0.615 H20=1.000
2026-04-04 23:47:42,583  INFO        P3 Epoch  5 | TrainLoss 0.2447 | ValLoss 0.2592 | Gap -0.0145 | ValAcc H1=0.308 H5=0.615 H20=1.000
2026-04-04 23:47:43,704  INFO        P3 Epoch  6 | TrainLoss 0.2481 | ValLoss 0.2594 | Gap -0.0114 | ValAcc H1=0.308 H5=0.615 H20=1.000
2026-04-04 23:47:44,838  INFO        P3 Epoch  7 | TrainLoss 0.2462 | ValLoss 0.2596 | Gap -0.0134 | ValAcc H1=0.308 H5=0.615 H20=1.000
2026-04-04 23:47:45,981  INFO        P3 Epoch  8 | TrainLoss 0.2467 | ValLoss 0.2598 | Gap -0.0131 | ValAcc H1=0.308 H5=0.615 H20=1.000
2026-04-04 23:47:47,068  INFO        P3 Epoch  9 | TrainLoss 0.2467 | ValLoss 0.2599 | Gap -0.0132 | ValAcc H1=0.308 H5=0.615 H20=1.000
2026-04-04 23:47:47,069  INFO        Phase 3 early stopping at epoch 9
2026-04-04 23:47:47,070  INFO        Phase 3 complete. Best val_loss: 0.2585
2026-04-04 23:47:47,086  INFO      Phase 3 checkpoint saved: models/fine_tuned/checkpoint_NYSE_META_1W_phase3_20260404.pt
2026-04-04 23:47:47,086  INFO      ============================================================
2026-04-04 23:47:47,086  INFO      Fine-Tuning Summary
2026-04-04 23:47:47,087  INFO        Instrument     : NYSE_META 1W
2026-04-04 23:47:47,087  INFO        Final phase    : 3
2026-04-04 23:47:47,087  INFO        Final checkpoint: models/fine_tuned/checkpoint_NYSE_META_1W_phase3_20260404.pt
2026-04-04 23:47:47,096  INFO        Base model — H1=0.308  H5=0.615  H20=1.000  Mean=0.641
2026-04-04 23:47:47,096  INFO        Fine-tuned — H1=0.308  H5=0.615  H20=1.000  Mean=0.641  (Phase 3)
2026-04-04 23:47:47,097  INFO        Delta mean accuracy : +0.000  = Fine-tuning matched base model.
2026-04-04 23:47:47,097  INFO        Per-horizon delta   :  H1=+0.000  H5=+0.000  H20=+0.000
2026-04-04 23:47:47,099  INFO        Metrics saved  : logs/finetune/NYSE_META_1W_20260404_metrics.csv
2026-04-04 23:47:47,099  INFO      Stage 6 complete.
