2026-04-13 18:14:30,356  INFO      ============================================================
2026-04-13 18:14:30,357  INFO      Stage 6 Fine-Tuning — Start
2026-04-13 18:14:30,357  INFO      Instrument  : NYSE_MSFT
2026-04-13 18:14:30,357  INFO      Resolution  : 1W
2026-04-13 18:14:30,357  INFO      Device      : cpu
2026-04-13 18:14:30,357  INFO      Base checkpoint: models/base/checkpoint_base_v1.pt
2026-04-13 18:14:30,359  INFO      Loading: NYSE_MSFT_1W_20150101_20260412.npy
2026-04-13 18:14:30,559  INFO        Shape: (410, 60, 47)  (410 windows)
2026-04-13 18:14:30,562  INFO        Date range: 2018-06-07 → 2026-04-09  (7.8 years)
2026-04-13 18:14:30,562  INFO        Train windows: 397  Val windows: 13
2026-04-13 18:14:30,562  INFO      Years of data: 7.8
2026-04-13 18:14:30,615  INFO      Loading base checkpoint: models/base/checkpoint_base_v1.pt
2026-04-13 18:14:30,631  INFO        Base val_loss: 0.2463  (fold 3, epoch 22)
2026-04-13 18:14:30,631  INFO      --------------------------------------------------
2026-04-13 18:14:30,631  INFO      Phase 1 — Head-only adaptation (encoder frozen)
2026-04-13 18:14:32,238  INFO        P1 Epoch  1 | TrainLoss 0.2466 | ValLoss 0.2564 | ValAcc H1=0.462 H5=0.692 H20=1.000
2026-04-13 18:14:32,582  INFO        P1 Epoch  2 | TrainLoss 0.2467 | ValLoss 0.2565 | ValAcc H1=0.462 H5=0.692 H20=1.000
2026-04-13 18:14:32,938  INFO        P1 Epoch  3 | TrainLoss 0.2467 | ValLoss 0.2566 | ValAcc H1=0.462 H5=0.692 H20=1.000
2026-04-13 18:14:33,286  INFO        P1 Epoch  4 | TrainLoss 0.2475 | ValLoss 0.2567 | ValAcc H1=0.462 H5=0.692 H20=1.000
2026-04-13 18:14:33,646  INFO        P1 Epoch  5 | TrainLoss 0.2467 | ValLoss 0.2568 | ValAcc H1=0.462 H5=0.692 H20=1.000
2026-04-13 18:14:33,998  INFO        P1 Epoch  6 | TrainLoss 0.2474 | ValLoss 0.2569 | ValAcc H1=0.462 H5=0.692 H20=1.000
2026-04-13 18:14:34,386  INFO        P1 Epoch  7 | TrainLoss 0.2468 | ValLoss 0.2570 | ValAcc H1=0.462 H5=0.692 H20=1.000
2026-04-13 18:14:34,778  INFO        P1 Epoch  8 | TrainLoss 0.2459 | ValLoss 0.2571 | ValAcc H1=0.462 H5=0.692 H20=1.000
2026-04-13 18:14:35,133  INFO        P1 Epoch  9 | TrainLoss 0.2454 | ValLoss 0.2572 | ValAcc H1=0.462 H5=0.692 H20=1.000
2026-04-13 18:14:35,482  INFO        P1 Epoch 10 | TrainLoss 0.2466 | ValLoss 0.2573 | ValAcc H1=0.462 H5=0.692 H20=1.000
2026-04-13 18:14:35,860  INFO        P1 Epoch 11 | TrainLoss 0.2452 | ValLoss 0.2574 | ValAcc H1=0.462 H5=0.692 H20=1.000
2026-04-13 18:14:35,860  INFO        Phase 1 early stopping at epoch 11
2026-04-13 18:14:35,872  INFO        Phase 1 complete. Best val_loss: 0.2564  H1=0.462 H5=0.692 H20=1.000
2026-04-13 18:14:35,876  INFO      Phase 1 checkpoint saved: models/fine_tuned/checkpoint_NYSE_MSFT_1W_phase1_20260413.pt
2026-04-13 18:14:35,877  INFO      Loading base checkpoint: models/base/checkpoint_base_v1.pt
2026-04-13 18:14:35,889  INFO        Base val_loss: 0.2463  (fold 3, epoch 22)
2026-04-13 18:14:35,907  INFO      Base model H1 accuracy on instrument val set: 0.462
2026-04-13 18:14:35,907  INFO      Fine-tuned  H1 accuracy (Phase 1)           : 0.462
2026-04-13 18:14:35,907  INFO      --------------------------------------------------
2026-04-13 18:14:35,907  INFO      Phase 2 — Verification gate
2026-04-13 18:14:35,908  INFO        Fine-tuned accuracy — H1=0.462  H5=0.692  H20=1.000  Mean=0.718
2026-04-13 18:14:35,908  INFO        Minimum required (mean across horizons) : 0.510
2026-04-13 18:14:35,908  INFO        ✓ Phase 2 PASSED (H1=0.462  H5=0.692  H20=1.000) — proceeding to Phase 3
2026-04-13 18:14:35,909  INFO      --------------------------------------------------
2026-04-13 18:14:35,909  INFO      Phase 3 — Selective encoder unfreeze
2026-04-13 18:14:35,910  INFO        Encoder layers 1 & 2 unfrozen (layer 0 frozen)
2026-04-13 18:14:35,910  INFO        Encoder LR: 1e-05  Head LR: 3e-05
2026-04-13 18:14:35,911  INFO        Dropout: encoder=0.40  head=0.45
2026-04-13 18:14:37,548  INFO        P3 Epoch  1 | TrainLoss 0.2465 | ValLoss 0.2565 | Gap -0.0101 | ValAcc H1=0.462 H5=0.692 H20=1.000
2026-04-13 18:14:39,324  INFO        P3 Epoch  2 | TrainLoss 0.2467 | ValLoss 0.2567 | Gap -0.0100 | ValAcc H1=0.462 H5=0.692 H20=1.000
2026-04-13 18:14:40,550  INFO        P3 Epoch  3 | TrainLoss 0.2460 | ValLoss 0.2568 | Gap -0.0108 | ValAcc H1=0.462 H5=0.692 H20=1.000
2026-04-13 18:14:42,247  INFO        P3 Epoch  4 | TrainLoss 0.2453 | ValLoss 0.2569 | Gap -0.0116 | ValAcc H1=0.462 H5=0.692 H20=1.000
2026-04-13 18:14:43,889  INFO        P3 Epoch  5 | TrainLoss 0.2462 | ValLoss 0.2570 | Gap -0.0108 | ValAcc H1=0.462 H5=0.692 H20=1.000
2026-04-13 18:14:45,043  INFO        P3 Epoch  6 | TrainLoss 0.2469 | ValLoss 0.2572 | Gap -0.0102 | ValAcc H1=0.462 H5=0.692 H20=1.000
2026-04-13 18:14:46,185  INFO        P3 Epoch  7 | TrainLoss 0.2461 | ValLoss 0.2572 | Gap -0.0112 | ValAcc H1=0.462 H5=0.692 H20=1.000
2026-04-13 18:14:47,619  INFO        P3 Epoch  8 | TrainLoss 0.2464 | ValLoss 0.2573 | Gap -0.0110 | ValAcc H1=0.462 H5=0.692 H20=1.000
2026-04-13 18:14:49,438  INFO        P3 Epoch  9 | TrainLoss 0.2463 | ValLoss 0.2575 | Gap -0.0112 | ValAcc H1=0.462 H5=0.692 H20=1.000
2026-04-13 18:14:49,438  INFO        Phase 3 early stopping at epoch 9
2026-04-13 18:14:49,439  INFO        Phase 3 complete. Best val_loss: 0.2565
2026-04-13 18:14:49,454  INFO      Phase 3 checkpoint saved: models/fine_tuned/checkpoint_NYSE_MSFT_1W_phase3_20260413.pt
2026-04-13 18:14:49,455  INFO      ============================================================
2026-04-13 18:14:49,455  INFO      Fine-Tuning Summary
2026-04-13 18:14:49,455  INFO        Instrument     : NYSE_MSFT 1W
2026-04-13 18:14:49,455  INFO        Final phase    : 3
2026-04-13 18:14:49,455  INFO        Final checkpoint: models/fine_tuned/checkpoint_NYSE_MSFT_1W_phase3_20260413.pt
2026-04-13 18:14:49,467  INFO        Base model — H1=0.462  H5=0.692  H20=1.000  Mean=0.718
2026-04-13 18:14:49,467  INFO        Fine-tuned — H1=0.462  H5=0.692  H20=1.000  Mean=0.718  (Phase 3)
2026-04-13 18:14:49,467  INFO        Delta mean accuracy : +0.000  = Fine-tuning matched base model.
2026-04-13 18:14:49,467  INFO        Per-horizon delta   :  H1=+0.000  H5=+0.000  H20=+0.000
2026-04-13 18:14:49,469  INFO        Metrics saved  : logs/finetune/NYSE_MSFT_1W_20260413_metrics.csv
2026-04-13 18:14:49,469  INFO      Stage 6 complete.
