2026-04-13 17:58:01,184  INFO      ============================================================
2026-04-13 17:58:01,185  INFO      Stage 6 Fine-Tuning — Start
2026-04-13 17:58:01,185  INFO      Instrument  : NYSE_GOOGL
2026-04-13 17:58:01,185  INFO      Resolution  : 1H
2026-04-13 17:58:01,185  INFO      Device      : cpu
2026-04-13 17:58:01,185  INFO      Base checkpoint: models/base/checkpoint_base_v1.pt
2026-04-13 17:58:01,187  INFO      Loading: NYSE_GOOGL_1H_20240422_20260412.npy
2026-04-13 17:58:03,332  INFO        Shape: (3255, 60, 53)  (3255 windows)
2026-04-13 17:58:03,365  INFO        Date range: 2024-05-28 → 2026-04-10  (1.9 years)
2026-04-13 17:58:03,366  INFO        Train windows: 2821  Val windows: 434
2026-04-13 17:58:03,366  INFO      Years of data: 1.9
2026-04-13 17:58:03,392  INFO      Loading base checkpoint: models/base/checkpoint_base_v1.pt
2026-04-13 17:58:03,416  INFO        Base val_loss: 0.2463  (fold 3, epoch 22)
2026-04-13 17:58:03,417  INFO      --------------------------------------------------
2026-04-13 17:58:03,417  INFO      Phase 1 — Head-only adaptation (encoder frozen)
2026-04-13 17:58:08,191  INFO        P1 Epoch  1 | TrainLoss 0.2460 | ValLoss 0.2452 | ValAcc H1=0.560 H5=0.549 H20=0.497
2026-04-13 17:58:11,788  INFO        P1 Epoch  2 | TrainLoss 0.2449 | ValLoss 0.2451 | ValAcc H1=0.556 H5=0.544 H20=0.509
2026-04-13 17:58:15,521  INFO        P1 Epoch  3 | TrainLoss 0.2451 | ValLoss 0.2450 | ValAcc H1=0.558 H5=0.551 H20=0.513
2026-04-13 17:58:18,705  INFO        P1 Epoch  4 | TrainLoss 0.2448 | ValLoss 0.2450 | ValAcc H1=0.560 H5=0.543 H20=0.512
2026-04-13 17:58:22,586  INFO        P1 Epoch  5 | TrainLoss 0.2452 | ValLoss 0.2450 | ValAcc H1=0.560 H5=0.546 H20=0.510
2026-04-13 17:58:26,370  INFO        P1 Epoch  6 | TrainLoss 0.2448 | ValLoss 0.2449 | ValAcc H1=0.563 H5=0.550 H20=0.515
2026-04-13 17:58:29,522  INFO        P1 Epoch  7 | TrainLoss 0.2447 | ValLoss 0.2449 | ValAcc H1=0.559 H5=0.550 H20=0.513
2026-04-13 17:58:33,276  INFO        P1 Epoch  8 | TrainLoss 0.2446 | ValLoss 0.2449 | ValAcc H1=0.556 H5=0.554 H20=0.515
2026-04-13 17:58:37,061  INFO        P1 Epoch  9 | TrainLoss 0.2448 | ValLoss 0.2449 | ValAcc H1=0.556 H5=0.554 H20=0.505
2026-04-13 17:58:40,183  INFO        P1 Epoch 10 | TrainLoss 0.2449 | ValLoss 0.2449 | ValAcc H1=0.556 H5=0.554 H20=0.505
2026-04-13 17:58:43,912  INFO        P1 Epoch 11 | TrainLoss 0.2450 | ValLoss 0.2449 | ValAcc H1=0.556 H5=0.554 H20=0.515
2026-04-13 17:58:47,585  INFO        P1 Epoch 12 | TrainLoss 0.2445 | ValLoss 0.2449 | ValAcc H1=0.556 H5=0.550 H20=0.518
2026-04-13 17:58:50,719  INFO        P1 Epoch 13 | TrainLoss 0.2446 | ValLoss 0.2449 | ValAcc H1=0.556 H5=0.554 H20=0.515
2026-04-13 17:58:54,532  INFO        P1 Epoch 14 | TrainLoss 0.2443 | ValLoss 0.2449 | ValAcc H1=0.556 H5=0.554 H20=0.513
2026-04-13 17:58:58,183  INFO        P1 Epoch 15 | TrainLoss 0.2446 | ValLoss 0.2449 | ValAcc H1=0.561 H5=0.554 H20=0.513
2026-04-13 17:59:01,637  INFO        P1 Epoch 16 | TrainLoss 0.2450 | ValLoss 0.2449 | ValAcc H1=0.561 H5=0.554 H20=0.513
2026-04-13 17:59:04,892  INFO        P1 Epoch 17 | TrainLoss 0.2445 | ValLoss 0.2449 | ValAcc H1=0.561 H5=0.554 H20=0.513
2026-04-13 17:59:08,495  INFO        P1 Epoch 18 | TrainLoss 0.2447 | ValLoss 0.2449 | ValAcc H1=0.561 H5=0.554 H20=0.513
2026-04-13 17:59:08,496  INFO        Phase 1 early stopping at epoch 18
2026-04-13 17:59:08,910  INFO        Phase 1 complete. Best val_loss: 0.2449  H1=0.556 H5=0.554 H20=0.515
2026-04-13 17:59:08,916  INFO      Phase 1 checkpoint saved: models/fine_tuned/checkpoint_NYSE_GOOGL_1H_phase1_20260413.pt
2026-04-13 17:59:08,916  INFO      Loading base checkpoint: models/base/checkpoint_base_v1.pt
2026-04-13 17:59:08,928  INFO        Base val_loss: 0.2463  (fold 3, epoch 22)
2026-04-13 17:59:09,333  INFO      Base model H1 accuracy on instrument val set: 0.568
2026-04-13 17:59:09,333  INFO      Fine-tuned  H1 accuracy (Phase 1)           : 0.556
2026-04-13 17:59:09,333  INFO      --------------------------------------------------
2026-04-13 17:59:09,333  INFO      Phase 2 — Verification gate
2026-04-13 17:59:09,334  INFO        Fine-tuned accuracy — H1=0.556  H5=0.554  H20=0.515  Mean=0.542
2026-04-13 17:59:09,334  INFO        Minimum required (mean across horizons) : 0.510
2026-04-13 17:59:09,334  INFO        ✓ Phase 2 PASSED (H1=0.556  H5=0.554  H20=0.515) — proceeding to Phase 3
2026-04-13 17:59:09,334  INFO      --------------------------------------------------
2026-04-13 17:59:09,334  INFO      Phase 3 — Selective encoder unfreeze
2026-04-13 17:59:09,334  WARNING     ✗ Skipping Phase 3 — only 1.9 years of data (need 2.0)
2026-04-13 17:59:09,334  WARNING     Using Phase 1 checkpoint as final output.
2026-04-13 17:59:09,335  INFO      Reverted to Phase 1 checkpoint.
2026-04-13 17:59:09,784  INFO      Phase 1 H1 accuracy (recheck): 0.556
2026-04-13 17:59:09,784  INFO      ============================================================
2026-04-13 17:59:09,784  INFO      Fine-Tuning Summary
2026-04-13 17:59:09,784  INFO        Instrument     : NYSE_GOOGL 1H
2026-04-13 17:59:09,784  INFO        Final phase    : 1
2026-04-13 17:59:09,784  INFO        Final checkpoint: models/fine_tuned/checkpoint_NYSE_GOOGL_1H_phase1_20260413.pt
2026-04-13 17:59:10,220  INFO        Base model — H1=0.568  H5=0.549  H20=0.496  Mean=0.538
2026-04-13 17:59:10,220  INFO        Fine-tuned — H1=0.556  H5=0.554  H20=0.515  Mean=0.542  (Phase 1)
2026-04-13 17:59:10,220  INFO        Delta mean accuracy : +0.004  ✓ Fine-tuning improved accuracy.
2026-04-13 17:59:10,221  INFO        Per-horizon delta   :  H1=-0.011  H5=+0.005  H20=+0.019
2026-04-13 17:59:10,224  INFO        Metrics saved  : logs/finetune/NYSE_GOOGL_1H_20260413_metrics.csv
2026-04-13 17:59:10,224  INFO      Stage 6 complete.
