2026-04-04 23:54:35,800  INFO      ============================================================
2026-04-04 23:54:35,800  INFO      Stage 6 Fine-Tuning — Start
2026-04-04 23:54:35,801  INFO      Instrument  : NYSE_PG
2026-04-04 23:54:35,801  INFO      Resolution  : 4H
2026-04-04 23:54:35,801  INFO      Device      : cpu
2026-04-04 23:54:35,801  INFO      Base checkpoint: models/base/checkpoint_base_v1.pt
2026-04-04 23:54:35,802  INFO      Loading: NYSE_PG_4H_20240405_20260326.npy
2026-04-04 23:54:36,429  INFO        Shape: (972, 60, 48)  (972 windows)
2026-04-04 23:54:36,438  INFO        Date range: 2024-08-14 → 2026-03-25  (1.6 years)
2026-04-04 23:54:36,439  INFO        Train windows: 802  Val windows: 170
2026-04-04 23:54:36,439  INFO      Years of data: 1.6
2026-04-04 23:54:36,445  INFO      Loading base checkpoint: models/base/checkpoint_base_v1.pt
2026-04-04 23:54:36,459  INFO        Base val_loss: 0.2466  (fold 2, epoch 28)
2026-04-04 23:54:36,459  INFO      --------------------------------------------------
2026-04-04 23:54:36,459  INFO      Phase 1 — Head-only adaptation (encoder frozen)
2026-04-04 23:54:38,300  INFO        P1 Epoch  1 | TrainLoss 0.2454 | ValLoss 0.2473 | ValAcc H1=0.550 H5=0.592 H20=0.644
2026-04-04 23:54:38,950  INFO        P1 Epoch  2 | TrainLoss 0.2456 | ValLoss 0.2474 | ValAcc H1=0.550 H5=0.592 H20=0.634
2026-04-04 23:54:39,617  INFO        P1 Epoch  3 | TrainLoss 0.2455 | ValLoss 0.2474 | ValAcc H1=0.550 H5=0.592 H20=0.634
2026-04-04 23:54:40,331  INFO        P1 Epoch  4 | TrainLoss 0.2453 | ValLoss 0.2474 | ValAcc H1=0.550 H5=0.592 H20=0.647
2026-04-04 23:54:41,067  INFO        P1 Epoch  5 | TrainLoss 0.2454 | ValLoss 0.2474 | ValAcc H1=0.545 H5=0.592 H20=0.631
2026-04-04 23:54:41,777  INFO        P1 Epoch  6 | TrainLoss 0.2456 | ValLoss 0.2474 | ValAcc H1=0.550 H5=0.592 H20=0.626
2026-04-04 23:54:42,452  INFO        P1 Epoch  7 | TrainLoss 0.2457 | ValLoss 0.2474 | ValAcc H1=0.550 H5=0.592 H20=0.616
2026-04-04 23:54:43,103  INFO        P1 Epoch  8 | TrainLoss 0.2453 | ValLoss 0.2474 | ValAcc H1=0.550 H5=0.592 H20=0.616
2026-04-04 23:54:43,754  INFO        P1 Epoch  9 | TrainLoss 0.2454 | ValLoss 0.2474 | ValAcc H1=0.545 H5=0.592 H20=0.616
2026-04-04 23:54:44,433  INFO        P1 Epoch 10 | TrainLoss 0.2456 | ValLoss 0.2474 | ValAcc H1=0.545 H5=0.592 H20=0.616
2026-04-04 23:54:45,079  INFO        P1 Epoch 11 | TrainLoss 0.2452 | ValLoss 0.2474 | ValAcc H1=0.545 H5=0.592 H20=0.616
2026-04-04 23:54:45,079  INFO        Phase 1 early stopping at epoch 11
2026-04-04 23:54:45,189  INFO        Phase 1 complete. Best val_loss: 0.2473  H1=0.550 H5=0.592 H20=0.644
2026-04-04 23:54:45,193  INFO      Phase 1 checkpoint saved: models/fine_tuned/checkpoint_NYSE_PG_4H_phase1_20260404.pt
2026-04-04 23:54:45,194  INFO      Loading base checkpoint: models/base/checkpoint_base_v1.pt
2026-04-04 23:54:45,203  INFO        Base val_loss: 0.2466  (fold 2, epoch 28)
2026-04-04 23:54:45,307  INFO      Base model H1 accuracy on instrument val set: 0.550
2026-04-04 23:54:45,308  INFO      Fine-tuned  H1 accuracy (Phase 1)           : 0.550
2026-04-04 23:54:45,308  INFO      --------------------------------------------------
2026-04-04 23:54:45,308  INFO      Phase 2 — Verification gate
2026-04-04 23:54:45,308  INFO        Fine-tuned accuracy — H1=0.550  H5=0.592  H20=0.644  Mean=0.595
2026-04-04 23:54:45,308  INFO        Minimum required (mean across horizons) : 0.510
2026-04-04 23:54:45,308  INFO        ✓ Phase 2 PASSED (H1=0.550  H5=0.592  H20=0.644) — proceeding to Phase 3
2026-04-04 23:54:45,308  INFO      --------------------------------------------------
2026-04-04 23:54:45,308  INFO      Phase 3 — Selective encoder unfreeze
2026-04-04 23:54:45,308  WARNING     ✗ Skipping Phase 3 — only 1.6 years of data (need 2.0)
2026-04-04 23:54:45,308  WARNING     Using Phase 1 checkpoint as final output.
2026-04-04 23:54:45,310  INFO      Reverted to Phase 1 checkpoint.
2026-04-04 23:54:45,413  INFO      Phase 1 H1 accuracy (recheck): 0.550
2026-04-04 23:54:45,414  INFO      ============================================================
2026-04-04 23:54:45,414  INFO      Fine-Tuning Summary
2026-04-04 23:54:45,414  INFO        Instrument     : NYSE_PG 4H
2026-04-04 23:54:45,414  INFO        Final phase    : 1
2026-04-04 23:54:45,414  INFO        Final checkpoint: models/fine_tuned/checkpoint_NYSE_PG_4H_phase1_20260404.pt
2026-04-04 23:54:45,520  INFO        Base model — H1=0.550  H5=0.592  H20=0.644  Mean=0.595
2026-04-04 23:54:45,520  INFO        Fine-tuned — H1=0.550  H5=0.592  H20=0.644  Mean=0.595  (Phase 1)
2026-04-04 23:54:45,520  INFO        Delta mean accuracy : +0.000  = Fine-tuning matched base model.
2026-04-04 23:54:45,520  INFO        Per-horizon delta   :  H1=+0.000  H5=+0.000  H20=+0.000
2026-04-04 23:54:45,522  INFO        Metrics saved  : logs/finetune/NYSE_PG_4H_20260404_metrics.csv
2026-04-04 23:54:45,523  INFO      Stage 6 complete.
