2026-04-04 23:45:07,810  INFO      ============================================================
2026-04-04 23:45:07,810  INFO      Stage 6 Fine-Tuning — Start
2026-04-04 23:45:07,811  INFO      Instrument  : NYSE_JPM
2026-04-04 23:45:07,811  INFO      Resolution  : 1H
2026-04-04 23:45:07,811  INFO      Device      : cpu
2026-04-04 23:45:07,811  INFO      Base checkpoint: models/base/checkpoint_base_v1.pt
2026-04-04 23:45:07,812  INFO      Loading: NYSE_JPM_1H_20240405_20260326.npy
2026-04-04 23:45:09,848  INFO        Shape: (3255, 60, 48)  (3255 windows)
2026-04-04 23:45:09,892  INFO        Date range: 2024-05-10 → 2026-03-25  (1.9 years)
2026-04-04 23:45:09,892  INFO        Train windows: 2828  Val windows: 427
2026-04-04 23:45:09,892  INFO      Years of data: 1.9
2026-04-04 23:45:09,930  INFO      Loading base checkpoint: models/base/checkpoint_base_v1.pt
2026-04-04 23:45:09,954  INFO        Base val_loss: 0.2466  (fold 2, epoch 28)
2026-04-04 23:45:09,954  INFO      --------------------------------------------------
2026-04-04 23:45:09,954  INFO      Phase 1 — Head-only adaptation (encoder frozen)
2026-04-04 23:45:13,278  INFO        P1 Epoch  1 | TrainLoss 0.2455 | ValLoss 0.2421 | ValAcc H1=0.602 H5=0.607 H20=0.582
2026-04-04 23:45:15,820  INFO        P1 Epoch  2 | TrainLoss 0.2456 | ValLoss 0.2421 | ValAcc H1=0.596 H5=0.609 H20=0.575
2026-04-04 23:45:18,213  INFO        P1 Epoch  3 | TrainLoss 0.2453 | ValLoss 0.2421 | ValAcc H1=0.590 H5=0.609 H20=0.575
2026-04-04 23:45:20,705  INFO        P1 Epoch  4 | TrainLoss 0.2456 | ValLoss 0.2421 | ValAcc H1=0.592 H5=0.609 H20=0.578
2026-04-04 23:45:23,121  INFO        P1 Epoch  5 | TrainLoss 0.2453 | ValLoss 0.2421 | ValAcc H1=0.592 H5=0.609 H20=0.578
2026-04-04 23:45:25,595  INFO        P1 Epoch  6 | TrainLoss 0.2453 | ValLoss 0.2421 | ValAcc H1=0.600 H5=0.609 H20=0.567
2026-04-04 23:45:28,031  INFO        P1 Epoch  7 | TrainLoss 0.2456 | ValLoss 0.2421 | ValAcc H1=0.598 H5=0.609 H20=0.567
2026-04-04 23:45:30,539  INFO        P1 Epoch  8 | TrainLoss 0.2451 | ValLoss 0.2421 | ValAcc H1=0.598 H5=0.611 H20=0.571
2026-04-04 23:45:32,855  INFO        P1 Epoch  9 | TrainLoss 0.2454 | ValLoss 0.2421 | ValAcc H1=0.606 H5=0.609 H20=0.567
2026-04-04 23:45:35,343  INFO        P1 Epoch 10 | TrainLoss 0.2451 | ValLoss 0.2421 | ValAcc H1=0.600 H5=0.609 H20=0.571
2026-04-04 23:45:37,702  INFO        P1 Epoch 11 | TrainLoss 0.2454 | ValLoss 0.2421 | ValAcc H1=0.606 H5=0.609 H20=0.571
2026-04-04 23:45:37,703  INFO        Phase 1 early stopping at epoch 11
2026-04-04 23:45:37,984  INFO        Phase 1 complete. Best val_loss: 0.2421  H1=0.602 H5=0.607 H20=0.582
2026-04-04 23:45:37,989  INFO      Phase 1 checkpoint saved: models/fine_tuned/checkpoint_NYSE_JPM_1H_phase1_20260404.pt
2026-04-04 23:45:37,989  INFO      Loading base checkpoint: models/base/checkpoint_base_v1.pt
2026-04-04 23:45:37,998  INFO        Base val_loss: 0.2466  (fold 2, epoch 28)
2026-04-04 23:45:38,275  INFO      Base model H1 accuracy on instrument val set: 0.611
2026-04-04 23:45:38,276  INFO      Fine-tuned  H1 accuracy (Phase 1)           : 0.602
2026-04-04 23:45:38,276  INFO      --------------------------------------------------
2026-04-04 23:45:38,276  INFO      Phase 2 — Verification gate
2026-04-04 23:45:38,276  INFO        Fine-tuned accuracy — H1=0.602  H5=0.607  H20=0.582  Mean=0.597
2026-04-04 23:45:38,276  INFO        Minimum required (mean across horizons) : 0.510
2026-04-04 23:45:38,276  INFO        ✓ Phase 2 PASSED (H1=0.602  H5=0.607  H20=0.582) — proceeding to Phase 3
2026-04-04 23:45:38,276  INFO      --------------------------------------------------
2026-04-04 23:45:38,276  INFO      Phase 3 — Selective encoder unfreeze
2026-04-04 23:45:38,276  WARNING     ✗ Skipping Phase 3 — only 1.9 years of data (need 2.0)
2026-04-04 23:45:38,276  WARNING     Using Phase 1 checkpoint as final output.
2026-04-04 23:45:38,280  INFO      Reverted to Phase 1 checkpoint.
2026-04-04 23:45:38,628  INFO      Phase 1 H1 accuracy (recheck): 0.602
2026-04-04 23:45:38,628  INFO      ============================================================
2026-04-04 23:45:38,628  INFO      Fine-Tuning Summary
2026-04-04 23:45:38,628  INFO        Instrument     : NYSE_JPM 1H
2026-04-04 23:45:38,629  INFO        Final phase    : 1
2026-04-04 23:45:38,629  INFO        Final checkpoint: models/fine_tuned/checkpoint_NYSE_JPM_1H_phase1_20260404.pt
2026-04-04 23:45:38,922  INFO        Base model — H1=0.611  H5=0.601  H20=0.575  Mean=0.596
2026-04-04 23:45:38,923  INFO        Fine-tuned — H1=0.602  H5=0.607  H20=0.582  Mean=0.597  (Phase 1)
2026-04-04 23:45:38,923  INFO        Delta mean accuracy : +0.001  ✓ Fine-tuning improved accuracy.
2026-04-04 23:45:38,923  INFO        Per-horizon delta   :  H1=-0.009  H5=+0.006  H20=+0.007
2026-04-04 23:45:38,925  INFO        Metrics saved  : logs/finetune/NYSE_JPM_1H_20260404_metrics.csv
2026-04-04 23:45:38,925  INFO      Stage 6 complete.
