2026-04-04 23:51:37,920  INFO      ============================================================
2026-04-04 23:51:37,920  INFO      Stage 6 Fine-Tuning — Start
2026-04-04 23:51:37,920  INFO      Instrument  : NYSE_NVDA
2026-04-04 23:51:37,920  INFO      Resolution  : 1H
2026-04-04 23:51:37,920  INFO      Device      : cpu
2026-04-04 23:51:37,920  INFO      Base checkpoint: models/base/checkpoint_base_v1.pt
2026-04-04 23:51:37,922  INFO      Loading: NYSE_NVDA_1H_20240405_20260326.npy
2026-04-04 23:51:40,093  INFO        Shape: (3255, 60, 48)  (3255 windows)
2026-04-04 23:51:40,124  INFO        Date range: 2024-05-10 → 2026-03-25  (1.9 years)
2026-04-04 23:51:40,124  INFO        Train windows: 2828  Val windows: 427
2026-04-04 23:51:40,124  INFO      Years of data: 1.9
2026-04-04 23:51:40,154  INFO      Loading base checkpoint: models/base/checkpoint_base_v1.pt
2026-04-04 23:51:40,173  INFO        Base val_loss: 0.2466  (fold 2, epoch 28)
2026-04-04 23:51:40,174  INFO      --------------------------------------------------
2026-04-04 23:51:40,174  INFO      Phase 1 — Head-only adaptation (encoder frozen)
2026-04-04 23:51:43,752  INFO        P1 Epoch  1 | TrainLoss 0.2451 | ValLoss 0.2463 | ValAcc H1=0.534 H5=0.554 H20=0.524
2026-04-04 23:51:46,115  INFO        P1 Epoch  2 | TrainLoss 0.2451 | ValLoss 0.2461 | ValAcc H1=0.528 H5=0.563 H20=0.522
2026-04-04 23:51:48,488  INFO        P1 Epoch  3 | TrainLoss 0.2446 | ValLoss 0.2460 | ValAcc H1=0.546 H5=0.556 H20=0.521
2026-04-04 23:51:50,976  INFO        P1 Epoch  4 | TrainLoss 0.2446 | ValLoss 0.2459 | ValAcc H1=0.549 H5=0.563 H20=0.508
2026-04-04 23:51:53,459  INFO        P1 Epoch  5 | TrainLoss 0.2446 | ValLoss 0.2458 | ValAcc H1=0.549 H5=0.554 H20=0.516
2026-04-04 23:51:55,963  INFO        P1 Epoch  6 | TrainLoss 0.2446 | ValLoss 0.2458 | ValAcc H1=0.544 H5=0.556 H20=0.518
2026-04-04 23:51:58,323  INFO        P1 Epoch  7 | TrainLoss 0.2445 | ValLoss 0.2458 | ValAcc H1=0.544 H5=0.556 H20=0.516
2026-04-04 23:52:00,724  INFO        P1 Epoch  8 | TrainLoss 0.2446 | ValLoss 0.2458 | ValAcc H1=0.544 H5=0.555 H20=0.516
2026-04-04 23:52:03,128  INFO        P1 Epoch  9 | TrainLoss 0.2445 | ValLoss 0.2457 | ValAcc H1=0.546 H5=0.544 H20=0.516
2026-04-04 23:52:05,695  INFO        P1 Epoch 10 | TrainLoss 0.2443 | ValLoss 0.2458 | ValAcc H1=0.553 H5=0.559 H20=0.518
2026-04-04 23:52:08,047  INFO        P1 Epoch 11 | TrainLoss 0.2441 | ValLoss 0.2457 | ValAcc H1=0.544 H5=0.559 H20=0.509
2026-04-04 23:52:10,444  INFO        P1 Epoch 12 | TrainLoss 0.2442 | ValLoss 0.2457 | ValAcc H1=0.544 H5=0.559 H20=0.509
2026-04-04 23:52:12,920  INFO        P1 Epoch 13 | TrainLoss 0.2445 | ValLoss 0.2457 | ValAcc H1=0.544 H5=0.559 H20=0.507
2026-04-04 23:52:15,378  INFO        P1 Epoch 14 | TrainLoss 0.2446 | ValLoss 0.2457 | ValAcc H1=0.544 H5=0.559 H20=0.512
2026-04-04 23:52:17,753  INFO        P1 Epoch 15 | TrainLoss 0.2443 | ValLoss 0.2457 | ValAcc H1=0.549 H5=0.559 H20=0.509
2026-04-04 23:52:17,753  INFO        Phase 1 early stopping at epoch 15
2026-04-04 23:52:18,039  INFO        Phase 1 complete. Best val_loss: 0.2458  H1=0.549 H5=0.554 H20=0.516
2026-04-04 23:52:18,053  INFO      Phase 1 checkpoint saved: models/fine_tuned/checkpoint_NYSE_NVDA_1H_phase1_20260404.pt
2026-04-04 23:52:18,057  INFO      Loading base checkpoint: models/base/checkpoint_base_v1.pt
2026-04-04 23:52:18,093  INFO        Base val_loss: 0.2466  (fold 2, epoch 28)
2026-04-04 23:52:18,398  INFO      Base model H1 accuracy on instrument val set: 0.532
2026-04-04 23:52:18,398  INFO      Fine-tuned  H1 accuracy (Phase 1)           : 0.549
2026-04-04 23:52:18,398  INFO      --------------------------------------------------
2026-04-04 23:52:18,398  INFO      Phase 2 — Verification gate
2026-04-04 23:52:18,398  INFO        Fine-tuned accuracy — H1=0.549  H5=0.554  H20=0.516  Mean=0.540
2026-04-04 23:52:18,398  INFO        Minimum required (mean across horizons) : 0.510
2026-04-04 23:52:18,399  INFO        ✓ Phase 2 PASSED (H1=0.549  H5=0.554  H20=0.516) — proceeding to Phase 3
2026-04-04 23:52:18,399  INFO      --------------------------------------------------
2026-04-04 23:52:18,399  INFO      Phase 3 — Selective encoder unfreeze
2026-04-04 23:52:18,399  WARNING     ✗ Skipping Phase 3 — only 1.9 years of data (need 2.0)
2026-04-04 23:52:18,399  WARNING     Using Phase 1 checkpoint as final output.
2026-04-04 23:52:18,400  INFO      Reverted to Phase 1 checkpoint.
2026-04-04 23:52:18,786  INFO      Phase 1 H1 accuracy (recheck): 0.549
2026-04-04 23:52:18,787  INFO      ============================================================
2026-04-04 23:52:18,787  INFO      Fine-Tuning Summary
2026-04-04 23:52:18,787  INFO        Instrument     : NYSE_NVDA 1H
2026-04-04 23:52:18,787  INFO        Final phase    : 1
2026-04-04 23:52:18,787  INFO        Final checkpoint: models/fine_tuned/checkpoint_NYSE_NVDA_1H_phase1_20260404.pt
2026-04-04 23:52:19,185  INFO        Base model — H1=0.532  H5=0.537  H20=0.545  Mean=0.538
2026-04-04 23:52:19,186  INFO        Fine-tuned — H1=0.549  H5=0.554  H20=0.516  Mean=0.540  (Phase 1)
2026-04-04 23:52:19,186  INFO        Delta mean accuracy : +0.002  ✓ Fine-tuning improved accuracy.
2026-04-04 23:52:19,186  INFO        Per-horizon delta   :  H1=+0.017  H5=+0.017  H20=-0.029
2026-04-04 23:52:19,190  INFO        Metrics saved  : logs/finetune/NYSE_NVDA_1H_20260404_metrics.csv
2026-04-04 23:52:19,190  INFO      Stage 6 complete.
