2026-04-05 00:00:56,077  INFO      ============================================================
2026-04-05 00:00:56,077  INFO      Stage 6 Fine-Tuning — Start
2026-04-05 00:00:56,077  INFO      Instrument  : NYSE_V
2026-04-05 00:00:56,077  INFO      Resolution  : 1D
2026-04-05 00:00:56,077  INFO      Device      : cpu
2026-04-05 00:00:56,077  INFO      Base checkpoint: models/base/checkpoint_base_v1.pt
2026-04-05 00:00:56,079  INFO      Loading: NYSE_V_1D_20150101_20260326.npy
2026-04-05 00:00:57,913  INFO        Shape: (2644, 60, 42)  (2644 windows)
2026-04-05 00:00:57,936  INFO        Date range: 2015-09-18 → 2026-03-25  (10.5 years)
2026-04-05 00:00:57,936  INFO        Train windows: 2583  Val windows: 61
2026-04-05 00:00:57,936  INFO      Years of data: 10.5
2026-04-05 00:00:57,986  INFO      Loading base checkpoint: models/base/checkpoint_base_v1.pt
2026-04-05 00:00:58,000  INFO        Base val_loss: 0.2466  (fold 2, epoch 28)
2026-04-05 00:00:58,000  INFO      --------------------------------------------------
2026-04-05 00:00:58,000  INFO      Phase 1 — Head-only adaptation (encoder frozen)
2026-04-05 00:01:00,734  INFO        P1 Epoch  1 | TrainLoss 0.2476 | ValLoss 0.2473 | ValAcc H1=0.492 H5=0.557 H20=0.721
2026-04-05 00:01:02,471  INFO        P1 Epoch  2 | TrainLoss 0.2474 | ValLoss 0.2475 | ValAcc H1=0.492 H5=0.557 H20=0.705
2026-04-05 00:01:04,071  INFO        P1 Epoch  3 | TrainLoss 0.2473 | ValLoss 0.2477 | ValAcc H1=0.492 H5=0.557 H20=0.705
2026-04-05 00:01:05,741  INFO        P1 Epoch  4 | TrainLoss 0.2475 | ValLoss 0.2477 | ValAcc H1=0.492 H5=0.557 H20=0.705
2026-04-05 00:01:07,495  INFO        P1 Epoch  5 | TrainLoss 0.2473 | ValLoss 0.2478 | ValAcc H1=0.492 H5=0.557 H20=0.705
2026-04-05 00:01:09,126  INFO        P1 Epoch  6 | TrainLoss 0.2474 | ValLoss 0.2478 | ValAcc H1=0.492 H5=0.557 H20=0.705
2026-04-05 00:01:10,908  INFO        P1 Epoch  7 | TrainLoss 0.2473 | ValLoss 0.2479 | ValAcc H1=0.492 H5=0.557 H20=0.705
2026-04-05 00:01:12,490  INFO        P1 Epoch  8 | TrainLoss 0.2473 | ValLoss 0.2479 | ValAcc H1=0.492 H5=0.557 H20=0.705
2026-04-05 00:01:14,177  INFO        P1 Epoch  9 | TrainLoss 0.2473 | ValLoss 0.2479 | ValAcc H1=0.492 H5=0.557 H20=0.705
2026-04-05 00:01:15,835  INFO        P1 Epoch 10 | TrainLoss 0.2473 | ValLoss 0.2479 | ValAcc H1=0.492 H5=0.557 H20=0.705
2026-04-05 00:01:17,544  INFO        P1 Epoch 11 | TrainLoss 0.2473 | ValLoss 0.2479 | ValAcc H1=0.492 H5=0.557 H20=0.705
2026-04-05 00:01:17,544  INFO        Phase 1 early stopping at epoch 11
2026-04-05 00:01:17,582  INFO        Phase 1 complete. Best val_loss: 0.2473  H1=0.492 H5=0.557 H20=0.721
2026-04-05 00:01:17,587  INFO      Phase 1 checkpoint saved: models/fine_tuned/checkpoint_NYSE_V_1D_phase1_20260405.pt
2026-04-05 00:01:17,587  INFO      Loading base checkpoint: models/base/checkpoint_base_v1.pt
2026-04-05 00:01:17,596  INFO        Base val_loss: 0.2466  (fold 2, epoch 28)
2026-04-05 00:01:17,629  INFO      Base model H1 accuracy on instrument val set: 0.492
2026-04-05 00:01:17,630  INFO      Fine-tuned  H1 accuracy (Phase 1)           : 0.492
2026-04-05 00:01:17,630  INFO      --------------------------------------------------
2026-04-05 00:01:17,630  INFO      Phase 2 — Verification gate
2026-04-05 00:01:17,630  INFO        Fine-tuned accuracy — H1=0.492  H5=0.557  H20=0.721  Mean=0.590
2026-04-05 00:01:17,630  INFO        Minimum required (mean across horizons) : 0.510
2026-04-05 00:01:17,630  INFO        ✓ Phase 2 PASSED (H1=0.492  H5=0.557  H20=0.721) — proceeding to Phase 3
2026-04-05 00:01:17,630  INFO      --------------------------------------------------
2026-04-05 00:01:17,630  INFO      Phase 3 — Selective encoder unfreeze
2026-04-05 00:01:17,631  INFO        Encoder layers 1 & 2 unfrozen (layer 0 frozen)
2026-04-05 00:01:17,631  INFO        Encoder LR: 1e-05  Head LR: 3e-05
2026-04-05 00:01:17,631  INFO        Dropout: encoder=0.40  head=0.45
2026-04-05 00:01:24,557  INFO        P3 Epoch  1 | TrainLoss 0.2474 | ValLoss 0.2476 | Gap -0.0002 | ValAcc H1=0.492 H5=0.557 H20=0.705
2026-04-05 00:01:32,705  INFO        P3 Epoch  2 | TrainLoss 0.2475 | ValLoss 0.2479 | Gap -0.0003 | ValAcc H1=0.492 H5=0.557 H20=0.705
2026-04-05 00:01:39,643  INFO        P3 Epoch  3 | TrainLoss 0.2473 | ValLoss 0.2478 | Gap -0.0004 | ValAcc H1=0.492 H5=0.557 H20=0.705
2026-04-05 00:01:46,949  INFO        P3 Epoch  4 | TrainLoss 0.2476 | ValLoss 0.2478 | Gap -0.0002 | ValAcc H1=0.492 H5=0.557 H20=0.705
2026-04-05 00:01:54,089  INFO        P3 Epoch  5 | TrainLoss 0.2473 | ValLoss 0.2478 | Gap -0.0005 | ValAcc H1=0.492 H5=0.557 H20=0.705
2026-04-05 00:02:01,214  INFO        P3 Epoch  6 | TrainLoss 0.2474 | ValLoss 0.2479 | Gap -0.0005 | ValAcc H1=0.492 H5=0.557 H20=0.705
2026-04-05 00:02:08,390  INFO        P3 Epoch  7 | TrainLoss 0.2471 | ValLoss 0.2478 | Gap -0.0006 | ValAcc H1=0.492 H5=0.557 H20=0.705
2026-04-05 00:02:15,265  INFO        P3 Epoch  8 | TrainLoss 0.2473 | ValLoss 0.2477 | Gap -0.0005 | ValAcc H1=0.492 H5=0.557 H20=0.705
2026-04-05 00:02:22,173  INFO        P3 Epoch  9 | TrainLoss 0.2472 | ValLoss 0.2477 | Gap -0.0006 | ValAcc H1=0.492 H5=0.557 H20=0.705
2026-04-05 00:02:22,173  INFO        Phase 3 early stopping at epoch 9
2026-04-05 00:02:22,175  INFO        Phase 3 complete. Best val_loss: 0.2476
2026-04-05 00:02:22,213  INFO      Phase 3 checkpoint saved: models/fine_tuned/checkpoint_NYSE_V_1D_phase3_20260405.pt
2026-04-05 00:02:22,213  INFO      ============================================================
2026-04-05 00:02:22,213  INFO      Fine-Tuning Summary
2026-04-05 00:02:22,213  INFO        Instrument     : NYSE_V 1D
2026-04-05 00:02:22,214  INFO        Final phase    : 3
2026-04-05 00:02:22,214  INFO        Final checkpoint: models/fine_tuned/checkpoint_NYSE_V_1D_phase3_20260405.pt
2026-04-05 00:02:22,246  INFO        Base model — H1=0.492  H5=0.557  H20=0.705  Mean=0.585
2026-04-05 00:02:22,246  INFO        Fine-tuned — H1=0.492  H5=0.557  H20=0.705  Mean=0.585  (Phase 3)
2026-04-05 00:02:22,246  INFO        Delta mean accuracy : +0.000  = Fine-tuning matched base model.
2026-04-05 00:02:22,247  INFO        Per-horizon delta   :  H1=+0.000  H5=+0.000  H20=+0.000
2026-04-05 00:02:22,249  INFO        Metrics saved  : logs/finetune/NYSE_V_1D_20260405_metrics.csv
2026-04-05 00:02:22,249  INFO      Stage 6 complete.
