2026-04-04 23:56:48,159  INFO      ============================================================
2026-04-04 23:56:48,159  INFO      Stage 6 Fine-Tuning — Start
2026-04-04 23:56:48,159  INFO      Instrument  : NYSE_TSLA
2026-04-04 23:56:48,159  INFO      Resolution  : 1W
2026-04-04 23:56:48,160  INFO      Device      : cpu
2026-04-04 23:56:48,160  INFO      Base checkpoint: models/base/checkpoint_base_v1.pt
2026-04-04 23:56:48,161  INFO      Loading: NYSE_TSLA_1W_20150101_20260326.npy
2026-04-04 23:56:48,696  INFO        Shape: (407, 60, 42)  (407 windows)
2026-04-04 23:56:48,701  INFO        Date range: 2018-06-07 → 2026-03-19  (7.8 years)
2026-04-04 23:56:48,701  INFO        Train windows: 394  Val windows: 13
2026-04-04 23:56:48,701  INFO      Years of data: 7.8
2026-04-04 23:56:48,706  INFO      Loading base checkpoint: models/base/checkpoint_base_v1.pt
2026-04-04 23:56:48,721  INFO        Base val_loss: 0.2466  (fold 2, epoch 28)
2026-04-04 23:56:48,722  INFO      --------------------------------------------------
2026-04-04 23:56:48,722  INFO      Phase 1 — Head-only adaptation (encoder frozen)
2026-04-04 23:56:49,923  INFO        P1 Epoch  1 | TrainLoss 0.2472 | ValLoss 0.2435 | ValAcc H1=0.615 H5=0.692 H20=0.769
2026-04-04 23:56:50,208  INFO        P1 Epoch  2 | TrainLoss 0.2467 | ValLoss 0.2436 | ValAcc H1=0.615 H5=0.692 H20=0.769
2026-04-04 23:56:50,493  INFO        P1 Epoch  3 | TrainLoss 0.2470 | ValLoss 0.2437 | ValAcc H1=0.615 H5=0.692 H20=0.769
2026-04-04 23:56:50,811  INFO        P1 Epoch  4 | TrainLoss 0.2468 | ValLoss 0.2437 | ValAcc H1=0.615 H5=0.692 H20=0.769
2026-04-04 23:56:51,188  INFO        P1 Epoch  5 | TrainLoss 0.2463 | ValLoss 0.2437 | ValAcc H1=0.615 H5=0.692 H20=0.769
2026-04-04 23:56:51,470  INFO        P1 Epoch  6 | TrainLoss 0.2468 | ValLoss 0.2436 | ValAcc H1=0.615 H5=0.692 H20=0.769
2026-04-04 23:56:51,754  INFO        P1 Epoch  7 | TrainLoss 0.2457 | ValLoss 0.2436 | ValAcc H1=0.615 H5=0.692 H20=0.769
2026-04-04 23:56:52,110  INFO        P1 Epoch  8 | TrainLoss 0.2471 | ValLoss 0.2436 | ValAcc H1=0.615 H5=0.692 H20=0.769
2026-04-04 23:56:52,452  INFO        P1 Epoch  9 | TrainLoss 0.2469 | ValLoss 0.2436 | ValAcc H1=0.615 H5=0.692 H20=0.769
2026-04-04 23:56:52,793  INFO        P1 Epoch 10 | TrainLoss 0.2478 | ValLoss 0.2436 | ValAcc H1=0.615 H5=0.692 H20=0.769
2026-04-04 23:56:53,077  INFO        P1 Epoch 11 | TrainLoss 0.2458 | ValLoss 0.2436 | ValAcc H1=0.615 H5=0.615 H20=0.769
2026-04-04 23:56:53,077  INFO        Phase 1 early stopping at epoch 11
2026-04-04 23:56:53,089  INFO        Phase 1 complete. Best val_loss: 0.2435  H1=0.615 H5=0.692 H20=0.769
2026-04-04 23:56:53,094  INFO      Phase 1 checkpoint saved: models/fine_tuned/checkpoint_NYSE_TSLA_1W_phase1_20260404.pt
2026-04-04 23:56:53,094  INFO      Loading base checkpoint: models/base/checkpoint_base_v1.pt
2026-04-04 23:56:53,108  INFO        Base val_loss: 0.2466  (fold 2, epoch 28)
2026-04-04 23:56:53,125  INFO      Base model H1 accuracy on instrument val set: 0.615
2026-04-04 23:56:53,125  INFO      Fine-tuned  H1 accuracy (Phase 1)           : 0.615
2026-04-04 23:56:53,125  INFO      --------------------------------------------------
2026-04-04 23:56:53,125  INFO      Phase 2 — Verification gate
2026-04-04 23:56:53,125  INFO        Fine-tuned accuracy — H1=0.615  H5=0.692  H20=0.769  Mean=0.692
2026-04-04 23:56:53,125  INFO        Minimum required (mean across horizons) : 0.510
2026-04-04 23:56:53,125  INFO        ✓ Phase 2 PASSED (H1=0.615  H5=0.692  H20=0.769) — proceeding to Phase 3
2026-04-04 23:56:53,125  INFO      --------------------------------------------------
2026-04-04 23:56:53,125  INFO      Phase 3 — Selective encoder unfreeze
2026-04-04 23:56:53,126  INFO        Encoder layers 1 & 2 unfrozen (layer 0 frozen)
2026-04-04 23:56:53,126  INFO        Encoder LR: 1e-05  Head LR: 3e-05
2026-04-04 23:56:53,126  INFO        Dropout: encoder=0.40  head=0.45
2026-04-04 23:56:54,240  INFO        P3 Epoch  1 | TrainLoss 0.2469 | ValLoss 0.2436 | Gap 0.0033 | ValAcc H1=0.615 H5=0.692 H20=0.769
2026-04-04 23:56:55,330  INFO        P3 Epoch  2 | TrainLoss 0.2465 | ValLoss 0.2436 | Gap 0.0029 | ValAcc H1=0.615 H5=0.692 H20=0.769
2026-04-04 23:56:56,338  INFO        P3 Epoch  3 | TrainLoss 0.2462 | ValLoss 0.2437 | Gap 0.0026 | ValAcc H1=0.615 H5=0.692 H20=0.846
2026-04-04 23:56:57,394  INFO        P3 Epoch  4 | TrainLoss 0.2470 | ValLoss 0.2438 | Gap 0.0032 | ValAcc H1=0.615 H5=0.692 H20=0.769
2026-04-04 23:56:58,430  INFO        P3 Epoch  5 | TrainLoss 0.2468 | ValLoss 0.2438 | Gap 0.0029 | ValAcc H1=0.615 H5=0.692 H20=0.769
2026-04-04 23:56:59,539  INFO        P3 Epoch  6 | TrainLoss 0.2451 | ValLoss 0.2438 | Gap 0.0013 | ValAcc H1=0.615 H5=0.692 H20=0.769
2026-04-04 23:57:00,588  INFO        P3 Epoch  7 | TrainLoss 0.2461 | ValLoss 0.2437 | Gap 0.0024 | ValAcc H1=0.615 H5=0.692 H20=0.769
2026-04-04 23:57:01,744  INFO        P3 Epoch  8 | TrainLoss 0.2466 | ValLoss 0.2437 | Gap 0.0029 | ValAcc H1=0.615 H5=0.615 H20=0.769
2026-04-04 23:57:02,900  INFO        P3 Epoch  9 | TrainLoss 0.2462 | ValLoss 0.2437 | Gap 0.0025 | ValAcc H1=0.615 H5=0.615 H20=0.769
2026-04-04 23:57:02,900  INFO        Phase 3 early stopping at epoch 9
2026-04-04 23:57:02,901  INFO        Phase 3 complete. Best val_loss: 0.2436
2026-04-04 23:57:02,915  INFO      Phase 3 checkpoint saved: models/fine_tuned/checkpoint_NYSE_TSLA_1W_phase3_20260404.pt
2026-04-04 23:57:02,915  INFO      ============================================================
2026-04-04 23:57:02,915  INFO      Fine-Tuning Summary
2026-04-04 23:57:02,915  INFO        Instrument     : NYSE_TSLA 1W
2026-04-04 23:57:02,915  INFO        Final phase    : 3
2026-04-04 23:57:02,915  INFO        Final checkpoint: models/fine_tuned/checkpoint_NYSE_TSLA_1W_phase3_20260404.pt
2026-04-04 23:57:02,924  INFO        Base model — H1=0.615  H5=0.692  H20=0.769  Mean=0.692
2026-04-04 23:57:02,924  INFO        Fine-tuned — H1=0.615  H5=0.692  H20=0.769  Mean=0.692  (Phase 3)
2026-04-04 23:57:02,924  INFO        Delta mean accuracy : +0.000  = Fine-tuning matched base model.
2026-04-04 23:57:02,924  INFO        Per-horizon delta   :  H1=+0.000  H5=+0.000  H20=+0.000
2026-04-04 23:57:02,927  INFO        Metrics saved  : logs/finetune/NYSE_TSLA_1W_20260404_metrics.csv
2026-04-04 23:57:02,927  INFO      Stage 6 complete.
