2026-04-04 23:38:55,395  INFO      ============================================================
2026-04-04 23:38:55,395  INFO      Stage 6 Fine-Tuning — Start
2026-04-04 23:38:55,395  INFO      Instrument  : NYSE_CVX
2026-04-04 23:38:55,395  INFO      Resolution  : 4H
2026-04-04 23:38:55,395  INFO      Device      : cpu
2026-04-04 23:38:55,395  INFO      Base checkpoint: models/base/checkpoint_base_v1.pt
2026-04-04 23:38:55,396  INFO      Loading: NYSE_CVX_4H_20240405_20260326.npy
2026-04-04 23:38:56,276  INFO        Shape: (972, 60, 48)  (972 windows)
2026-04-04 23:38:56,285  INFO        Date range: 2024-08-14 → 2026-03-25  (1.6 years)
2026-04-04 23:38:56,285  INFO        Train windows: 802  Val windows: 170
2026-04-04 23:38:56,285  INFO      Years of data: 1.6
2026-04-04 23:38:56,290  INFO      Loading base checkpoint: models/base/checkpoint_base_v1.pt
2026-04-04 23:38:56,304  INFO        Base val_loss: 0.2466  (fold 2, epoch 28)
2026-04-04 23:38:56,304  INFO      --------------------------------------------------
2026-04-04 23:38:56,304  INFO      Phase 1 — Head-only adaptation (encoder frozen)
2026-04-04 23:38:57,972  INFO        P1 Epoch  1 | TrainLoss 0.2452 | ValLoss 0.2461 | ValAcc H1=0.565 H5=0.520 H20=0.470
2026-04-04 23:38:58,682  INFO        P1 Epoch  2 | TrainLoss 0.2449 | ValLoss 0.2461 | ValAcc H1=0.565 H5=0.528 H20=0.478
2026-04-04 23:38:59,406  INFO        P1 Epoch  3 | TrainLoss 0.2451 | ValLoss 0.2461 | ValAcc H1=0.565 H5=0.528 H20=0.465
2026-04-04 23:39:00,109  INFO        P1 Epoch  4 | TrainLoss 0.2448 | ValLoss 0.2461 | ValAcc H1=0.565 H5=0.528 H20=0.465
2026-04-04 23:39:00,888  INFO        P1 Epoch  5 | TrainLoss 0.2450 | ValLoss 0.2461 | ValAcc H1=0.565 H5=0.528 H20=0.465
2026-04-04 23:39:01,605  INFO        P1 Epoch  6 | TrainLoss 0.2451 | ValLoss 0.2461 | ValAcc H1=0.565 H5=0.528 H20=0.465
2026-04-04 23:39:02,285  INFO        P1 Epoch  7 | TrainLoss 0.2449 | ValLoss 0.2462 | ValAcc H1=0.565 H5=0.528 H20=0.473
2026-04-04 23:39:02,982  INFO        P1 Epoch  8 | TrainLoss 0.2452 | ValLoss 0.2462 | ValAcc H1=0.565 H5=0.528 H20=0.465
2026-04-04 23:39:03,683  INFO        P1 Epoch  9 | TrainLoss 0.2451 | ValLoss 0.2462 | ValAcc H1=0.565 H5=0.528 H20=0.473
2026-04-04 23:39:04,386  INFO        P1 Epoch 10 | TrainLoss 0.2454 | ValLoss 0.2461 | ValAcc H1=0.565 H5=0.528 H20=0.478
2026-04-04 23:39:05,046  INFO        P1 Epoch 11 | TrainLoss 0.2447 | ValLoss 0.2462 | ValAcc H1=0.565 H5=0.528 H20=0.478
2026-04-04 23:39:05,047  INFO        Phase 1 early stopping at epoch 11
2026-04-04 23:39:05,157  INFO        Phase 1 complete. Best val_loss: 0.2461  H1=0.565 H5=0.520 H20=0.470
2026-04-04 23:39:05,162  INFO      Phase 1 checkpoint saved: models/fine_tuned/checkpoint_NYSE_CVX_4H_phase1_20260404.pt
2026-04-04 23:39:05,162  INFO      Loading base checkpoint: models/base/checkpoint_base_v1.pt
2026-04-04 23:39:05,177  INFO        Base val_loss: 0.2466  (fold 2, epoch 28)
2026-04-04 23:39:05,291  INFO      Base model H1 accuracy on instrument val set: 0.560
2026-04-04 23:39:05,291  INFO      Fine-tuned  H1 accuracy (Phase 1)           : 0.565
2026-04-04 23:39:05,291  INFO      --------------------------------------------------
2026-04-04 23:39:05,291  INFO      Phase 2 — Verification gate
2026-04-04 23:39:05,292  INFO        Fine-tuned accuracy — H1=0.565  H5=0.520  H20=0.470  Mean=0.519
2026-04-04 23:39:05,292  INFO        Minimum required (mean across horizons) : 0.510
2026-04-04 23:39:05,292  INFO        ✓ Phase 2 PASSED (H1=0.565  H5=0.520  H20=0.470) — proceeding to Phase 3
2026-04-04 23:39:05,292  INFO      --------------------------------------------------
2026-04-04 23:39:05,292  INFO      Phase 3 — Selective encoder unfreeze
2026-04-04 23:39:05,292  WARNING     ✗ Skipping Phase 3 — only 1.6 years of data (need 2.0)
2026-04-04 23:39:05,292  WARNING     Using Phase 1 checkpoint as final output.
2026-04-04 23:39:05,293  INFO      Reverted to Phase 1 checkpoint.
2026-04-04 23:39:05,416  INFO      Phase 1 H1 accuracy (recheck): 0.565
2026-04-04 23:39:05,419  INFO      ============================================================
2026-04-04 23:39:05,420  INFO      Fine-Tuning Summary
2026-04-04 23:39:05,420  INFO        Instrument     : NYSE_CVX 4H
2026-04-04 23:39:05,420  INFO        Final phase    : 1
2026-04-04 23:39:05,420  INFO        Final checkpoint: models/fine_tuned/checkpoint_NYSE_CVX_4H_phase1_20260404.pt
2026-04-04 23:39:05,544  INFO        Base model — H1=0.560  H5=0.528  H20=0.489  Mean=0.526
2026-04-04 23:39:05,544  INFO        Fine-tuned — H1=0.565  H5=0.520  H20=0.470  Mean=0.519  (Phase 1)
2026-04-04 23:39:05,544  WARNING     Delta mean accuracy : -0.007  ⚠  Fine-tuning degraded mean accuracy. Consider using the base model for this instrument. H1 delta=+0.005  H5 delta=-0.008  H20 delta=-0.019
2026-04-04 23:39:05,546  INFO        Metrics saved  : logs/finetune/NYSE_CVX_4H_20260404_metrics.csv
2026-04-04 23:39:05,546  INFO      Stage 6 complete.
