2026-04-13 18:06:14,549  INFO      ============================================================
2026-04-13 18:06:14,550  INFO      Stage 6 Fine-Tuning — Start
2026-04-13 18:06:14,550  INFO      Instrument  : NYSE_JPM
2026-04-13 18:06:14,550  INFO      Resolution  : 1W
2026-04-13 18:06:14,550  INFO      Device      : cpu
2026-04-13 18:06:14,550  INFO      Base checkpoint: models/base/checkpoint_base_v1.pt
2026-04-13 18:06:14,552  INFO      Loading: NYSE_JPM_1W_20150101_20260412.npy
2026-04-13 18:06:14,776  INFO        Shape: (410, 60, 47)  (410 windows)
2026-04-13 18:06:14,781  INFO        Date range: 2018-06-07 → 2026-04-09  (7.8 years)
2026-04-13 18:06:14,781  INFO        Train windows: 397  Val windows: 13
2026-04-13 18:06:14,781  INFO      Years of data: 7.8
2026-04-13 18:06:14,789  INFO      Loading base checkpoint: models/base/checkpoint_base_v1.pt
2026-04-13 18:06:14,811  INFO        Base val_loss: 0.2463  (fold 3, epoch 22)
2026-04-13 18:06:14,811  INFO      --------------------------------------------------
2026-04-13 18:06:14,811  INFO      Phase 1 — Head-only adaptation (encoder frozen)
2026-04-13 18:06:16,617  INFO        P1 Epoch  1 | TrainLoss 0.2461 | ValLoss 0.2628 | ValAcc H1=0.308 H5=0.538 H20=1.000
2026-04-13 18:06:17,199  INFO        P1 Epoch  2 | TrainLoss 0.2441 | ValLoss 0.2630 | ValAcc H1=0.308 H5=0.538 H20=1.000
2026-04-13 18:06:18,296  INFO        P1 Epoch  3 | TrainLoss 0.2453 | ValLoss 0.2633 | ValAcc H1=0.308 H5=0.538 H20=1.000
2026-04-13 18:06:18,684  INFO        P1 Epoch  4 | TrainLoss 0.2460 | ValLoss 0.2635 | ValAcc H1=0.308 H5=0.538 H20=1.000
2026-04-13 18:06:19,128  INFO        P1 Epoch  5 | TrainLoss 0.2456 | ValLoss 0.2636 | ValAcc H1=0.308 H5=0.538 H20=1.000
2026-04-13 18:06:19,566  INFO        P1 Epoch  6 | TrainLoss 0.2463 | ValLoss 0.2637 | ValAcc H1=0.308 H5=0.538 H20=1.000
2026-04-13 18:06:19,958  INFO        P1 Epoch  7 | TrainLoss 0.2466 | ValLoss 0.2638 | ValAcc H1=0.308 H5=0.538 H20=1.000
2026-04-13 18:06:20,404  INFO        P1 Epoch  8 | TrainLoss 0.2473 | ValLoss 0.2639 | ValAcc H1=0.308 H5=0.538 H20=1.000
2026-04-13 18:06:20,805  INFO        P1 Epoch  9 | TrainLoss 0.2467 | ValLoss 0.2639 | ValAcc H1=0.308 H5=0.538 H20=1.000
2026-04-13 18:06:21,242  INFO        P1 Epoch 10 | TrainLoss 0.2451 | ValLoss 0.2640 | ValAcc H1=0.308 H5=0.538 H20=1.000
2026-04-13 18:06:21,859  INFO        P1 Epoch 11 | TrainLoss 0.2453 | ValLoss 0.2640 | ValAcc H1=0.308 H5=0.538 H20=1.000
2026-04-13 18:06:21,860  INFO        Phase 1 early stopping at epoch 11
2026-04-13 18:06:21,881  INFO        Phase 1 complete. Best val_loss: 0.2628  H1=0.308 H5=0.538 H20=1.000
2026-04-13 18:06:21,891  INFO      Phase 1 checkpoint saved: models/fine_tuned/checkpoint_NYSE_JPM_1W_phase1_20260413.pt
2026-04-13 18:06:21,892  INFO      Loading base checkpoint: models/base/checkpoint_base_v1.pt
2026-04-13 18:06:21,910  INFO        Base val_loss: 0.2463  (fold 3, epoch 22)
2026-04-13 18:06:21,925  INFO      Base model H1 accuracy on instrument val set: 0.308
2026-04-13 18:06:21,925  INFO      Fine-tuned  H1 accuracy (Phase 1)           : 0.308
2026-04-13 18:06:21,925  INFO      --------------------------------------------------
2026-04-13 18:06:21,925  INFO      Phase 2 — Verification gate
2026-04-13 18:06:21,926  INFO        Fine-tuned accuracy — H1=0.308  H5=0.538  H20=1.000  Mean=0.615
2026-04-13 18:06:21,926  INFO        Minimum required (mean across horizons) : 0.510
2026-04-13 18:06:21,926  INFO        ✓ Phase 2 PASSED (H1=0.308  H5=0.538  H20=1.000) — proceeding to Phase 3
2026-04-13 18:06:21,926  INFO      --------------------------------------------------
2026-04-13 18:06:21,926  INFO      Phase 3 — Selective encoder unfreeze
2026-04-13 18:06:21,927  INFO        Encoder layers 1 & 2 unfrozen (layer 0 frozen)
2026-04-13 18:06:21,927  INFO        Encoder LR: 1e-05  Head LR: 3e-05
2026-04-13 18:06:21,927  INFO        Dropout: encoder=0.40  head=0.45
2026-04-13 18:06:23,682  INFO        P3 Epoch  1 | TrainLoss 0.2479 | ValLoss 0.2632 | Gap -0.0153 | ValAcc H1=0.308 H5=0.538 H20=1.000
2026-04-13 18:06:24,856  INFO        P3 Epoch  2 | TrainLoss 0.2475 | ValLoss 0.2636 | Gap -0.0161 | ValAcc H1=0.308 H5=0.538 H20=1.000
2026-04-13 18:06:26,095  INFO        P3 Epoch  3 | TrainLoss 0.2467 | ValLoss 0.2636 | Gap -0.0170 | ValAcc H1=0.308 H5=0.538 H20=1.000
2026-04-13 18:06:27,274  INFO        P3 Epoch  4 | TrainLoss 0.2448 | ValLoss 0.2636 | Gap -0.0189 | ValAcc H1=0.308 H5=0.538 H20=1.000
2026-04-13 18:06:29,286  INFO        P3 Epoch  5 | TrainLoss 0.2471 | ValLoss 0.2637 | Gap -0.0166 | ValAcc H1=0.308 H5=0.538 H20=1.000
2026-04-13 18:06:30,519  INFO        P3 Epoch  6 | TrainLoss 0.2457 | ValLoss 0.2639 | Gap -0.0182 | ValAcc H1=0.308 H5=0.538 H20=1.000
2026-04-13 18:06:31,742  INFO        P3 Epoch  7 | TrainLoss 0.2461 | ValLoss 0.2642 | Gap -0.0181 | ValAcc H1=0.308 H5=0.538 H20=1.000
2026-04-13 18:06:32,958  INFO        P3 Epoch  8 | TrainLoss 0.2447 | ValLoss 0.2645 | Gap -0.0198 | ValAcc H1=0.308 H5=0.538 H20=1.000
2026-04-13 18:06:34,608  INFO        P3 Epoch  9 | TrainLoss 0.2451 | ValLoss 0.2648 | Gap -0.0197 | ValAcc H1=0.308 H5=0.538 H20=1.000
2026-04-13 18:06:34,608  INFO        Phase 3 early stopping at epoch 9
2026-04-13 18:06:34,609  INFO        Phase 3 complete. Best val_loss: 0.2632
2026-04-13 18:06:34,627  INFO      Phase 3 checkpoint saved: models/fine_tuned/checkpoint_NYSE_JPM_1W_phase3_20260413.pt
2026-04-13 18:06:34,627  INFO      ============================================================
2026-04-13 18:06:34,627  INFO      Fine-Tuning Summary
2026-04-13 18:06:34,627  INFO        Instrument     : NYSE_JPM 1W
2026-04-13 18:06:34,627  INFO        Final phase    : 3
2026-04-13 18:06:34,627  INFO        Final checkpoint: models/fine_tuned/checkpoint_NYSE_JPM_1W_phase3_20260413.pt
2026-04-13 18:06:34,639  INFO        Base model — H1=0.308  H5=0.538  H20=1.000  Mean=0.615
2026-04-13 18:06:34,639  INFO        Fine-tuned — H1=0.308  H5=0.538  H20=1.000  Mean=0.615  (Phase 3)
2026-04-13 18:06:34,639  INFO        Delta mean accuracy : +0.000  = Fine-tuning matched base model.
2026-04-13 18:06:34,639  INFO        Per-horizon delta   :  H1=+0.000  H5=+0.000  H20=+0.000
2026-04-13 18:06:34,641  INFO        Metrics saved  : logs/finetune/NYSE_JPM_1W_20260413_metrics.csv
2026-04-13 18:06:34,642  INFO      Stage 6 complete.
