2026-04-04 23:54:18,848  INFO      ============================================================
2026-04-04 23:54:18,848  INFO      Stage 6 Fine-Tuning — Start
2026-04-04 23:54:18,849  INFO      Instrument  : NYSE_PG
2026-04-04 23:54:18,849  INFO      Resolution  : 1W
2026-04-04 23:54:18,849  INFO      Device      : cpu
2026-04-04 23:54:18,849  INFO      Base checkpoint: models/base/checkpoint_base_v1.pt
2026-04-04 23:54:18,850  INFO      Loading: NYSE_PG_1W_20150101_20260326.npy
2026-04-04 23:54:19,317  INFO        Shape: (407, 60, 42)  (407 windows)
2026-04-04 23:54:19,322  INFO        Date range: 2018-06-07 → 2026-03-19  (7.8 years)
2026-04-04 23:54:19,322  INFO        Train windows: 394  Val windows: 13
2026-04-04 23:54:19,322  INFO      Years of data: 7.8
2026-04-04 23:54:19,327  INFO      Loading base checkpoint: models/base/checkpoint_base_v1.pt
2026-04-04 23:54:19,340  INFO        Base val_loss: 0.2466  (fold 2, epoch 28)
2026-04-04 23:54:19,340  INFO      --------------------------------------------------
2026-04-04 23:54:19,340  INFO      Phase 1 — Head-only adaptation (encoder frozen)
2026-04-04 23:54:20,464  INFO        P1 Epoch  1 | TrainLoss 0.2463 | ValLoss 0.2533 | ValAcc H1=0.538 H5=0.692 H20=1.000
2026-04-04 23:54:20,768  INFO        P1 Epoch  2 | TrainLoss 0.2478 | ValLoss 0.2534 | ValAcc H1=0.538 H5=0.692 H20=1.000
2026-04-04 23:54:21,044  INFO        P1 Epoch  3 | TrainLoss 0.2473 | ValLoss 0.2535 | ValAcc H1=0.538 H5=0.692 H20=1.000
2026-04-04 23:54:21,389  INFO        P1 Epoch  4 | TrainLoss 0.2456 | ValLoss 0.2536 | ValAcc H1=0.538 H5=0.692 H20=1.000
2026-04-04 23:54:21,691  INFO        P1 Epoch  5 | TrainLoss 0.2448 | ValLoss 0.2538 | ValAcc H1=0.538 H5=0.692 H20=1.000
2026-04-04 23:54:21,966  INFO        P1 Epoch  6 | TrainLoss 0.2456 | ValLoss 0.2539 | ValAcc H1=0.538 H5=0.692 H20=1.000
2026-04-04 23:54:22,245  INFO        P1 Epoch  7 | TrainLoss 0.2462 | ValLoss 0.2540 | ValAcc H1=0.538 H5=0.692 H20=1.000
2026-04-04 23:54:22,522  INFO        P1 Epoch  8 | TrainLoss 0.2452 | ValLoss 0.2541 | ValAcc H1=0.538 H5=0.692 H20=1.000
2026-04-04 23:54:22,804  INFO        P1 Epoch  9 | TrainLoss 0.2463 | ValLoss 0.2542 | ValAcc H1=0.538 H5=0.692 H20=1.000
2026-04-04 23:54:23,082  INFO        P1 Epoch 10 | TrainLoss 0.2465 | ValLoss 0.2543 | ValAcc H1=0.538 H5=0.692 H20=1.000
2026-04-04 23:54:23,393  INFO        P1 Epoch 11 | TrainLoss 0.2458 | ValLoss 0.2543 | ValAcc H1=0.538 H5=0.692 H20=1.000
2026-04-04 23:54:23,394  INFO        Phase 1 early stopping at epoch 11
2026-04-04 23:54:23,424  INFO        Phase 1 complete. Best val_loss: 0.2533  H1=0.538 H5=0.692 H20=1.000
2026-04-04 23:54:23,430  INFO      Phase 1 checkpoint saved: models/fine_tuned/checkpoint_NYSE_PG_1W_phase1_20260404.pt
2026-04-04 23:54:23,431  INFO      Loading base checkpoint: models/base/checkpoint_base_v1.pt
2026-04-04 23:54:23,450  INFO        Base val_loss: 0.2466  (fold 2, epoch 28)
2026-04-04 23:54:23,460  INFO      Base model H1 accuracy on instrument val set: 0.538
2026-04-04 23:54:23,460  INFO      Fine-tuned  H1 accuracy (Phase 1)           : 0.538
2026-04-04 23:54:23,460  INFO      --------------------------------------------------
2026-04-04 23:54:23,460  INFO      Phase 2 — Verification gate
2026-04-04 23:54:23,460  INFO        Fine-tuned accuracy — H1=0.538  H5=0.692  H20=1.000  Mean=0.744
2026-04-04 23:54:23,460  INFO        Minimum required (mean across horizons) : 0.510
2026-04-04 23:54:23,460  INFO        ✓ Phase 2 PASSED (H1=0.538  H5=0.692  H20=1.000) — proceeding to Phase 3
2026-04-04 23:54:23,460  INFO      --------------------------------------------------
2026-04-04 23:54:23,460  INFO      Phase 3 — Selective encoder unfreeze
2026-04-04 23:54:23,461  INFO        Encoder layers 1 & 2 unfrozen (layer 0 frozen)
2026-04-04 23:54:23,461  INFO        Encoder LR: 1e-05  Head LR: 3e-05
2026-04-04 23:54:23,461  INFO        Dropout: encoder=0.40  head=0.45
2026-04-04 23:54:24,640  INFO        P3 Epoch  1 | TrainLoss 0.2457 | ValLoss 0.2535 | Gap -0.0078 | ValAcc H1=0.538 H5=0.692 H20=1.000
2026-04-04 23:54:25,752  INFO        P3 Epoch  2 | TrainLoss 0.2469 | ValLoss 0.2537 | Gap -0.0068 | ValAcc H1=0.538 H5=0.692 H20=1.000
2026-04-04 23:54:26,932  INFO        P3 Epoch  3 | TrainLoss 0.2448 | ValLoss 0.2538 | Gap -0.0091 | ValAcc H1=0.538 H5=0.692 H20=1.000
2026-04-04 23:54:28,169  INFO        P3 Epoch  4 | TrainLoss 0.2466 | ValLoss 0.2540 | Gap -0.0074 | ValAcc H1=0.538 H5=0.692 H20=1.000
2026-04-04 23:54:29,241  INFO        P3 Epoch  5 | TrainLoss 0.2457 | ValLoss 0.2541 | Gap -0.0084 | ValAcc H1=0.538 H5=0.692 H20=1.000
2026-04-04 23:54:30,383  INFO        P3 Epoch  6 | TrainLoss 0.2471 | ValLoss 0.2543 | Gap -0.0072 | ValAcc H1=0.538 H5=0.692 H20=1.000
2026-04-04 23:54:31,437  INFO        P3 Epoch  7 | TrainLoss 0.2450 | ValLoss 0.2543 | Gap -0.0093 | ValAcc H1=0.538 H5=0.692 H20=1.000
2026-04-04 23:54:32,535  INFO        P3 Epoch  8 | TrainLoss 0.2461 | ValLoss 0.2544 | Gap -0.0083 | ValAcc H1=0.538 H5=0.692 H20=1.000
2026-04-04 23:54:33,603  INFO        P3 Epoch  9 | TrainLoss 0.2450 | ValLoss 0.2545 | Gap -0.0096 | ValAcc H1=0.538 H5=0.692 H20=1.000
2026-04-04 23:54:33,604  INFO        Phase 3 early stopping at epoch 9
2026-04-04 23:54:33,605  INFO        Phase 3 complete. Best val_loss: 0.2535
2026-04-04 23:54:33,618  INFO      Phase 3 checkpoint saved: models/fine_tuned/checkpoint_NYSE_PG_1W_phase3_20260404.pt
2026-04-04 23:54:33,618  INFO      ============================================================
2026-04-04 23:54:33,618  INFO      Fine-Tuning Summary
2026-04-04 23:54:33,618  INFO        Instrument     : NYSE_PG 1W
2026-04-04 23:54:33,619  INFO        Final phase    : 3
2026-04-04 23:54:33,619  INFO        Final checkpoint: models/fine_tuned/checkpoint_NYSE_PG_1W_phase3_20260404.pt
2026-04-04 23:54:33,628  INFO        Base model — H1=0.538  H5=0.692  H20=1.000  Mean=0.744
2026-04-04 23:54:33,628  INFO        Fine-tuned — H1=0.538  H5=0.692  H20=1.000  Mean=0.744  (Phase 3)
2026-04-04 23:54:33,628  INFO        Delta mean accuracy : +0.000  = Fine-tuning matched base model.
2026-04-04 23:54:33,628  INFO        Per-horizon delta   :  H1=+0.000  H5=+0.000  H20=+0.000
2026-04-04 23:54:33,630  INFO        Metrics saved  : logs/finetune/NYSE_PG_1W_20260404_metrics.csv
2026-04-04 23:54:33,631  INFO      Stage 6 complete.
