2026-04-04 23:32:56,344  INFO      ============================================================
2026-04-04 23:32:56,344  INFO      Stage 6 Fine-Tuning — Start
2026-04-04 23:32:56,344  INFO      Instrument  : NYSE_AMZN
2026-04-04 23:32:56,344  INFO      Resolution  : 1H
2026-04-04 23:32:56,344  INFO      Device      : cpu
2026-04-04 23:32:56,344  INFO      Base checkpoint: models/base/checkpoint_base_v1.pt
2026-04-04 23:32:56,345  INFO      Loading: NYSE_AMZN_1H_20240405_20260326.npy
2026-04-04 23:32:58,463  INFO        Shape: (3255, 60, 48)  (3255 windows)
2026-04-04 23:32:58,495  INFO        Date range: 2024-05-10 → 2026-03-25  (1.9 years)
2026-04-04 23:32:58,495  INFO        Train windows: 2828  Val windows: 427
2026-04-04 23:32:58,495  INFO      Years of data: 1.9
2026-04-04 23:32:58,523  INFO      Loading base checkpoint: models/base/checkpoint_base_v1.pt
2026-04-04 23:32:58,536  INFO        Base val_loss: 0.2466  (fold 2, epoch 28)
2026-04-04 23:32:58,537  INFO      --------------------------------------------------
2026-04-04 23:32:58,537  INFO      Phase 1 — Head-only adaptation (encoder frozen)
2026-04-04 23:33:01,961  INFO        P1 Epoch  1 | TrainLoss 0.2441 | ValLoss 0.2458 | ValAcc H1=0.554 H5=0.530 H20=0.510
2026-04-04 23:33:04,286  INFO        P1 Epoch  2 | TrainLoss 0.2441 | ValLoss 0.2458 | ValAcc H1=0.554 H5=0.534 H20=0.512
2026-04-04 23:33:06,948  INFO        P1 Epoch  3 | TrainLoss 0.2438 | ValLoss 0.2457 | ValAcc H1=0.556 H5=0.534 H20=0.513
2026-04-04 23:33:09,293  INFO        P1 Epoch  4 | TrainLoss 0.2436 | ValLoss 0.2457 | ValAcc H1=0.551 H5=0.532 H20=0.518
2026-04-04 23:33:11,723  INFO        P1 Epoch  5 | TrainLoss 0.2439 | ValLoss 0.2457 | ValAcc H1=0.549 H5=0.544 H20=0.508
2026-04-04 23:33:14,091  INFO        P1 Epoch  6 | TrainLoss 0.2433 | ValLoss 0.2457 | ValAcc H1=0.546 H5=0.537 H20=0.508
2026-04-04 23:33:16,719  INFO        P1 Epoch  7 | TrainLoss 0.2436 | ValLoss 0.2457 | ValAcc H1=0.546 H5=0.542 H20=0.525
2026-04-04 23:33:19,117  INFO        P1 Epoch  8 | TrainLoss 0.2433 | ValLoss 0.2457 | ValAcc H1=0.549 H5=0.540 H20=0.532
2026-04-04 23:33:21,511  INFO        P1 Epoch  9 | TrainLoss 0.2433 | ValLoss 0.2457 | ValAcc H1=0.553 H5=0.530 H20=0.530
2026-04-04 23:33:23,933  INFO        P1 Epoch 10 | TrainLoss 0.2434 | ValLoss 0.2458 | ValAcc H1=0.553 H5=0.540 H20=0.532
2026-04-04 23:33:26,438  INFO        P1 Epoch 11 | TrainLoss 0.2426 | ValLoss 0.2458 | ValAcc H1=0.550 H5=0.534 H20=0.530
2026-04-04 23:33:28,946  INFO        P1 Epoch 12 | TrainLoss 0.2431 | ValLoss 0.2458 | ValAcc H1=0.550 H5=0.534 H20=0.530
2026-04-04 23:33:31,359  INFO        P1 Epoch 13 | TrainLoss 0.2431 | ValLoss 0.2458 | ValAcc H1=0.550 H5=0.530 H20=0.533
2026-04-04 23:33:31,359  INFO        Phase 1 early stopping at epoch 13
2026-04-04 23:33:31,645  INFO        Phase 1 complete. Best val_loss: 0.2457  H1=0.556 H5=0.534 H20=0.513
2026-04-04 23:33:31,650  INFO      Phase 1 checkpoint saved: models/fine_tuned/checkpoint_NYSE_AMZN_1H_phase1_20260404.pt
2026-04-04 23:33:31,650  INFO      Loading base checkpoint: models/base/checkpoint_base_v1.pt
2026-04-04 23:33:31,659  INFO        Base val_loss: 0.2466  (fold 2, epoch 28)
2026-04-04 23:33:31,948  INFO      Base model H1 accuracy on instrument val set: 0.573
2026-04-04 23:33:31,948  INFO      Fine-tuned  H1 accuracy (Phase 1)           : 0.556
2026-04-04 23:33:31,948  INFO      --------------------------------------------------
2026-04-04 23:33:31,948  INFO      Phase 2 — Verification gate
2026-04-04 23:33:31,948  INFO        Fine-tuned accuracy — H1=0.556  H5=0.534  H20=0.513  Mean=0.535
2026-04-04 23:33:31,948  INFO        Minimum required (mean across horizons) : 0.510
2026-04-04 23:33:31,949  INFO        ✓ Phase 2 PASSED (H1=0.556  H5=0.534  H20=0.513) — proceeding to Phase 3
2026-04-04 23:33:31,949  INFO      --------------------------------------------------
2026-04-04 23:33:31,949  INFO      Phase 3 — Selective encoder unfreeze
2026-04-04 23:33:31,949  WARNING     ✗ Skipping Phase 3 — only 1.9 years of data (need 2.0)
2026-04-04 23:33:31,949  WARNING     Using Phase 1 checkpoint as final output.
2026-04-04 23:33:31,950  INFO      Reverted to Phase 1 checkpoint.
2026-04-04 23:33:32,234  INFO      Phase 1 H1 accuracy (recheck): 0.556
2026-04-04 23:33:32,235  INFO      ============================================================
2026-04-04 23:33:32,235  INFO      Fine-Tuning Summary
2026-04-04 23:33:32,235  INFO        Instrument     : NYSE_AMZN 1H
2026-04-04 23:33:32,235  INFO        Final phase    : 1
2026-04-04 23:33:32,235  INFO        Final checkpoint: models/fine_tuned/checkpoint_NYSE_AMZN_1H_phase1_20260404.pt
2026-04-04 23:33:32,520  INFO        Base model — H1=0.573  H5=0.546  H20=0.521  Mean=0.547
2026-04-04 23:33:32,521  INFO        Fine-tuned — H1=0.556  H5=0.534  H20=0.513  Mean=0.535  (Phase 1)
2026-04-04 23:33:32,521  WARNING     Delta mean accuracy : -0.012  ⚠  Fine-tuning degraded mean accuracy. Consider using the base model for this instrument. H1 delta=-0.017  H5 delta=-0.012  H20 delta=-0.008
2026-04-04 23:33:32,523  INFO        Metrics saved  : logs/finetune/NYSE_AMZN_1H_20260404_metrics.csv
2026-04-04 23:33:32,523  INFO      Stage 6 complete.
