2026-04-04 23:28:08,258  INFO      ============================================================
2026-04-04 23:28:08,258  INFO      Stage 6 Fine-Tuning — Start
2026-04-04 23:28:08,258  INFO      Instrument  : NYSE_AAPL
2026-04-04 23:28:08,258  INFO      Resolution  : 1D
2026-04-04 23:28:08,258  INFO      Device      : cpu
2026-04-04 23:28:08,259  INFO      Base checkpoint: models/base/checkpoint_base_v1.pt
2026-04-04 23:28:08,260  INFO      Loading: NYSE_AAPL_1D_20150101_20260326.npy
2026-04-04 23:28:08,351  INFO        Shape: (2644, 60, 42)  (2644 windows)
2026-04-04 23:28:08,377  INFO        Date range: 2015-09-18 → 2026-03-25  (10.5 years)
2026-04-04 23:28:08,377  INFO        Train windows: 2583  Val windows: 61
2026-04-04 23:28:08,378  INFO      Years of data: 10.5
2026-04-04 23:28:08,428  INFO      Loading base checkpoint: models/base/checkpoint_base_v1.pt
2026-04-04 23:28:08,445  INFO        Base val_loss: 0.2466  (fold 2, epoch 28)
2026-04-04 23:28:08,445  INFO      --------------------------------------------------
2026-04-04 23:28:08,446  INFO      Phase 1 — Head-only adaptation (encoder frozen)
2026-04-04 23:28:11,080  INFO        P1 Epoch  1 | TrainLoss 0.2456 | ValLoss 0.2466 | ValAcc H1=0.574 H5=0.508 H20=0.590
2026-04-04 23:28:12,728  INFO        P1 Epoch  2 | TrainLoss 0.2456 | ValLoss 0.2466 | ValAcc H1=0.574 H5=0.508 H20=0.557
2026-04-04 23:28:14,775  INFO        P1 Epoch  3 | TrainLoss 0.2456 | ValLoss 0.2466 | ValAcc H1=0.574 H5=0.508 H20=0.525
2026-04-04 23:28:16,451  INFO        P1 Epoch  4 | TrainLoss 0.2453 | ValLoss 0.2466 | ValAcc H1=0.574 H5=0.525 H20=0.557
2026-04-04 23:28:18,104  INFO        P1 Epoch  5 | TrainLoss 0.2454 | ValLoss 0.2465 | ValAcc H1=0.590 H5=0.492 H20=0.541
2026-04-04 23:28:19,842  INFO        P1 Epoch  6 | TrainLoss 0.2455 | ValLoss 0.2465 | ValAcc H1=0.574 H5=0.508 H20=0.525
2026-04-04 23:28:21,516  INFO        P1 Epoch  7 | TrainLoss 0.2453 | ValLoss 0.2465 | ValAcc H1=0.590 H5=0.508 H20=0.541
2026-04-04 23:28:23,147  INFO        P1 Epoch  8 | TrainLoss 0.2453 | ValLoss 0.2464 | ValAcc H1=0.590 H5=0.508 H20=0.541
2026-04-04 23:28:25,107  INFO        P1 Epoch  9 | TrainLoss 0.2454 | ValLoss 0.2464 | ValAcc H1=0.590 H5=0.492 H20=0.574
2026-04-04 23:28:26,788  INFO        P1 Epoch 10 | TrainLoss 0.2454 | ValLoss 0.2464 | ValAcc H1=0.590 H5=0.492 H20=0.557
2026-04-04 23:28:28,414  INFO        P1 Epoch 11 | TrainLoss 0.2455 | ValLoss 0.2464 | ValAcc H1=0.590 H5=0.508 H20=0.557
2026-04-04 23:28:30,139  INFO        P1 Epoch 12 | TrainLoss 0.2453 | ValLoss 0.2464 | ValAcc H1=0.590 H5=0.492 H20=0.541
2026-04-04 23:28:31,795  INFO        P1 Epoch 13 | TrainLoss 0.2454 | ValLoss 0.2464 | ValAcc H1=0.590 H5=0.508 H20=0.574
2026-04-04 23:28:33,375  INFO        P1 Epoch 14 | TrainLoss 0.2454 | ValLoss 0.2464 | ValAcc H1=0.590 H5=0.492 H20=0.574
2026-04-04 23:28:35,571  INFO        P1 Epoch 15 | TrainLoss 0.2456 | ValLoss 0.2464 | ValAcc H1=0.590 H5=0.492 H20=0.574
2026-04-04 23:28:35,571  INFO        Phase 1 early stopping at epoch 15
2026-04-04 23:28:35,607  INFO        Phase 1 complete. Best val_loss: 0.2465  H1=0.590 H5=0.492 H20=0.541
2026-04-04 23:28:35,612  INFO      Phase 1 checkpoint saved: models/fine_tuned/checkpoint_NYSE_AAPL_1D_phase1_20260404.pt
2026-04-04 23:28:35,612  INFO      Loading base checkpoint: models/base/checkpoint_base_v1.pt
2026-04-04 23:28:35,622  INFO        Base val_loss: 0.2466  (fold 2, epoch 28)
2026-04-04 23:28:35,656  INFO      Base model H1 accuracy on instrument val set: 0.574
2026-04-04 23:28:35,656  INFO      Fine-tuned  H1 accuracy (Phase 1)           : 0.590
2026-04-04 23:28:35,656  INFO      --------------------------------------------------
2026-04-04 23:28:35,656  INFO      Phase 2 — Verification gate
2026-04-04 23:28:35,656  INFO        Fine-tuned accuracy — H1=0.590  H5=0.492  H20=0.541  Mean=0.541
2026-04-04 23:28:35,656  INFO        Minimum required (mean across horizons) : 0.510
2026-04-04 23:28:35,657  INFO        ✓ Phase 2 PASSED (H1=0.590  H5=0.492  H20=0.541) — proceeding to Phase 3
2026-04-04 23:28:35,657  INFO      --------------------------------------------------
2026-04-04 23:28:35,657  INFO      Phase 3 — Selective encoder unfreeze
2026-04-04 23:28:35,658  INFO        Encoder layers 1 & 2 unfrozen (layer 0 frozen)
2026-04-04 23:28:35,658  INFO        Encoder LR: 1e-05  Head LR: 3e-05
2026-04-04 23:28:35,658  INFO        Dropout: encoder=0.40  head=0.45
2026-04-04 23:28:42,585  INFO        P3 Epoch  1 | TrainLoss 0.2454 | ValLoss 0.2465 | Gap -0.0012 | ValAcc H1=0.574 H5=0.492 H20=0.525
2026-04-04 23:28:49,593  INFO        P3 Epoch  2 | TrainLoss 0.2456 | ValLoss 0.2465 | Gap -0.0009 | ValAcc H1=0.590 H5=0.525 H20=0.557
2026-04-04 23:28:56,687  INFO        P3 Epoch  3 | TrainLoss 0.2453 | ValLoss 0.2464 | Gap -0.0011 | ValAcc H1=0.590 H5=0.508 H20=0.557
2026-04-04 23:29:03,553  INFO        P3 Epoch  4 | TrainLoss 0.2454 | ValLoss 0.2464 | Gap -0.0010 | ValAcc H1=0.590 H5=0.508 H20=0.574
2026-04-04 23:29:10,557  INFO        P3 Epoch  5 | TrainLoss 0.2456 | ValLoss 0.2464 | Gap -0.0008 | ValAcc H1=0.590 H5=0.492 H20=0.574
2026-04-04 23:29:17,618  INFO        P3 Epoch  6 | TrainLoss 0.2452 | ValLoss 0.2464 | Gap -0.0012 | ValAcc H1=0.590 H5=0.508 H20=0.574
2026-04-04 23:29:24,417  INFO        P3 Epoch  7 | TrainLoss 0.2452 | ValLoss 0.2464 | Gap -0.0012 | ValAcc H1=0.590 H5=0.525 H20=0.574
2026-04-04 23:29:31,517  INFO        P3 Epoch  8 | TrainLoss 0.2453 | ValLoss 0.2464 | Gap -0.0011 | ValAcc H1=0.590 H5=0.508 H20=0.574
2026-04-04 23:29:38,570  INFO        P3 Epoch  9 | TrainLoss 0.2453 | ValLoss 0.2464 | Gap -0.0011 | ValAcc H1=0.590 H5=0.492 H20=0.574
2026-04-04 23:29:45,391  INFO        P3 Epoch 10 | TrainLoss 0.2452 | ValLoss 0.2463 | Gap -0.0011 | ValAcc H1=0.590 H5=0.525 H20=0.574
2026-04-04 23:29:52,637  INFO        P3 Epoch 11 | TrainLoss 0.2453 | ValLoss 0.2463 | Gap -0.0010 | ValAcc H1=0.590 H5=0.525 H20=0.574
2026-04-04 23:29:59,847  INFO        P3 Epoch 12 | TrainLoss 0.2453 | ValLoss 0.2463 | Gap -0.0010 | ValAcc H1=0.590 H5=0.508 H20=0.574
2026-04-04 23:30:06,715  INFO        P3 Epoch 13 | TrainLoss 0.2451 | ValLoss 0.2463 | Gap -0.0012 | ValAcc H1=0.590 H5=0.508 H20=0.574
2026-04-04 23:30:06,715  INFO        Phase 3 early stopping at epoch 13
2026-04-04 23:30:06,717  INFO        Phase 3 complete. Best val_loss: 0.2464
2026-04-04 23:30:06,754  INFO      Phase 3 checkpoint saved: models/fine_tuned/checkpoint_NYSE_AAPL_1D_phase3_20260404.pt
2026-04-04 23:30:06,754  INFO      ============================================================
2026-04-04 23:30:06,754  INFO      Fine-Tuning Summary
2026-04-04 23:30:06,754  INFO        Instrument     : NYSE_AAPL 1D
2026-04-04 23:30:06,754  INFO        Final phase    : 3
2026-04-04 23:30:06,754  INFO        Final checkpoint: models/fine_tuned/checkpoint_NYSE_AAPL_1D_phase3_20260404.pt
2026-04-04 23:30:06,793  INFO        Base model — H1=0.574  H5=0.508  H20=0.656  Mean=0.579
2026-04-04 23:30:06,793  INFO        Fine-tuned — H1=0.590  H5=0.492  H20=0.574  Mean=0.552  (Phase 3)
2026-04-04 23:30:06,793  WARNING     Delta mean accuracy : -0.027  ⚠  Fine-tuning degraded mean accuracy. Consider using the base model for this instrument. H1 delta=+0.016  H5 delta=-0.016  H20 delta=-0.082
2026-04-04 23:30:06,795  INFO        Metrics saved  : logs/finetune/NYSE_AAPL_1D_20260404_metrics.csv
2026-04-04 23:30:06,796  INFO      Stage 6 complete.
