2026-04-04 23:45:59,987  INFO      ============================================================
2026-04-04 23:45:59,987  INFO      Stage 6 Fine-Tuning — Start
2026-04-04 23:45:59,987  INFO      Instrument  : NYSE_JPM
2026-04-04 23:45:59,988  INFO      Resolution  : 4H
2026-04-04 23:45:59,988  INFO      Device      : cpu
2026-04-04 23:45:59,988  INFO      Base checkpoint: models/base/checkpoint_base_v1.pt
2026-04-04 23:45:59,989  INFO      Loading: NYSE_JPM_4H_20240405_20260326.npy
2026-04-04 23:46:00,960  INFO        Shape: (972, 60, 48)  (972 windows)
2026-04-04 23:46:00,973  INFO        Date range: 2024-08-14 → 2026-03-25  (1.6 years)
2026-04-04 23:46:00,973  INFO        Train windows: 802  Val windows: 170
2026-04-04 23:46:00,973  INFO      Years of data: 1.6
2026-04-04 23:46:00,984  INFO      Loading base checkpoint: models/base/checkpoint_base_v1.pt
2026-04-04 23:46:01,017  INFO        Base val_loss: 0.2466  (fold 2, epoch 28)
2026-04-04 23:46:01,017  INFO      --------------------------------------------------
2026-04-04 23:46:01,018  INFO      Phase 1 — Head-only adaptation (encoder frozen)
2026-04-04 23:46:02,639  INFO        P1 Epoch  1 | TrainLoss 0.2455 | ValLoss 0.2412 | ValAcc H1=0.613 H5=0.626 H20=0.656
2026-04-04 23:46:03,313  INFO        P1 Epoch  2 | TrainLoss 0.2453 | ValLoss 0.2413 | ValAcc H1=0.613 H5=0.626 H20=0.661
2026-04-04 23:46:04,024  INFO        P1 Epoch  3 | TrainLoss 0.2451 | ValLoss 0.2413 | ValAcc H1=0.618 H5=0.621 H20=0.650
2026-04-04 23:46:04,752  INFO        P1 Epoch  4 | TrainLoss 0.2449 | ValLoss 0.2413 | ValAcc H1=0.610 H5=0.616 H20=0.669
2026-04-04 23:46:05,447  INFO        P1 Epoch  5 | TrainLoss 0.2449 | ValLoss 0.2413 | ValAcc H1=0.615 H5=0.605 H20=0.661
2026-04-04 23:46:06,332  INFO        P1 Epoch  6 | TrainLoss 0.2452 | ValLoss 0.2413 | ValAcc H1=0.623 H5=0.605 H20=0.661
2026-04-04 23:46:07,048  INFO        P1 Epoch  7 | TrainLoss 0.2450 | ValLoss 0.2413 | ValAcc H1=0.628 H5=0.616 H20=0.666
2026-04-04 23:46:07,761  INFO        P1 Epoch  8 | TrainLoss 0.2449 | ValLoss 0.2413 | ValAcc H1=0.628 H5=0.616 H20=0.671
2026-04-04 23:46:08,435  INFO        P1 Epoch  9 | TrainLoss 0.2450 | ValLoss 0.2414 | ValAcc H1=0.628 H5=0.631 H20=0.658
2026-04-04 23:46:09,124  INFO        P1 Epoch 10 | TrainLoss 0.2451 | ValLoss 0.2414 | ValAcc H1=0.634 H5=0.631 H20=0.663
2026-04-04 23:46:09,868  INFO        P1 Epoch 11 | TrainLoss 0.2447 | ValLoss 0.2414 | ValAcc H1=0.634 H5=0.631 H20=0.660
2026-04-04 23:46:09,869  INFO        Phase 1 early stopping at epoch 11
2026-04-04 23:46:09,993  INFO        Phase 1 complete. Best val_loss: 0.2412  H1=0.613 H5=0.626 H20=0.656
2026-04-04 23:46:09,998  INFO      Phase 1 checkpoint saved: models/fine_tuned/checkpoint_NYSE_JPM_4H_phase1_20260404.pt
2026-04-04 23:46:09,998  INFO      Loading base checkpoint: models/base/checkpoint_base_v1.pt
2026-04-04 23:46:10,007  INFO        Base val_loss: 0.2466  (fold 2, epoch 28)
2026-04-04 23:46:10,122  INFO      Base model H1 accuracy on instrument val set: 0.608
2026-04-04 23:46:10,122  INFO      Fine-tuned  H1 accuracy (Phase 1)           : 0.613
2026-04-04 23:46:10,122  INFO      --------------------------------------------------
2026-04-04 23:46:10,122  INFO      Phase 2 — Verification gate
2026-04-04 23:46:10,123  INFO        Fine-tuned accuracy — H1=0.613  H5=0.626  H20=0.656  Mean=0.631
2026-04-04 23:46:10,123  INFO        Minimum required (mean across horizons) : 0.510
2026-04-04 23:46:10,123  INFO        ✓ Phase 2 PASSED (H1=0.613  H5=0.626  H20=0.656) — proceeding to Phase 3
2026-04-04 23:46:10,123  INFO      --------------------------------------------------
2026-04-04 23:46:10,123  INFO      Phase 3 — Selective encoder unfreeze
2026-04-04 23:46:10,123  WARNING     ✗ Skipping Phase 3 — only 1.6 years of data (need 2.0)
2026-04-04 23:46:10,123  WARNING     Using Phase 1 checkpoint as final output.
2026-04-04 23:46:10,124  INFO      Reverted to Phase 1 checkpoint.
2026-04-04 23:46:10,240  INFO      Phase 1 H1 accuracy (recheck): 0.613
2026-04-04 23:46:10,240  INFO      ============================================================
2026-04-04 23:46:10,240  INFO      Fine-Tuning Summary
2026-04-04 23:46:10,241  INFO        Instrument     : NYSE_JPM 4H
2026-04-04 23:46:10,241  INFO        Final phase    : 1
2026-04-04 23:46:10,241  INFO        Final checkpoint: models/fine_tuned/checkpoint_NYSE_JPM_4H_phase1_20260404.pt
2026-04-04 23:46:10,353  INFO        Base model — H1=0.608  H5=0.621  H20=0.642  Mean=0.624
2026-04-04 23:46:10,354  INFO        Fine-tuned — H1=0.613  H5=0.626  H20=0.656  Mean=0.631  (Phase 1)
2026-04-04 23:46:10,354  INFO        Delta mean accuracy : +0.008  ✓ Fine-tuning improved accuracy.
2026-04-04 23:46:10,354  INFO        Per-horizon delta   :  H1=+0.005  H5=+0.005  H20=+0.013
2026-04-04 23:46:10,356  INFO        Metrics saved  : logs/finetune/NYSE_JPM_4H_20260404_metrics.csv
2026-04-04 23:46:10,356  INFO      Stage 6 complete.
