2026-04-13 18:06:56,356  INFO      ============================================================
2026-04-13 18:06:56,356  INFO      Stage 6 Fine-Tuning — Start
2026-04-13 18:06:56,356  INFO      Instrument  : NYSE_META
2026-04-13 18:06:56,356  INFO      Resolution  : 1D
2026-04-13 18:06:56,356  INFO      Device      : cpu
2026-04-13 18:06:56,357  INFO      Base checkpoint: models/base/checkpoint_base_v1.pt
2026-04-13 18:06:56,358  INFO      Loading: NYSE_META_1D_20150101_20260412.npy
2026-04-13 18:06:57,757  INFO        Shape: (2655, 60, 47)  (2655 windows)
2026-04-13 18:06:57,804  INFO        Date range: 2015-09-18 → 2026-04-10  (10.6 years)
2026-04-13 18:06:57,804  INFO        Train windows: 2593  Val windows: 62
2026-04-13 18:06:57,805  INFO      Years of data: 10.6
2026-04-13 18:06:57,866  INFO      Loading base checkpoint: models/base/checkpoint_base_v1.pt
2026-04-13 18:06:57,881  INFO        Base val_loss: 0.2463  (fold 3, epoch 22)
2026-04-13 18:06:57,882  INFO      --------------------------------------------------
2026-04-13 18:06:57,882  INFO      Phase 1 — Head-only adaptation (encoder frozen)
2026-04-13 18:07:01,940  INFO        P1 Epoch  1 | TrainLoss 0.2465 | ValLoss 0.2492 | ValAcc H1=0.468 H5=0.548 H20=0.597
2026-04-13 18:07:04,373  INFO        P1 Epoch  2 | TrainLoss 0.2464 | ValLoss 0.2492 | ValAcc H1=0.419 H5=0.548 H20=0.565
2026-04-13 18:07:06,797  INFO        P1 Epoch  3 | TrainLoss 0.2464 | ValLoss 0.2492 | ValAcc H1=0.419 H5=0.548 H20=0.532
2026-04-13 18:07:09,046  INFO        P1 Epoch  4 | TrainLoss 0.2462 | ValLoss 0.2492 | ValAcc H1=0.419 H5=0.548 H20=0.452
2026-04-13 18:07:11,379  INFO        P1 Epoch  5 | TrainLoss 0.2463 | ValLoss 0.2492 | ValAcc H1=0.419 H5=0.532 H20=0.435
2026-04-13 18:07:13,577  INFO        P1 Epoch  6 | TrainLoss 0.2463 | ValLoss 0.2492 | ValAcc H1=0.419 H5=0.484 H20=0.435
2026-04-13 18:07:15,826  INFO        P1 Epoch  7 | TrainLoss 0.2460 | ValLoss 0.2492 | ValAcc H1=0.419 H5=0.484 H20=0.435
2026-04-13 18:07:18,069  INFO        P1 Epoch  8 | TrainLoss 0.2463 | ValLoss 0.2493 | ValAcc H1=0.419 H5=0.484 H20=0.371
2026-04-13 18:07:20,363  INFO        P1 Epoch  9 | TrainLoss 0.2461 | ValLoss 0.2493 | ValAcc H1=0.419 H5=0.452 H20=0.387
2026-04-13 18:07:22,543  INFO        P1 Epoch 10 | TrainLoss 0.2461 | ValLoss 0.2493 | ValAcc H1=0.419 H5=0.452 H20=0.339
2026-04-13 18:07:24,782  INFO        P1 Epoch 11 | TrainLoss 0.2462 | ValLoss 0.2493 | ValAcc H1=0.419 H5=0.452 H20=0.339
2026-04-13 18:07:24,782  INFO        Phase 1 early stopping at epoch 11
2026-04-13 18:07:24,833  INFO        Phase 1 complete. Best val_loss: 0.2492  H1=0.468 H5=0.548 H20=0.597
2026-04-13 18:07:24,838  INFO      Phase 1 checkpoint saved: models/fine_tuned/checkpoint_NYSE_META_1D_phase1_20260413.pt
2026-04-13 18:07:24,839  INFO      Loading base checkpoint: models/base/checkpoint_base_v1.pt
2026-04-13 18:07:24,850  INFO        Base val_loss: 0.2463  (fold 3, epoch 22)
2026-04-13 18:07:24,935  INFO      Base model H1 accuracy on instrument val set: 0.500
2026-04-13 18:07:24,935  INFO      Fine-tuned  H1 accuracy (Phase 1)           : 0.468
2026-04-13 18:07:24,936  INFO      --------------------------------------------------
2026-04-13 18:07:24,936  INFO      Phase 2 — Verification gate
2026-04-13 18:07:24,936  INFO        Fine-tuned accuracy — H1=0.468  H5=0.548  H20=0.597  Mean=0.538
2026-04-13 18:07:24,936  INFO        Minimum required (mean across horizons) : 0.510
2026-04-13 18:07:24,936  INFO        ✓ Phase 2 PASSED (H1=0.468  H5=0.548  H20=0.597) — proceeding to Phase 3
2026-04-13 18:07:24,936  INFO      --------------------------------------------------
2026-04-13 18:07:24,936  INFO      Phase 3 — Selective encoder unfreeze
2026-04-13 18:07:24,938  INFO        Encoder layers 1 & 2 unfrozen (layer 0 frozen)
2026-04-13 18:07:24,938  INFO        Encoder LR: 1e-05  Head LR: 3e-05
2026-04-13 18:07:24,939  INFO        Dropout: encoder=0.40  head=0.45
2026-04-13 18:07:32,778  INFO        P3 Epoch  1 | TrainLoss 0.2466 | ValLoss 0.2491 | Gap -0.0025 | ValAcc H1=0.419 H5=0.548 H20=0.565
2026-04-13 18:07:40,333  INFO        P3 Epoch  2 | TrainLoss 0.2463 | ValLoss 0.2491 | Gap -0.0028 | ValAcc H1=0.452 H5=0.548 H20=0.516
2026-04-13 18:07:47,965  INFO        P3 Epoch  3 | TrainLoss 0.2460 | ValLoss 0.2491 | Gap -0.0031 | ValAcc H1=0.435 H5=0.548 H20=0.516
2026-04-13 18:07:55,697  INFO        P3 Epoch  4 | TrainLoss 0.2461 | ValLoss 0.2491 | Gap -0.0030 | ValAcc H1=0.435 H5=0.500 H20=0.452
2026-04-13 18:08:03,466  INFO        P3 Epoch  5 | TrainLoss 0.2462 | ValLoss 0.2491 | Gap -0.0030 | ValAcc H1=0.435 H5=0.516 H20=0.435
2026-04-13 18:08:11,091  INFO        P3 Epoch  6 | TrainLoss 0.2461 | ValLoss 0.2491 | Gap -0.0030 | ValAcc H1=0.435 H5=0.500 H20=0.435
2026-04-13 18:08:18,947  INFO        P3 Epoch  7 | TrainLoss 0.2461 | ValLoss 0.2491 | Gap -0.0030 | ValAcc H1=0.435 H5=0.484 H20=0.435
2026-04-13 18:08:26,942  INFO        P3 Epoch  8 | TrainLoss 0.2462 | ValLoss 0.2491 | Gap -0.0030 | ValAcc H1=0.419 H5=0.484 H20=0.435
2026-04-13 18:08:34,888  INFO        P3 Epoch  9 | TrainLoss 0.2460 | ValLoss 0.2491 | Gap -0.0031 | ValAcc H1=0.435 H5=0.484 H20=0.435
2026-04-13 18:08:34,888  INFO        Phase 3 early stopping at epoch 9
2026-04-13 18:08:34,889  INFO        Phase 3 complete. Best val_loss: 0.2491
2026-04-13 18:08:34,946  INFO      Phase 3 checkpoint saved: models/fine_tuned/checkpoint_NYSE_META_1D_phase3_20260413.pt
2026-04-13 18:08:34,947  INFO      ============================================================
2026-04-13 18:08:34,947  INFO      Fine-Tuning Summary
2026-04-13 18:08:34,947  INFO        Instrument     : NYSE_META 1D
2026-04-13 18:08:34,947  INFO        Final phase    : 3
2026-04-13 18:08:34,947  INFO        Final checkpoint: models/fine_tuned/checkpoint_NYSE_META_1D_phase3_20260413.pt
2026-04-13 18:08:34,998  INFO        Base model — H1=0.500  H5=0.516  H20=0.645  Mean=0.554
2026-04-13 18:08:34,998  INFO        Fine-tuned — H1=0.419  H5=0.548  H20=0.565  Mean=0.511  (Phase 3)
2026-04-13 18:08:34,999  WARNING     Delta mean accuracy : -0.043  ⚠  Fine-tuning degraded mean accuracy. Consider using the base model for this instrument. H1 delta=-0.081  H5 delta=+0.032  H20 delta=-0.081
2026-04-13 18:08:35,002  INFO        Metrics saved  : logs/finetune/NYSE_META_1D_20260413_metrics.csv
2026-04-13 18:08:35,002  INFO      Stage 6 complete.
