2026-04-04 23:43:01,430  INFO      ============================================================
2026-04-04 23:43:01,433  INFO      Stage 6 Fine-Tuning — Start
2026-04-04 23:43:01,433  INFO      Instrument  : NYSE_JNJ
2026-04-04 23:43:01,433  INFO      Resolution  : 4H
2026-04-04 23:43:01,433  INFO      Device      : cpu
2026-04-04 23:43:01,433  INFO      Base checkpoint: models/base/checkpoint_base_v1.pt
2026-04-04 23:43:01,435  INFO      Loading: NYSE_JNJ_4H_20240405_20260326.npy
2026-04-04 23:43:02,262  INFO        Shape: (972, 60, 48)  (972 windows)
2026-04-04 23:43:02,277  INFO        Date range: 2024-08-14 → 2026-03-25  (1.6 years)
2026-04-04 23:43:02,278  INFO        Train windows: 802  Val windows: 170
2026-04-04 23:43:02,278  INFO      Years of data: 1.6
2026-04-04 23:43:02,287  INFO      Loading base checkpoint: models/base/checkpoint_base_v1.pt
2026-04-04 23:43:02,301  INFO        Base val_loss: 0.2466  (fold 2, epoch 28)
2026-04-04 23:43:02,301  INFO      --------------------------------------------------
2026-04-04 23:43:02,301  INFO      Phase 1 — Head-only adaptation (encoder frozen)
2026-04-04 23:43:03,971  INFO        P1 Epoch  1 | TrainLoss 0.2470 | ValLoss 0.2456 | ValAcc H1=0.573 H5=0.605 H20=0.642
2026-04-04 23:43:04,733  INFO        P1 Epoch  2 | TrainLoss 0.2470 | ValLoss 0.2455 | ValAcc H1=0.573 H5=0.597 H20=0.637
2026-04-04 23:43:05,513  INFO        P1 Epoch  3 | TrainLoss 0.2470 | ValLoss 0.2456 | ValAcc H1=0.573 H5=0.597 H20=0.637
2026-04-04 23:43:06,207  INFO        P1 Epoch  4 | TrainLoss 0.2470 | ValLoss 0.2456 | ValAcc H1=0.573 H5=0.605 H20=0.637
2026-04-04 23:43:06,912  INFO        P1 Epoch  5 | TrainLoss 0.2469 | ValLoss 0.2456 | ValAcc H1=0.573 H5=0.610 H20=0.637
2026-04-04 23:43:07,650  INFO        P1 Epoch  6 | TrainLoss 0.2471 | ValLoss 0.2456 | ValAcc H1=0.573 H5=0.605 H20=0.637
2026-04-04 23:43:08,329  INFO        P1 Epoch  7 | TrainLoss 0.2465 | ValLoss 0.2456 | ValAcc H1=0.573 H5=0.602 H20=0.637
2026-04-04 23:43:09,049  INFO        P1 Epoch  8 | TrainLoss 0.2472 | ValLoss 0.2456 | ValAcc H1=0.573 H5=0.605 H20=0.637
2026-04-04 23:43:09,776  INFO        P1 Epoch  9 | TrainLoss 0.2470 | ValLoss 0.2457 | ValAcc H1=0.573 H5=0.602 H20=0.637
2026-04-04 23:43:10,486  INFO        P1 Epoch 10 | TrainLoss 0.2470 | ValLoss 0.2457 | ValAcc H1=0.573 H5=0.597 H20=0.637
2026-04-04 23:43:11,209  INFO        P1 Epoch 11 | TrainLoss 0.2468 | ValLoss 0.2457 | ValAcc H1=0.573 H5=0.602 H20=0.637
2026-04-04 23:43:11,209  INFO        Phase 1 early stopping at epoch 11
2026-04-04 23:43:11,318  INFO        Phase 1 complete. Best val_loss: 0.2456  H1=0.573 H5=0.605 H20=0.642
2026-04-04 23:43:11,323  INFO      Phase 1 checkpoint saved: models/fine_tuned/checkpoint_NYSE_JNJ_4H_phase1_20260404.pt
2026-04-04 23:43:11,323  INFO      Loading base checkpoint: models/base/checkpoint_base_v1.pt
2026-04-04 23:43:11,333  INFO        Base val_loss: 0.2466  (fold 2, epoch 28)
2026-04-04 23:43:11,440  INFO      Base model H1 accuracy on instrument val set: 0.573
2026-04-04 23:43:11,440  INFO      Fine-tuned  H1 accuracy (Phase 1)           : 0.573
2026-04-04 23:43:11,440  INFO      --------------------------------------------------
2026-04-04 23:43:11,440  INFO      Phase 2 — Verification gate
2026-04-04 23:43:11,440  INFO        Fine-tuned accuracy — H1=0.573  H5=0.605  H20=0.642  Mean=0.607
2026-04-04 23:43:11,440  INFO        Minimum required (mean across horizons) : 0.510
2026-04-04 23:43:11,440  INFO        ✓ Phase 2 PASSED (H1=0.573  H5=0.605  H20=0.642) — proceeding to Phase 3
2026-04-04 23:43:11,440  INFO      --------------------------------------------------
2026-04-04 23:43:11,440  INFO      Phase 3 — Selective encoder unfreeze
2026-04-04 23:43:11,441  WARNING     ✗ Skipping Phase 3 — only 1.6 years of data (need 2.0)
2026-04-04 23:43:11,441  WARNING     Using Phase 1 checkpoint as final output.
2026-04-04 23:43:11,442  INFO      Reverted to Phase 1 checkpoint.
2026-04-04 23:43:11,623  INFO      Phase 1 H1 accuracy (recheck): 0.573
2026-04-04 23:43:11,623  INFO      ============================================================
2026-04-04 23:43:11,623  INFO      Fine-Tuning Summary
2026-04-04 23:43:11,623  INFO        Instrument     : NYSE_JNJ 4H
2026-04-04 23:43:11,623  INFO        Final phase    : 1
2026-04-04 23:43:11,623  INFO        Final checkpoint: models/fine_tuned/checkpoint_NYSE_JNJ_4H_phase1_20260404.pt
2026-04-04 23:43:11,763  INFO        Base model — H1=0.573  H5=0.605  H20=0.642  Mean=0.607
2026-04-04 23:43:11,764  INFO        Fine-tuned — H1=0.573  H5=0.605  H20=0.642  Mean=0.607  (Phase 1)
2026-04-04 23:43:11,764  INFO        Delta mean accuracy : +0.000  = Fine-tuning matched base model.
2026-04-04 23:43:11,764  INFO        Per-horizon delta   :  H1=+0.000  H5=+0.000  H20=+0.000
2026-04-04 23:43:11,767  INFO        Metrics saved  : logs/finetune/NYSE_JNJ_4H_20260404_metrics.csv
2026-04-04 23:43:11,767  INFO      Stage 6 complete.
