2026-04-05 00:11:18,275  INFO      ============================================================
2026-04-05 00:11:18,275  INFO      Stage 6 Fine-Tuning — Start
2026-04-05 00:11:18,275  INFO      Instrument  : TSX_MFCTO
2026-04-05 00:11:18,275  INFO      Resolution  : 4H
2026-04-05 00:11:18,276  INFO      Device      : cpu
2026-04-05 00:11:18,276  INFO      Base checkpoint: models/base/checkpoint_base_v1.pt
2026-04-05 00:11:18,277  INFO      Loading: TSX_MFCTO_4H_20240405_20260326.npy
2026-04-05 00:11:18,949  INFO        Shape: (980, 60, 48)  (980 windows)
2026-04-05 00:11:18,958  INFO        Date range: 2024-08-13 → 2026-03-25  (1.6 years)
2026-04-05 00:11:18,958  INFO        Train windows: 810  Val windows: 170
2026-04-05 00:11:18,958  INFO      Years of data: 1.6
2026-04-05 00:11:18,967  INFO      Loading base checkpoint: models/base/checkpoint_base_v1.pt
2026-04-05 00:11:18,988  INFO        Base val_loss: 0.2466  (fold 2, epoch 28)
2026-04-05 00:11:18,988  INFO      --------------------------------------------------
2026-04-05 00:11:18,988  INFO      Phase 1 — Head-only adaptation (encoder frozen)
2026-04-05 00:11:20,554  INFO        P1 Epoch  1 | TrainLoss 0.2462 | ValLoss 0.2443 | ValAcc H1=0.594 H5=0.587 H20=0.627
2026-04-05 00:11:21,308  INFO        P1 Epoch  2 | TrainLoss 0.2460 | ValLoss 0.2443 | ValAcc H1=0.589 H5=0.587 H20=0.627
2026-04-05 00:11:22,330  INFO        P1 Epoch  3 | TrainLoss 0.2460 | ValLoss 0.2443 | ValAcc H1=0.579 H5=0.587 H20=0.622
2026-04-05 00:11:23,101  INFO        P1 Epoch  4 | TrainLoss 0.2462 | ValLoss 0.2443 | ValAcc H1=0.579 H5=0.582 H20=0.622
2026-04-05 00:11:23,801  INFO        P1 Epoch  5 | TrainLoss 0.2458 | ValLoss 0.2443 | ValAcc H1=0.574 H5=0.582 H20=0.637
2026-04-05 00:11:24,494  INFO        P1 Epoch  6 | TrainLoss 0.2460 | ValLoss 0.2443 | ValAcc H1=0.574 H5=0.582 H20=0.632
2026-04-05 00:11:25,209  INFO        P1 Epoch  7 | TrainLoss 0.2462 | ValLoss 0.2444 | ValAcc H1=0.579 H5=0.576 H20=0.622
2026-04-05 00:11:25,893  INFO        P1 Epoch  8 | TrainLoss 0.2458 | ValLoss 0.2444 | ValAcc H1=0.574 H5=0.576 H20=0.627
2026-04-05 00:11:26,577  INFO        P1 Epoch  9 | TrainLoss 0.2459 | ValLoss 0.2444 | ValAcc H1=0.574 H5=0.571 H20=0.627
2026-04-05 00:11:27,449  INFO        P1 Epoch 10 | TrainLoss 0.2460 | ValLoss 0.2444 | ValAcc H1=0.574 H5=0.566 H20=0.627
2026-04-05 00:11:28,187  INFO        P1 Epoch 11 | TrainLoss 0.2458 | ValLoss 0.2444 | ValAcc H1=0.568 H5=0.561 H20=0.627
2026-04-05 00:11:28,187  INFO        Phase 1 early stopping at epoch 11
2026-04-05 00:11:28,309  INFO        Phase 1 complete. Best val_loss: 0.2443  H1=0.594 H5=0.587 H20=0.627
2026-04-05 00:11:28,316  INFO      Phase 1 checkpoint saved: models/fine_tuned/checkpoint_TSX_MFCTO_4H_phase1_20260405.pt
2026-04-05 00:11:28,317  INFO      Loading base checkpoint: models/base/checkpoint_base_v1.pt
2026-04-05 00:11:28,328  INFO        Base val_loss: 0.2466  (fold 2, epoch 28)
2026-04-05 00:11:28,443  INFO      Base model H1 accuracy on instrument val set: 0.594
2026-04-05 00:11:28,444  INFO      Fine-tuned  H1 accuracy (Phase 1)           : 0.594
2026-04-05 00:11:28,444  INFO      --------------------------------------------------
2026-04-05 00:11:28,444  INFO      Phase 2 — Verification gate
2026-04-05 00:11:28,444  INFO        Fine-tuned accuracy — H1=0.594  H5=0.587  H20=0.627  Mean=0.603
2026-04-05 00:11:28,444  INFO        Minimum required (mean across horizons) : 0.510
2026-04-05 00:11:28,444  INFO        ✓ Phase 2 PASSED (H1=0.594  H5=0.587  H20=0.627) — proceeding to Phase 3
2026-04-05 00:11:28,444  INFO      --------------------------------------------------
2026-04-05 00:11:28,444  INFO      Phase 3 — Selective encoder unfreeze
2026-04-05 00:11:28,444  WARNING     ✗ Skipping Phase 3 — only 1.6 years of data (need 2.0)
2026-04-05 00:11:28,444  WARNING     Using Phase 1 checkpoint as final output.
2026-04-05 00:11:28,445  INFO      Reverted to Phase 1 checkpoint.
2026-04-05 00:11:28,559  INFO      Phase 1 H1 accuracy (recheck): 0.594
2026-04-05 00:11:28,559  INFO      ============================================================
2026-04-05 00:11:28,559  INFO      Fine-Tuning Summary
2026-04-05 00:11:28,559  INFO        Instrument     : TSX_MFCTO 4H
2026-04-05 00:11:28,559  INFO        Final phase    : 1
2026-04-05 00:11:28,559  INFO        Final checkpoint: models/fine_tuned/checkpoint_TSX_MFCTO_4H_phase1_20260405.pt
2026-04-05 00:11:28,675  INFO        Base model — H1=0.594  H5=0.587  H20=0.627  Mean=0.603
2026-04-05 00:11:28,675  INFO        Fine-tuned — H1=0.594  H5=0.587  H20=0.627  Mean=0.603  (Phase 1)
2026-04-05 00:11:28,675  INFO        Delta mean accuracy : +0.000  = Fine-tuning matched base model.
2026-04-05 00:11:28,675  INFO        Per-horizon delta   :  H1=+0.000  H5=+0.000  H20=+0.000
2026-04-05 00:11:28,678  INFO        Metrics saved  : logs/finetune/TSX_MFCTO_4H_20260405_metrics.csv
2026-04-05 00:11:28,678  INFO      Stage 6 complete.
