2026-04-13 18:47:20,231  INFO      ============================================================
2026-04-13 18:47:20,231  INFO      Stage 6 Fine-Tuning — Start
2026-04-13 18:47:20,231  INFO      Instrument  : TSX_RYTO
2026-04-13 18:47:20,232  INFO      Resolution  : 1W
2026-04-13 18:47:20,232  INFO      Device      : cpu
2026-04-13 18:47:20,232  INFO      Base checkpoint: models/base/checkpoint_base_v1.pt
2026-04-13 18:47:20,233  INFO      Loading: TSX_RYTO_1W_20150101_20260412.npy
2026-04-13 18:47:20,437  INFO        Shape: (410, 60, 47)  (410 windows)
2026-04-13 18:47:20,441  INFO        Date range: 2018-06-07 → 2026-04-09  (7.8 years)
2026-04-13 18:47:20,441  INFO        Train windows: 397  Val windows: 13
2026-04-13 18:47:20,441  INFO      Years of data: 7.8
2026-04-13 18:47:20,445  INFO      Loading base checkpoint: models/base/checkpoint_base_v1.pt
2026-04-13 18:47:20,465  INFO        Base val_loss: 0.2463  (fold 3, epoch 22)
2026-04-13 18:47:20,465  INFO      --------------------------------------------------
2026-04-13 18:47:20,465  INFO      Phase 1 — Head-only adaptation (encoder frozen)
2026-04-13 18:47:21,857  INFO        P1 Epoch  1 | TrainLoss 0.2471 | ValLoss 0.2469 | ValAcc H1=0.462 H5=0.769 H20=1.000
2026-04-13 18:47:22,231  INFO        P1 Epoch  2 | TrainLoss 0.2472 | ValLoss 0.2469 | ValAcc H1=0.462 H5=0.769 H20=1.000
2026-04-13 18:47:22,585  INFO        P1 Epoch  3 | TrainLoss 0.2467 | ValLoss 0.2469 | ValAcc H1=0.462 H5=0.769 H20=1.000
2026-04-13 18:47:22,940  INFO        P1 Epoch  4 | TrainLoss 0.2464 | ValLoss 0.2469 | ValAcc H1=0.462 H5=0.846 H20=1.000
2026-04-13 18:47:23,304  INFO        P1 Epoch  5 | TrainLoss 0.2481 | ValLoss 0.2469 | ValAcc H1=0.462 H5=0.846 H20=1.000
2026-04-13 18:47:23,763  INFO        P1 Epoch  6 | TrainLoss 0.2484 | ValLoss 0.2469 | ValAcc H1=0.462 H5=0.846 H20=1.000
2026-04-13 18:47:24,392  INFO        P1 Epoch  7 | TrainLoss 0.2477 | ValLoss 0.2469 | ValAcc H1=0.462 H5=0.846 H20=1.000
2026-04-13 18:47:24,904  INFO        P1 Epoch  8 | TrainLoss 0.2472 | ValLoss 0.2469 | ValAcc H1=0.462 H5=0.769 H20=1.000
2026-04-13 18:47:25,277  INFO        P1 Epoch  9 | TrainLoss 0.2471 | ValLoss 0.2469 | ValAcc H1=0.462 H5=0.769 H20=1.000
2026-04-13 18:47:25,690  INFO        P1 Epoch 10 | TrainLoss 0.2483 | ValLoss 0.2469 | ValAcc H1=0.462 H5=0.692 H20=1.000
2026-04-13 18:47:26,130  INFO        P1 Epoch 11 | TrainLoss 0.2482 | ValLoss 0.2469 | ValAcc H1=0.462 H5=0.692 H20=1.000
2026-04-13 18:47:26,130  INFO        Phase 1 early stopping at epoch 11
2026-04-13 18:47:26,145  INFO        Phase 1 complete. Best val_loss: 0.2469  H1=0.462 H5=0.769 H20=1.000
2026-04-13 18:47:26,149  INFO      Phase 1 checkpoint saved: models/fine_tuned/checkpoint_TSX_RYTO_1W_phase1_20260413.pt
2026-04-13 18:47:26,150  INFO      Loading base checkpoint: models/base/checkpoint_base_v1.pt
2026-04-13 18:47:26,161  INFO        Base val_loss: 0.2463  (fold 3, epoch 22)
2026-04-13 18:47:26,172  INFO      Base model H1 accuracy on instrument val set: 0.462
2026-04-13 18:47:26,173  INFO      Fine-tuned  H1 accuracy (Phase 1)           : 0.462
2026-04-13 18:47:26,173  INFO      --------------------------------------------------
2026-04-13 18:47:26,173  INFO      Phase 2 — Verification gate
2026-04-13 18:47:26,173  INFO        Fine-tuned accuracy — H1=0.462  H5=0.769  H20=1.000  Mean=0.744
2026-04-13 18:47:26,173  INFO        Minimum required (mean across horizons) : 0.510
2026-04-13 18:47:26,173  INFO        ✓ Phase 2 PASSED (H1=0.462  H5=0.769  H20=1.000) — proceeding to Phase 3
2026-04-13 18:47:26,173  INFO      --------------------------------------------------
2026-04-13 18:47:26,173  INFO      Phase 3 — Selective encoder unfreeze
2026-04-13 18:47:26,174  INFO        Encoder layers 1 & 2 unfrozen (layer 0 frozen)
2026-04-13 18:47:26,174  INFO        Encoder LR: 1e-05  Head LR: 3e-05
2026-04-13 18:47:26,174  INFO        Dropout: encoder=0.40  head=0.45
2026-04-13 18:47:27,418  INFO        P3 Epoch  1 | TrainLoss 0.2478 | ValLoss 0.2469 | Gap 0.0009 | ValAcc H1=0.462 H5=0.769 H20=1.000
2026-04-13 18:47:28,720  INFO        P3 Epoch  2 | TrainLoss 0.2480 | ValLoss 0.2469 | Gap 0.0011 | ValAcc H1=0.462 H5=0.846 H20=1.000
2026-04-13 18:47:30,489  INFO        P3 Epoch  3 | TrainLoss 0.2466 | ValLoss 0.2469 | Gap -0.0003 | ValAcc H1=0.462 H5=0.769 H20=1.000
2026-04-13 18:47:31,602  INFO        P3 Epoch  4 | TrainLoss 0.2472 | ValLoss 0.2469 | Gap 0.0003 | ValAcc H1=0.462 H5=0.769 H20=1.000
2026-04-13 18:47:32,829  INFO        P3 Epoch  5 | TrainLoss 0.2469 | ValLoss 0.2469 | Gap -0.0000 | ValAcc H1=0.462 H5=0.692 H20=1.000
2026-04-13 18:47:34,063  INFO        P3 Epoch  6 | TrainLoss 0.2458 | ValLoss 0.2469 | Gap -0.0011 | ValAcc H1=0.462 H5=0.692 H20=1.000
2026-04-13 18:47:35,589  INFO        P3 Epoch  7 | TrainLoss 0.2479 | ValLoss 0.2469 | Gap 0.0011 | ValAcc H1=0.462 H5=0.769 H20=1.000
2026-04-13 18:47:36,905  INFO        P3 Epoch  8 | TrainLoss 0.2471 | ValLoss 0.2469 | Gap 0.0002 | ValAcc H1=0.462 H5=0.769 H20=1.000
2026-04-13 18:47:38,483  INFO        P3 Epoch  9 | TrainLoss 0.2471 | ValLoss 0.2469 | Gap 0.0003 | ValAcc H1=0.462 H5=0.769 H20=1.000
2026-04-13 18:47:38,483  INFO        Phase 3 early stopping at epoch 9
2026-04-13 18:47:38,484  INFO        Phase 3 complete. Best val_loss: 0.2469
2026-04-13 18:47:38,502  INFO      Phase 3 checkpoint saved: models/fine_tuned/checkpoint_TSX_RYTO_1W_phase3_20260413.pt
2026-04-13 18:47:38,502  INFO      ============================================================
2026-04-13 18:47:38,503  INFO      Fine-Tuning Summary
2026-04-13 18:47:38,503  INFO        Instrument     : TSX_RYTO 1W
2026-04-13 18:47:38,503  INFO        Final phase    : 3
2026-04-13 18:47:38,503  INFO        Final checkpoint: models/fine_tuned/checkpoint_TSX_RYTO_1W_phase3_20260413.pt
2026-04-13 18:47:38,517  INFO        Base model — H1=0.462  H5=0.692  H20=1.000  Mean=0.718
2026-04-13 18:47:38,517  INFO        Fine-tuned — H1=0.462  H5=0.769  H20=1.000  Mean=0.744  (Phase 3)
2026-04-13 18:47:38,518  INFO        Delta mean accuracy : +0.026  ✓ Fine-tuning improved accuracy.
2026-04-13 18:47:38,518  INFO        Per-horizon delta   :  H1=+0.000  H5=+0.077  H20=+0.000
2026-04-13 18:47:38,520  INFO        Metrics saved  : logs/finetune/TSX_RYTO_1W_20260413_metrics.csv
2026-04-13 18:47:38,520  INFO      Stage 6 complete.
