2026-04-13 18:52:57,746  INFO      ============================================================
2026-04-13 18:52:57,746  INFO      Stage 6 Fine-Tuning — Start
2026-04-13 18:52:57,747  INFO      Instrument  : TSX_TDTO
2026-04-13 18:52:57,747  INFO      Resolution  : 4H
2026-04-13 18:52:57,747  INFO      Device      : cpu
2026-04-13 18:52:57,747  INFO      Base checkpoint: models/base/checkpoint_base_v1.pt
2026-04-13 18:52:57,748  INFO      Loading: TSX_TDTO_4H_20240422_20260412.npy
2026-04-13 18:52:58,413  INFO        Shape: (980, 60, 53)  (980 windows)
2026-04-13 18:52:58,419  INFO        Date range: 2024-08-28 → 2026-04-10  (1.6 years)
2026-04-13 18:52:58,419  INFO        Train windows: 815  Val windows: 165
2026-04-13 18:52:58,419  INFO      Years of data: 1.6
2026-04-13 18:52:58,427  INFO      Loading base checkpoint: models/base/checkpoint_base_v1.pt
2026-04-13 18:52:58,442  INFO        Base val_loss: 0.2463  (fold 3, epoch 22)
2026-04-13 18:52:58,443  INFO      --------------------------------------------------
2026-04-13 18:52:58,443  INFO      Phase 1 — Head-only adaptation (encoder frozen)
2026-04-13 18:53:00,414  INFO        P1 Epoch  1 | TrainLoss 0.2438 | ValLoss 0.2454 | ValAcc H1=0.565 H5=0.568 H20=0.673
2026-04-13 18:53:01,717  INFO        P1 Epoch  2 | TrainLoss 0.2434 | ValLoss 0.2453 | ValAcc H1=0.565 H5=0.568 H20=0.673
2026-04-13 18:53:02,995  INFO        P1 Epoch  3 | TrainLoss 0.2436 | ValLoss 0.2453 | ValAcc H1=0.570 H5=0.568 H20=0.668
2026-04-13 18:53:04,227  INFO        P1 Epoch  4 | TrainLoss 0.2434 | ValLoss 0.2453 | ValAcc H1=0.570 H5=0.568 H20=0.668
2026-04-13 18:53:05,183  INFO        P1 Epoch  5 | TrainLoss 0.2434 | ValLoss 0.2453 | ValAcc H1=0.570 H5=0.568 H20=0.668
2026-04-13 18:53:06,071  INFO        P1 Epoch  6 | TrainLoss 0.2432 | ValLoss 0.2453 | ValAcc H1=0.570 H5=0.568 H20=0.673
2026-04-13 18:53:07,489  INFO        P1 Epoch  7 | TrainLoss 0.2432 | ValLoss 0.2453 | ValAcc H1=0.570 H5=0.568 H20=0.673
2026-04-13 18:53:08,398  INFO        P1 Epoch  8 | TrainLoss 0.2431 | ValLoss 0.2454 | ValAcc H1=0.576 H5=0.578 H20=0.673
2026-04-13 18:53:09,336  INFO        P1 Epoch  9 | TrainLoss 0.2431 | ValLoss 0.2454 | ValAcc H1=0.570 H5=0.578 H20=0.673
2026-04-13 18:53:10,227  INFO        P1 Epoch 10 | TrainLoss 0.2431 | ValLoss 0.2454 | ValAcc H1=0.570 H5=0.578 H20=0.668
2026-04-13 18:53:11,138  INFO        P1 Epoch 11 | TrainLoss 0.2428 | ValLoss 0.2454 | ValAcc H1=0.570 H5=0.578 H20=0.659
2026-04-13 18:53:11,138  INFO        Phase 1 early stopping at epoch 11
2026-04-13 18:53:11,635  INFO        Phase 1 complete. Best val_loss: 0.2454  H1=0.565 H5=0.568 H20=0.673
2026-04-13 18:53:11,650  INFO      Phase 1 checkpoint saved: models/fine_tuned/checkpoint_TSX_TDTO_4H_phase1_20260413.pt
2026-04-13 18:53:11,651  INFO      Loading base checkpoint: models/base/checkpoint_base_v1.pt
2026-04-13 18:53:11,681  INFO        Base val_loss: 0.2463  (fold 3, epoch 22)
2026-04-13 18:53:11,905  INFO      Base model H1 accuracy on instrument val set: 0.565
2026-04-13 18:53:11,908  INFO      Fine-tuned  H1 accuracy (Phase 1)           : 0.565
2026-04-13 18:53:11,908  INFO      --------------------------------------------------
2026-04-13 18:53:11,908  INFO      Phase 2 — Verification gate
2026-04-13 18:53:11,909  INFO        Fine-tuned accuracy — H1=0.565  H5=0.568  H20=0.673  Mean=0.602
2026-04-13 18:53:11,909  INFO        Minimum required (mean across horizons) : 0.510
2026-04-13 18:53:11,909  INFO        ✓ Phase 2 PASSED (H1=0.565  H5=0.568  H20=0.673) — proceeding to Phase 3
2026-04-13 18:53:11,910  INFO      --------------------------------------------------
2026-04-13 18:53:11,910  INFO      Phase 3 — Selective encoder unfreeze
2026-04-13 18:53:11,910  WARNING     ✗ Skipping Phase 3 — only 1.6 years of data (need 2.0)
2026-04-13 18:53:11,910  WARNING     Using Phase 1 checkpoint as final output.
2026-04-13 18:53:11,912  INFO      Reverted to Phase 1 checkpoint.
2026-04-13 18:53:12,070  INFO      Phase 1 H1 accuracy (recheck): 0.565
2026-04-13 18:53:12,070  INFO      ============================================================
2026-04-13 18:53:12,070  INFO      Fine-Tuning Summary
2026-04-13 18:53:12,070  INFO        Instrument     : TSX_TDTO 4H
2026-04-13 18:53:12,070  INFO        Final phase    : 1
2026-04-13 18:53:12,071  INFO        Final checkpoint: models/fine_tuned/checkpoint_TSX_TDTO_4H_phase1_20260413.pt
2026-04-13 18:53:12,284  INFO        Base model — H1=0.565  H5=0.568  H20=0.663  Mean=0.599
2026-04-13 18:53:12,285  INFO        Fine-tuned — H1=0.565  H5=0.568  H20=0.673  Mean=0.602  (Phase 1)
2026-04-13 18:53:12,286  INFO        Delta mean accuracy : +0.003  ✓ Fine-tuning improved accuracy.
2026-04-13 18:53:12,286  INFO        Per-horizon delta   :  H1=+0.000  H5=+0.000  H20=+0.010
2026-04-13 18:53:12,290  INFO        Metrics saved  : logs/finetune/TSX_TDTO_4H_20260413_metrics.csv
2026-04-13 18:53:12,291  INFO      Stage 6 complete.
