2026-04-05 00:14:46,788  INFO      ============================================================
2026-04-05 00:14:46,789  INFO      Stage 6 Fine-Tuning — Start
2026-04-05 00:14:46,789  INFO      Instrument  : TSX_SUTO
2026-04-05 00:14:46,790  INFO      Resolution  : 1H
2026-04-05 00:14:46,790  INFO      Device      : cpu
2026-04-05 00:14:46,790  INFO      Base checkpoint: models/base/checkpoint_base_v1.pt
2026-04-05 00:14:46,796  INFO      Loading: TSX_SUTO_1H_20240405_20260326.npy
2026-04-05 00:14:48,898  INFO        Shape: (3274, 60, 48)  (3274 windows)
2026-04-05 00:14:48,924  INFO        Date range: 2024-05-10 → 2026-03-25  (1.9 years)
2026-04-05 00:14:48,924  INFO        Train windows: 2847  Val windows: 427
2026-04-05 00:14:48,924  INFO      Years of data: 1.9
2026-04-05 00:14:48,947  INFO      Loading base checkpoint: models/base/checkpoint_base_v1.pt
2026-04-05 00:14:48,960  INFO        Base val_loss: 0.2466  (fold 2, epoch 28)
2026-04-05 00:14:48,961  INFO      --------------------------------------------------
2026-04-05 00:14:48,961  INFO      Phase 1 — Head-only adaptation (encoder frozen)
2026-04-05 00:14:52,452  INFO        P1 Epoch  1 | TrainLoss 0.2453 | ValLoss 0.2466 | ValAcc H1=0.536 H5=0.518 H20=0.504
2026-04-05 00:14:54,829  INFO        P1 Epoch  2 | TrainLoss 0.2452 | ValLoss 0.2466 | ValAcc H1=0.532 H5=0.518 H20=0.502
2026-04-05 00:14:57,412  INFO        P1 Epoch  3 | TrainLoss 0.2451 | ValLoss 0.2466 | ValAcc H1=0.532 H5=0.514 H20=0.502
2026-04-05 00:14:59,862  INFO        P1 Epoch  4 | TrainLoss 0.2452 | ValLoss 0.2466 | ValAcc H1=0.532 H5=0.512 H20=0.504
2026-04-05 00:15:02,405  INFO        P1 Epoch  5 | TrainLoss 0.2450 | ValLoss 0.2466 | ValAcc H1=0.530 H5=0.516 H20=0.504
2026-04-05 00:15:04,761  INFO        P1 Epoch  6 | TrainLoss 0.2451 | ValLoss 0.2466 | ValAcc H1=0.530 H5=0.514 H20=0.504
2026-04-05 00:15:07,217  INFO        P1 Epoch  7 | TrainLoss 0.2452 | ValLoss 0.2466 | ValAcc H1=0.527 H5=0.514 H20=0.504
2026-04-05 00:15:09,818  INFO        P1 Epoch  8 | TrainLoss 0.2451 | ValLoss 0.2466 | ValAcc H1=0.530 H5=0.514 H20=0.504
2026-04-05 00:15:12,243  INFO        P1 Epoch  9 | TrainLoss 0.2451 | ValLoss 0.2466 | ValAcc H1=0.530 H5=0.514 H20=0.504
2026-04-05 00:15:14,649  INFO        P1 Epoch 10 | TrainLoss 0.2449 | ValLoss 0.2466 | ValAcc H1=0.532 H5=0.514 H20=0.506
2026-04-05 00:15:17,036  INFO        P1 Epoch 11 | TrainLoss 0.2452 | ValLoss 0.2466 | ValAcc H1=0.530 H5=0.509 H20=0.504
2026-04-05 00:15:17,036  INFO        Phase 1 early stopping at epoch 11
2026-04-05 00:15:17,336  INFO        Phase 1 complete. Best val_loss: 0.2466  H1=0.536 H5=0.518 H20=0.504
2026-04-05 00:15:17,341  INFO      Phase 1 checkpoint saved: models/fine_tuned/checkpoint_TSX_SUTO_1H_phase1_20260405.pt
2026-04-05 00:15:17,341  INFO      Loading base checkpoint: models/base/checkpoint_base_v1.pt
2026-04-05 00:15:17,356  INFO        Base val_loss: 0.2466  (fold 2, epoch 28)
2026-04-05 00:15:17,779  INFO      Base model H1 accuracy on instrument val set: 0.536
2026-04-05 00:15:17,780  INFO      Fine-tuned  H1 accuracy (Phase 1)           : 0.536
2026-04-05 00:15:17,780  INFO      --------------------------------------------------
2026-04-05 00:15:17,780  INFO      Phase 2 — Verification gate
2026-04-05 00:15:17,780  INFO        Fine-tuned accuracy — H1=0.536  H5=0.518  H20=0.504  Mean=0.520
2026-04-05 00:15:17,780  INFO        Minimum required (mean across horizons) : 0.510
2026-04-05 00:15:17,780  INFO        ✓ Phase 2 PASSED (H1=0.536  H5=0.518  H20=0.504) — proceeding to Phase 3
2026-04-05 00:15:17,780  INFO      --------------------------------------------------
2026-04-05 00:15:17,781  INFO      Phase 3 — Selective encoder unfreeze
2026-04-05 00:15:17,781  WARNING     ✗ Skipping Phase 3 — only 1.9 years of data (need 2.0)
2026-04-05 00:15:17,781  WARNING     Using Phase 1 checkpoint as final output.
2026-04-05 00:15:17,782  INFO      Reverted to Phase 1 checkpoint.
2026-04-05 00:15:18,056  INFO      Phase 1 H1 accuracy (recheck): 0.536
2026-04-05 00:15:18,057  INFO      ============================================================
2026-04-05 00:15:18,057  INFO      Fine-Tuning Summary
2026-04-05 00:15:18,057  INFO        Instrument     : TSX_SUTO 1H
2026-04-05 00:15:18,057  INFO        Final phase    : 1
2026-04-05 00:15:18,057  INFO        Final checkpoint: models/fine_tuned/checkpoint_TSX_SUTO_1H_phase1_20260405.pt
2026-04-05 00:15:18,340  INFO        Base model — H1=0.536  H5=0.516  H20=0.506  Mean=0.520
2026-04-05 00:15:18,340  INFO        Fine-tuned — H1=0.536  H5=0.518  H20=0.504  Mean=0.520  (Phase 1)
2026-04-05 00:15:18,340  INFO        Delta mean accuracy : +0.000  = Fine-tuning matched base model.
2026-04-05 00:15:18,340  INFO        Per-horizon delta   :  H1=+0.000  H5=+0.002  H20=-0.002
2026-04-05 00:15:18,342  INFO        Metrics saved  : logs/finetune/TSX_SUTO_1H_20260405_metrics.csv
2026-04-05 00:15:18,343  INFO      Stage 6 complete.
