2026-04-05 00:05:36,987  INFO      ============================================================
2026-04-05 00:05:36,987  INFO      Stage 6 Fine-Tuning — Start
2026-04-05 00:05:36,987  INFO      Instrument  : TSX_CNRTO
2026-04-05 00:05:36,987  INFO      Resolution  : 1D
2026-04-05 00:05:36,987  INFO      Device      : cpu
2026-04-05 00:05:36,987  INFO      Base checkpoint: models/base/checkpoint_base_v1.pt
2026-04-05 00:05:36,988  INFO      Loading: TSX_CNRTO_1D_20150101_20260326.npy
2026-04-05 00:05:38,531  INFO        Shape: (2639, 60, 42)  (2639 windows)
2026-04-05 00:05:38,556  INFO        Date range: 2015-09-18 → 2026-03-25  (10.5 years)
2026-04-05 00:05:38,556  INFO        Train windows: 2578  Val windows: 61
2026-04-05 00:05:38,557  INFO      Years of data: 10.5
2026-04-05 00:05:38,609  INFO      Loading base checkpoint: models/base/checkpoint_base_v1.pt
2026-04-05 00:05:38,623  INFO        Base val_loss: 0.2466  (fold 2, epoch 28)
2026-04-05 00:05:38,623  INFO      --------------------------------------------------
2026-04-05 00:05:38,623  INFO      Phase 1 — Head-only adaptation (encoder frozen)
2026-04-05 00:05:41,426  INFO        P1 Epoch  1 | TrainLoss 0.2467 | ValLoss 0.2531 | ValAcc H1=0.475 H5=0.443 H20=0.361
2026-04-05 00:05:43,240  INFO        P1 Epoch  2 | TrainLoss 0.2467 | ValLoss 0.2528 | ValAcc H1=0.475 H5=0.443 H20=0.393
2026-04-05 00:05:44,995  INFO        P1 Epoch  3 | TrainLoss 0.2466 | ValLoss 0.2525 | ValAcc H1=0.475 H5=0.443 H20=0.410
2026-04-05 00:05:46,658  INFO        P1 Epoch  4 | TrainLoss 0.2466 | ValLoss 0.2525 | ValAcc H1=0.475 H5=0.443 H20=0.393
2026-04-05 00:05:48,290  INFO        P1 Epoch  5 | TrainLoss 0.2467 | ValLoss 0.2524 | ValAcc H1=0.475 H5=0.443 H20=0.393
2026-04-05 00:05:50,158  INFO        P1 Epoch  6 | TrainLoss 0.2465 | ValLoss 0.2524 | ValAcc H1=0.475 H5=0.443 H20=0.393
2026-04-05 00:05:51,799  INFO        P1 Epoch  7 | TrainLoss 0.2465 | ValLoss 0.2523 | ValAcc H1=0.475 H5=0.443 H20=0.393
2026-04-05 00:05:53,540  INFO        P1 Epoch  8 | TrainLoss 0.2466 | ValLoss 0.2523 | ValAcc H1=0.475 H5=0.443 H20=0.393
2026-04-05 00:05:55,300  INFO        P1 Epoch  9 | TrainLoss 0.2467 | ValLoss 0.2522 | ValAcc H1=0.475 H5=0.443 H20=0.377
2026-04-05 00:05:56,951  INFO        P1 Epoch 10 | TrainLoss 0.2466 | ValLoss 0.2522 | ValAcc H1=0.475 H5=0.443 H20=0.393
2026-04-05 00:05:58,564  INFO        P1 Epoch 11 | TrainLoss 0.2464 | ValLoss 0.2521 | ValAcc H1=0.475 H5=0.443 H20=0.377
2026-04-05 00:06:00,267  INFO        P1 Epoch 12 | TrainLoss 0.2468 | ValLoss 0.2522 | ValAcc H1=0.475 H5=0.443 H20=0.377
2026-04-05 00:06:02,113  INFO        P1 Epoch 13 | TrainLoss 0.2465 | ValLoss 0.2521 | ValAcc H1=0.475 H5=0.443 H20=0.393
2026-04-05 00:06:03,826  INFO        P1 Epoch 14 | TrainLoss 0.2464 | ValLoss 0.2521 | ValAcc H1=0.475 H5=0.443 H20=0.377
2026-04-05 00:06:05,503  INFO        P1 Epoch 15 | TrainLoss 0.2465 | ValLoss 0.2521 | ValAcc H1=0.475 H5=0.443 H20=0.377
2026-04-05 00:06:07,248  INFO        P1 Epoch 16 | TrainLoss 0.2466 | ValLoss 0.2521 | ValAcc H1=0.475 H5=0.443 H20=0.377
2026-04-05 00:06:08,842  INFO        P1 Epoch 17 | TrainLoss 0.2465 | ValLoss 0.2521 | ValAcc H1=0.475 H5=0.443 H20=0.393
2026-04-05 00:06:10,473  INFO        P1 Epoch 18 | TrainLoss 0.2466 | ValLoss 0.2521 | ValAcc H1=0.475 H5=0.443 H20=0.377
2026-04-05 00:06:12,334  INFO        P1 Epoch 19 | TrainLoss 0.2466 | ValLoss 0.2521 | ValAcc H1=0.475 H5=0.443 H20=0.393
2026-04-05 00:06:14,040  INFO        P1 Epoch 20 | TrainLoss 0.2466 | ValLoss 0.2520 | ValAcc H1=0.475 H5=0.443 H20=0.393
2026-04-05 00:06:15,690  INFO        P1 Epoch 21 | TrainLoss 0.2467 | ValLoss 0.2520 | ValAcc H1=0.475 H5=0.443 H20=0.393
2026-04-05 00:06:15,690  INFO        Phase 1 early stopping at epoch 21
2026-04-05 00:06:15,724  INFO        Phase 1 complete. Best val_loss: 0.2521  H1=0.475 H5=0.443 H20=0.377
2026-04-05 00:06:15,729  INFO      Phase 1 checkpoint saved: models/fine_tuned/checkpoint_TSX_CNRTO_1D_phase1_20260405.pt
2026-04-05 00:06:15,729  INFO      Loading base checkpoint: models/base/checkpoint_base_v1.pt
2026-04-05 00:06:15,739  INFO        Base val_loss: 0.2466  (fold 2, epoch 28)
2026-04-05 00:06:15,775  INFO      Base model H1 accuracy on instrument val set: 0.459
2026-04-05 00:06:15,775  INFO      Fine-tuned  H1 accuracy (Phase 1)           : 0.475
2026-04-05 00:06:15,775  INFO      --------------------------------------------------
2026-04-05 00:06:15,775  INFO      Phase 2 — Verification gate
2026-04-05 00:06:15,776  INFO        Fine-tuned accuracy — H1=0.475  H5=0.443  H20=0.377  Mean=0.432
2026-04-05 00:06:15,776  INFO        Minimum required (mean across horizons) : 0.510
2026-04-05 00:06:15,776  WARNING     ✗ Phase 2 FAILED — mean accuracy 0.432 is below 0.510
2026-04-05 00:06:15,776  WARNING     H1=0.475  H5=0.443  H20=0.377
2026-04-05 00:06:15,776  WARNING     Instrument may be unpredictable at this resolution.
2026-04-05 00:06:15,776  WARNING     Using Phase 1 checkpoint as final output.
2026-04-05 00:06:15,776  INFO      ============================================================
2026-04-05 00:06:15,776  INFO      Fine-Tuning Summary
2026-04-05 00:06:15,776  INFO        Instrument     : TSX_CNRTO 1D
2026-04-05 00:06:15,776  INFO        Final phase    : 1
2026-04-05 00:06:15,776  INFO        Final checkpoint: models/fine_tuned/checkpoint_TSX_CNRTO_1D_phase1_20260405.pt
2026-04-05 00:06:15,811  INFO        Base model — H1=0.459  H5=0.443  H20=0.344  Mean=0.415
2026-04-05 00:06:15,811  INFO        Fine-tuned — H1=0.475  H5=0.443  H20=0.377  Mean=0.432  (Phase 1)
2026-04-05 00:06:15,811  INFO        Delta mean accuracy : +0.016  ✓ Fine-tuning improved accuracy.
2026-04-05 00:06:15,811  INFO        Per-horizon delta   :  H1=+0.016  H5=+0.000  H20=+0.033
2026-04-05 00:06:15,814  INFO        Metrics saved  : logs/finetune/TSX_CNRTO_1D_20260405_metrics.csv
2026-04-05 00:06:15,814  INFO      Stage 6 complete.
