2026-04-13 18:40:16,788  INFO      ============================================================
2026-04-13 18:40:16,788  INFO      Stage 6 Fine-Tuning — Start
2026-04-13 18:40:16,788  INFO      Instrument  : TSX_CNRTO
2026-04-13 18:40:16,788  INFO      Resolution  : 4H
2026-04-13 18:40:16,788  INFO      Device      : cpu
2026-04-13 18:40:16,788  INFO      Base checkpoint: models/base/checkpoint_base_v1.pt
2026-04-13 18:40:16,790  INFO      Loading: TSX_CNRTO_4H_20240422_20260412.npy
2026-04-13 18:40:17,436  INFO        Shape: (980, 60, 53)  (980 windows)
2026-04-13 18:40:17,447  INFO        Date range: 2024-08-28 → 2026-04-10  (1.6 years)
2026-04-13 18:40:17,447  INFO        Train windows: 815  Val windows: 165
2026-04-13 18:40:17,447  INFO      Years of data: 1.6
2026-04-13 18:40:17,457  INFO      Loading base checkpoint: models/base/checkpoint_base_v1.pt
2026-04-13 18:40:17,474  INFO        Base val_loss: 0.2463  (fold 3, epoch 22)
2026-04-13 18:40:17,475  INFO      --------------------------------------------------
2026-04-13 18:40:17,475  INFO      Phase 1 — Head-only adaptation (encoder frozen)
2026-04-13 18:40:20,141  INFO        P1 Epoch  1 | TrainLoss 0.2464 | ValLoss 0.2430 | ValAcc H1=0.550 H5=0.591 H20=0.709
2026-04-13 18:40:21,140  INFO        P1 Epoch  2 | TrainLoss 0.2462 | ValLoss 0.2431 | ValAcc H1=0.555 H5=0.591 H20=0.688
2026-04-13 18:40:22,213  INFO        P1 Epoch  3 | TrainLoss 0.2461 | ValLoss 0.2431 | ValAcc H1=0.560 H5=0.586 H20=0.678
2026-04-13 18:40:23,447  INFO        P1 Epoch  4 | TrainLoss 0.2461 | ValLoss 0.2432 | ValAcc H1=0.570 H5=0.586 H20=0.678
2026-04-13 18:40:24,689  INFO        P1 Epoch  5 | TrainLoss 0.2460 | ValLoss 0.2432 | ValAcc H1=0.565 H5=0.575 H20=0.678
2026-04-13 18:40:25,771  INFO        P1 Epoch  6 | TrainLoss 0.2460 | ValLoss 0.2432 | ValAcc H1=0.565 H5=0.575 H20=0.667
2026-04-13 18:40:26,826  INFO        P1 Epoch  7 | TrainLoss 0.2458 | ValLoss 0.2433 | ValAcc H1=0.570 H5=0.575 H20=0.683
2026-04-13 18:40:27,829  INFO        P1 Epoch  8 | TrainLoss 0.2457 | ValLoss 0.2433 | ValAcc H1=0.576 H5=0.580 H20=0.678
2026-04-13 18:40:29,201  INFO        P1 Epoch  9 | TrainLoss 0.2457 | ValLoss 0.2433 | ValAcc H1=0.576 H5=0.586 H20=0.683
2026-04-13 18:40:30,198  INFO        P1 Epoch 10 | TrainLoss 0.2456 | ValLoss 0.2433 | ValAcc H1=0.586 H5=0.586 H20=0.693
2026-04-13 18:40:31,199  INFO        P1 Epoch 11 | TrainLoss 0.2453 | ValLoss 0.2434 | ValAcc H1=0.591 H5=0.591 H20=0.683
2026-04-13 18:40:31,199  INFO        Phase 1 early stopping at epoch 11
2026-04-13 18:40:31,359  INFO        Phase 1 complete. Best val_loss: 0.2430  H1=0.550 H5=0.591 H20=0.709
2026-04-13 18:40:31,364  INFO      Phase 1 checkpoint saved: models/fine_tuned/checkpoint_TSX_CNRTO_4H_phase1_20260413.pt
2026-04-13 18:40:31,364  INFO      Loading base checkpoint: models/base/checkpoint_base_v1.pt
2026-04-13 18:40:31,375  INFO        Base val_loss: 0.2463  (fold 3, epoch 22)
2026-04-13 18:40:31,532  INFO      Base model H1 accuracy on instrument val set: 0.555
2026-04-13 18:40:31,532  INFO      Fine-tuned  H1 accuracy (Phase 1)           : 0.550
2026-04-13 18:40:31,532  INFO      --------------------------------------------------
2026-04-13 18:40:31,532  INFO      Phase 2 — Verification gate
2026-04-13 18:40:31,532  INFO        Fine-tuned accuracy — H1=0.550  H5=0.591  H20=0.709  Mean=0.616
2026-04-13 18:40:31,533  INFO        Minimum required (mean across horizons) : 0.510
2026-04-13 18:40:31,533  INFO        ✓ Phase 2 PASSED (H1=0.550  H5=0.591  H20=0.709) — proceeding to Phase 3
2026-04-13 18:40:31,533  INFO      --------------------------------------------------
2026-04-13 18:40:31,533  INFO      Phase 3 — Selective encoder unfreeze
2026-04-13 18:40:31,533  WARNING     ✗ Skipping Phase 3 — only 1.6 years of data (need 2.0)
2026-04-13 18:40:31,533  WARNING     Using Phase 1 checkpoint as final output.
2026-04-13 18:40:31,534  INFO      Reverted to Phase 1 checkpoint.
2026-04-13 18:40:31,689  INFO      Phase 1 H1 accuracy (recheck): 0.550
2026-04-13 18:40:31,689  INFO      ============================================================
2026-04-13 18:40:31,690  INFO      Fine-Tuning Summary
2026-04-13 18:40:31,690  INFO        Instrument     : TSX_CNRTO 4H
2026-04-13 18:40:31,690  INFO        Final phase    : 1
2026-04-13 18:40:31,690  INFO        Final checkpoint: models/fine_tuned/checkpoint_TSX_CNRTO_4H_phase1_20260413.pt
2026-04-13 18:40:31,873  INFO        Base model — H1=0.555  H5=0.586  H20=0.714  Mean=0.618
2026-04-13 18:40:31,873  INFO        Fine-tuned — H1=0.550  H5=0.591  H20=0.709  Mean=0.616  (Phase 1)
2026-04-13 18:40:31,873  WARNING     Delta mean accuracy : -0.002  ⚠  Fine-tuning degraded mean accuracy. Consider using the base model for this instrument. H1 delta=-0.005  H5 delta=+0.005  H20 delta=-0.005
2026-04-13 18:40:31,875  INFO        Metrics saved  : logs/finetune/TSX_CNRTO_4H_20260413_metrics.csv
2026-04-13 18:40:31,876  INFO      Stage 6 complete.
