2026-04-05 00:15:47,475  INFO      ============================================================
2026-04-05 00:15:47,475  INFO      Stage 6 Fine-Tuning — Start
2026-04-05 00:15:47,475  INFO      Instrument  : TSX_TDTO
2026-04-05 00:15:47,475  INFO      Resolution  : 1D
2026-04-05 00:15:47,475  INFO      Device      : cpu
2026-04-05 00:15:47,475  INFO      Base checkpoint: models/base/checkpoint_base_v1.pt
2026-04-05 00:15:47,477  INFO      Loading: TSX_TDTO_1D_20150101_20260326.npy
2026-04-05 00:15:49,349  INFO        Shape: (2639, 60, 42)  (2639 windows)
2026-04-05 00:15:49,371  INFO        Date range: 2015-09-18 → 2026-03-25  (10.5 years)
2026-04-05 00:15:49,371  INFO        Train windows: 2578  Val windows: 61
2026-04-05 00:15:49,371  INFO      Years of data: 10.5
2026-04-05 00:15:49,422  INFO      Loading base checkpoint: models/base/checkpoint_base_v1.pt
2026-04-05 00:15:49,436  INFO        Base val_loss: 0.2466  (fold 2, epoch 28)
2026-04-05 00:15:49,436  INFO      --------------------------------------------------
2026-04-05 00:15:49,436  INFO      Phase 1 — Head-only adaptation (encoder frozen)
2026-04-05 00:15:52,124  INFO        P1 Epoch  1 | TrainLoss 0.2473 | ValLoss 0.2482 | ValAcc H1=0.525 H5=0.590 H20=0.705
2026-04-05 00:15:53,840  INFO        P1 Epoch  2 | TrainLoss 0.2470 | ValLoss 0.2483 | ValAcc H1=0.541 H5=0.574 H20=0.689
2026-04-05 00:15:55,443  INFO        P1 Epoch  3 | TrainLoss 0.2465 | ValLoss 0.2485 | ValAcc H1=0.525 H5=0.574 H20=0.623
2026-04-05 00:15:57,088  INFO        P1 Epoch  4 | TrainLoss 0.2465 | ValLoss 0.2487 | ValAcc H1=0.557 H5=0.574 H20=0.689
2026-04-05 00:15:58,861  INFO        P1 Epoch  5 | TrainLoss 0.2466 | ValLoss 0.2489 | ValAcc H1=0.541 H5=0.574 H20=0.656
2026-04-05 00:16:00,462  INFO        P1 Epoch  6 | TrainLoss 0.2463 | ValLoss 0.2489 | ValAcc H1=0.541 H5=0.574 H20=0.607
2026-04-05 00:16:02,240  INFO        P1 Epoch  7 | TrainLoss 0.2466 | ValLoss 0.2490 | ValAcc H1=0.541 H5=0.574 H20=0.623
2026-04-05 00:16:03,936  INFO        P1 Epoch  8 | TrainLoss 0.2463 | ValLoss 0.2490 | ValAcc H1=0.525 H5=0.590 H20=0.623
2026-04-05 00:16:05,537  INFO        P1 Epoch  9 | TrainLoss 0.2467 | ValLoss 0.2490 | ValAcc H1=0.525 H5=0.590 H20=0.639
2026-04-05 00:16:07,137  INFO        P1 Epoch 10 | TrainLoss 0.2466 | ValLoss 0.2490 | ValAcc H1=0.525 H5=0.590 H20=0.639
2026-04-05 00:16:08,913  INFO        P1 Epoch 11 | TrainLoss 0.2466 | ValLoss 0.2491 | ValAcc H1=0.525 H5=0.574 H20=0.623
2026-04-05 00:16:08,913  INFO        Phase 1 early stopping at epoch 11
2026-04-05 00:16:08,945  INFO        Phase 1 complete. Best val_loss: 0.2482  H1=0.525 H5=0.590 H20=0.705
2026-04-05 00:16:08,950  INFO      Phase 1 checkpoint saved: models/fine_tuned/checkpoint_TSX_TDTO_1D_phase1_20260405.pt
2026-04-05 00:16:08,950  INFO      Loading base checkpoint: models/base/checkpoint_base_v1.pt
2026-04-05 00:16:08,959  INFO        Base val_loss: 0.2466  (fold 2, epoch 28)
2026-04-05 00:16:09,009  INFO      Base model H1 accuracy on instrument val set: 0.525
2026-04-05 00:16:09,010  INFO      Fine-tuned  H1 accuracy (Phase 1)           : 0.525
2026-04-05 00:16:09,010  INFO      --------------------------------------------------
2026-04-05 00:16:09,010  INFO      Phase 2 — Verification gate
2026-04-05 00:16:09,011  INFO        Fine-tuned accuracy — H1=0.525  H5=0.590  H20=0.705  Mean=0.607
2026-04-05 00:16:09,011  INFO        Minimum required (mean across horizons) : 0.510
2026-04-05 00:16:09,011  INFO        ✓ Phase 2 PASSED (H1=0.525  H5=0.590  H20=0.705) — proceeding to Phase 3
2026-04-05 00:16:09,011  INFO      --------------------------------------------------
2026-04-05 00:16:09,011  INFO      Phase 3 — Selective encoder unfreeze
2026-04-05 00:16:09,012  INFO        Encoder layers 1 & 2 unfrozen (layer 0 frozen)
2026-04-05 00:16:09,012  INFO        Encoder LR: 1e-05  Head LR: 3e-05
2026-04-05 00:16:09,012  INFO        Dropout: encoder=0.40  head=0.45
2026-04-05 00:16:15,905  INFO        P3 Epoch  1 | TrainLoss 0.2469 | ValLoss 0.2486 | Gap -0.0017 | ValAcc H1=0.525 H5=0.574 H20=0.672
2026-04-05 00:16:22,854  INFO        P3 Epoch  2 | TrainLoss 0.2468 | ValLoss 0.2488 | Gap -0.0020 | ValAcc H1=0.541 H5=0.574 H20=0.689
2026-04-05 00:16:29,807  INFO        P3 Epoch  3 | TrainLoss 0.2466 | ValLoss 0.2491 | Gap -0.0024 | ValAcc H1=0.525 H5=0.590 H20=0.689
2026-04-05 00:16:36,733  INFO        P3 Epoch  4 | TrainLoss 0.2468 | ValLoss 0.2492 | Gap -0.0024 | ValAcc H1=0.525 H5=0.557 H20=0.607
2026-04-05 00:16:44,397  INFO        P3 Epoch  5 | TrainLoss 0.2467 | ValLoss 0.2491 | Gap -0.0023 | ValAcc H1=0.525 H5=0.590 H20=0.607
2026-04-05 00:16:51,312  INFO        P3 Epoch  6 | TrainLoss 0.2466 | ValLoss 0.2492 | Gap -0.0025 | ValAcc H1=0.541 H5=0.590 H20=0.607
2026-04-05 00:16:58,250  INFO        P3 Epoch  7 | TrainLoss 0.2465 | ValLoss 0.2492 | Gap -0.0027 | ValAcc H1=0.541 H5=0.590 H20=0.607
2026-04-05 00:17:05,479  INFO        P3 Epoch  8 | TrainLoss 0.2465 | ValLoss 0.2492 | Gap -0.0026 | ValAcc H1=0.541 H5=0.607 H20=0.607
2026-04-05 00:17:12,436  INFO        P3 Epoch  9 | TrainLoss 0.2467 | ValLoss 0.2491 | Gap -0.0024 | ValAcc H1=0.541 H5=0.590 H20=0.607
2026-04-05 00:17:12,436  INFO        Phase 3 early stopping at epoch 9
2026-04-05 00:17:12,437  INFO        Phase 3 complete. Best val_loss: 0.2486
2026-04-05 00:17:12,479  INFO      Phase 3 checkpoint saved: models/fine_tuned/checkpoint_TSX_TDTO_1D_phase3_20260405.pt
2026-04-05 00:17:12,479  INFO      ============================================================
2026-04-05 00:17:12,479  INFO      Fine-Tuning Summary
2026-04-05 00:17:12,479  INFO        Instrument     : TSX_TDTO 1D
2026-04-05 00:17:12,479  INFO        Final phase    : 3
2026-04-05 00:17:12,479  INFO        Final checkpoint: models/fine_tuned/checkpoint_TSX_TDTO_1D_phase3_20260405.pt
2026-04-05 00:17:12,514  INFO        Base model — H1=0.525  H5=0.574  H20=0.607  Mean=0.568
2026-04-05 00:17:12,514  INFO        Fine-tuned — H1=0.525  H5=0.574  H20=0.672  Mean=0.590  (Phase 3)
2026-04-05 00:17:12,514  INFO        Delta mean accuracy : +0.022  ✓ Fine-tuning improved accuracy.
2026-04-05 00:17:12,514  INFO        Per-horizon delta   :  H1=+0.000  H5=+0.000  H20=+0.066
2026-04-05 00:17:12,517  INFO        Metrics saved  : logs/finetune/TSX_TDTO_1D_20260405_metrics.csv
2026-04-05 00:17:12,517  INFO      Stage 6 complete.
