2026-04-05 00:15:20,779  INFO      ============================================================
2026-04-05 00:15:20,780  INFO      Stage 6 Fine-Tuning — Start
2026-04-05 00:15:20,780  INFO      Instrument  : TSX_SUTO
2026-04-05 00:15:20,780  INFO      Resolution  : 1W
2026-04-05 00:15:20,780  INFO      Device      : cpu
2026-04-05 00:15:20,780  INFO      Base checkpoint: models/base/checkpoint_base_v1.pt
2026-04-05 00:15:20,782  INFO      Loading: TSX_SUTO_1W_20150101_20260326.npy
2026-04-05 00:15:21,187  INFO        Shape: (407, 60, 42)  (407 windows)
2026-04-05 00:15:21,192  INFO        Date range: 2018-06-07 → 2026-03-19  (7.8 years)
2026-04-05 00:15:21,192  INFO        Train windows: 394  Val windows: 13
2026-04-05 00:15:21,192  INFO      Years of data: 7.8
2026-04-05 00:15:21,197  INFO      Loading base checkpoint: models/base/checkpoint_base_v1.pt
2026-04-05 00:15:21,211  INFO        Base val_loss: 0.2466  (fold 2, epoch 28)
2026-04-05 00:15:21,211  INFO      --------------------------------------------------
2026-04-05 00:15:21,211  INFO      Phase 1 — Head-only adaptation (encoder frozen)
2026-04-05 00:15:22,449  INFO        P1 Epoch  1 | TrainLoss 0.2467 | ValLoss 0.2515 | ValAcc H1=0.308 H5=0.231 H20=0.308
2026-04-05 00:15:22,733  INFO        P1 Epoch  2 | TrainLoss 0.2465 | ValLoss 0.2513 | ValAcc H1=0.308 H5=0.308 H20=0.308
2026-04-05 00:15:23,008  INFO        P1 Epoch  3 | TrainLoss 0.2480 | ValLoss 0.2510 | ValAcc H1=0.308 H5=0.385 H20=0.385
2026-04-05 00:15:23,286  INFO        P1 Epoch  4 | TrainLoss 0.2478 | ValLoss 0.2506 | ValAcc H1=0.385 H5=0.385 H20=0.462
2026-04-05 00:15:23,560  INFO        P1 Epoch  5 | TrainLoss 0.2462 | ValLoss 0.2502 | ValAcc H1=0.385 H5=0.385 H20=0.462
2026-04-05 00:15:23,879  INFO        P1 Epoch  6 | TrainLoss 0.2472 | ValLoss 0.2500 | ValAcc H1=0.385 H5=0.385 H20=0.462
2026-04-05 00:15:24,155  INFO        P1 Epoch  7 | TrainLoss 0.2469 | ValLoss 0.2499 | ValAcc H1=0.385 H5=0.462 H20=0.462
2026-04-05 00:15:24,468  INFO        P1 Epoch  8 | TrainLoss 0.2471 | ValLoss 0.2498 | ValAcc H1=0.385 H5=0.462 H20=0.538
2026-04-05 00:15:24,766  INFO        P1 Epoch  9 | TrainLoss 0.2475 | ValLoss 0.2498 | ValAcc H1=0.385 H5=0.462 H20=0.538
2026-04-05 00:15:25,100  INFO        P1 Epoch 10 | TrainLoss 0.2465 | ValLoss 0.2498 | ValAcc H1=0.385 H5=0.462 H20=0.538
2026-04-05 00:15:25,389  INFO        P1 Epoch 11 | TrainLoss 0.2468 | ValLoss 0.2497 | ValAcc H1=0.385 H5=0.462 H20=0.538
2026-04-05 00:15:25,696  INFO        P1 Epoch 12 | TrainLoss 0.2480 | ValLoss 0.2496 | ValAcc H1=0.385 H5=0.462 H20=0.538
2026-04-05 00:15:26,024  INFO        P1 Epoch 13 | TrainLoss 0.2480 | ValLoss 0.2496 | ValAcc H1=0.385 H5=0.462 H20=0.538
2026-04-05 00:15:26,309  INFO        P1 Epoch 14 | TrainLoss 0.2464 | ValLoss 0.2495 | ValAcc H1=0.385 H5=0.462 H20=0.538
2026-04-05 00:15:26,593  INFO        P1 Epoch 15 | TrainLoss 0.2459 | ValLoss 0.2493 | ValAcc H1=0.385 H5=0.462 H20=0.615
2026-04-05 00:15:26,877  INFO        P1 Epoch 16 | TrainLoss 0.2488 | ValLoss 0.2493 | ValAcc H1=0.385 H5=0.462 H20=0.615
2026-04-05 00:15:27,157  INFO        P1 Epoch 17 | TrainLoss 0.2464 | ValLoss 0.2493 | ValAcc H1=0.385 H5=0.462 H20=0.615
2026-04-05 00:15:27,489  INFO        P1 Epoch 18 | TrainLoss 0.2476 | ValLoss 0.2493 | ValAcc H1=0.385 H5=0.462 H20=0.615
2026-04-05 00:15:27,887  INFO        P1 Epoch 19 | TrainLoss 0.2462 | ValLoss 0.2494 | ValAcc H1=0.385 H5=0.462 H20=0.615
2026-04-05 00:15:28,205  INFO        P1 Epoch 20 | TrainLoss 0.2480 | ValLoss 0.2494 | ValAcc H1=0.385 H5=0.462 H20=0.615
2026-04-05 00:15:28,497  INFO        P1 Epoch 21 | TrainLoss 0.2478 | ValLoss 0.2494 | ValAcc H1=0.385 H5=0.462 H20=0.615
2026-04-05 00:15:28,780  INFO        P1 Epoch 22 | TrainLoss 0.2469 | ValLoss 0.2494 | ValAcc H1=0.385 H5=0.462 H20=0.615
2026-04-05 00:15:29,051  INFO        P1 Epoch 23 | TrainLoss 0.2462 | ValLoss 0.2494 | ValAcc H1=0.385 H5=0.462 H20=0.615
2026-04-05 00:15:29,333  INFO        P1 Epoch 24 | TrainLoss 0.2467 | ValLoss 0.2494 | ValAcc H1=0.385 H5=0.462 H20=0.615
2026-04-05 00:15:29,622  INFO        P1 Epoch 25 | TrainLoss 0.2482 | ValLoss 0.2494 | ValAcc H1=0.385 H5=0.462 H20=0.615
2026-04-05 00:15:29,622  INFO        Phase 1 early stopping at epoch 25
2026-04-05 00:15:29,633  INFO        Phase 1 complete. Best val_loss: 0.2493  H1=0.385 H5=0.462 H20=0.615
2026-04-05 00:15:29,637  INFO      Phase 1 checkpoint saved: models/fine_tuned/checkpoint_TSX_SUTO_1W_phase1_20260405.pt
2026-04-05 00:15:29,638  INFO      Loading base checkpoint: models/base/checkpoint_base_v1.pt
2026-04-05 00:15:29,647  INFO        Base val_loss: 0.2466  (fold 2, epoch 28)
2026-04-05 00:15:29,657  INFO      Base model H1 accuracy on instrument val set: 0.308
2026-04-05 00:15:29,657  INFO      Fine-tuned  H1 accuracy (Phase 1)           : 0.385
2026-04-05 00:15:29,657  INFO      --------------------------------------------------
2026-04-05 00:15:29,657  INFO      Phase 2 — Verification gate
2026-04-05 00:15:29,658  INFO        Fine-tuned accuracy — H1=0.385  H5=0.462  H20=0.615  Mean=0.487
2026-04-05 00:15:29,658  INFO        Minimum required (mean across horizons) : 0.510
2026-04-05 00:15:29,658  WARNING     ✗ Phase 2 FAILED — mean accuracy 0.487 is below 0.510
2026-04-05 00:15:29,658  WARNING     H1=0.385  H5=0.462  H20=0.615
2026-04-05 00:15:29,658  WARNING     Instrument may be unpredictable at this resolution.
2026-04-05 00:15:29,658  WARNING     Using Phase 1 checkpoint as final output.
2026-04-05 00:15:29,658  INFO      ============================================================
2026-04-05 00:15:29,658  INFO      Fine-Tuning Summary
2026-04-05 00:15:29,658  INFO        Instrument     : TSX_SUTO 1W
2026-04-05 00:15:29,658  INFO        Final phase    : 1
2026-04-05 00:15:29,658  INFO        Final checkpoint: models/fine_tuned/checkpoint_TSX_SUTO_1W_phase1_20260405.pt
2026-04-05 00:15:29,671  INFO        Base model — H1=0.308  H5=0.231  H20=0.308  Mean=0.282
2026-04-05 00:15:29,671  INFO        Fine-tuned — H1=0.385  H5=0.462  H20=0.615  Mean=0.487  (Phase 1)
2026-04-05 00:15:29,672  INFO        Delta mean accuracy : +0.205  ✓ Fine-tuning improved accuracy.
2026-04-05 00:15:29,672  INFO        Per-horizon delta   :  H1=+0.077  H5=+0.231  H20=+0.308
2026-04-05 00:15:29,675  INFO        Metrics saved  : logs/finetune/TSX_SUTO_1W_20260405_metrics.csv
2026-04-05 00:15:29,675  INFO      Stage 6 complete.
