2026-04-13 18:44:34,449  INFO      ============================================================
2026-04-13 18:44:34,449  INFO      Stage 6 Fine-Tuning — Start
2026-04-13 18:44:34,449  INFO      Instrument  : TSX_RYTO
2026-04-13 18:44:34,449  INFO      Resolution  : 1D
2026-04-13 18:44:34,449  INFO      Device      : cpu
2026-04-13 18:44:34,450  INFO      Base checkpoint: models/base/checkpoint_base_v1.pt
2026-04-13 18:44:34,451  INFO      Loading: TSX_RYTO_1D_20150101_20260412.npy
2026-04-13 18:44:35,593  INFO        Shape: (2650, 60, 47)  (2650 windows)
2026-04-13 18:44:35,632  INFO        Date range: 2015-09-18 → 2026-04-10  (10.6 years)
2026-04-13 18:44:35,633  INFO        Train windows: 2587  Val windows: 63
2026-04-13 18:44:35,633  INFO      Years of data: 10.6
2026-04-13 18:44:35,676  INFO      Loading base checkpoint: models/base/checkpoint_base_v1.pt
2026-04-13 18:44:35,691  INFO        Base val_loss: 0.2463  (fold 3, epoch 22)
2026-04-13 18:44:35,691  INFO      --------------------------------------------------
2026-04-13 18:44:35,691  INFO      Phase 1 — Head-only adaptation (encoder frozen)
2026-04-13 18:44:39,309  INFO        P1 Epoch  1 | TrainLoss 0.2454 | ValLoss 0.2477 | ValAcc H1=0.556 H5=0.571 H20=0.698
2026-04-13 18:44:41,545  INFO        P1 Epoch  2 | TrainLoss 0.2454 | ValLoss 0.2480 | ValAcc H1=0.556 H5=0.587 H20=0.683
2026-04-13 18:44:44,078  INFO        P1 Epoch  3 | TrainLoss 0.2452 | ValLoss 0.2480 | ValAcc H1=0.540 H5=0.587 H20=0.683
2026-04-13 18:44:46,201  INFO        P1 Epoch  4 | TrainLoss 0.2452 | ValLoss 0.2481 | ValAcc H1=0.540 H5=0.587 H20=0.667
2026-04-13 18:44:48,757  INFO        P1 Epoch  5 | TrainLoss 0.2453 | ValLoss 0.2483 | ValAcc H1=0.556 H5=0.603 H20=0.683
2026-04-13 18:44:50,914  INFO        P1 Epoch  6 | TrainLoss 0.2451 | ValLoss 0.2484 | ValAcc H1=0.556 H5=0.603 H20=0.683
2026-04-13 18:44:53,592  INFO        P1 Epoch  7 | TrainLoss 0.2452 | ValLoss 0.2484 | ValAcc H1=0.556 H5=0.603 H20=0.667
2026-04-13 18:44:55,743  INFO        P1 Epoch  8 | TrainLoss 0.2452 | ValLoss 0.2484 | ValAcc H1=0.556 H5=0.603 H20=0.667
2026-04-13 18:44:57,885  INFO        P1 Epoch  9 | TrainLoss 0.2451 | ValLoss 0.2484 | ValAcc H1=0.556 H5=0.603 H20=0.683
2026-04-13 18:45:00,450  INFO        P1 Epoch 10 | TrainLoss 0.2450 | ValLoss 0.2485 | ValAcc H1=0.540 H5=0.603 H20=0.683
2026-04-13 18:45:02,755  INFO        P1 Epoch 11 | TrainLoss 0.2450 | ValLoss 0.2485 | ValAcc H1=0.556 H5=0.603 H20=0.683
2026-04-13 18:45:02,755  INFO        Phase 1 early stopping at epoch 11
2026-04-13 18:45:02,803  INFO        Phase 1 complete. Best val_loss: 0.2477  H1=0.556 H5=0.571 H20=0.698
2026-04-13 18:45:02,809  INFO      Phase 1 checkpoint saved: models/fine_tuned/checkpoint_TSX_RYTO_1D_phase1_20260413.pt
2026-04-13 18:45:02,809  INFO      Loading base checkpoint: models/base/checkpoint_base_v1.pt
2026-04-13 18:45:02,822  INFO        Base val_loss: 0.2463  (fold 3, epoch 22)
2026-04-13 18:45:02,866  INFO      Base model H1 accuracy on instrument val set: 0.587
2026-04-13 18:45:02,866  INFO      Fine-tuned  H1 accuracy (Phase 1)           : 0.556
2026-04-13 18:45:02,866  INFO      --------------------------------------------------
2026-04-13 18:45:02,866  INFO      Phase 2 — Verification gate
2026-04-13 18:45:02,866  INFO        Fine-tuned accuracy — H1=0.556  H5=0.571  H20=0.698  Mean=0.608
2026-04-13 18:45:02,867  INFO        Minimum required (mean across horizons) : 0.510
2026-04-13 18:45:02,867  INFO        ✓ Phase 2 PASSED (H1=0.556  H5=0.571  H20=0.698) — proceeding to Phase 3
2026-04-13 18:45:02,867  INFO      --------------------------------------------------
2026-04-13 18:45:02,867  INFO      Phase 3 — Selective encoder unfreeze
2026-04-13 18:45:02,868  INFO        Encoder layers 1 & 2 unfrozen (layer 0 frozen)
2026-04-13 18:45:02,868  INFO        Encoder LR: 1e-05  Head LR: 3e-05
2026-04-13 18:45:02,868  INFO        Dropout: encoder=0.40  head=0.45
2026-04-13 18:45:11,262  INFO        P3 Epoch  1 | TrainLoss 0.2454 | ValLoss 0.2483 | Gap -0.0028 | ValAcc H1=0.540 H5=0.571 H20=0.651
2026-04-13 18:45:19,376  INFO        P3 Epoch  2 | TrainLoss 0.2454 | ValLoss 0.2484 | Gap -0.0030 | ValAcc H1=0.540 H5=0.587 H20=0.698
2026-04-13 18:45:27,338  INFO        P3 Epoch  3 | TrainLoss 0.2456 | ValLoss 0.2484 | Gap -0.0028 | ValAcc H1=0.540 H5=0.587 H20=0.698
2026-04-13 18:45:35,493  INFO        P3 Epoch  4 | TrainLoss 0.2454 | ValLoss 0.2486 | Gap -0.0032 | ValAcc H1=0.556 H5=0.587 H20=0.698
2026-04-13 18:45:43,472  INFO        P3 Epoch  5 | TrainLoss 0.2454 | ValLoss 0.2486 | Gap -0.0032 | ValAcc H1=0.556 H5=0.587 H20=0.698
2026-04-13 18:45:51,204  INFO        P3 Epoch  6 | TrainLoss 0.2450 | ValLoss 0.2486 | Gap -0.0037 | ValAcc H1=0.556 H5=0.587 H20=0.667
2026-04-13 18:45:59,289  INFO        P3 Epoch  7 | TrainLoss 0.2453 | ValLoss 0.2487 | Gap -0.0034 | ValAcc H1=0.540 H5=0.587 H20=0.667
2026-04-13 18:46:07,241  INFO        P3 Epoch  8 | TrainLoss 0.2453 | ValLoss 0.2488 | Gap -0.0035 | ValAcc H1=0.540 H5=0.587 H20=0.667
2026-04-13 18:46:15,243  INFO        P3 Epoch  9 | TrainLoss 0.2455 | ValLoss 0.2486 | Gap -0.0031 | ValAcc H1=0.540 H5=0.603 H20=0.683
2026-04-13 18:46:15,243  INFO        Phase 3 early stopping at epoch 9
2026-04-13 18:46:15,244  INFO        Phase 3 complete. Best val_loss: 0.2483
2026-04-13 18:46:15,292  INFO      Phase 3 checkpoint saved: models/fine_tuned/checkpoint_TSX_RYTO_1D_phase3_20260413.pt
2026-04-13 18:46:15,292  INFO      ============================================================
2026-04-13 18:46:15,292  INFO      Fine-Tuning Summary
2026-04-13 18:46:15,292  INFO        Instrument     : TSX_RYTO 1D
2026-04-13 18:46:15,292  INFO        Final phase    : 3
2026-04-13 18:46:15,292  INFO        Final checkpoint: models/fine_tuned/checkpoint_TSX_RYTO_1D_phase3_20260413.pt
2026-04-13 18:46:15,348  INFO        Base model — H1=0.587  H5=0.571  H20=0.683  Mean=0.614
2026-04-13 18:46:15,348  INFO        Fine-tuned — H1=0.540  H5=0.571  H20=0.651  Mean=0.587  (Phase 3)
2026-04-13 18:46:15,348  WARNING     Delta mean accuracy : -0.026  ⚠  Fine-tuning degraded mean accuracy. Consider using the base model for this instrument. H1 delta=-0.048  H5 delta=+0.000  H20 delta=-0.032
2026-04-13 18:46:15,351  INFO        Metrics saved  : logs/finetune/TSX_RYTO_1D_20260413_metrics.csv
2026-04-13 18:46:15,351  INFO      Stage 6 complete.
