2026-04-13 18:39:54,505  INFO      ============================================================
2026-04-13 18:39:54,506  INFO      Stage 6 Fine-Tuning — Start
2026-04-13 18:39:54,506  INFO      Instrument  : TSX_CNRTO
2026-04-13 18:39:54,506  INFO      Resolution  : 1W
2026-04-13 18:39:54,506  INFO      Device      : cpu
2026-04-13 18:39:54,506  INFO      Base checkpoint: models/base/checkpoint_base_v1.pt
2026-04-13 18:39:54,509  INFO      Loading: TSX_CNRTO_1W_20150101_20260412.npy
2026-04-13 18:39:54,758  INFO        Shape: (410, 60, 47)  (410 windows)
2026-04-13 18:39:54,762  INFO        Date range: 2018-06-07 → 2026-04-09  (7.8 years)
2026-04-13 18:39:54,763  INFO        Train windows: 397  Val windows: 13
2026-04-13 18:39:54,763  INFO      Years of data: 7.8
2026-04-13 18:39:54,767  INFO      Loading base checkpoint: models/base/checkpoint_base_v1.pt
2026-04-13 18:39:54,783  INFO        Base val_loss: 0.2463  (fold 3, epoch 22)
2026-04-13 18:39:54,783  INFO      --------------------------------------------------
2026-04-13 18:39:54,783  INFO      Phase 1 — Head-only adaptation (encoder frozen)
2026-04-13 18:39:56,361  INFO        P1 Epoch  1 | TrainLoss 0.2476 | ValLoss 0.2377 | ValAcc H1=0.769 H5=0.846 H20=0.538
2026-04-13 18:39:56,753  INFO        P1 Epoch  2 | TrainLoss 0.2475 | ValLoss 0.2378 | ValAcc H1=0.769 H5=0.846 H20=0.538
2026-04-13 18:39:57,301  INFO        P1 Epoch  3 | TrainLoss 0.2477 | ValLoss 0.2377 | ValAcc H1=0.769 H5=0.846 H20=0.538
2026-04-13 18:39:58,101  INFO        P1 Epoch  4 | TrainLoss 0.2480 | ValLoss 0.2377 | ValAcc H1=0.769 H5=0.846 H20=0.538
2026-04-13 18:39:58,560  INFO        P1 Epoch  5 | TrainLoss 0.2468 | ValLoss 0.2377 | ValAcc H1=0.769 H5=0.846 H20=0.538
2026-04-13 18:39:58,962  INFO        P1 Epoch  6 | TrainLoss 0.2470 | ValLoss 0.2377 | ValAcc H1=0.769 H5=0.846 H20=0.538
2026-04-13 18:39:59,350  INFO        P1 Epoch  7 | TrainLoss 0.2477 | ValLoss 0.2377 | ValAcc H1=0.769 H5=0.846 H20=0.538
2026-04-13 18:39:59,743  INFO        P1 Epoch  8 | TrainLoss 0.2470 | ValLoss 0.2377 | ValAcc H1=0.769 H5=0.846 H20=0.538
2026-04-13 18:40:00,156  INFO        P1 Epoch  9 | TrainLoss 0.2485 | ValLoss 0.2377 | ValAcc H1=0.769 H5=0.846 H20=0.538
2026-04-13 18:40:00,554  INFO        P1 Epoch 10 | TrainLoss 0.2480 | ValLoss 0.2378 | ValAcc H1=0.769 H5=0.846 H20=0.538
2026-04-13 18:40:00,944  INFO        P1 Epoch 11 | TrainLoss 0.2465 | ValLoss 0.2378 | ValAcc H1=0.769 H5=0.846 H20=0.538
2026-04-13 18:40:00,944  INFO        Phase 1 early stopping at epoch 11
2026-04-13 18:40:00,957  INFO        Phase 1 complete. Best val_loss: 0.2377  H1=0.769 H5=0.846 H20=0.538
2026-04-13 18:40:00,963  INFO      Phase 1 checkpoint saved: models/fine_tuned/checkpoint_TSX_CNRTO_1W_phase1_20260413.pt
2026-04-13 18:40:00,963  INFO      Loading base checkpoint: models/base/checkpoint_base_v1.pt
2026-04-13 18:40:00,974  INFO        Base val_loss: 0.2463  (fold 3, epoch 22)
2026-04-13 18:40:00,987  INFO      Base model H1 accuracy on instrument val set: 0.769
2026-04-13 18:40:00,987  INFO      Fine-tuned  H1 accuracy (Phase 1)           : 0.769
2026-04-13 18:40:00,987  INFO      --------------------------------------------------
2026-04-13 18:40:00,987  INFO      Phase 2 — Verification gate
2026-04-13 18:40:00,988  INFO        Fine-tuned accuracy — H1=0.769  H5=0.846  H20=0.538  Mean=0.718
2026-04-13 18:40:00,988  INFO        Minimum required (mean across horizons) : 0.510
2026-04-13 18:40:00,988  INFO        ✓ Phase 2 PASSED (H1=0.769  H5=0.846  H20=0.538) — proceeding to Phase 3
2026-04-13 18:40:00,988  INFO      --------------------------------------------------
2026-04-13 18:40:00,988  INFO      Phase 3 — Selective encoder unfreeze
2026-04-13 18:40:00,989  INFO        Encoder layers 1 & 2 unfrozen (layer 0 frozen)
2026-04-13 18:40:00,989  INFO        Encoder LR: 1e-05  Head LR: 3e-05
2026-04-13 18:40:00,989  INFO        Dropout: encoder=0.40  head=0.45
2026-04-13 18:40:02,505  INFO        P3 Epoch  1 | TrainLoss 0.2472 | ValLoss 0.2379 | Gap 0.0093 | ValAcc H1=0.769 H5=0.846 H20=0.538
2026-04-13 18:40:04,135  INFO        P3 Epoch  2 | TrainLoss 0.2478 | ValLoss 0.2379 | Gap 0.0099 | ValAcc H1=0.769 H5=0.846 H20=0.538
2026-04-13 18:40:05,345  INFO        P3 Epoch  3 | TrainLoss 0.2465 | ValLoss 0.2379 | Gap 0.0086 | ValAcc H1=0.769 H5=0.846 H20=0.538
2026-04-13 18:40:06,650  INFO        P3 Epoch  4 | TrainLoss 0.2481 | ValLoss 0.2378 | Gap 0.0102 | ValAcc H1=0.769 H5=0.846 H20=0.538
2026-04-13 18:40:08,206  INFO        P3 Epoch  5 | TrainLoss 0.2477 | ValLoss 0.2379 | Gap 0.0098 | ValAcc H1=0.769 H5=0.846 H20=0.538
2026-04-13 18:40:09,623  INFO        P3 Epoch  6 | TrainLoss 0.2483 | ValLoss 0.2380 | Gap 0.0104 | ValAcc H1=0.769 H5=0.846 H20=0.538
2026-04-13 18:40:10,844  INFO        P3 Epoch  7 | TrainLoss 0.2480 | ValLoss 0.2381 | Gap 0.0099 | ValAcc H1=0.769 H5=0.846 H20=0.538
2026-04-13 18:40:12,049  INFO        P3 Epoch  8 | TrainLoss 0.2482 | ValLoss 0.2383 | Gap 0.0099 | ValAcc H1=0.769 H5=0.846 H20=0.538
2026-04-13 18:40:13,705  INFO        P3 Epoch  9 | TrainLoss 0.2475 | ValLoss 0.2384 | Gap 0.0091 | ValAcc H1=0.769 H5=0.846 H20=0.538
2026-04-13 18:40:13,705  INFO        Phase 3 early stopping at epoch 9
2026-04-13 18:40:13,707  INFO        Phase 3 complete. Best val_loss: 0.2379
2026-04-13 18:40:13,734  INFO      Phase 3 checkpoint saved: models/fine_tuned/checkpoint_TSX_CNRTO_1W_phase3_20260413.pt
2026-04-13 18:40:13,734  INFO      ============================================================
2026-04-13 18:40:13,734  INFO      Fine-Tuning Summary
2026-04-13 18:40:13,735  INFO        Instrument     : TSX_CNRTO 1W
2026-04-13 18:40:13,735  INFO        Final phase    : 3
2026-04-13 18:40:13,735  INFO        Final checkpoint: models/fine_tuned/checkpoint_TSX_CNRTO_1W_phase3_20260413.pt
2026-04-13 18:40:13,754  INFO        Base model — H1=0.769  H5=0.846  H20=0.538  Mean=0.718
2026-04-13 18:40:13,755  INFO        Fine-tuned — H1=0.769  H5=0.846  H20=0.538  Mean=0.718  (Phase 3)
2026-04-13 18:40:13,755  INFO        Delta mean accuracy : +0.000  = Fine-tuning matched base model.
2026-04-13 18:40:13,755  INFO        Per-horizon delta   :  H1=+0.000  H5=+0.000  H20=+0.000
2026-04-13 18:40:13,759  INFO        Metrics saved  : logs/finetune/TSX_CNRTO_1W_20260413_metrics.csv
2026-04-13 18:40:13,759  INFO      Stage 6 complete.
