2026-04-05 00:14:11,073  INFO      ============================================================
2026-04-05 00:14:11,073  INFO      Stage 6 Fine-Tuning — Start
2026-04-05 00:14:11,073  INFO      Instrument  : TSX_SUTO
2026-04-05 00:14:11,074  INFO      Resolution  : 1D
2026-04-05 00:14:11,074  INFO      Device      : cpu
2026-04-05 00:14:11,074  INFO      Base checkpoint: models/base/checkpoint_base_v1.pt
2026-04-05 00:14:11,076  INFO      Loading: TSX_SUTO_1D_20150101_20260326.npy
2026-04-05 00:14:12,736  INFO        Shape: (2639, 60, 42)  (2639 windows)
2026-04-05 00:14:12,759  INFO        Date range: 2015-09-18 → 2026-03-25  (10.5 years)
2026-04-05 00:14:12,759  INFO        Train windows: 2578  Val windows: 61
2026-04-05 00:14:12,759  INFO      Years of data: 10.5
2026-04-05 00:14:12,810  INFO      Loading base checkpoint: models/base/checkpoint_base_v1.pt
2026-04-05 00:14:12,824  INFO        Base val_loss: 0.2466  (fold 2, epoch 28)
2026-04-05 00:14:12,824  INFO      --------------------------------------------------
2026-04-05 00:14:12,824  INFO      Phase 1 — Head-only adaptation (encoder frozen)
2026-04-05 00:14:15,431  INFO        P1 Epoch  1 | TrainLoss 0.2463 | ValLoss 0.2618 | ValAcc H1=0.377 H5=0.361 H20=0.279
2026-04-05 00:14:17,220  INFO        P1 Epoch  2 | TrainLoss 0.2466 | ValLoss 0.2617 | ValAcc H1=0.377 H5=0.361 H20=0.279
2026-04-05 00:14:19,002  INFO        P1 Epoch  3 | TrainLoss 0.2464 | ValLoss 0.2617 | ValAcc H1=0.377 H5=0.361 H20=0.279
2026-04-05 00:14:20,660  INFO        P1 Epoch  4 | TrainLoss 0.2463 | ValLoss 0.2614 | ValAcc H1=0.377 H5=0.361 H20=0.279
2026-04-05 00:14:22,335  INFO        P1 Epoch  5 | TrainLoss 0.2463 | ValLoss 0.2615 | ValAcc H1=0.377 H5=0.361 H20=0.279
2026-04-05 00:14:24,016  INFO        P1 Epoch  6 | TrainLoss 0.2464 | ValLoss 0.2615 | ValAcc H1=0.377 H5=0.361 H20=0.279
2026-04-05 00:14:25,650  INFO        P1 Epoch  7 | TrainLoss 0.2466 | ValLoss 0.2613 | ValAcc H1=0.377 H5=0.361 H20=0.279
2026-04-05 00:14:27,367  INFO        P1 Epoch  8 | TrainLoss 0.2462 | ValLoss 0.2613 | ValAcc H1=0.377 H5=0.361 H20=0.279
2026-04-05 00:14:29,152  INFO        P1 Epoch  9 | TrainLoss 0.2461 | ValLoss 0.2614 | ValAcc H1=0.377 H5=0.361 H20=0.279
2026-04-05 00:14:30,849  INFO        P1 Epoch 10 | TrainLoss 0.2462 | ValLoss 0.2613 | ValAcc H1=0.377 H5=0.361 H20=0.279
2026-04-05 00:14:32,515  INFO        P1 Epoch 11 | TrainLoss 0.2465 | ValLoss 0.2616 | ValAcc H1=0.377 H5=0.361 H20=0.279
2026-04-05 00:14:34,137  INFO        P1 Epoch 12 | TrainLoss 0.2462 | ValLoss 0.2616 | ValAcc H1=0.377 H5=0.361 H20=0.279
2026-04-05 00:14:35,842  INFO        P1 Epoch 13 | TrainLoss 0.2464 | ValLoss 0.2615 | ValAcc H1=0.377 H5=0.361 H20=0.279
2026-04-05 00:14:37,560  INFO        P1 Epoch 14 | TrainLoss 0.2463 | ValLoss 0.2613 | ValAcc H1=0.377 H5=0.361 H20=0.279
2026-04-05 00:14:39,320  INFO        P1 Epoch 15 | TrainLoss 0.2461 | ValLoss 0.2614 | ValAcc H1=0.377 H5=0.361 H20=0.279
2026-04-05 00:14:41,033  INFO        P1 Epoch 16 | TrainLoss 0.2462 | ValLoss 0.2615 | ValAcc H1=0.377 H5=0.361 H20=0.279
2026-04-05 00:14:42,696  INFO        P1 Epoch 17 | TrainLoss 0.2460 | ValLoss 0.2615 | ValAcc H1=0.377 H5=0.361 H20=0.279
2026-04-05 00:14:44,321  INFO        P1 Epoch 18 | TrainLoss 0.2462 | ValLoss 0.2615 | ValAcc H1=0.377 H5=0.361 H20=0.279
2026-04-05 00:14:44,321  INFO        Phase 1 early stopping at epoch 18
2026-04-05 00:14:44,353  INFO        Phase 1 complete. Best val_loss: 0.2613  H1=0.377 H5=0.361 H20=0.279
2026-04-05 00:14:44,358  INFO      Phase 1 checkpoint saved: models/fine_tuned/checkpoint_TSX_SUTO_1D_phase1_20260405.pt
2026-04-05 00:14:44,358  INFO      Loading base checkpoint: models/base/checkpoint_base_v1.pt
2026-04-05 00:14:44,373  INFO        Base val_loss: 0.2466  (fold 2, epoch 28)
2026-04-05 00:14:44,408  INFO      Base model H1 accuracy on instrument val set: 0.377
2026-04-05 00:14:44,408  INFO      Fine-tuned  H1 accuracy (Phase 1)           : 0.377
2026-04-05 00:14:44,409  INFO      --------------------------------------------------
2026-04-05 00:14:44,409  INFO      Phase 2 — Verification gate
2026-04-05 00:14:44,409  INFO        Fine-tuned accuracy — H1=0.377  H5=0.361  H20=0.279  Mean=0.339
2026-04-05 00:14:44,409  INFO        Minimum required (mean across horizons) : 0.510
2026-04-05 00:14:44,409  WARNING     ✗ Phase 2 FAILED — mean accuracy 0.339 is below 0.510
2026-04-05 00:14:44,409  WARNING     H1=0.377  H5=0.361  H20=0.279
2026-04-05 00:14:44,409  WARNING     Instrument may be unpredictable at this resolution.
2026-04-05 00:14:44,409  WARNING     Using Phase 1 checkpoint as final output.
2026-04-05 00:14:44,409  INFO      ============================================================
2026-04-05 00:14:44,409  INFO      Fine-Tuning Summary
2026-04-05 00:14:44,410  INFO        Instrument     : TSX_SUTO 1D
2026-04-05 00:14:44,410  INFO        Final phase    : 1
2026-04-05 00:14:44,410  INFO        Final checkpoint: models/fine_tuned/checkpoint_TSX_SUTO_1D_phase1_20260405.pt
2026-04-05 00:14:44,440  INFO        Base model — H1=0.377  H5=0.361  H20=0.279  Mean=0.339
2026-04-05 00:14:44,441  INFO        Fine-tuned — H1=0.377  H5=0.361  H20=0.279  Mean=0.339  (Phase 1)
2026-04-05 00:14:44,441  INFO        Delta mean accuracy : +0.000  = Fine-tuning matched base model.
2026-04-05 00:14:44,441  INFO        Per-horizon delta   :  H1=+0.000  H5=+0.000  H20=+0.000
2026-04-05 00:14:44,443  INFO        Metrics saved  : logs/finetune/TSX_SUTO_1D_20260405_metrics.csv
2026-04-05 00:14:44,443  INFO      Stage 6 complete.
