2026-04-13 18:38:35,046  INFO      ============================================================
2026-04-13 18:38:35,046  INFO      Stage 6 Fine-Tuning — Start
2026-04-13 18:38:35,046  INFO      Instrument  : TSX_CNRTO
2026-04-13 18:38:35,046  INFO      Resolution  : 1H
2026-04-13 18:38:35,047  INFO      Device      : cpu
2026-04-13 18:38:35,047  INFO      Base checkpoint: models/base/checkpoint_base_v1.pt
2026-04-13 18:38:35,048  INFO      Loading: TSX_CNRTO_1H_20240422_20260412.npy
2026-04-13 18:38:36,751  INFO        Shape: (3274, 60, 53)  (3274 windows)
2026-04-13 18:38:36,812  INFO        Date range: 2024-05-28 → 2026-04-10  (1.9 years)
2026-04-13 18:38:36,812  INFO        Train windows: 2833  Val windows: 441
2026-04-13 18:38:36,812  INFO      Years of data: 1.9
2026-04-13 18:38:36,894  INFO      Loading base checkpoint: models/base/checkpoint_base_v1.pt
2026-04-13 18:38:36,915  INFO        Base val_loss: 0.2463  (fold 3, epoch 22)
2026-04-13 18:38:36,916  INFO      --------------------------------------------------
2026-04-13 18:38:36,916  INFO      Phase 1 — Head-only adaptation (encoder frozen)
2026-04-13 18:38:42,024  INFO        P1 Epoch  1 | TrainLoss 0.2466 | ValLoss 0.2466 | ValAcc H1=0.558 H5=0.530 H20=0.506
2026-04-13 18:38:46,072  INFO        P1 Epoch  2 | TrainLoss 0.2461 | ValLoss 0.2465 | ValAcc H1=0.555 H5=0.541 H20=0.510
2026-04-13 18:38:49,425  INFO        P1 Epoch  3 | TrainLoss 0.2462 | ValLoss 0.2464 | ValAcc H1=0.551 H5=0.544 H20=0.522
2026-04-13 18:38:53,417  INFO        P1 Epoch  4 | TrainLoss 0.2463 | ValLoss 0.2464 | ValAcc H1=0.551 H5=0.550 H20=0.522
2026-04-13 18:38:57,280  INFO        P1 Epoch  5 | TrainLoss 0.2463 | ValLoss 0.2463 | ValAcc H1=0.551 H5=0.546 H20=0.524
2026-04-13 18:39:01,022  INFO        P1 Epoch  6 | TrainLoss 0.2460 | ValLoss 0.2463 | ValAcc H1=0.551 H5=0.541 H20=0.535
2026-04-13 18:39:04,486  INFO        P1 Epoch  7 | TrainLoss 0.2458 | ValLoss 0.2463 | ValAcc H1=0.551 H5=0.544 H20=0.537
2026-04-13 18:39:08,365  INFO        P1 Epoch  8 | TrainLoss 0.2459 | ValLoss 0.2463 | ValAcc H1=0.549 H5=0.544 H20=0.537
2026-04-13 18:39:12,136  INFO        P1 Epoch  9 | TrainLoss 0.2458 | ValLoss 0.2463 | ValAcc H1=0.546 H5=0.541 H20=0.537
2026-04-13 18:39:15,871  INFO        P1 Epoch 10 | TrainLoss 0.2459 | ValLoss 0.2463 | ValAcc H1=0.546 H5=0.544 H20=0.537
2026-04-13 18:39:19,603  INFO        P1 Epoch 11 | TrainLoss 0.2460 | ValLoss 0.2463 | ValAcc H1=0.546 H5=0.541 H20=0.535
2026-04-13 18:39:23,457  INFO        P1 Epoch 12 | TrainLoss 0.2461 | ValLoss 0.2462 | ValAcc H1=0.546 H5=0.541 H20=0.537
2026-04-13 18:39:27,420  INFO        P1 Epoch 13 | TrainLoss 0.2460 | ValLoss 0.2462 | ValAcc H1=0.546 H5=0.541 H20=0.535
2026-04-13 18:39:30,776  INFO        P1 Epoch 14 | TrainLoss 0.2460 | ValLoss 0.2462 | ValAcc H1=0.540 H5=0.544 H20=0.535
2026-04-13 18:39:34,571  INFO        P1 Epoch 15 | TrainLoss 0.2460 | ValLoss 0.2462 | ValAcc H1=0.546 H5=0.541 H20=0.533
2026-04-13 18:39:38,308  INFO        P1 Epoch 16 | TrainLoss 0.2459 | ValLoss 0.2462 | ValAcc H1=0.544 H5=0.541 H20=0.535
2026-04-13 18:39:41,806  INFO        P1 Epoch 17 | TrainLoss 0.2460 | ValLoss 0.2462 | ValAcc H1=0.546 H5=0.541 H20=0.533
2026-04-13 18:39:45,461  INFO        P1 Epoch 18 | TrainLoss 0.2459 | ValLoss 0.2462 | ValAcc H1=0.540 H5=0.541 H20=0.531
2026-04-13 18:39:49,260  INFO        P1 Epoch 19 | TrainLoss 0.2458 | ValLoss 0.2462 | ValAcc H1=0.544 H5=0.541 H20=0.533
2026-04-13 18:39:49,261  INFO        Phase 1 early stopping at epoch 19
2026-04-13 18:39:49,699  INFO        Phase 1 complete. Best val_loss: 0.2463  H1=0.546 H5=0.541 H20=0.537
2026-04-13 18:39:49,705  INFO      Phase 1 checkpoint saved: models/fine_tuned/checkpoint_TSX_CNRTO_1H_phase1_20260413.pt
2026-04-13 18:39:49,706  INFO      Loading base checkpoint: models/base/checkpoint_base_v1.pt
2026-04-13 18:39:49,720  INFO        Base val_loss: 0.2463  (fold 3, epoch 22)
2026-04-13 18:39:50,126  INFO      Base model H1 accuracy on instrument val set: 0.553
2026-04-13 18:39:50,126  INFO      Fine-tuned  H1 accuracy (Phase 1)           : 0.546
2026-04-13 18:39:50,126  INFO      --------------------------------------------------
2026-04-13 18:39:50,126  INFO      Phase 2 — Verification gate
2026-04-13 18:39:50,127  INFO        Fine-tuned accuracy — H1=0.546  H5=0.541  H20=0.537  Mean=0.542
2026-04-13 18:39:50,127  INFO        Minimum required (mean across horizons) : 0.510
2026-04-13 18:39:50,127  INFO        ✓ Phase 2 PASSED (H1=0.546  H5=0.541  H20=0.537) — proceeding to Phase 3
2026-04-13 18:39:50,127  INFO      --------------------------------------------------
2026-04-13 18:39:50,127  INFO      Phase 3 — Selective encoder unfreeze
2026-04-13 18:39:50,127  WARNING     ✗ Skipping Phase 3 — only 1.9 years of data (need 2.0)
2026-04-13 18:39:50,127  WARNING     Using Phase 1 checkpoint as final output.
2026-04-13 18:39:50,128  INFO      Reverted to Phase 1 checkpoint.
2026-04-13 18:39:50,547  INFO      Phase 1 H1 accuracy (recheck): 0.546
2026-04-13 18:39:50,547  INFO      ============================================================
2026-04-13 18:39:50,547  INFO      Fine-Tuning Summary
2026-04-13 18:39:50,548  INFO        Instrument     : TSX_CNRTO 1H
2026-04-13 18:39:50,548  INFO        Final phase    : 1
2026-04-13 18:39:50,548  INFO        Final checkpoint: models/fine_tuned/checkpoint_TSX_CNRTO_1H_phase1_20260413.pt
2026-04-13 18:39:50,994  INFO        Base model — H1=0.553  H5=0.528  H20=0.506  Mean=0.529
2026-04-13 18:39:50,994  INFO        Fine-tuned — H1=0.546  H5=0.541  H20=0.537  Mean=0.542  (Phase 1)
2026-04-13 18:39:50,994  INFO        Delta mean accuracy : +0.013  ✓ Fine-tuning improved accuracy.
2026-04-13 18:39:50,994  INFO        Per-horizon delta   :  H1=-0.007  H5=+0.013  H20=+0.031
2026-04-13 18:39:50,997  INFO        Metrics saved  : logs/finetune/TSX_CNRTO_1H_20260413_metrics.csv
2026-04-13 18:39:50,998  INFO      Stage 6 complete.
